
         /\      Grafana   /‾‾/  
    /\  /  \     |\  __   /  /   
   /  \/    \    | |/ /  /   ‾‾\ 
  /          \   |   (  |  (‾)  |
 / __________ \  |_|\_\  \_____/ 


     execution: local
        script: /scripts/scenario.js
        output: -

     scenarios: (100.00%) 3 scenarios, 60 max VUs, 4m30s max duration (incl. graceful stop):
              * workload_01_atlassian: Up to 20 looping VUs for 4m30s over 4 stages (gracefulRampDown: 0s, exec: tenantWorkload, gracefulStop: 5s)
              * workload_02_baidu: Up to 20 looping VUs for 4m30s over 4 stages (gracefulRampDown: 0s, exec: tenantWorkload, gracefulStop: 5s)
              * workload_03_blackrock: Up to 20 looping VUs for 4m30s over 4 stages (gracefulRampDown: 0s, exec: tenantWorkload, gracefulStop: 5s)


running (0m01.0s), 00/60 VUs, 0 complete and 0 interrupted iterations
workload_01_atlassian   [   0% ] 00/20 VUs  0m01.0s/4m30.0s
workload_02_baidu       [   0% ] 00/20 VUs  0m01.0s/4m30.0s
workload_03_blackrock   [   0% ] 00/20 VUs  0m01.0s/4m30.0s

running (0m02.0s), 03/60 VUs, 2 complete and 0 interrupted iterations
workload_01_atlassian   [   1% ] 01/20 VUs  0m02.0s/4m30.0s
workload_02_baidu       [   1% ] 01/20 VUs  0m02.0s/4m30.0s
workload_03_blackrock   [   1% ] 01/20 VUs  0m02.0s/4m30.0s

running (0m03.0s), 03/60 VUs, 9 complete and 0 interrupted iterations
workload_01_atlassian   [   1% ] 01/20 VUs  0m03.0s/4m30.0s
workload_02_baidu       [   1% ] 01/20 VUs  0m03.0s/4m30.0s
workload_03_blackrock   [   1% ] 01/20 VUs  0m03.0s/4m30.0s

running (0m04.0s), 06/60 VUs, 25 complete and 0 interrupted iterations
workload_01_atlassian   [   1% ] 02/20 VUs  0m04.0s/4m30.0s
workload_02_baidu       [   1% ] 02/20 VUs  0m04.0s/4m30.0s
workload_03_blackrock   [   1% ] 02/20 VUs  0m04.0s/4m30.0s

running (0m05.0s), 09/60 VUs, 41 complete and 0 interrupted iterations
workload_01_atlassian   [   2% ] 03/20 VUs  0m05.0s/4m30.0s
workload_02_baidu       [   2% ] 03/20 VUs  0m05.0s/4m30.0s
workload_03_blackrock   [   2% ] 03/20 VUs  0m05.0s/4m30.0s

running (0m06.0s), 09/60 VUs, 62 complete and 0 interrupted iterations
workload_01_atlassian   [   2% ] 03/20 VUs  0m06.0s/4m30.0s
workload_02_baidu       [   2% ] 03/20 VUs  0m06.0s/4m30.0s
workload_03_blackrock   [   2% ] 03/20 VUs  0m06.0s/4m30.0s

running (0m07.0s), 12/60 VUs, 91 complete and 0 interrupted iterations
workload_01_atlassian   [   3% ] 04/20 VUs  0m07.0s/4m30.0s
workload_02_baidu       [   3% ] 04/20 VUs  0m07.0s/4m30.0s
workload_03_blackrock   [   3% ] 04/20 VUs  0m07.0s/4m30.0s

running (0m08.0s), 15/60 VUs, 121 complete and 0 interrupted iterations
workload_01_atlassian   [   3% ] 05/20 VUs  0m08.0s/4m30.0s
workload_02_baidu       [   3% ] 05/20 VUs  0m08.0s/4m30.0s
workload_03_blackrock   [   3% ] 05/20 VUs  0m08.0s/4m30.0s

running (0m09.0s), 15/60 VUs, 160 complete and 0 interrupted iterations
workload_01_atlassian   [   3% ] 05/20 VUs  0m09.0s/4m30.0s
workload_02_baidu       [   3% ] 05/20 VUs  0m09.0s/4m30.0s
workload_03_blackrock   [   3% ] 05/20 VUs  0m09.0s/4m30.0s

running (0m10.0s), 18/60 VUs, 201 complete and 0 interrupted iterations
workload_01_atlassian   [   4% ] 06/20 VUs  0m10.0s/4m30.0s
workload_02_baidu       [   4% ] 06/20 VUs  0m10.0s/4m30.0s
workload_03_blackrock   [   4% ] 06/20 VUs  0m10.0s/4m30.0s

running (0m11.0s), 21/60 VUs, 253 complete and 0 interrupted iterations
workload_01_atlassian   [   4% ] 07/20 VUs  0m11.0s/4m30.0s
workload_02_baidu       [   4% ] 07/20 VUs  0m11.0s/4m30.0s
workload_03_blackrock   [   4% ] 07/20 VUs  0m11.0s/4m30.0s

running (0m12.0s), 21/60 VUs, 304 complete and 0 interrupted iterations
workload_01_atlassian   [   4% ] 07/20 VUs  0m12.0s/4m30.0s
workload_02_baidu       [   4% ] 07/20 VUs  0m12.0s/4m30.0s
workload_03_blackrock   [   4% ] 07/20 VUs  0m12.0s/4m30.0s

running (0m13.0s), 24/60 VUs, 365 complete and 0 interrupted iterations
workload_01_atlassian   [   5% ] 08/20 VUs  0m13.0s/4m30.0s
workload_02_baidu       [   5% ] 08/20 VUs  0m13.0s/4m30.0s
workload_03_blackrock   [   5% ] 08/20 VUs  0m13.0s/4m30.0s

running (0m14.0s), 27/60 VUs, 427 complete and 0 interrupted iterations
workload_01_atlassian   [   5% ] 09/20 VUs  0m14.0s/4m30.0s
workload_02_baidu       [   5% ] 09/20 VUs  0m14.0s/4m30.0s
workload_03_blackrock   [   5% ] 09/20 VUs  0m14.0s/4m30.0s

running (0m15.0s), 27/60 VUs, 496 complete and 0 interrupted iterations
workload_01_atlassian   [   6% ] 09/20 VUs  0m15.0s/4m30.0s
workload_02_baidu       [   6% ] 09/20 VUs  0m15.0s/4m30.0s
workload_03_blackrock   [   6% ] 09/20 VUs  0m15.0s/4m30.0s

running (0m16.0s), 30/60 VUs, 568 complete and 0 interrupted iterations
workload_01_atlassian   [   6% ] 10/20 VUs  0m16.0s/4m30.0s
workload_02_baidu       [   6% ] 10/20 VUs  0m16.0s/4m30.0s
workload_03_blackrock   [   6% ] 10/20 VUs  0m16.0s/4m30.0s

running (0m17.0s), 33/60 VUs, 647 complete and 0 interrupted iterations
workload_01_atlassian   [   6% ] 11/20 VUs  0m17.0s/4m30.0s
workload_02_baidu       [   6% ] 11/20 VUs  0m17.0s/4m30.0s
workload_03_blackrock   [   6% ] 11/20 VUs  0m17.0s/4m30.0s

running (0m18.0s), 33/60 VUs, 729 complete and 0 interrupted iterations
workload_01_atlassian   [   7% ] 11/20 VUs  0m18.0s/4m30.0s
workload_02_baidu       [   7% ] 11/20 VUs  0m18.0s/4m30.0s
workload_03_blackrock   [   7% ] 11/20 VUs  0m18.0s/4m30.0s

running (0m19.0s), 36/60 VUs, 826 complete and 0 interrupted iterations
workload_01_atlassian   [   7% ] 12/20 VUs  0m19.0s/4m30.0s
workload_02_baidu       [   7% ] 12/20 VUs  0m19.0s/4m30.0s
workload_03_blackrock   [   7% ] 12/20 VUs  0m19.0s/4m30.0s

running (0m20.0s), 39/60 VUs, 920 complete and 0 interrupted iterations
workload_01_atlassian   [   7% ] 13/20 VUs  0m20.0s/4m30.0s
workload_02_baidu       [   7% ] 13/20 VUs  0m20.0s/4m30.0s
workload_03_blackrock   [   7% ] 13/20 VUs  0m20.0s/4m30.0s

running (0m21.0s), 39/60 VUs, 1018 complete and 0 interrupted iterations
workload_01_atlassian   [   8% ] 13/20 VUs  0m21.0s/4m30.0s
workload_02_baidu       [   8% ] 13/20 VUs  0m21.0s/4m30.0s
workload_03_blackrock   [   8% ] 13/20 VUs  0m21.0s/4m30.0s

running (0m22.0s), 42/60 VUs, 1123 complete and 0 interrupted iterations
workload_01_atlassian   [   8% ] 14/20 VUs  0m22.0s/4m30.0s
workload_02_baidu       [   8% ] 14/20 VUs  0m22.0s/4m30.0s
workload_03_blackrock   [   8% ] 14/20 VUs  0m22.0s/4m30.0s

running (0m23.0s), 45/60 VUs, 1234 complete and 0 interrupted iterations
workload_01_atlassian   [   9% ] 15/20 VUs  0m23.0s/4m30.0s
workload_02_baidu       [   9% ] 15/20 VUs  0m23.0s/4m30.0s
workload_03_blackrock   [   9% ] 15/20 VUs  0m23.0s/4m30.0s

running (0m24.0s), 45/60 VUs, 1349 complete and 0 interrupted iterations
workload_01_atlassian   [   9% ] 15/20 VUs  0m24.0s/4m30.0s
workload_02_baidu       [   9% ] 15/20 VUs  0m24.0s/4m30.0s
workload_03_blackrock   [   9% ] 15/20 VUs  0m24.0s/4m30.0s

running (0m25.0s), 48/60 VUs, 1469 complete and 0 interrupted iterations
workload_01_atlassian   [   9% ] 16/20 VUs  0m25.0s/4m30.0s
workload_02_baidu       [   9% ] 16/20 VUs  0m25.0s/4m30.0s
workload_03_blackrock   [   9% ] 16/20 VUs  0m25.0s/4m30.0s

running (0m26.0s), 51/60 VUs, 1597 complete and 0 interrupted iterations
workload_01_atlassian   [  10% ] 17/20 VUs  0m26.0s/4m30.0s
workload_02_baidu       [  10% ] 17/20 VUs  0m26.0s/4m30.0s
workload_03_blackrock   [  10% ] 17/20 VUs  0m26.0s/4m30.0s

running (0m27.0s), 51/60 VUs, 1735 complete and 0 interrupted iterations
workload_01_atlassian   [  10% ] 17/20 VUs  0m27.0s/4m30.0s
workload_02_baidu       [  10% ] 17/20 VUs  0m27.0s/4m30.0s
workload_03_blackrock   [  10% ] 17/20 VUs  0m27.0s/4m30.0s

running (0m28.0s), 54/60 VUs, 1868 complete and 0 interrupted iterations
workload_01_atlassian   [  10% ] 18/20 VUs  0m28.0s/4m30.0s
workload_02_baidu       [  10% ] 18/20 VUs  0m28.0s/4m30.0s
workload_03_blackrock   [  10% ] 18/20 VUs  0m28.0s/4m30.0s

running (0m29.0s), 57/60 VUs, 1995 complete and 0 interrupted iterations
workload_01_atlassian   [  11% ] 19/20 VUs  0m29.0s/4m30.0s
workload_02_baidu       [  11% ] 19/20 VUs  0m29.0s/4m30.0s
workload_03_blackrock   [  11% ] 19/20 VUs  0m29.0s/4m30.0s

running (0m30.0s), 57/60 VUs, 2155 complete and 0 interrupted iterations
workload_01_atlassian   [  11% ] 19/20 VUs  0m30.0s/4m30.0s
workload_02_baidu       [  11% ] 19/20 VUs  0m30.0s/4m30.0s
workload_03_blackrock   [  11% ] 19/20 VUs  0m30.0s/4m30.0s

running (0m31.0s), 60/60 VUs, 2307 complete and 0 interrupted iterations
workload_01_atlassian   [  11% ] 20/20 VUs  0m31.0s/4m30.0s
workload_02_baidu       [  11% ] 20/20 VUs  0m31.0s/4m30.0s
workload_03_blackrock   [  11% ] 20/20 VUs  0m31.0s/4m30.0s

running (0m32.0s), 60/60 VUs, 2468 complete and 0 interrupted iterations
workload_01_atlassian   [  12% ] 20/20 VUs  0m32.0s/4m30.0s
workload_02_baidu       [  12% ] 20/20 VUs  0m32.0s/4m30.0s
workload_03_blackrock   [  12% ] 20/20 VUs  0m32.0s/4m30.0s

running (0m33.0s), 60/60 VUs, 2616 complete and 0 interrupted iterations
workload_01_atlassian   [  12% ] 20/20 VUs  0m33.0s/4m30.0s
workload_02_baidu       [  12% ] 20/20 VUs  0m33.0s/4m30.0s
workload_03_blackrock   [  12% ] 20/20 VUs  0m33.0s/4m30.0s

running (0m34.0s), 60/60 VUs, 2775 complete and 0 interrupted iterations
workload_01_atlassian   [  13% ] 20/20 VUs  0m34.0s/4m30.0s
workload_02_baidu       [  13% ] 20/20 VUs  0m34.0s/4m30.0s
workload_03_blackrock   [  13% ] 20/20 VUs  0m34.0s/4m30.0s

running (0m35.0s), 60/60 VUs, 2937 complete and 0 interrupted iterations
workload_01_atlassian   [  13% ] 20/20 VUs  0m35.0s/4m30.0s
workload_02_baidu       [  13% ] 20/20 VUs  0m35.0s/4m30.0s
workload_03_blackrock   [  13% ] 20/20 VUs  0m35.0s/4m30.0s

running (0m36.0s), 60/60 VUs, 3098 complete and 0 interrupted iterations
workload_01_atlassian   [  13% ] 20/20 VUs  0m36.0s/4m30.0s
workload_02_baidu       [  13% ] 20/20 VUs  0m36.0s/4m30.0s
workload_03_blackrock   [  13% ] 20/20 VUs  0m36.0s/4m30.0s

running (0m37.0s), 60/60 VUs, 3254 complete and 0 interrupted iterations
workload_01_atlassian   [  14% ] 20/20 VUs  0m37.0s/4m30.0s
workload_02_baidu       [  14% ] 20/20 VUs  0m37.0s/4m30.0s
workload_03_blackrock   [  14% ] 20/20 VUs  0m37.0s/4m30.0s

running (0m38.0s), 60/60 VUs, 3419 complete and 0 interrupted iterations
workload_01_atlassian   [  14% ] 20/20 VUs  0m38.0s/4m30.0s
workload_02_baidu       [  14% ] 20/20 VUs  0m38.0s/4m30.0s
workload_03_blackrock   [  14% ] 20/20 VUs  0m38.0s/4m30.0s

running (0m39.0s), 60/60 VUs, 3573 complete and 0 interrupted iterations
workload_01_atlassian   [  14% ] 20/20 VUs  0m39.0s/4m30.0s
workload_02_baidu       [  14% ] 20/20 VUs  0m39.0s/4m30.0s
workload_03_blackrock   [  14% ] 20/20 VUs  0m39.0s/4m30.0s

running (0m40.0s), 60/60 VUs, 3735 complete and 0 interrupted iterations
workload_01_atlassian   [  15% ] 20/20 VUs  0m40.0s/4m30.0s
workload_02_baidu       [  15% ] 20/20 VUs  0m40.0s/4m30.0s
workload_03_blackrock   [  15% ] 20/20 VUs  0m40.0s/4m30.0s

running (0m41.0s), 60/60 VUs, 3890 complete and 0 interrupted iterations
workload_01_atlassian   [  15% ] 20/20 VUs  0m41.0s/4m30.0s
workload_02_baidu       [  15% ] 20/20 VUs  0m41.0s/4m30.0s
workload_03_blackrock   [  15% ] 20/20 VUs  0m41.0s/4m30.0s

running (0m42.0s), 60/60 VUs, 4043 complete and 0 interrupted iterations
workload_01_atlassian   [  16% ] 20/20 VUs  0m42.0s/4m30.0s
workload_02_baidu       [  16% ] 20/20 VUs  0m42.0s/4m30.0s
workload_03_blackrock   [  16% ] 20/20 VUs  0m42.0s/4m30.0s

running (0m43.0s), 60/60 VUs, 4206 complete and 0 interrupted iterations
workload_01_atlassian   [  16% ] 20/20 VUs  0m43.0s/4m30.0s
workload_02_baidu       [  16% ] 20/20 VUs  0m43.0s/4m30.0s
workload_03_blackrock   [  16% ] 20/20 VUs  0m43.0s/4m30.0s

running (0m44.0s), 60/60 VUs, 4358 complete and 0 interrupted iterations
workload_01_atlassian   [  16% ] 20/20 VUs  0m44.0s/4m30.0s
workload_02_baidu       [  16% ] 20/20 VUs  0m44.0s/4m30.0s
workload_03_blackrock   [  16% ] 20/20 VUs  0m44.0s/4m30.0s

running (0m45.0s), 60/60 VUs, 4515 complete and 0 interrupted iterations
workload_01_atlassian   [  17% ] 20/20 VUs  0m45.0s/4m30.0s
workload_02_baidu       [  17% ] 20/20 VUs  0m45.0s/4m30.0s
workload_03_blackrock   [  17% ] 20/20 VUs  0m45.0s/4m30.0s

running (0m46.0s), 60/60 VUs, 4677 complete and 0 interrupted iterations
workload_01_atlassian   [  17% ] 20/20 VUs  0m46.0s/4m30.0s
workload_02_baidu       [  17% ] 20/20 VUs  0m46.0s/4m30.0s
workload_03_blackrock   [  17% ] 20/20 VUs  0m46.0s/4m30.0s

running (0m47.0s), 60/60 VUs, 4828 complete and 0 interrupted iterations
workload_01_atlassian   [  17% ] 20/20 VUs  0m47.0s/4m30.0s
workload_02_baidu       [  17% ] 20/20 VUs  0m47.0s/4m30.0s
workload_03_blackrock   [  17% ] 20/20 VUs  0m47.0s/4m30.0s

running (0m48.0s), 60/60 VUs, 4987 complete and 0 interrupted iterations
workload_01_atlassian   [  18% ] 20/20 VUs  0m48.0s/4m30.0s
workload_02_baidu       [  18% ] 20/20 VUs  0m48.0s/4m30.0s
workload_03_blackrock   [  18% ] 20/20 VUs  0m48.0s/4m30.0s

running (0m49.0s), 60/60 VUs, 5149 complete and 0 interrupted iterations
workload_01_atlassian   [  18% ] 20/20 VUs  0m49.0s/4m30.0s
workload_02_baidu       [  18% ] 20/20 VUs  0m49.0s/4m30.0s
workload_03_blackrock   [  18% ] 20/20 VUs  0m49.0s/4m30.0s

running (0m50.0s), 60/60 VUs, 5311 complete and 0 interrupted iterations
workload_01_atlassian   [  19% ] 20/20 VUs  0m50.0s/4m30.0s
workload_02_baidu       [  19% ] 20/20 VUs  0m50.0s/4m30.0s
workload_03_blackrock   [  19% ] 20/20 VUs  0m50.0s/4m30.0s

running (0m51.0s), 60/60 VUs, 5470 complete and 0 interrupted iterations
workload_01_atlassian   [  19% ] 20/20 VUs  0m51.0s/4m30.0s
workload_02_baidu       [  19% ] 20/20 VUs  0m51.0s/4m30.0s
workload_03_blackrock   [  19% ] 20/20 VUs  0m51.0s/4m30.0s

running (0m52.0s), 60/60 VUs, 5631 complete and 0 interrupted iterations
workload_01_atlassian   [  19% ] 20/20 VUs  0m52.0s/4m30.0s
workload_02_baidu       [  19% ] 20/20 VUs  0m52.0s/4m30.0s
workload_03_blackrock   [  19% ] 20/20 VUs  0m52.0s/4m30.0s

running (0m53.0s), 60/60 VUs, 5779 complete and 0 interrupted iterations
workload_01_atlassian   [  20% ] 20/20 VUs  0m53.0s/4m30.0s
workload_02_baidu       [  20% ] 20/20 VUs  0m53.0s/4m30.0s
workload_03_blackrock   [  20% ] 20/20 VUs  0m53.0s/4m30.0s

running (0m54.0s), 60/60 VUs, 5939 complete and 0 interrupted iterations
workload_01_atlassian   [  20% ] 20/20 VUs  0m54.0s/4m30.0s
workload_02_baidu       [  20% ] 20/20 VUs  0m54.0s/4m30.0s
workload_03_blackrock   [  20% ] 20/20 VUs  0m54.0s/4m30.0s

running (0m55.0s), 60/60 VUs, 6098 complete and 0 interrupted iterations
workload_01_atlassian   [  20% ] 20/20 VUs  0m55.0s/4m30.0s
workload_02_baidu       [  20% ] 20/20 VUs  0m55.0s/4m30.0s
workload_03_blackrock   [  20% ] 20/20 VUs  0m55.0s/4m30.0s

running (0m56.0s), 60/60 VUs, 6251 complete and 0 interrupted iterations
workload_01_atlassian   [  21% ] 20/20 VUs  0m56.0s/4m30.0s
workload_02_baidu       [  21% ] 20/20 VUs  0m56.0s/4m30.0s
workload_03_blackrock   [  21% ] 20/20 VUs  0m56.0s/4m30.0s

running (0m57.0s), 60/60 VUs, 6404 complete and 0 interrupted iterations
workload_01_atlassian   [  21% ] 20/20 VUs  0m57.0s/4m30.0s
workload_02_baidu       [  21% ] 20/20 VUs  0m57.0s/4m30.0s
workload_03_blackrock   [  21% ] 20/20 VUs  0m57.0s/4m30.0s

running (0m58.0s), 60/60 VUs, 6564 complete and 0 interrupted iterations
workload_01_atlassian   [  21% ] 20/20 VUs  0m58.0s/4m30.0s
workload_02_baidu       [  21% ] 20/20 VUs  0m58.0s/4m30.0s
workload_03_blackrock   [  21% ] 20/20 VUs  0m58.0s/4m30.0s

running (0m59.0s), 60/60 VUs, 6721 complete and 0 interrupted iterations
workload_01_atlassian   [  22% ] 20/20 VUs  0m59.0s/4m30.0s
workload_02_baidu       [  22% ] 20/20 VUs  0m59.0s/4m30.0s
workload_03_blackrock   [  22% ] 20/20 VUs  0m59.0s/4m30.0s

running (1m00.0s), 60/60 VUs, 6881 complete and 0 interrupted iterations
workload_01_atlassian   [  22% ] 20/20 VUs  1m00.0s/4m30.0s
workload_02_baidu       [  22% ] 20/20 VUs  1m00.0s/4m30.0s
workload_03_blackrock   [  22% ] 20/20 VUs  1m00.0s/4m30.0s

running (1m01.0s), 60/60 VUs, 7039 complete and 0 interrupted iterations
workload_01_atlassian   [  23% ] 20/20 VUs  1m01.0s/4m30.0s
workload_02_baidu       [  23% ] 20/20 VUs  1m01.0s/4m30.0s
workload_03_blackrock   [  23% ] 20/20 VUs  1m01.0s/4m30.0s

running (1m02.0s), 60/60 VUs, 7196 complete and 0 interrupted iterations
workload_01_atlassian   [  23% ] 20/20 VUs  1m02.0s/4m30.0s
workload_02_baidu       [  23% ] 20/20 VUs  1m02.0s/4m30.0s
workload_03_blackrock   [  23% ] 20/20 VUs  1m02.0s/4m30.0s

running (1m03.0s), 60/60 VUs, 7356 complete and 0 interrupted iterations
workload_01_atlassian   [  23% ] 20/20 VUs  1m03.0s/4m30.0s
workload_02_baidu       [  23% ] 20/20 VUs  1m03.0s/4m30.0s
workload_03_blackrock   [  23% ] 20/20 VUs  1m03.0s/4m30.0s

running (1m04.0s), 60/60 VUs, 7514 complete and 0 interrupted iterations
workload_01_atlassian   [  24% ] 20/20 VUs  1m04.0s/4m30.0s
workload_02_baidu       [  24% ] 20/20 VUs  1m04.0s/4m30.0s
workload_03_blackrock   [  24% ] 20/20 VUs  1m04.0s/4m30.0s

running (1m05.0s), 60/60 VUs, 7662 complete and 0 interrupted iterations
workload_01_atlassian   [  24% ] 20/20 VUs  1m05.0s/4m30.0s
workload_02_baidu       [  24% ] 20/20 VUs  1m05.0s/4m30.0s
workload_03_blackrock   [  24% ] 20/20 VUs  1m05.0s/4m30.0s

running (1m06.0s), 60/60 VUs, 7818 complete and 0 interrupted iterations
workload_01_atlassian   [  24% ] 20/20 VUs  1m06.0s/4m30.0s
workload_02_baidu       [  24% ] 20/20 VUs  1m06.0s/4m30.0s
workload_03_blackrock   [  24% ] 20/20 VUs  1m06.0s/4m30.0s

running (1m07.0s), 60/60 VUs, 7981 complete and 0 interrupted iterations
workload_01_atlassian   [  25% ] 20/20 VUs  1m07.0s/4m30.0s
workload_02_baidu       [  25% ] 20/20 VUs  1m07.0s/4m30.0s
workload_03_blackrock   [  25% ] 20/20 VUs  1m07.0s/4m30.0s

running (1m08.0s), 60/60 VUs, 8139 complete and 0 interrupted iterations
workload_01_atlassian   [  25% ] 20/20 VUs  1m08.0s/4m30.0s
workload_02_baidu       [  25% ] 20/20 VUs  1m08.0s/4m30.0s
workload_03_blackrock   [  25% ] 20/20 VUs  1m08.0s/4m30.0s

running (1m09.0s), 60/60 VUs, 8292 complete and 0 interrupted iterations
workload_01_atlassian   [  26% ] 20/20 VUs  1m09.0s/4m30.0s
workload_02_baidu       [  26% ] 20/20 VUs  1m09.0s/4m30.0s
workload_03_blackrock   [  26% ] 20/20 VUs  1m09.0s/4m30.0s

running (1m10.0s), 60/60 VUs, 8449 complete and 0 interrupted iterations
workload_01_atlassian   [  26% ] 20/20 VUs  1m10.0s/4m30.0s
workload_02_baidu       [  26% ] 20/20 VUs  1m10.0s/4m30.0s
workload_03_blackrock   [  26% ] 20/20 VUs  1m10.0s/4m30.0s

running (1m11.0s), 60/60 VUs, 8603 complete and 0 interrupted iterations
workload_01_atlassian   [  26% ] 20/20 VUs  1m11.0s/4m30.0s
workload_02_baidu       [  26% ] 20/20 VUs  1m11.0s/4m30.0s
workload_03_blackrock   [  26% ] 20/20 VUs  1m11.0s/4m30.0s

running (1m12.0s), 60/60 VUs, 8767 complete and 0 interrupted iterations
workload_01_atlassian   [  27% ] 20/20 VUs  1m12.0s/4m30.0s
workload_02_baidu       [  27% ] 20/20 VUs  1m12.0s/4m30.0s
workload_03_blackrock   [  27% ] 20/20 VUs  1m12.0s/4m30.0s

running (1m13.0s), 60/60 VUs, 8919 complete and 0 interrupted iterations
workload_01_atlassian   [  27% ] 20/20 VUs  1m13.0s/4m30.0s
workload_02_baidu       [  27% ] 20/20 VUs  1m13.0s/4m30.0s
workload_03_blackrock   [  27% ] 20/20 VUs  1m13.0s/4m30.0s

running (1m14.0s), 60/60 VUs, 9074 complete and 0 interrupted iterations
workload_01_atlassian   [  27% ] 20/20 VUs  1m14.0s/4m30.0s
workload_02_baidu       [  27% ] 20/20 VUs  1m14.0s/4m30.0s
workload_03_blackrock   [  27% ] 20/20 VUs  1m14.0s/4m30.0s

running (1m15.0s), 60/60 VUs, 9239 complete and 0 interrupted iterations
workload_01_atlassian   [  28% ] 20/20 VUs  1m15.0s/4m30.0s
workload_02_baidu       [  28% ] 20/20 VUs  1m15.0s/4m30.0s
workload_03_blackrock   [  28% ] 20/20 VUs  1m15.0s/4m30.0s

running (1m16.0s), 60/60 VUs, 9394 complete and 0 interrupted iterations
workload_01_atlassian   [  28% ] 20/20 VUs  1m16.0s/4m30.0s
workload_02_baidu       [  28% ] 20/20 VUs  1m16.0s/4m30.0s
workload_03_blackrock   [  28% ] 20/20 VUs  1m16.0s/4m30.0s

running (1m17.0s), 60/60 VUs, 9456 complete and 0 interrupted iterations
workload_01_atlassian   [  29% ] 20/20 VUs  1m17.0s/4m30.0s
workload_02_baidu       [  29% ] 20/20 VUs  1m17.0s/4m30.0s
workload_03_blackrock   [  29% ] 20/20 VUs  1m17.0s/4m30.0s

running (1m18.0s), 60/60 VUs, 9519 complete and 0 interrupted iterations
workload_01_atlassian   [  29% ] 20/20 VUs  1m18.0s/4m30.0s
workload_02_baidu       [  29% ] 20/20 VUs  1m18.0s/4m30.0s
workload_03_blackrock   [  29% ] 20/20 VUs  1m18.0s/4m30.0s

running (1m19.0s), 60/60 VUs, 9671 complete and 0 interrupted iterations
workload_01_atlassian   [  29% ] 20/20 VUs  1m19.0s/4m30.0s
workload_02_baidu       [  29% ] 20/20 VUs  1m19.0s/4m30.0s
workload_03_blackrock   [  29% ] 20/20 VUs  1m19.0s/4m30.0s

running (1m20.0s), 60/60 VUs, 9828 complete and 0 interrupted iterations
workload_01_atlassian   [  30% ] 20/20 VUs  1m20.0s/4m30.0s
workload_02_baidu       [  30% ] 20/20 VUs  1m20.0s/4m30.0s
workload_03_blackrock   [  30% ] 20/20 VUs  1m20.0s/4m30.0s

running (1m21.0s), 60/60 VUs, 9993 complete and 0 interrupted iterations
workload_01_atlassian   [  30% ] 20/20 VUs  1m21.0s/4m30.0s
workload_02_baidu       [  30% ] 20/20 VUs  1m21.0s/4m30.0s
workload_03_blackrock   [  30% ] 20/20 VUs  1m21.0s/4m30.0s

running (1m22.0s), 60/60 VUs, 10145 complete and 0 interrupted iterations
workload_01_atlassian   [  30% ] 20/20 VUs  1m22.0s/4m30.0s
workload_02_baidu       [  30% ] 20/20 VUs  1m22.0s/4m30.0s
workload_03_blackrock   [  30% ] 20/20 VUs  1m22.0s/4m30.0s

running (1m23.0s), 60/60 VUs, 10301 complete and 0 interrupted iterations
workload_01_atlassian   [  31% ] 20/20 VUs  1m23.0s/4m30.0s
workload_02_baidu       [  31% ] 20/20 VUs  1m23.0s/4m30.0s
workload_03_blackrock   [  31% ] 20/20 VUs  1m23.0s/4m30.0s

running (1m24.0s), 60/60 VUs, 10462 complete and 0 interrupted iterations
workload_01_atlassian   [  31% ] 20/20 VUs  1m24.0s/4m30.0s
workload_02_baidu       [  31% ] 20/20 VUs  1m24.0s/4m30.0s
workload_03_blackrock   [  31% ] 20/20 VUs  1m24.0s/4m30.0s

running (1m25.0s), 60/60 VUs, 10620 complete and 0 interrupted iterations
workload_01_atlassian   [  31% ] 20/20 VUs  1m25.0s/4m30.0s
workload_02_baidu       [  31% ] 20/20 VUs  1m25.0s/4m30.0s
workload_03_blackrock   [  31% ] 20/20 VUs  1m25.0s/4m30.0s

running (1m26.0s), 60/60 VUs, 10778 complete and 0 interrupted iterations
workload_01_atlassian   [  32% ] 20/20 VUs  1m26.0s/4m30.0s
workload_02_baidu       [  32% ] 20/20 VUs  1m26.0s/4m30.0s
workload_03_blackrock   [  32% ] 20/20 VUs  1m26.0s/4m30.0s

running (1m27.0s), 60/60 VUs, 10932 complete and 0 interrupted iterations
workload_01_atlassian   [  32% ] 20/20 VUs  1m27.0s/4m30.0s
workload_02_baidu       [  32% ] 20/20 VUs  1m27.0s/4m30.0s
workload_03_blackrock   [  32% ] 20/20 VUs  1m27.0s/4m30.0s

running (1m28.0s), 60/60 VUs, 11088 complete and 0 interrupted iterations
workload_01_atlassian   [  33% ] 20/20 VUs  1m28.0s/4m30.0s
workload_02_baidu       [  33% ] 20/20 VUs  1m28.0s/4m30.0s
workload_03_blackrock   [  33% ] 20/20 VUs  1m28.0s/4m30.0s

running (1m29.0s), 60/60 VUs, 11239 complete and 0 interrupted iterations
workload_01_atlassian   [  33% ] 20/20 VUs  1m29.0s/4m30.0s
workload_02_baidu       [  33% ] 20/20 VUs  1m29.0s/4m30.0s
workload_03_blackrock   [  33% ] 20/20 VUs  1m29.0s/4m30.0s

running (1m30.0s), 60/60 VUs, 11287 complete and 0 interrupted iterations
workload_01_atlassian   [  33% ] 20/20 VUs  1m30.0s/4m30.0s
workload_02_baidu       [  33% ] 20/20 VUs  1m30.0s/4m30.0s
workload_03_blackrock   [  33% ] 20/20 VUs  1m30.0s/4m30.0s

running (1m31.0s), 60/60 VUs, 11428 complete and 0 interrupted iterations
workload_01_atlassian   [  34% ] 20/20 VUs  1m31.0s/4m30.0s
workload_02_baidu       [  34% ] 20/20 VUs  1m31.0s/4m30.0s
workload_03_blackrock   [  34% ] 20/20 VUs  1m31.0s/4m30.0s

running (1m32.0s), 60/60 VUs, 11585 complete and 0 interrupted iterations
workload_01_atlassian   [  34% ] 20/20 VUs  1m32.0s/4m30.0s
workload_02_baidu       [  34% ] 20/20 VUs  1m32.0s/4m30.0s
workload_03_blackrock   [  34% ] 20/20 VUs  1m32.0s/4m30.0s

running (1m33.0s), 60/60 VUs, 11750 complete and 0 interrupted iterations
workload_01_atlassian   [  34% ] 20/20 VUs  1m33.0s/4m30.0s
workload_02_baidu       [  34% ] 20/20 VUs  1m33.0s/4m30.0s
workload_03_blackrock   [  34% ] 20/20 VUs  1m33.0s/4m30.0s

running (1m34.0s), 60/60 VUs, 11905 complete and 0 interrupted iterations
workload_01_atlassian   [  35% ] 20/20 VUs  1m34.0s/4m30.0s
workload_02_baidu       [  35% ] 20/20 VUs  1m34.0s/4m30.0s
workload_03_blackrock   [  35% ] 20/20 VUs  1m34.0s/4m30.0s

running (1m35.0s), 60/60 VUs, 12062 complete and 0 interrupted iterations
workload_01_atlassian   [  35% ] 20/20 VUs  1m35.0s/4m30.0s
workload_02_baidu       [  35% ] 20/20 VUs  1m35.0s/4m30.0s
workload_03_blackrock   [  35% ] 20/20 VUs  1m35.0s/4m30.0s

running (1m36.0s), 60/60 VUs, 12212 complete and 0 interrupted iterations
workload_01_atlassian   [  36% ] 20/20 VUs  1m36.0s/4m30.0s
workload_02_baidu       [  36% ] 20/20 VUs  1m36.0s/4m30.0s
workload_03_blackrock   [  36% ] 20/20 VUs  1m36.0s/4m30.0s

running (1m37.0s), 60/60 VUs, 12374 complete and 0 interrupted iterations
workload_01_atlassian   [  36% ] 20/20 VUs  1m37.0s/4m30.0s
workload_02_baidu       [  36% ] 20/20 VUs  1m37.0s/4m30.0s
workload_03_blackrock   [  36% ] 20/20 VUs  1m37.0s/4m30.0s

running (1m38.0s), 60/60 VUs, 12530 complete and 0 interrupted iterations
workload_01_atlassian   [  36% ] 20/20 VUs  1m38.0s/4m30.0s
workload_02_baidu       [  36% ] 20/20 VUs  1m38.0s/4m30.0s
workload_03_blackrock   [  36% ] 20/20 VUs  1m38.0s/4m30.0s

running (1m39.0s), 60/60 VUs, 12694 complete and 0 interrupted iterations
workload_01_atlassian   [  37% ] 20/20 VUs  1m39.0s/4m30.0s
workload_02_baidu       [  37% ] 20/20 VUs  1m39.0s/4m30.0s
workload_03_blackrock   [  37% ] 20/20 VUs  1m39.0s/4m30.0s

running (1m40.0s), 60/60 VUs, 12854 complete and 0 interrupted iterations
workload_01_atlassian   [  37% ] 20/20 VUs  1m40.0s/4m30.0s
workload_02_baidu       [  37% ] 20/20 VUs  1m40.0s/4m30.0s
workload_03_blackrock   [  37% ] 20/20 VUs  1m40.0s/4m30.0s

running (1m41.0s), 60/60 VUs, 13003 complete and 0 interrupted iterations
workload_01_atlassian   [  37% ] 20/20 VUs  1m41.0s/4m30.0s
workload_02_baidu       [  37% ] 20/20 VUs  1m41.0s/4m30.0s
workload_03_blackrock   [  37% ] 20/20 VUs  1m41.0s/4m30.0s

running (1m42.0s), 60/60 VUs, 13077 complete and 0 interrupted iterations
workload_01_atlassian   [  38% ] 20/20 VUs  1m42.0s/4m30.0s
workload_02_baidu       [  38% ] 20/20 VUs  1m42.0s/4m30.0s
workload_03_blackrock   [  38% ] 20/20 VUs  1m42.0s/4m30.0s

running (1m43.0s), 60/60 VUs, 13204 complete and 0 interrupted iterations
workload_01_atlassian   [  38% ] 20/20 VUs  1m43.0s/4m30.0s
workload_02_baidu       [  38% ] 20/20 VUs  1m43.0s/4m30.0s
workload_03_blackrock   [  38% ] 20/20 VUs  1m43.0s/4m30.0s

running (1m44.0s), 60/60 VUs, 13360 complete and 0 interrupted iterations
workload_01_atlassian   [  39% ] 20/20 VUs  1m44.0s/4m30.0s
workload_02_baidu       [  39% ] 20/20 VUs  1m44.0s/4m30.0s
workload_03_blackrock   [  39% ] 20/20 VUs  1m44.0s/4m30.0s

running (1m45.0s), 60/60 VUs, 13518 complete and 0 interrupted iterations
workload_01_atlassian   [  39% ] 20/20 VUs  1m45.0s/4m30.0s
workload_02_baidu       [  39% ] 20/20 VUs  1m45.0s/4m30.0s
workload_03_blackrock   [  39% ] 20/20 VUs  1m45.0s/4m30.0s

running (1m46.0s), 60/60 VUs, 13669 complete and 0 interrupted iterations
workload_01_atlassian   [  39% ] 20/20 VUs  1m46.0s/4m30.0s
workload_02_baidu       [  39% ] 20/20 VUs  1m46.0s/4m30.0s
workload_03_blackrock   [  39% ] 20/20 VUs  1m46.0s/4m30.0s

running (1m47.0s), 60/60 VUs, 13808 complete and 0 interrupted iterations
workload_01_atlassian   [  40% ] 20/20 VUs  1m47.0s/4m30.0s
workload_02_baidu       [  40% ] 20/20 VUs  1m47.0s/4m30.0s
workload_03_blackrock   [  40% ] 20/20 VUs  1m47.0s/4m30.0s

running (1m48.0s), 60/60 VUs, 13963 complete and 0 interrupted iterations
workload_01_atlassian   [  40% ] 20/20 VUs  1m48.0s/4m30.0s
workload_02_baidu       [  40% ] 20/20 VUs  1m48.0s/4m30.0s
workload_03_blackrock   [  40% ] 20/20 VUs  1m48.0s/4m30.0s

running (1m49.0s), 60/60 VUs, 14122 complete and 0 interrupted iterations
workload_01_atlassian   [  40% ] 20/20 VUs  1m49.0s/4m30.0s
workload_02_baidu       [  40% ] 20/20 VUs  1m49.0s/4m30.0s
workload_03_blackrock   [  40% ] 20/20 VUs  1m49.0s/4m30.0s

running (1m50.0s), 60/60 VUs, 14274 complete and 0 interrupted iterations
workload_01_atlassian   [  41% ] 20/20 VUs  1m50.0s/4m30.0s
workload_02_baidu       [  41% ] 20/20 VUs  1m50.0s/4m30.0s
workload_03_blackrock   [  41% ] 20/20 VUs  1m50.0s/4m30.0s

running (1m51.0s), 60/60 VUs, 14430 complete and 0 interrupted iterations
workload_01_atlassian   [  41% ] 20/20 VUs  1m51.0s/4m30.0s
workload_02_baidu       [  41% ] 20/20 VUs  1m51.0s/4m30.0s
workload_03_blackrock   [  41% ] 20/20 VUs  1m51.0s/4m30.0s

running (1m52.0s), 60/60 VUs, 14589 complete and 0 interrupted iterations
workload_01_atlassian   [  41% ] 20/20 VUs  1m52.0s/4m30.0s
workload_02_baidu       [  41% ] 20/20 VUs  1m52.0s/4m30.0s
workload_03_blackrock   [  41% ] 20/20 VUs  1m52.0s/4m30.0s

running (1m53.0s), 60/60 VUs, 14743 complete and 0 interrupted iterations
workload_01_atlassian   [  42% ] 20/20 VUs  1m53.0s/4m30.0s
workload_02_baidu       [  42% ] 20/20 VUs  1m53.0s/4m30.0s
workload_03_blackrock   [  42% ] 20/20 VUs  1m53.0s/4m30.0s

running (1m54.0s), 60/60 VUs, 14802 complete and 0 interrupted iterations
workload_01_atlassian   [  42% ] 20/20 VUs  1m54.0s/4m30.0s
workload_02_baidu       [  42% ] 20/20 VUs  1m54.0s/4m30.0s
workload_03_blackrock   [  42% ] 20/20 VUs  1m54.0s/4m30.0s

running (1m55.0s), 60/60 VUs, 14958 complete and 0 interrupted iterations
workload_01_atlassian   [  43% ] 20/20 VUs  1m55.0s/4m30.0s
workload_02_baidu       [  43% ] 20/20 VUs  1m55.0s/4m30.0s
workload_03_blackrock   [  43% ] 20/20 VUs  1m55.0s/4m30.0s

running (1m56.0s), 60/60 VUs, 15116 complete and 0 interrupted iterations
workload_01_atlassian   [  43% ] 20/20 VUs  1m56.0s/4m30.0s
workload_02_baidu       [  43% ] 20/20 VUs  1m56.0s/4m30.0s
workload_03_blackrock   [  43% ] 20/20 VUs  1m56.0s/4m30.0s

running (1m57.0s), 60/60 VUs, 15276 complete and 0 interrupted iterations
workload_01_atlassian   [  43% ] 20/20 VUs  1m57.0s/4m30.0s
workload_02_baidu       [  43% ] 20/20 VUs  1m57.0s/4m30.0s
workload_03_blackrock   [  43% ] 20/20 VUs  1m57.0s/4m30.0s

running (1m58.0s), 60/60 VUs, 15427 complete and 0 interrupted iterations
workload_01_atlassian   [  44% ] 20/20 VUs  1m58.0s/4m30.0s
workload_02_baidu       [  44% ] 20/20 VUs  1m58.0s/4m30.0s
workload_03_blackrock   [  44% ] 20/20 VUs  1m58.0s/4m30.0s

running (1m59.0s), 60/60 VUs, 15584 complete and 0 interrupted iterations
workload_01_atlassian   [  44% ] 20/20 VUs  1m59.0s/4m30.0s
workload_02_baidu       [  44% ] 20/20 VUs  1m59.0s/4m30.0s
workload_03_blackrock   [  44% ] 20/20 VUs  1m59.0s/4m30.0s

running (2m00.0s), 60/60 VUs, 15744 complete and 0 interrupted iterations
workload_01_atlassian   [  44% ] 20/20 VUs  2m00.0s/4m30.0s
workload_02_baidu       [  44% ] 20/20 VUs  2m00.0s/4m30.0s
workload_03_blackrock   [  44% ] 20/20 VUs  2m00.0s/4m30.0s

running (2m01.0s), 60/60 VUs, 15898 complete and 0 interrupted iterations
workload_01_atlassian   [  45% ] 20/20 VUs  2m01.0s/4m30.0s
workload_02_baidu       [  45% ] 20/20 VUs  2m01.0s/4m30.0s
workload_03_blackrock   [  45% ] 20/20 VUs  2m01.0s/4m30.0s

running (2m02.0s), 60/60 VUs, 16051 complete and 0 interrupted iterations
workload_01_atlassian   [  45% ] 20/20 VUs  2m02.0s/4m30.0s
workload_02_baidu       [  45% ] 20/20 VUs  2m02.0s/4m30.0s
workload_03_blackrock   [  45% ] 20/20 VUs  2m02.0s/4m30.0s

running (2m03.0s), 60/60 VUs, 16205 complete and 0 interrupted iterations
workload_01_atlassian   [  46% ] 20/20 VUs  2m03.0s/4m30.0s
workload_02_baidu       [  46% ] 20/20 VUs  2m03.0s/4m30.0s
workload_03_blackrock   [  46% ] 20/20 VUs  2m03.0s/4m30.0s

running (2m04.0s), 60/60 VUs, 16362 complete and 0 interrupted iterations
workload_01_atlassian   [  46% ] 20/20 VUs  2m04.0s/4m30.0s
workload_02_baidu       [  46% ] 20/20 VUs  2m04.0s/4m30.0s
workload_03_blackrock   [  46% ] 20/20 VUs  2m04.0s/4m30.0s

running (2m05.0s), 60/60 VUs, 16512 complete and 0 interrupted iterations
workload_01_atlassian   [  46% ] 20/20 VUs  2m05.0s/4m30.0s
workload_02_baidu       [  46% ] 20/20 VUs  2m05.0s/4m30.0s
workload_03_blackrock   [  46% ] 20/20 VUs  2m05.0s/4m30.0s

running (2m06.0s), 60/60 VUs, 16587 complete and 0 interrupted iterations
workload_01_atlassian   [  47% ] 20/20 VUs  2m06.0s/4m30.0s
workload_02_baidu       [  47% ] 20/20 VUs  2m06.0s/4m30.0s
workload_03_blackrock   [  47% ] 20/20 VUs  2m06.0s/4m30.0s

running (2m07.0s), 60/60 VUs, 16740 complete and 0 interrupted iterations
workload_01_atlassian   [  47% ] 20/20 VUs  2m07.0s/4m30.0s
workload_02_baidu       [  47% ] 20/20 VUs  2m07.0s/4m30.0s
workload_03_blackrock   [  47% ] 20/20 VUs  2m07.0s/4m30.0s

running (2m08.0s), 60/60 VUs, 16897 complete and 0 interrupted iterations
workload_01_atlassian   [  47% ] 20/20 VUs  2m08.0s/4m30.0s
workload_02_baidu       [  47% ] 20/20 VUs  2m08.0s/4m30.0s
workload_03_blackrock   [  47% ] 20/20 VUs  2m08.0s/4m30.0s

running (2m09.0s), 60/60 VUs, 17056 complete and 0 interrupted iterations
workload_01_atlassian   [  48% ] 20/20 VUs  2m09.0s/4m30.0s
workload_02_baidu       [  48% ] 20/20 VUs  2m09.0s/4m30.0s
workload_03_blackrock   [  48% ] 20/20 VUs  2m09.0s/4m30.0s

running (2m10.0s), 60/60 VUs, 17208 complete and 0 interrupted iterations
workload_01_atlassian   [  48% ] 20/20 VUs  2m10.0s/4m30.0s
workload_02_baidu       [  48% ] 20/20 VUs  2m10.0s/4m30.0s
workload_03_blackrock   [  48% ] 20/20 VUs  2m10.0s/4m30.0s

running (2m11.0s), 60/60 VUs, 17368 complete and 0 interrupted iterations
workload_01_atlassian   [  49% ] 20/20 VUs  2m11.0s/4m30.0s
workload_02_baidu       [  49% ] 20/20 VUs  2m11.0s/4m30.0s
workload_03_blackrock   [  49% ] 20/20 VUs  2m11.0s/4m30.0s

running (2m12.0s), 60/60 VUs, 17524 complete and 0 interrupted iterations
workload_01_atlassian   [  49% ] 20/20 VUs  2m12.0s/4m30.0s
workload_02_baidu       [  49% ] 20/20 VUs  2m12.0s/4m30.0s
workload_03_blackrock   [  49% ] 20/20 VUs  2m12.0s/4m30.0s

running (2m13.0s), 60/60 VUs, 17683 complete and 0 interrupted iterations
workload_01_atlassian   [  49% ] 20/20 VUs  2m13.0s/4m30.0s
workload_02_baidu       [  49% ] 20/20 VUs  2m13.0s/4m30.0s
workload_03_blackrock   [  49% ] 20/20 VUs  2m13.0s/4m30.0s

running (2m14.0s), 60/60 VUs, 17844 complete and 0 interrupted iterations
workload_01_atlassian   [  50% ] 20/20 VUs  2m14.0s/4m30.0s
workload_02_baidu       [  50% ] 20/20 VUs  2m14.0s/4m30.0s
workload_03_blackrock   [  50% ] 20/20 VUs  2m14.0s/4m30.0s

running (2m15.0s), 60/60 VUs, 17996 complete and 0 interrupted iterations
workload_01_atlassian   [  50% ] 20/20 VUs  2m15.0s/4m30.0s
workload_02_baidu       [  50% ] 20/20 VUs  2m15.0s/4m30.0s
workload_03_blackrock   [  50% ] 20/20 VUs  2m15.0s/4m30.0s

running (2m16.0s), 60/60 VUs, 18150 complete and 0 interrupted iterations
workload_01_atlassian   [  50% ] 20/20 VUs  2m16.0s/4m30.0s
workload_02_baidu       [  50% ] 20/20 VUs  2m16.0s/4m30.0s
workload_03_blackrock   [  50% ] 20/20 VUs  2m16.0s/4m30.0s

running (2m17.0s), 60/60 VUs, 18303 complete and 0 interrupted iterations
workload_01_atlassian   [  51% ] 20/20 VUs  2m17.0s/4m30.0s
workload_02_baidu       [  51% ] 20/20 VUs  2m17.0s/4m30.0s
workload_03_blackrock   [  51% ] 20/20 VUs  2m17.0s/4m30.0s

running (2m18.0s), 60/60 VUs, 18387 complete and 0 interrupted iterations
workload_01_atlassian   [  51% ] 20/20 VUs  2m18.0s/4m30.0s
workload_02_baidu       [  51% ] 20/20 VUs  2m18.0s/4m30.0s
workload_03_blackrock   [  51% ] 20/20 VUs  2m18.0s/4m30.0s

running (2m19.0s), 60/60 VUs, 18537 complete and 0 interrupted iterations
workload_01_atlassian   [  51% ] 20/20 VUs  2m19.0s/4m30.0s
workload_02_baidu       [  51% ] 20/20 VUs  2m19.0s/4m30.0s
workload_03_blackrock   [  51% ] 20/20 VUs  2m19.0s/4m30.0s

running (2m20.0s), 60/60 VUs, 18695 complete and 0 interrupted iterations
workload_01_atlassian   [  52% ] 20/20 VUs  2m20.0s/4m30.0s
workload_02_baidu       [  52% ] 20/20 VUs  2m20.0s/4m30.0s
workload_03_blackrock   [  52% ] 20/20 VUs  2m20.0s/4m30.0s

running (2m21.0s), 60/60 VUs, 18855 complete and 0 interrupted iterations
workload_01_atlassian   [  52% ] 20/20 VUs  2m21.0s/4m30.0s
workload_02_baidu       [  52% ] 20/20 VUs  2m21.0s/4m30.0s
workload_03_blackrock   [  52% ] 20/20 VUs  2m21.0s/4m30.0s

running (2m22.0s), 60/60 VUs, 19014 complete and 0 interrupted iterations
workload_01_atlassian   [  53% ] 20/20 VUs  2m22.0s/4m30.0s
workload_02_baidu       [  53% ] 20/20 VUs  2m22.0s/4m30.0s
workload_03_blackrock   [  53% ] 20/20 VUs  2m22.0s/4m30.0s

running (2m23.0s), 60/60 VUs, 19166 complete and 0 interrupted iterations
workload_01_atlassian   [  53% ] 20/20 VUs  2m23.0s/4m30.0s
workload_02_baidu       [  53% ] 20/20 VUs  2m23.0s/4m30.0s
workload_03_blackrock   [  53% ] 20/20 VUs  2m23.0s/4m30.0s

running (2m24.0s), 60/60 VUs, 19322 complete and 0 interrupted iterations
workload_01_atlassian   [  53% ] 20/20 VUs  2m24.0s/4m30.0s
workload_02_baidu       [  53% ] 20/20 VUs  2m24.0s/4m30.0s
workload_03_blackrock   [  53% ] 20/20 VUs  2m24.0s/4m30.0s

running (2m25.0s), 60/60 VUs, 19479 complete and 0 interrupted iterations
workload_01_atlassian   [  54% ] 20/20 VUs  2m25.0s/4m30.0s
workload_02_baidu       [  54% ] 20/20 VUs  2m25.0s/4m30.0s
workload_03_blackrock   [  54% ] 20/20 VUs  2m25.0s/4m30.0s

running (2m26.0s), 60/60 VUs, 19641 complete and 0 interrupted iterations
workload_01_atlassian   [  54% ] 20/20 VUs  2m26.0s/4m30.0s
workload_02_baidu       [  54% ] 20/20 VUs  2m26.0s/4m30.0s
workload_03_blackrock   [  54% ] 20/20 VUs  2m26.0s/4m30.0s

running (2m27.0s), 60/60 VUs, 19799 complete and 0 interrupted iterations
workload_01_atlassian   [  54% ] 20/20 VUs  2m27.0s/4m30.0s
workload_02_baidu       [  54% ] 20/20 VUs  2m27.0s/4m30.0s
workload_03_blackrock   [  54% ] 20/20 VUs  2m27.0s/4m30.0s

running (2m28.0s), 60/60 VUs, 19947 complete and 0 interrupted iterations
workload_01_atlassian   [  55% ] 20/20 VUs  2m28.0s/4m30.0s
workload_02_baidu       [  55% ] 20/20 VUs  2m28.0s/4m30.0s
workload_03_blackrock   [  55% ] 20/20 VUs  2m28.0s/4m30.0s

running (2m29.0s), 60/60 VUs, 20105 complete and 0 interrupted iterations
workload_01_atlassian   [  55% ] 20/20 VUs  2m29.0s/4m30.0s
workload_02_baidu       [  55% ] 20/20 VUs  2m29.0s/4m30.0s
workload_03_blackrock   [  55% ] 20/20 VUs  2m29.0s/4m30.0s

running (2m30.0s), 60/60 VUs, 20211 complete and 0 interrupted iterations
workload_01_atlassian   [  56% ] 20/20 VUs  2m30.0s/4m30.0s
workload_02_baidu       [  56% ] 20/20 VUs  2m30.0s/4m30.0s
workload_03_blackrock   [  56% ] 20/20 VUs  2m30.0s/4m30.0s

running (2m31.0s), 60/60 VUs, 20367 complete and 0 interrupted iterations
workload_01_atlassian   [  56% ] 20/20 VUs  2m31.0s/4m30.0s
workload_02_baidu       [  56% ] 20/20 VUs  2m31.0s/4m30.0s
workload_03_blackrock   [  56% ] 20/20 VUs  2m31.0s/4m30.0s

running (2m32.0s), 60/60 VUs, 20531 complete and 0 interrupted iterations
workload_01_atlassian   [  56% ] 20/20 VUs  2m32.0s/4m30.0s
workload_02_baidu       [  56% ] 20/20 VUs  2m32.0s/4m30.0s
workload_03_blackrock   [  56% ] 20/20 VUs  2m32.0s/4m30.0s

running (2m33.0s), 60/60 VUs, 20694 complete and 0 interrupted iterations
workload_01_atlassian   [  57% ] 20/20 VUs  2m33.0s/4m30.0s
workload_02_baidu       [  57% ] 20/20 VUs  2m33.0s/4m30.0s
workload_03_blackrock   [  57% ] 20/20 VUs  2m33.0s/4m30.0s

running (2m34.0s), 60/60 VUs, 20846 complete and 0 interrupted iterations
workload_01_atlassian   [  57% ] 20/20 VUs  2m34.0s/4m30.0s
workload_02_baidu       [  57% ] 20/20 VUs  2m34.0s/4m30.0s
workload_03_blackrock   [  57% ] 20/20 VUs  2m34.0s/4m30.0s

running (2m35.0s), 60/60 VUs, 20996 complete and 0 interrupted iterations
workload_01_atlassian   [  57% ] 20/20 VUs  2m35.0s/4m30.0s
workload_02_baidu       [  57% ] 20/20 VUs  2m35.0s/4m30.0s
workload_03_blackrock   [  57% ] 20/20 VUs  2m35.0s/4m30.0s

running (2m36.0s), 60/60 VUs, 21155 complete and 0 interrupted iterations
workload_01_atlassian   [  58% ] 20/20 VUs  2m36.0s/4m30.0s
workload_02_baidu       [  58% ] 20/20 VUs  2m36.0s/4m30.0s
workload_03_blackrock   [  58% ] 20/20 VUs  2m36.0s/4m30.0s

running (2m37.0s), 60/60 VUs, 21311 complete and 0 interrupted iterations
workload_01_atlassian   [  58% ] 20/20 VUs  2m37.0s/4m30.0s
workload_02_baidu       [  58% ] 20/20 VUs  2m37.0s/4m30.0s
workload_03_blackrock   [  58% ] 20/20 VUs  2m37.0s/4m30.0s

running (2m38.0s), 60/60 VUs, 21466 complete and 0 interrupted iterations
workload_01_atlassian   [  59% ] 20/20 VUs  2m38.0s/4m30.0s
workload_02_baidu       [  59% ] 20/20 VUs  2m38.0s/4m30.0s
workload_03_blackrock   [  59% ] 20/20 VUs  2m38.0s/4m30.0s

running (2m39.0s), 60/60 VUs, 21627 complete and 0 interrupted iterations
workload_01_atlassian   [  59% ] 20/20 VUs  2m39.0s/4m30.0s
workload_02_baidu       [  59% ] 20/20 VUs  2m39.0s/4m30.0s
workload_03_blackrock   [  59% ] 20/20 VUs  2m39.0s/4m30.0s

running (2m40.0s), 60/60 VUs, 21777 complete and 0 interrupted iterations
workload_01_atlassian   [  59% ] 20/20 VUs  2m40.0s/4m30.0s
workload_02_baidu       [  59% ] 20/20 VUs  2m40.0s/4m30.0s
workload_03_blackrock   [  59% ] 20/20 VUs  2m40.0s/4m30.0s

running (2m41.0s), 60/60 VUs, 21939 complete and 0 interrupted iterations
workload_01_atlassian   [  60% ] 20/20 VUs  2m41.0s/4m30.0s
workload_02_baidu       [  60% ] 20/20 VUs  2m41.0s/4m30.0s
workload_03_blackrock   [  60% ] 20/20 VUs  2m41.0s/4m30.0s

running (2m42.0s), 60/60 VUs, 22082 complete and 0 interrupted iterations
workload_01_atlassian   [  60% ] 20/20 VUs  2m42.0s/4m30.0s
workload_02_baidu       [  60% ] 20/20 VUs  2m42.0s/4m30.0s
workload_03_blackrock   [  60% ] 20/20 VUs  2m42.0s/4m30.0s

running (2m43.0s), 60/60 VUs, 22240 complete and 0 interrupted iterations
workload_01_atlassian   [  60% ] 20/20 VUs  2m43.0s/4m30.0s
workload_02_baidu       [  60% ] 20/20 VUs  2m43.0s/4m30.0s
workload_03_blackrock   [  60% ] 20/20 VUs  2m43.0s/4m30.0s

running (2m44.0s), 60/60 VUs, 22402 complete and 0 interrupted iterations
workload_01_atlassian   [  61% ] 20/20 VUs  2m44.0s/4m30.0s
workload_02_baidu       [  61% ] 20/20 VUs  2m44.0s/4m30.0s
workload_03_blackrock   [  61% ] 20/20 VUs  2m44.0s/4m30.0s

running (2m45.0s), 60/60 VUs, 22559 complete and 0 interrupted iterations
workload_01_atlassian   [  61% ] 20/20 VUs  2m45.0s/4m30.0s
workload_02_baidu       [  61% ] 20/20 VUs  2m45.0s/4m30.0s
workload_03_blackrock   [  61% ] 20/20 VUs  2m45.0s/4m30.0s

running (2m46.0s), 60/60 VUs, 22719 complete and 0 interrupted iterations
workload_01_atlassian   [  61% ] 20/20 VUs  2m46.0s/4m30.0s
workload_02_baidu       [  61% ] 20/20 VUs  2m46.0s/4m30.0s
workload_03_blackrock   [  61% ] 20/20 VUs  2m46.0s/4m30.0s

running (2m47.0s), 60/60 VUs, 22853 complete and 0 interrupted iterations
workload_01_atlassian   [  62% ] 20/20 VUs  2m47.0s/4m30.0s
workload_02_baidu       [  62% ] 20/20 VUs  2m47.0s/4m30.0s
workload_03_blackrock   [  62% ] 20/20 VUs  2m47.0s/4m30.0s

running (2m48.0s), 60/60 VUs, 23010 complete and 0 interrupted iterations
workload_01_atlassian   [  62% ] 20/20 VUs  2m48.0s/4m30.0s
workload_02_baidu       [  62% ] 20/20 VUs  2m48.0s/4m30.0s
workload_03_blackrock   [  62% ] 20/20 VUs  2m48.0s/4m30.0s

running (2m49.0s), 60/60 VUs, 23162 complete and 0 interrupted iterations
workload_01_atlassian   [  63% ] 20/20 VUs  2m49.0s/4m30.0s
workload_02_baidu       [  63% ] 20/20 VUs  2m49.0s/4m30.0s
workload_03_blackrock   [  63% ] 20/20 VUs  2m49.0s/4m30.0s

running (2m50.0s), 60/60 VUs, 23320 complete and 0 interrupted iterations
workload_01_atlassian   [  63% ] 20/20 VUs  2m50.0s/4m30.0s
workload_02_baidu       [  63% ] 20/20 VUs  2m50.0s/4m30.0s
workload_03_blackrock   [  63% ] 20/20 VUs  2m50.0s/4m30.0s

running (2m51.0s), 60/60 VUs, 23477 complete and 0 interrupted iterations
workload_01_atlassian   [  63% ] 20/20 VUs  2m51.0s/4m30.0s
workload_02_baidu       [  63% ] 20/20 VUs  2m51.0s/4m30.0s
workload_03_blackrock   [  63% ] 20/20 VUs  2m51.0s/4m30.0s

running (2m52.0s), 60/60 VUs, 23640 complete and 0 interrupted iterations
workload_01_atlassian   [  64% ] 20/20 VUs  2m52.0s/4m30.0s
workload_02_baidu       [  64% ] 20/20 VUs  2m52.0s/4m30.0s
workload_03_blackrock   [  64% ] 20/20 VUs  2m52.0s/4m30.0s

running (2m53.0s), 60/60 VUs, 23786 complete and 0 interrupted iterations
workload_01_atlassian   [  64% ] 20/20 VUs  2m53.0s/4m30.0s
workload_02_baidu       [  64% ] 20/20 VUs  2m53.0s/4m30.0s
workload_03_blackrock   [  64% ] 20/20 VUs  2m53.0s/4m30.0s

running (2m54.0s), 60/60 VUs, 23943 complete and 0 interrupted iterations
workload_01_atlassian   [  64% ] 20/20 VUs  2m54.0s/4m30.0s
workload_02_baidu       [  64% ] 20/20 VUs  2m54.0s/4m30.0s
workload_03_blackrock   [  64% ] 20/20 VUs  2m54.0s/4m30.0s

running (2m55.0s), 60/60 VUs, 24100 complete and 0 interrupted iterations
workload_01_atlassian   [  65% ] 20/20 VUs  2m55.0s/4m30.0s
workload_02_baidu       [  65% ] 20/20 VUs  2m55.0s/4m30.0s
workload_03_blackrock   [  65% ] 20/20 VUs  2m55.0s/4m30.0s

running (2m56.0s), 60/60 VUs, 24256 complete and 0 interrupted iterations
workload_01_atlassian   [  65% ] 20/20 VUs  2m56.0s/4m30.0s
workload_02_baidu       [  65% ] 20/20 VUs  2m56.0s/4m30.0s
workload_03_blackrock   [  65% ] 20/20 VUs  2m56.0s/4m30.0s

running (2m57.0s), 60/60 VUs, 24416 complete and 0 interrupted iterations
workload_01_atlassian   [  66% ] 20/20 VUs  2m57.0s/4m30.0s
workload_02_baidu       [  66% ] 20/20 VUs  2m57.0s/4m30.0s
workload_03_blackrock   [  66% ] 20/20 VUs  2m57.0s/4m30.0s

running (2m58.0s), 60/60 VUs, 24574 complete and 0 interrupted iterations
workload_01_atlassian   [  66% ] 20/20 VUs  2m58.0s/4m30.0s
workload_02_baidu       [  66% ] 20/20 VUs  2m58.0s/4m30.0s
workload_03_blackrock   [  66% ] 20/20 VUs  2m58.0s/4m30.0s

running (2m59.0s), 60/60 VUs, 24732 complete and 0 interrupted iterations
workload_01_atlassian   [  66% ] 20/20 VUs  2m59.0s/4m30.0s
workload_02_baidu       [  66% ] 20/20 VUs  2m59.0s/4m30.0s
workload_03_blackrock   [  66% ] 20/20 VUs  2m59.0s/4m30.0s

running (3m00.0s), 60/60 VUs, 24888 complete and 0 interrupted iterations
workload_01_atlassian   [  67% ] 20/20 VUs  3m00.0s/4m30.0s
workload_02_baidu       [  67% ] 20/20 VUs  3m00.0s/4m30.0s
workload_03_blackrock   [  67% ] 20/20 VUs  3m00.0s/4m30.0s

running (3m01.0s), 60/60 VUs, 25035 complete and 0 interrupted iterations
workload_01_atlassian   [  67% ] 20/20 VUs  3m01.0s/4m30.0s
workload_02_baidu       [  67% ] 20/20 VUs  3m01.0s/4m30.0s
workload_03_blackrock   [  67% ] 20/20 VUs  3m01.0s/4m30.0s

running (3m02.0s), 60/60 VUs, 25195 complete and 0 interrupted iterations
workload_01_atlassian   [  67% ] 20/20 VUs  3m02.0s/4m30.0s
workload_02_baidu       [  67% ] 20/20 VUs  3m02.0s/4m30.0s
workload_03_blackrock   [  67% ] 20/20 VUs  3m02.0s/4m30.0s

running (3m03.0s), 60/60 VUs, 25356 complete and 0 interrupted iterations
workload_01_atlassian   [  68% ] 20/20 VUs  3m03.0s/4m30.0s
workload_02_baidu       [  68% ] 20/20 VUs  3m03.0s/4m30.0s
workload_03_blackrock   [  68% ] 20/20 VUs  3m03.0s/4m30.0s

running (3m04.0s), 60/60 VUs, 25510 complete and 0 interrupted iterations
workload_01_atlassian   [  68% ] 20/20 VUs  3m04.0s/4m30.0s
workload_02_baidu       [  68% ] 20/20 VUs  3m04.0s/4m30.0s
workload_03_blackrock   [  68% ] 20/20 VUs  3m04.0s/4m30.0s

running (3m05.0s), 60/60 VUs, 25667 complete and 0 interrupted iterations
workload_01_atlassian   [  69% ] 20/20 VUs  3m05.0s/4m30.0s
workload_02_baidu       [  69% ] 20/20 VUs  3m05.0s/4m30.0s
workload_03_blackrock   [  69% ] 20/20 VUs  3m05.0s/4m30.0s

running (3m06.0s), 60/60 VUs, 25822 complete and 0 interrupted iterations
workload_01_atlassian   [  69% ] 20/20 VUs  3m06.0s/4m30.0s
workload_02_baidu       [  69% ] 20/20 VUs  3m06.0s/4m30.0s
workload_03_blackrock   [  69% ] 20/20 VUs  3m06.0s/4m30.0s

running (3m07.0s), 60/60 VUs, 25973 complete and 0 interrupted iterations
workload_01_atlassian   [  69% ] 20/20 VUs  3m07.0s/4m30.0s
workload_02_baidu       [  69% ] 20/20 VUs  3m07.0s/4m30.0s
workload_03_blackrock   [  69% ] 20/20 VUs  3m07.0s/4m30.0s

running (3m08.0s), 60/60 VUs, 26126 complete and 0 interrupted iterations
workload_01_atlassian   [  70% ] 20/20 VUs  3m08.0s/4m30.0s
workload_02_baidu       [  70% ] 20/20 VUs  3m08.0s/4m30.0s
workload_03_blackrock   [  70% ] 20/20 VUs  3m08.0s/4m30.0s

running (3m09.0s), 60/60 VUs, 26276 complete and 0 interrupted iterations
workload_01_atlassian   [  70% ] 20/20 VUs  3m09.0s/4m30.0s
workload_02_baidu       [  70% ] 20/20 VUs  3m09.0s/4m30.0s
workload_03_blackrock   [  70% ] 20/20 VUs  3m09.0s/4m30.0s

running (3m10.0s), 60/60 VUs, 26438 complete and 0 interrupted iterations
workload_01_atlassian   [  70% ] 20/20 VUs  3m10.0s/4m30.0s
workload_02_baidu       [  70% ] 20/20 VUs  3m10.0s/4m30.0s
workload_03_blackrock   [  70% ] 20/20 VUs  3m10.0s/4m30.0s

running (3m11.0s), 60/60 VUs, 26598 complete and 0 interrupted iterations
workload_01_atlassian   [  71% ] 20/20 VUs  3m11.0s/4m30.0s
workload_02_baidu       [  71% ] 20/20 VUs  3m11.0s/4m30.0s
workload_03_blackrock   [  71% ] 20/20 VUs  3m11.0s/4m30.0s

running (3m12.0s), 60/60 VUs, 26743 complete and 0 interrupted iterations
workload_01_atlassian   [  71% ] 20/20 VUs  3m12.0s/4m30.0s
workload_02_baidu       [  71% ] 20/20 VUs  3m12.0s/4m30.0s
workload_03_blackrock   [  71% ] 20/20 VUs  3m12.0s/4m30.0s

running (3m13.0s), 60/60 VUs, 26897 complete and 0 interrupted iterations
workload_01_atlassian   [  71% ] 20/20 VUs  3m13.0s/4m30.0s
workload_02_baidu       [  71% ] 20/20 VUs  3m13.0s/4m30.0s
workload_03_blackrock   [  71% ] 20/20 VUs  3m13.0s/4m30.0s

running (3m14.0s), 60/60 VUs, 27052 complete and 0 interrupted iterations
workload_01_atlassian   [  72% ] 20/20 VUs  3m14.0s/4m30.0s
workload_02_baidu       [  72% ] 20/20 VUs  3m14.0s/4m30.0s
workload_03_blackrock   [  72% ] 20/20 VUs  3m14.0s/4m30.0s

running (3m15.0s), 60/60 VUs, 27212 complete and 0 interrupted iterations
workload_01_atlassian   [  72% ] 20/20 VUs  3m15.0s/4m30.0s
workload_02_baidu       [  72% ] 20/20 VUs  3m15.0s/4m30.0s
workload_03_blackrock   [  72% ] 20/20 VUs  3m15.0s/4m30.0s

running (3m16.0s), 60/60 VUs, 27354 complete and 0 interrupted iterations
workload_01_atlassian   [  73% ] 20/20 VUs  3m16.0s/4m30.0s
workload_02_baidu       [  73% ] 20/20 VUs  3m16.0s/4m30.0s
workload_03_blackrock   [  73% ] 20/20 VUs  3m16.0s/4m30.0s

running (3m17.0s), 60/60 VUs, 27516 complete and 0 interrupted iterations
workload_01_atlassian   [  73% ] 20/20 VUs  3m17.0s/4m30.0s
workload_02_baidu       [  73% ] 20/20 VUs  3m17.0s/4m30.0s
workload_03_blackrock   [  73% ] 20/20 VUs  3m17.0s/4m30.0s

running (3m18.0s), 60/60 VUs, 27674 complete and 0 interrupted iterations
workload_01_atlassian   [  73% ] 20/20 VUs  3m18.0s/4m30.0s
workload_02_baidu       [  73% ] 20/20 VUs  3m18.0s/4m30.0s
workload_03_blackrock   [  73% ] 20/20 VUs  3m18.0s/4m30.0s

running (3m19.0s), 60/60 VUs, 27826 complete and 0 interrupted iterations
workload_01_atlassian   [  74% ] 20/20 VUs  3m19.0s/4m30.0s
workload_02_baidu       [  74% ] 20/20 VUs  3m19.0s/4m30.0s
workload_03_blackrock   [  74% ] 20/20 VUs  3m19.0s/4m30.0s

running (3m20.0s), 60/60 VUs, 27982 complete and 0 interrupted iterations
workload_01_atlassian   [  74% ] 20/20 VUs  3m20.0s/4m30.0s
workload_02_baidu       [  74% ] 20/20 VUs  3m20.0s/4m30.0s
workload_03_blackrock   [  74% ] 20/20 VUs  3m20.0s/4m30.0s

running (3m21.0s), 60/60 VUs, 28140 complete and 0 interrupted iterations
workload_01_atlassian   [  74% ] 20/20 VUs  3m21.0s/4m30.0s
workload_02_baidu       [  74% ] 20/20 VUs  3m21.0s/4m30.0s
workload_03_blackrock   [  74% ] 20/20 VUs  3m21.0s/4m30.0s

running (3m22.0s), 60/60 VUs, 28291 complete and 0 interrupted iterations
workload_01_atlassian   [  75% ] 20/20 VUs  3m22.0s/4m30.0s
workload_02_baidu       [  75% ] 20/20 VUs  3m22.0s/4m30.0s
workload_03_blackrock   [  75% ] 20/20 VUs  3m22.0s/4m30.0s

running (3m23.0s), 60/60 VUs, 28454 complete and 0 interrupted iterations
workload_01_atlassian   [  75% ] 20/20 VUs  3m23.0s/4m30.0s
workload_02_baidu       [  75% ] 20/20 VUs  3m23.0s/4m30.0s
workload_03_blackrock   [  75% ] 20/20 VUs  3m23.0s/4m30.0s

running (3m24.0s), 60/60 VUs, 28607 complete and 0 interrupted iterations
workload_01_atlassian   [  76% ] 20/20 VUs  3m24.0s/4m30.0s
workload_02_baidu       [  76% ] 20/20 VUs  3m24.0s/4m30.0s
workload_03_blackrock   [  76% ] 20/20 VUs  3m24.0s/4m30.0s

running (3m25.0s), 60/60 VUs, 28769 complete and 0 interrupted iterations
workload_01_atlassian   [  76% ] 20/20 VUs  3m25.0s/4m30.0s
workload_02_baidu       [  76% ] 20/20 VUs  3m25.0s/4m30.0s
workload_03_blackrock   [  76% ] 20/20 VUs  3m25.0s/4m30.0s

running (3m26.0s), 60/60 VUs, 28923 complete and 0 interrupted iterations
workload_01_atlassian   [  76% ] 20/20 VUs  3m26.0s/4m30.0s
workload_02_baidu       [  76% ] 20/20 VUs  3m26.0s/4m30.0s
workload_03_blackrock   [  76% ] 20/20 VUs  3m26.0s/4m30.0s

running (3m27.0s), 60/60 VUs, 29083 complete and 0 interrupted iterations
workload_01_atlassian   [  77% ] 20/20 VUs  3m27.0s/4m30.0s
workload_02_baidu       [  77% ] 20/20 VUs  3m27.0s/4m30.0s
workload_03_blackrock   [  77% ] 20/20 VUs  3m27.0s/4m30.0s

running (3m28.0s), 60/60 VUs, 29234 complete and 0 interrupted iterations
workload_01_atlassian   [  77% ] 20/20 VUs  3m28.0s/4m30.0s
workload_02_baidu       [  77% ] 20/20 VUs  3m28.0s/4m30.0s
workload_03_blackrock   [  77% ] 20/20 VUs  3m28.0s/4m30.0s

running (3m29.0s), 60/60 VUs, 29389 complete and 0 interrupted iterations
workload_01_atlassian   [  77% ] 20/20 VUs  3m29.0s/4m30.0s
workload_02_baidu       [  77% ] 20/20 VUs  3m29.0s/4m30.0s
workload_03_blackrock   [  77% ] 20/20 VUs  3m29.0s/4m30.0s

running (3m30.0s), 60/60 VUs, 29546 complete and 0 interrupted iterations
workload_01_atlassian   [  78% ] 20/20 VUs  3m30.0s/4m30.0s
workload_02_baidu       [  78% ] 20/20 VUs  3m30.0s/4m30.0s
workload_03_blackrock   [  78% ] 20/20 VUs  3m30.0s/4m30.0s

running (3m31.0s), 60/60 VUs, 29697 complete and 0 interrupted iterations
workload_01_atlassian   [  78% ] 20/20 VUs  3m31.0s/4m30.0s
workload_02_baidu       [  78% ] 20/20 VUs  3m31.0s/4m30.0s
workload_03_blackrock   [  78% ] 20/20 VUs  3m31.0s/4m30.0s

running (3m32.0s), 60/60 VUs, 29851 complete and 0 interrupted iterations
workload_01_atlassian   [  79% ] 20/20 VUs  3m32.0s/4m30.0s
workload_02_baidu       [  79% ] 20/20 VUs  3m32.0s/4m30.0s
workload_03_blackrock   [  79% ] 20/20 VUs  3m32.0s/4m30.0s

running (3m33.0s), 60/60 VUs, 30009 complete and 0 interrupted iterations
workload_01_atlassian   [  79% ] 20/20 VUs  3m33.0s/4m30.0s
workload_02_baidu       [  79% ] 20/20 VUs  3m33.0s/4m30.0s
workload_03_blackrock   [  79% ] 20/20 VUs  3m33.0s/4m30.0s

running (3m34.0s), 60/60 VUs, 30167 complete and 0 interrupted iterations
workload_01_atlassian   [  79% ] 20/20 VUs  3m34.0s/4m30.0s
workload_02_baidu       [  79% ] 20/20 VUs  3m34.0s/4m30.0s
workload_03_blackrock   [  79% ] 20/20 VUs  3m34.0s/4m30.0s

running (3m35.0s), 60/60 VUs, 30323 complete and 0 interrupted iterations
workload_01_atlassian   [  80% ] 20/20 VUs  3m35.0s/4m30.0s
workload_02_baidu       [  80% ] 20/20 VUs  3m35.0s/4m30.0s
workload_03_blackrock   [  80% ] 20/20 VUs  3m35.0s/4m30.0s

running (3m36.0s), 60/60 VUs, 30477 complete and 0 interrupted iterations
workload_01_atlassian   [  80% ] 20/20 VUs  3m36.0s/4m30.0s
workload_02_baidu       [  80% ] 20/20 VUs  3m36.0s/4m30.0s
workload_03_blackrock   [  80% ] 20/20 VUs  3m36.0s/4m30.0s

running (3m37.0s), 60/60 VUs, 30635 complete and 0 interrupted iterations
workload_01_atlassian   [  80% ] 20/20 VUs  3m37.0s/4m30.0s
workload_02_baidu       [  80% ] 20/20 VUs  3m37.0s/4m30.0s
workload_03_blackrock   [  80% ] 20/20 VUs  3m37.0s/4m30.0s

running (3m38.0s), 60/60 VUs, 30787 complete and 0 interrupted iterations
workload_01_atlassian   [  81% ] 20/20 VUs  3m38.0s/4m30.0s
workload_02_baidu       [  81% ] 20/20 VUs  3m38.0s/4m30.0s
workload_03_blackrock   [  81% ] 20/20 VUs  3m38.0s/4m30.0s

running (3m39.0s), 60/60 VUs, 30944 complete and 0 interrupted iterations
workload_01_atlassian   [  81% ] 20/20 VUs  3m39.0s/4m30.0s
workload_02_baidu       [  81% ] 20/20 VUs  3m39.0s/4m30.0s
workload_03_blackrock   [  81% ] 20/20 VUs  3m39.0s/4m30.0s

running (3m40.0s), 60/60 VUs, 31099 complete and 0 interrupted iterations
workload_01_atlassian   [  81% ] 20/20 VUs  3m40.0s/4m30.0s
workload_02_baidu       [  81% ] 20/20 VUs  3m40.0s/4m30.0s
workload_03_blackrock   [  81% ] 20/20 VUs  3m40.0s/4m30.0s

running (3m41.0s), 60/60 VUs, 31256 complete and 0 interrupted iterations
workload_01_atlassian   [  82% ] 20/20 VUs  3m41.0s/4m30.0s
workload_02_baidu       [  82% ] 20/20 VUs  3m41.0s/4m30.0s
workload_03_blackrock   [  82% ] 20/20 VUs  3m41.0s/4m30.0s

running (3m42.0s), 60/60 VUs, 31417 complete and 0 interrupted iterations
workload_01_atlassian   [  82% ] 20/20 VUs  3m42.0s/4m30.0s
workload_02_baidu       [  82% ] 20/20 VUs  3m42.0s/4m30.0s
workload_03_blackrock   [  82% ] 20/20 VUs  3m42.0s/4m30.0s

running (3m43.0s), 60/60 VUs, 31574 complete and 0 interrupted iterations
workload_01_atlassian   [  83% ] 20/20 VUs  3m43.0s/4m30.0s
workload_02_baidu       [  83% ] 20/20 VUs  3m43.0s/4m30.0s
workload_03_blackrock   [  83% ] 20/20 VUs  3m43.0s/4m30.0s

running (3m44.0s), 60/60 VUs, 31723 complete and 0 interrupted iterations
workload_01_atlassian   [  83% ] 20/20 VUs  3m44.0s/4m30.0s
workload_02_baidu       [  83% ] 20/20 VUs  3m44.0s/4m30.0s
workload_03_blackrock   [  83% ] 20/20 VUs  3m44.0s/4m30.0s

running (3m45.0s), 60/60 VUs, 31886 complete and 0 interrupted iterations
workload_01_atlassian   [  83% ] 20/20 VUs  3m45.0s/4m30.0s
workload_02_baidu       [  83% ] 20/20 VUs  3m45.0s/4m30.0s
workload_03_blackrock   [  83% ] 20/20 VUs  3m45.0s/4m30.0s

running (3m46.0s), 60/60 VUs, 32045 complete and 0 interrupted iterations
workload_01_atlassian   [  84% ] 20/20 VUs  3m46.0s/4m30.0s
workload_02_baidu       [  84% ] 20/20 VUs  3m46.0s/4m30.0s
workload_03_blackrock   [  84% ] 20/20 VUs  3m46.0s/4m30.0s

running (3m47.0s), 60/60 VUs, 32157 complete and 0 interrupted iterations
workload_01_atlassian   [  84% ] 20/20 VUs  3m47.0s/4m30.0s
workload_02_baidu       [  84% ] 20/20 VUs  3m47.0s/4m30.0s
workload_03_blackrock   [  84% ] 20/20 VUs  3m47.0s/4m30.0s

running (3m48.0s), 60/60 VUs, 32314 complete and 0 interrupted iterations
workload_01_atlassian   [  84% ] 20/20 VUs  3m48.0s/4m30.0s
workload_02_baidu       [  84% ] 20/20 VUs  3m48.0s/4m30.0s
workload_03_blackrock   [  84% ] 20/20 VUs  3m48.0s/4m30.0s

running (3m49.0s), 60/60 VUs, 32475 complete and 0 interrupted iterations
workload_01_atlassian   [  85% ] 20/20 VUs  3m49.0s/4m30.0s
workload_02_baidu       [  85% ] 20/20 VUs  3m49.0s/4m30.0s
workload_03_blackrock   [  85% ] 20/20 VUs  3m49.0s/4m30.0s

running (3m50.0s), 60/60 VUs, 32636 complete and 0 interrupted iterations
workload_01_atlassian   [  85% ] 20/20 VUs  3m50.0s/4m30.0s
workload_02_baidu       [  85% ] 20/20 VUs  3m50.0s/4m30.0s
workload_03_blackrock   [  85% ] 20/20 VUs  3m50.0s/4m30.0s

running (3m51.0s), 60/60 VUs, 32793 complete and 0 interrupted iterations
workload_01_atlassian   [  86% ] 20/20 VUs  3m51.0s/4m30.0s
workload_02_baidu       [  86% ] 20/20 VUs  3m51.0s/4m30.0s
workload_03_blackrock   [  86% ] 20/20 VUs  3m51.0s/4m30.0s

running (3m52.0s), 60/60 VUs, 32948 complete and 0 interrupted iterations
workload_01_atlassian   [  86% ] 20/20 VUs  3m52.0s/4m30.0s
workload_02_baidu       [  86% ] 20/20 VUs  3m52.0s/4m30.0s
workload_03_blackrock   [  86% ] 20/20 VUs  3m52.0s/4m30.0s

running (3m53.0s), 60/60 VUs, 33105 complete and 0 interrupted iterations
workload_01_atlassian   [  86% ] 20/20 VUs  3m53.0s/4m30.0s
workload_02_baidu       [  86% ] 20/20 VUs  3m53.0s/4m30.0s
workload_03_blackrock   [  86% ] 20/20 VUs  3m53.0s/4m30.0s

running (3m54.0s), 60/60 VUs, 33265 complete and 0 interrupted iterations
workload_01_atlassian   [  87% ] 20/20 VUs  3m54.0s/4m30.0s
workload_02_baidu       [  87% ] 20/20 VUs  3m54.0s/4m30.0s
workload_03_blackrock   [  87% ] 20/20 VUs  3m54.0s/4m30.0s

running (3m55.0s), 60/60 VUs, 33424 complete and 0 interrupted iterations
workload_01_atlassian   [  87% ] 20/20 VUs  3m55.0s/4m30.0s
workload_02_baidu       [  87% ] 20/20 VUs  3m55.0s/4m30.0s
workload_03_blackrock   [  87% ] 20/20 VUs  3m55.0s/4m30.0s

running (3m56.0s), 60/60 VUs, 33578 complete and 0 interrupted iterations
workload_01_atlassian   [  87% ] 20/20 VUs  3m56.0s/4m30.0s
workload_02_baidu       [  87% ] 20/20 VUs  3m56.0s/4m30.0s
workload_03_blackrock   [  87% ] 20/20 VUs  3m56.0s/4m30.0s

running (3m57.0s), 60/60 VUs, 33733 complete and 0 interrupted iterations
workload_01_atlassian   [  88% ] 20/20 VUs  3m57.0s/4m30.0s
workload_02_baidu       [  88% ] 20/20 VUs  3m57.0s/4m30.0s
workload_03_blackrock   [  88% ] 20/20 VUs  3m57.0s/4m30.0s

running (3m58.0s), 60/60 VUs, 33892 complete and 0 interrupted iterations
workload_01_atlassian   [  88% ] 20/20 VUs  3m58.0s/4m30.0s
workload_02_baidu       [  88% ] 20/20 VUs  3m58.0s/4m30.0s
workload_03_blackrock   [  88% ] 20/20 VUs  3m58.0s/4m30.0s

running (3m59.0s), 60/60 VUs, 34047 complete and 0 interrupted iterations
workload_01_atlassian   [  89% ] 20/20 VUs  3m59.0s/4m30.0s
workload_02_baidu       [  89% ] 20/20 VUs  3m59.0s/4m30.0s
workload_03_blackrock   [  89% ] 20/20 VUs  3m59.0s/4m30.0s

running (4m00.0s), 60/60 VUs, 34206 complete and 0 interrupted iterations
workload_01_atlassian   [  89% ] 20/20 VUs  4m00.0s/4m30.0s
workload_02_baidu       [  89% ] 20/20 VUs  4m00.0s/4m30.0s
workload_03_blackrock   [  89% ] 20/20 VUs  4m00.0s/4m30.0s

running (4m01.0s), 60/60 VUs, 34370 complete and 0 interrupted iterations
workload_01_atlassian   [  89% ] 20/20 VUs  4m01.0s/4m30.0s
workload_02_baidu       [  89% ] 20/20 VUs  4m01.0s/4m30.0s
workload_03_blackrock   [  89% ] 20/20 VUs  4m01.0s/4m30.0s

running (4m02.0s), 57/60 VUs, 34518 complete and 3 interrupted iterations
workload_01_atlassian   [  90% ] 19/20 VUs  4m02.0s/4m30.0s
workload_02_baidu       [  90% ] 19/20 VUs  4m02.0s/4m30.0s
workload_03_blackrock   [  90% ] 19/20 VUs  4m02.0s/4m30.0s

running (4m03.0s), 57/60 VUs, 34671 complete and 3 interrupted iterations
workload_01_atlassian   [  90% ] 19/20 VUs  4m03.0s/4m30.0s
workload_02_baidu       [  90% ] 19/20 VUs  4m03.0s/4m30.0s
workload_03_blackrock   [  90% ] 19/20 VUs  4m03.0s/4m30.0s

running (4m04.0s), 54/60 VUs, 34813 complete and 6 interrupted iterations
workload_01_atlassian   [  90% ] 18/20 VUs  4m04.0s/4m30.0s
workload_02_baidu       [  90% ] 18/20 VUs  4m04.0s/4m30.0s
workload_03_blackrock   [  90% ] 18/20 VUs  4m04.0s/4m30.0s

running (4m05.0s), 51/60 VUs, 34948 complete and 9 interrupted iterations
workload_01_atlassian   [  91% ] 17/20 VUs  4m05.0s/4m30.0s
workload_02_baidu       [  91% ] 17/20 VUs  4m05.0s/4m30.0s
workload_03_blackrock   [  91% ] 17/20 VUs  4m05.0s/4m30.0s

running (4m06.0s), 51/60 VUs, 35081 complete and 9 interrupted iterations
workload_01_atlassian   [  91% ] 17/20 VUs  4m06.0s/4m30.0s
workload_02_baidu       [  91% ] 17/20 VUs  4m06.0s/4m30.0s
workload_03_blackrock   [  91% ] 17/20 VUs  4m06.0s/4m30.0s

running (4m07.0s), 48/60 VUs, 35211 complete and 12 interrupted iterations
workload_01_atlassian   [  91% ] 16/20 VUs  4m07.0s/4m30.0s
workload_02_baidu       [  91% ] 16/20 VUs  4m07.0s/4m30.0s
workload_03_blackrock   [  91% ] 16/20 VUs  4m07.0s/4m30.0s

running (4m08.0s), 45/60 VUs, 35339 complete and 15 interrupted iterations
workload_01_atlassian   [  92% ] 15/20 VUs  4m08.0s/4m30.0s
workload_02_baidu       [  92% ] 15/20 VUs  4m08.0s/4m30.0s
workload_03_blackrock   [  92% ] 15/20 VUs  4m08.0s/4m30.0s

running (4m09.0s), 45/60 VUs, 35461 complete and 15 interrupted iterations
workload_01_atlassian   [  92% ] 15/20 VUs  4m09.0s/4m30.0s
workload_02_baidu       [  92% ] 15/20 VUs  4m09.0s/4m30.0s
workload_03_blackrock   [  92% ] 15/20 VUs  4m09.0s/4m30.0s

running (4m10.0s), 42/60 VUs, 35572 complete and 18 interrupted iterations
workload_01_atlassian   [  93% ] 14/20 VUs  4m10.0s/4m30.0s
workload_02_baidu       [  93% ] 14/20 VUs  4m10.0s/4m30.0s
workload_03_blackrock   [  93% ] 14/20 VUs  4m10.0s/4m30.0s

running (4m11.0s), 39/60 VUs, 35674 complete and 21 interrupted iterations
workload_01_atlassian   [  93% ] 13/20 VUs  4m11.0s/4m30.0s
workload_02_baidu       [  93% ] 13/20 VUs  4m11.0s/4m30.0s
workload_03_blackrock   [  93% ] 13/20 VUs  4m11.0s/4m30.0s

running (4m12.0s), 39/60 VUs, 35774 complete and 21 interrupted iterations
workload_01_atlassian   [  93% ] 13/20 VUs  4m12.0s/4m30.0s
workload_02_baidu       [  93% ] 13/20 VUs  4m12.0s/4m30.0s
workload_03_blackrock   [  93% ] 13/20 VUs  4m12.0s/4m30.0s

running (4m13.0s), 36/60 VUs, 35873 complete and 24 interrupted iterations
workload_01_atlassian   [  94% ] 12/20 VUs  4m13.0s/4m30.0s
workload_02_baidu       [  94% ] 12/20 VUs  4m13.0s/4m30.0s
workload_03_blackrock   [  94% ] 12/20 VUs  4m13.0s/4m30.0s

running (4m14.0s), 33/60 VUs, 35963 complete and 27 interrupted iterations
workload_01_atlassian   [  94% ] 11/20 VUs  4m14.0s/4m30.0s
workload_02_baidu       [  94% ] 11/20 VUs  4m14.0s/4m30.0s
workload_03_blackrock   [  94% ] 11/20 VUs  4m14.0s/4m30.0s

running (4m15.0s), 33/60 VUs, 36048 complete and 27 interrupted iterations
workload_01_atlassian   [  94% ] 11/20 VUs  4m15.0s/4m30.0s
workload_02_baidu       [  94% ] 11/20 VUs  4m15.0s/4m30.0s
workload_03_blackrock   [  94% ] 11/20 VUs  4m15.0s/4m30.0s

running (4m16.0s), 30/60 VUs, 36129 complete and 30 interrupted iterations
workload_01_atlassian   [  95% ] 10/20 VUs  4m16.0s/4m30.0s
workload_02_baidu       [  95% ] 10/20 VUs  4m16.0s/4m30.0s
workload_03_blackrock   [  95% ] 10/20 VUs  4m16.0s/4m30.0s

running (4m17.0s), 27/60 VUs, 36204 complete and 33 interrupted iterations
workload_01_atlassian   [  95% ] 09/20 VUs  4m17.0s/4m30.0s
workload_02_baidu       [  95% ] 09/20 VUs  4m17.0s/4m30.0s
workload_03_blackrock   [  95% ] 09/20 VUs  4m17.0s/4m30.0s

running (4m18.0s), 27/60 VUs, 36274 complete and 33 interrupted iterations
workload_01_atlassian   [  96% ] 09/20 VUs  4m18.0s/4m30.0s
workload_02_baidu       [  96% ] 09/20 VUs  4m18.0s/4m30.0s
workload_03_blackrock   [  96% ] 09/20 VUs  4m18.0s/4m30.0s

running (4m19.0s), 24/60 VUs, 36335 complete and 36 interrupted iterations
workload_01_atlassian   [  96% ] 08/20 VUs  4m19.0s/4m30.0s
workload_02_baidu       [  96% ] 08/20 VUs  4m19.0s/4m30.0s
workload_03_blackrock   [  96% ] 08/20 VUs  4m19.0s/4m30.0s

running (4m20.0s), 21/60 VUs, 36391 complete and 39 interrupted iterations
workload_01_atlassian   [  96% ] 07/20 VUs  4m20.0s/4m30.0s
workload_02_baidu       [  96% ] 07/20 VUs  4m20.0s/4m30.0s
workload_03_blackrock   [  96% ] 07/20 VUs  4m20.0s/4m30.0s

running (4m21.0s), 21/60 VUs, 36450 complete and 39 interrupted iterations
workload_01_atlassian   [  97% ] 07/20 VUs  4m21.0s/4m30.0s
workload_02_baidu       [  97% ] 07/20 VUs  4m21.0s/4m30.0s
workload_03_blackrock   [  97% ] 07/20 VUs  4m21.0s/4m30.0s

running (4m22.0s), 18/60 VUs, 36496 complete and 42 interrupted iterations
workload_01_atlassian   [  97% ] 06/20 VUs  4m22.0s/4m30.0s
workload_02_baidu       [  97% ] 06/20 VUs  4m22.0s/4m30.0s
workload_03_blackrock   [  97% ] 06/20 VUs  4m22.0s/4m30.0s

running (4m23.0s), 15/60 VUs, 36537 complete and 45 interrupted iterations
workload_01_atlassian   [  97% ] 05/20 VUs  4m23.0s/4m30.0s
workload_02_baidu       [  97% ] 05/20 VUs  4m23.0s/4m30.0s
workload_03_blackrock   [  97% ] 05/20 VUs  4m23.0s/4m30.0s

running (4m24.0s), 15/60 VUs, 36579 complete and 45 interrupted iterations
workload_01_atlassian   [  98% ] 05/20 VUs  4m24.0s/4m30.0s
workload_02_baidu       [  98% ] 05/20 VUs  4m24.0s/4m30.0s
workload_03_blackrock   [  98% ] 05/20 VUs  4m24.0s/4m30.0s

running (4m25.0s), 12/60 VUs, 36612 complete and 48 interrupted iterations
workload_01_atlassian   [  98% ] 04/20 VUs  4m25.0s/4m30.0s
workload_02_baidu       [  98% ] 04/20 VUs  4m25.0s/4m30.0s
workload_03_blackrock   [  98% ] 04/20 VUs  4m25.0s/4m30.0s

running (4m26.0s), 09/60 VUs, 36637 complete and 51 interrupted iterations
workload_01_atlassian   [  99% ] 03/20 VUs  4m26.0s/4m30.0s
workload_02_baidu       [  99% ] 03/20 VUs  4m26.0s/4m30.0s
workload_03_blackrock   [  99% ] 03/20 VUs  4m26.0s/4m30.0s

running (4m27.0s), 09/60 VUs, 36660 complete and 51 interrupted iterations
workload_01_atlassian   [  99% ] 03/20 VUs  4m27.0s/4m30.0s
workload_02_baidu       [  99% ] 03/20 VUs  4m27.0s/4m30.0s
workload_03_blackrock   [  99% ] 03/20 VUs  4m27.0s/4m30.0s

running (4m28.0s), 06/60 VUs, 36675 complete and 54 interrupted iterations
workload_01_atlassian   [  99% ] 02/20 VUs  4m28.0s/4m30.0s
workload_02_baidu       [  99% ] 02/20 VUs  4m28.0s/4m30.0s
workload_03_blackrock   [  99% ] 02/20 VUs  4m28.0s/4m30.0s

running (4m29.0s), 03/60 VUs, 36686 complete and 57 interrupted iterations
workload_01_atlassian   [ 100% ] 01/20 VUs  4m29.0s/4m30.0s
workload_02_baidu       [ 100% ] 01/20 VUs  4m29.0s/4m30.0s
workload_03_blackrock   [ 100% ] 01/20 VUs  4m29.0s/4m30.0s

running (4m30.0s), 03/60 VUs, 36694 complete and 57 interrupted iterations
workload_01_atlassian   [ 100% ] 01/20 VUs  4m30.0s/4m30.0s
workload_02_baidu       [ 100% ] 01/20 VUs  4m30.0s/4m30.0s
workload_03_blackrock   [ 100% ] 01/20 VUs  4m30.0s/4m30.0s

model=hybrid
tenants=3
VUs per tenant=20
think time=0.25-0.5 s
steady requests=57915
steady request rate=321.75
steady error rate=0
steady latency p50=3.003083 ms
steady latency p95=10.399233899999956 ms
steady latency p99=198.69057249999997 ms

running (4m30.0s), 00/60 VUs, 36694 complete and 60 interrupted iterations
workload_01_atlassian ✓ [ 100% ] 00/20 VUs  4m30s
workload_02_baidu     ✓ [ 100% ] 00/20 VUs  4m30s
workload_03_blackrock ✓ [ 100% ] 00/20 VUs  4m30s
