
         /\      Grafana   /‾‾/  
    /\  /  \     |\  __   /  /   
   /  \/    \    | |/ /  /   ‾‾\ 
  /          \   |   (  |  (‾)  |
 / __________ \  |_|\_\  \_____/ 


     execution: local
        script: /scripts/scenario.js
        output: -

     scenarios: (100.00%) 1 scenario, 20 max VUs, 4m30s max duration (incl. graceful stop):
              * workload_01_arm: Up to 20 looping VUs for 4m30s over 4 stages (gracefulRampDown: 0s, exec: tenantWorkload, gracefulStop: 5s)


running (0m00.9s), 00/20 VUs, 0 complete and 0 interrupted iterations
workload_01_arm   [   0% ] 00/20 VUs  0m00.9s/4m30.0s

running (0m01.9s), 01/20 VUs, 0 complete and 0 interrupted iterations
workload_01_arm   [   1% ] 01/20 VUs  0m01.9s/4m30.0s

running (0m02.9s), 01/20 VUs, 3 complete and 0 interrupted iterations
workload_01_arm   [   1% ] 01/20 VUs  0m02.9s/4m30.0s

running (0m03.9s), 02/20 VUs, 7 complete and 0 interrupted iterations
workload_01_arm   [   1% ] 02/20 VUs  0m03.9s/4m30.0s

running (0m04.9s), 03/20 VUs, 11 complete and 0 interrupted iterations
workload_01_arm   [   2% ] 03/20 VUs  0m04.9s/4m30.0s

running (0m05.9s), 03/20 VUs, 19 complete and 0 interrupted iterations
workload_01_arm   [   2% ] 03/20 VUs  0m05.9s/4m30.0s

running (0m06.9s), 04/20 VUs, 29 complete and 0 interrupted iterations
workload_01_arm   [   3% ] 04/20 VUs  0m06.9s/4m30.0s

running (0m07.9s), 05/20 VUs, 39 complete and 0 interrupted iterations
workload_01_arm   [   3% ] 05/20 VUs  0m07.9s/4m30.0s

running (0m08.9s), 05/20 VUs, 52 complete and 0 interrupted iterations
workload_01_arm   [   3% ] 05/20 VUs  0m08.9s/4m30.0s

running (0m09.9s), 06/20 VUs, 67 complete and 0 interrupted iterations
workload_01_arm   [   4% ] 06/20 VUs  0m09.9s/4m30.0s

running (0m10.9s), 07/20 VUs, 81 complete and 0 interrupted iterations
workload_01_arm   [   4% ] 07/20 VUs  0m10.9s/4m30.0s

running (0m11.9s), 07/20 VUs, 100 complete and 0 interrupted iterations
workload_01_arm   [   4% ] 07/20 VUs  0m11.9s/4m30.0s

running (0m12.9s), 08/20 VUs, 118 complete and 0 interrupted iterations
workload_01_arm   [   5% ] 08/20 VUs  0m12.9s/4m30.0s

running (0m13.9s), 09/20 VUs, 141 complete and 0 interrupted iterations
workload_01_arm   [   5% ] 09/20 VUs  0m13.9s/4m30.0s

running (0m14.9s), 09/20 VUs, 165 complete and 0 interrupted iterations
workload_01_arm   [   6% ] 09/20 VUs  0m14.9s/4m30.0s

running (0m15.9s), 10/20 VUs, 191 complete and 0 interrupted iterations
workload_01_arm   [   6% ] 10/20 VUs  0m15.9s/4m30.0s

running (0m16.9s), 11/20 VUs, 215 complete and 0 interrupted iterations
workload_01_arm   [   6% ] 11/20 VUs  0m16.9s/4m30.0s

running (0m17.9s), 11/20 VUs, 242 complete and 0 interrupted iterations
workload_01_arm   [   7% ] 11/20 VUs  0m17.9s/4m30.0s

running (0m18.9s), 12/20 VUs, 275 complete and 0 interrupted iterations
workload_01_arm   [   7% ] 12/20 VUs  0m18.9s/4m30.0s

running (0m19.9s), 13/20 VUs, 302 complete and 0 interrupted iterations
workload_01_arm   [   7% ] 13/20 VUs  0m19.9s/4m30.0s

running (0m20.9s), 13/20 VUs, 334 complete and 0 interrupted iterations
workload_01_arm   [   8% ] 13/20 VUs  0m20.9s/4m30.0s

running (0m21.9s), 14/20 VUs, 373 complete and 0 interrupted iterations
workload_01_arm   [   8% ] 14/20 VUs  0m21.9s/4m30.0s

running (0m22.9s), 15/20 VUs, 409 complete and 0 interrupted iterations
workload_01_arm   [   8% ] 15/20 VUs  0m22.9s/4m30.0s

running (0m23.9s), 15/20 VUs, 450 complete and 0 interrupted iterations
workload_01_arm   [   9% ] 15/20 VUs  0m23.9s/4m30.0s

running (0m24.9s), 16/20 VUs, 489 complete and 0 interrupted iterations
workload_01_arm   [   9% ] 16/20 VUs  0m24.9s/4m30.0s

running (0m25.9s), 17/20 VUs, 526 complete and 0 interrupted iterations
workload_01_arm   [  10% ] 17/20 VUs  0m25.9s/4m30.0s

running (0m26.9s), 17/20 VUs, 569 complete and 0 interrupted iterations
workload_01_arm   [  10% ] 17/20 VUs  0m26.9s/4m30.0s

running (0m27.9s), 18/20 VUs, 614 complete and 0 interrupted iterations
workload_01_arm   [  10% ] 18/20 VUs  0m27.9s/4m30.0s

running (0m28.9s), 19/20 VUs, 659 complete and 0 interrupted iterations
workload_01_arm   [  11% ] 19/20 VUs  0m28.9s/4m30.0s

running (0m29.9s), 19/20 VUs, 707 complete and 0 interrupted iterations
workload_01_arm   [  11% ] 19/20 VUs  0m29.9s/4m30.0s

running (0m30.9s), 20/20 VUs, 755 complete and 0 interrupted iterations
workload_01_arm   [  11% ] 20/20 VUs  0m30.9s/4m30.0s

running (0m31.9s), 20/20 VUs, 809 complete and 0 interrupted iterations
workload_01_arm   [  12% ] 20/20 VUs  0m31.9s/4m30.0s

running (0m32.9s), 20/20 VUs, 862 complete and 0 interrupted iterations
workload_01_arm   [  12% ] 20/20 VUs  0m32.9s/4m30.0s

running (0m33.9s), 20/20 VUs, 912 complete and 0 interrupted iterations
workload_01_arm   [  13% ] 20/20 VUs  0m33.9s/4m30.0s

running (0m34.9s), 20/20 VUs, 964 complete and 0 interrupted iterations
workload_01_arm   [  13% ] 20/20 VUs  0m34.9s/4m30.0s

running (0m35.9s), 20/20 VUs, 1018 complete and 0 interrupted iterations
workload_01_arm   [  13% ] 20/20 VUs  0m35.9s/4m30.0s

running (0m36.9s), 20/20 VUs, 1070 complete and 0 interrupted iterations
workload_01_arm   [  14% ] 20/20 VUs  0m36.9s/4m30.0s

running (0m37.9s), 20/20 VUs, 1122 complete and 0 interrupted iterations
workload_01_arm   [  14% ] 20/20 VUs  0m37.9s/4m30.0s

running (0m38.9s), 20/20 VUs, 1174 complete and 0 interrupted iterations
workload_01_arm   [  14% ] 20/20 VUs  0m38.9s/4m30.0s

running (0m39.9s), 20/20 VUs, 1227 complete and 0 interrupted iterations
workload_01_arm   [  15% ] 20/20 VUs  0m39.9s/4m30.0s

running (0m40.9s), 20/20 VUs, 1280 complete and 0 interrupted iterations
workload_01_arm   [  15% ] 20/20 VUs  0m40.9s/4m30.0s

running (0m41.9s), 20/20 VUs, 1327 complete and 0 interrupted iterations
workload_01_arm   [  16% ] 20/20 VUs  0m41.9s/4m30.0s

running (0m42.9s), 20/20 VUs, 1380 complete and 0 interrupted iterations
workload_01_arm   [  16% ] 20/20 VUs  0m42.9s/4m30.0s

running (0m43.9s), 20/20 VUs, 1434 complete and 0 interrupted iterations
workload_01_arm   [  16% ] 20/20 VUs  0m43.9s/4m30.0s

running (0m44.9s), 20/20 VUs, 1483 complete and 0 interrupted iterations
workload_01_arm   [  17% ] 20/20 VUs  0m44.9s/4m30.0s

running (0m45.9s), 20/20 VUs, 1532 complete and 0 interrupted iterations
workload_01_arm   [  17% ] 20/20 VUs  0m45.9s/4m30.0s

running (0m46.9s), 20/20 VUs, 1585 complete and 0 interrupted iterations
workload_01_arm   [  17% ] 20/20 VUs  0m46.9s/4m30.0s

running (0m47.9s), 20/20 VUs, 1637 complete and 0 interrupted iterations
workload_01_arm   [  18% ] 20/20 VUs  0m47.9s/4m30.0s

running (0m48.9s), 20/20 VUs, 1692 complete and 0 interrupted iterations
workload_01_arm   [  18% ] 20/20 VUs  0m48.9s/4m30.0s

running (0m49.9s), 20/20 VUs, 1745 complete and 0 interrupted iterations
workload_01_arm   [  18% ] 20/20 VUs  0m49.9s/4m30.0s

running (0m50.9s), 20/20 VUs, 1795 complete and 0 interrupted iterations
workload_01_arm   [  19% ] 20/20 VUs  0m50.9s/4m30.0s

running (0m51.9s), 20/20 VUs, 1850 complete and 0 interrupted iterations
workload_01_arm   [  19% ] 20/20 VUs  0m51.9s/4m30.0s

running (0m52.9s), 20/20 VUs, 1901 complete and 0 interrupted iterations
workload_01_arm   [  20% ] 20/20 VUs  0m52.9s/4m30.0s

running (0m53.9s), 20/20 VUs, 1951 complete and 0 interrupted iterations
workload_01_arm   [  20% ] 20/20 VUs  0m53.9s/4m30.0s

running (0m54.9s), 20/20 VUs, 2000 complete and 0 interrupted iterations
workload_01_arm   [  20% ] 20/20 VUs  0m54.9s/4m30.0s

running (0m55.9s), 20/20 VUs, 2055 complete and 0 interrupted iterations
workload_01_arm   [  21% ] 20/20 VUs  0m55.9s/4m30.0s

running (0m56.9s), 20/20 VUs, 2105 complete and 0 interrupted iterations
workload_01_arm   [  21% ] 20/20 VUs  0m56.9s/4m30.0s

running (0m57.9s), 20/20 VUs, 2152 complete and 0 interrupted iterations
workload_01_arm   [  21% ] 20/20 VUs  0m57.9s/4m30.0s

running (0m58.9s), 20/20 VUs, 2204 complete and 0 interrupted iterations
workload_01_arm   [  22% ] 20/20 VUs  0m58.9s/4m30.0s

running (0m59.9s), 20/20 VUs, 2260 complete and 0 interrupted iterations
workload_01_arm   [  22% ] 20/20 VUs  0m59.9s/4m30.0s

running (1m00.9s), 20/20 VUs, 2313 complete and 0 interrupted iterations
workload_01_arm   [  23% ] 20/20 VUs  1m00.9s/4m30.0s

running (1m01.9s), 20/20 VUs, 2367 complete and 0 interrupted iterations
workload_01_arm   [  23% ] 20/20 VUs  1m01.9s/4m30.0s

running (1m02.9s), 20/20 VUs, 2418 complete and 0 interrupted iterations
workload_01_arm   [  23% ] 20/20 VUs  1m02.9s/4m30.0s

running (1m03.9s), 20/20 VUs, 2471 complete and 0 interrupted iterations
workload_01_arm   [  24% ] 20/20 VUs  1m03.9s/4m30.0s

running (1m04.9s), 20/20 VUs, 2519 complete and 0 interrupted iterations
workload_01_arm   [  24% ] 20/20 VUs  1m04.9s/4m30.0s

running (1m05.9s), 20/20 VUs, 2569 complete and 0 interrupted iterations
workload_01_arm   [  24% ] 20/20 VUs  1m05.9s/4m30.0s

running (1m06.9s), 20/20 VUs, 2623 complete and 0 interrupted iterations
workload_01_arm   [  25% ] 20/20 VUs  1m06.9s/4m30.0s

running (1m07.9s), 20/20 VUs, 2678 complete and 0 interrupted iterations
workload_01_arm   [  25% ] 20/20 VUs  1m07.9s/4m30.0s

running (1m08.9s), 20/20 VUs, 2728 complete and 0 interrupted iterations
workload_01_arm   [  26% ] 20/20 VUs  1m08.9s/4m30.0s

running (1m09.9s), 20/20 VUs, 2783 complete and 0 interrupted iterations
workload_01_arm   [  26% ] 20/20 VUs  1m09.9s/4m30.0s

running (1m10.9s), 20/20 VUs, 2833 complete and 0 interrupted iterations
workload_01_arm   [  26% ] 20/20 VUs  1m10.9s/4m30.0s

running (1m11.9s), 20/20 VUs, 2889 complete and 0 interrupted iterations
workload_01_arm   [  27% ] 20/20 VUs  1m11.9s/4m30.0s

running (1m12.9s), 20/20 VUs, 2941 complete and 0 interrupted iterations
workload_01_arm   [  27% ] 20/20 VUs  1m12.9s/4m30.0s

running (1m13.9s), 20/20 VUs, 2994 complete and 0 interrupted iterations
workload_01_arm   [  27% ] 20/20 VUs  1m13.9s/4m30.0s

running (1m14.9s), 20/20 VUs, 3049 complete and 0 interrupted iterations
workload_01_arm   [  28% ] 20/20 VUs  1m14.9s/4m30.0s

running (1m15.9s), 20/20 VUs, 3097 complete and 0 interrupted iterations
workload_01_arm   [  28% ] 20/20 VUs  1m15.9s/4m30.0s

running (1m16.9s), 20/20 VUs, 3152 complete and 0 interrupted iterations
workload_01_arm   [  28% ] 20/20 VUs  1m16.9s/4m30.0s

running (1m17.9s), 20/20 VUs, 3202 complete and 0 interrupted iterations
workload_01_arm   [  29% ] 20/20 VUs  1m17.9s/4m30.0s

running (1m18.9s), 20/20 VUs, 3256 complete and 0 interrupted iterations
workload_01_arm   [  29% ] 20/20 VUs  1m18.9s/4m30.0s

running (1m19.9s), 20/20 VUs, 3306 complete and 0 interrupted iterations
workload_01_arm   [  30% ] 20/20 VUs  1m19.9s/4m30.0s

running (1m20.9s), 20/20 VUs, 3355 complete and 0 interrupted iterations
workload_01_arm   [  30% ] 20/20 VUs  1m20.9s/4m30.0s

running (1m21.9s), 20/20 VUs, 3403 complete and 0 interrupted iterations
workload_01_arm   [  30% ] 20/20 VUs  1m21.9s/4m30.0s

running (1m22.9s), 20/20 VUs, 3456 complete and 0 interrupted iterations
workload_01_arm   [  31% ] 20/20 VUs  1m22.9s/4m30.0s

running (1m23.9s), 20/20 VUs, 3508 complete and 0 interrupted iterations
workload_01_arm   [  31% ] 20/20 VUs  1m23.9s/4m30.0s

running (1m24.9s), 20/20 VUs, 3563 complete and 0 interrupted iterations
workload_01_arm   [  31% ] 20/20 VUs  1m24.9s/4m30.0s

running (1m25.9s), 20/20 VUs, 3614 complete and 0 interrupted iterations
workload_01_arm   [  32% ] 20/20 VUs  1m25.9s/4m30.0s

running (1m26.9s), 20/20 VUs, 3669 complete and 0 interrupted iterations
workload_01_arm   [  32% ] 20/20 VUs  1m26.9s/4m30.0s

running (1m27.9s), 20/20 VUs, 3719 complete and 0 interrupted iterations
workload_01_arm   [  33% ] 20/20 VUs  1m27.9s/4m30.0s

running (1m28.9s), 20/20 VUs, 3769 complete and 0 interrupted iterations
workload_01_arm   [  33% ] 20/20 VUs  1m28.9s/4m30.0s

running (1m29.9s), 20/20 VUs, 3825 complete and 0 interrupted iterations
workload_01_arm   [  33% ] 20/20 VUs  1m29.9s/4m30.0s

running (1m30.9s), 20/20 VUs, 3875 complete and 0 interrupted iterations
workload_01_arm   [  34% ] 20/20 VUs  1m30.9s/4m30.0s

running (1m31.9s), 20/20 VUs, 3928 complete and 0 interrupted iterations
workload_01_arm   [  34% ] 20/20 VUs  1m31.9s/4m30.0s

running (1m32.9s), 20/20 VUs, 3981 complete and 0 interrupted iterations
workload_01_arm   [  34% ] 20/20 VUs  1m32.9s/4m30.0s

running (1m33.9s), 20/20 VUs, 4036 complete and 0 interrupted iterations
workload_01_arm   [  35% ] 20/20 VUs  1m33.9s/4m30.0s

running (1m34.9s), 20/20 VUs, 4086 complete and 0 interrupted iterations
workload_01_arm   [  35% ] 20/20 VUs  1m34.9s/4m30.0s

running (1m35.9s), 20/20 VUs, 4137 complete and 0 interrupted iterations
workload_01_arm   [  36% ] 20/20 VUs  1m35.9s/4m30.0s

running (1m36.9s), 20/20 VUs, 4189 complete and 0 interrupted iterations
workload_01_arm   [  36% ] 20/20 VUs  1m36.9s/4m30.0s

running (1m37.9s), 20/20 VUs, 4239 complete and 0 interrupted iterations
workload_01_arm   [  36% ] 20/20 VUs  1m37.9s/4m30.0s

running (1m38.9s), 20/20 VUs, 4292 complete and 0 interrupted iterations
workload_01_arm   [  37% ] 20/20 VUs  1m38.9s/4m30.0s

running (1m39.9s), 20/20 VUs, 4345 complete and 0 interrupted iterations
workload_01_arm   [  37% ] 20/20 VUs  1m39.9s/4m30.0s

running (1m40.9s), 20/20 VUs, 4395 complete and 0 interrupted iterations
workload_01_arm   [  37% ] 20/20 VUs  1m40.9s/4m30.0s

running (1m41.9s), 20/20 VUs, 4447 complete and 0 interrupted iterations
workload_01_arm   [  38% ] 20/20 VUs  1m41.9s/4m30.0s

running (1m42.9s), 20/20 VUs, 4506 complete and 0 interrupted iterations
workload_01_arm   [  38% ] 20/20 VUs  1m42.9s/4m30.0s

running (1m43.9s), 20/20 VUs, 4557 complete and 0 interrupted iterations
workload_01_arm   [  38% ] 20/20 VUs  1m43.9s/4m30.0s

running (1m44.9s), 20/20 VUs, 4609 complete and 0 interrupted iterations
workload_01_arm   [  39% ] 20/20 VUs  1m44.9s/4m30.0s

running (1m45.9s), 20/20 VUs, 4665 complete and 0 interrupted iterations
workload_01_arm   [  39% ] 20/20 VUs  1m45.9s/4m30.0s

running (1m46.9s), 20/20 VUs, 4714 complete and 0 interrupted iterations
workload_01_arm   [  40% ] 20/20 VUs  1m46.9s/4m30.0s

running (1m47.9s), 20/20 VUs, 4770 complete and 0 interrupted iterations
workload_01_arm   [  40% ] 20/20 VUs  1m47.9s/4m30.0s

running (1m48.9s), 20/20 VUs, 4824 complete and 0 interrupted iterations
workload_01_arm   [  40% ] 20/20 VUs  1m48.9s/4m30.0s

running (1m49.9s), 20/20 VUs, 4873 complete and 0 interrupted iterations
workload_01_arm   [  41% ] 20/20 VUs  1m49.9s/4m30.0s

running (1m50.9s), 20/20 VUs, 4925 complete and 0 interrupted iterations
workload_01_arm   [  41% ] 20/20 VUs  1m50.9s/4m30.0s

running (1m51.9s), 20/20 VUs, 4977 complete and 0 interrupted iterations
workload_01_arm   [  41% ] 20/20 VUs  1m51.9s/4m30.0s

running (1m52.9s), 20/20 VUs, 5026 complete and 0 interrupted iterations
workload_01_arm   [  42% ] 20/20 VUs  1m52.9s/4m30.0s

running (1m53.9s), 20/20 VUs, 5081 complete and 0 interrupted iterations
workload_01_arm   [  42% ] 20/20 VUs  1m53.9s/4m30.0s

running (1m54.9s), 20/20 VUs, 5137 complete and 0 interrupted iterations
workload_01_arm   [  43% ] 20/20 VUs  1m54.9s/4m30.0s

running (1m55.9s), 20/20 VUs, 5187 complete and 0 interrupted iterations
workload_01_arm   [  43% ] 20/20 VUs  1m55.9s/4m30.0s

running (1m56.9s), 20/20 VUs, 5239 complete and 0 interrupted iterations
workload_01_arm   [  43% ] 20/20 VUs  1m56.9s/4m30.0s

running (1m58.0s), 20/20 VUs, 5290 complete and 0 interrupted iterations
workload_01_arm   [  44% ] 20/20 VUs  1m57.9s/4m30.0s

running (1m58.9s), 20/20 VUs, 5346 complete and 0 interrupted iterations
workload_01_arm   [  44% ] 20/20 VUs  1m58.9s/4m30.0s

running (1m59.9s), 20/20 VUs, 5400 complete and 0 interrupted iterations
workload_01_arm   [  44% ] 20/20 VUs  1m59.9s/4m30.0s

running (2m00.9s), 20/20 VUs, 5452 complete and 0 interrupted iterations
workload_01_arm   [  45% ] 20/20 VUs  2m00.9s/4m30.0s

running (2m01.9s), 20/20 VUs, 5504 complete and 0 interrupted iterations
workload_01_arm   [  45% ] 20/20 VUs  2m01.9s/4m30.0s

running (2m02.9s), 20/20 VUs, 5557 complete and 0 interrupted iterations
workload_01_arm   [  46% ] 20/20 VUs  2m02.9s/4m30.0s

running (2m03.9s), 20/20 VUs, 5611 complete and 0 interrupted iterations
workload_01_arm   [  46% ] 20/20 VUs  2m03.9s/4m30.0s

running (2m04.9s), 20/20 VUs, 5662 complete and 0 interrupted iterations
workload_01_arm   [  46% ] 20/20 VUs  2m04.9s/4m30.0s

running (2m05.9s), 20/20 VUs, 5715 complete and 0 interrupted iterations
workload_01_arm   [  47% ] 20/20 VUs  2m05.9s/4m30.0s

running (2m06.9s), 20/20 VUs, 5764 complete and 0 interrupted iterations
workload_01_arm   [  47% ] 20/20 VUs  2m06.9s/4m30.0s

running (2m07.9s), 20/20 VUs, 5814 complete and 0 interrupted iterations
workload_01_arm   [  47% ] 20/20 VUs  2m07.9s/4m30.0s

running (2m08.9s), 20/20 VUs, 5865 complete and 0 interrupted iterations
workload_01_arm   [  48% ] 20/20 VUs  2m08.9s/4m30.0s

running (2m09.9s), 20/20 VUs, 5918 complete and 0 interrupted iterations
workload_01_arm   [  48% ] 20/20 VUs  2m09.9s/4m30.0s

running (2m10.9s), 20/20 VUs, 5973 complete and 0 interrupted iterations
workload_01_arm   [  48% ] 20/20 VUs  2m10.9s/4m30.0s

running (2m11.9s), 20/20 VUs, 6024 complete and 0 interrupted iterations
workload_01_arm   [  49% ] 20/20 VUs  2m11.9s/4m30.0s

running (2m12.9s), 20/20 VUs, 6076 complete and 0 interrupted iterations
workload_01_arm   [  49% ] 20/20 VUs  2m12.9s/4m30.0s

running (2m13.9s), 20/20 VUs, 6128 complete and 0 interrupted iterations
workload_01_arm   [  50% ] 20/20 VUs  2m13.9s/4m30.0s

running (2m14.9s), 20/20 VUs, 6182 complete and 0 interrupted iterations
workload_01_arm   [  50% ] 20/20 VUs  2m14.9s/4m30.0s

running (2m15.9s), 20/20 VUs, 6234 complete and 0 interrupted iterations
workload_01_arm   [  50% ] 20/20 VUs  2m15.9s/4m30.0s

running (2m17.0s), 20/20 VUs, 6288 complete and 0 interrupted iterations
workload_01_arm   [  51% ] 20/20 VUs  2m16.9s/4m30.0s

running (2m18.0s), 20/20 VUs, 6341 complete and 0 interrupted iterations
workload_01_arm   [  51% ] 20/20 VUs  2m17.9s/4m30.0s

running (2m18.9s), 20/20 VUs, 6395 complete and 0 interrupted iterations
workload_01_arm   [  51% ] 20/20 VUs  2m18.9s/4m30.0s

running (2m20.0s), 20/20 VUs, 6448 complete and 0 interrupted iterations
workload_01_arm   [  52% ] 20/20 VUs  2m19.9s/4m30.0s

running (2m21.0s), 20/20 VUs, 6501 complete and 0 interrupted iterations
workload_01_arm   [  52% ] 20/20 VUs  2m20.9s/4m30.0s

running (2m21.9s), 20/20 VUs, 6554 complete and 0 interrupted iterations
workload_01_arm   [  53% ] 20/20 VUs  2m21.9s/4m30.0s

running (2m23.0s), 20/20 VUs, 6604 complete and 0 interrupted iterations
workload_01_arm   [  53% ] 20/20 VUs  2m22.9s/4m30.0s

running (2m24.0s), 20/20 VUs, 6659 complete and 0 interrupted iterations
workload_01_arm   [  53% ] 20/20 VUs  2m23.9s/4m30.0s

running (2m25.0s), 20/20 VUs, 6711 complete and 0 interrupted iterations
workload_01_arm   [  54% ] 20/20 VUs  2m24.9s/4m30.0s

running (2m25.9s), 20/20 VUs, 6760 complete and 0 interrupted iterations
workload_01_arm   [  54% ] 20/20 VUs  2m25.9s/4m30.0s

running (2m27.0s), 20/20 VUs, 6815 complete and 0 interrupted iterations
workload_01_arm   [  54% ] 20/20 VUs  2m26.9s/4m30.0s

running (2m27.9s), 20/20 VUs, 6863 complete and 0 interrupted iterations
workload_01_arm   [  55% ] 20/20 VUs  2m27.9s/4m30.0s

running (2m29.0s), 20/20 VUs, 6916 complete and 0 interrupted iterations
workload_01_arm   [  55% ] 20/20 VUs  2m28.9s/4m30.0s

running (2m29.9s), 20/20 VUs, 6968 complete and 0 interrupted iterations
workload_01_arm   [  56% ] 20/20 VUs  2m29.9s/4m30.0s

running (2m31.0s), 20/20 VUs, 7019 complete and 0 interrupted iterations
workload_01_arm   [  56% ] 20/20 VUs  2m30.9s/4m30.0s

running (2m31.9s), 20/20 VUs, 7076 complete and 0 interrupted iterations
workload_01_arm   [  56% ] 20/20 VUs  2m31.9s/4m30.0s

running (2m32.9s), 20/20 VUs, 7126 complete and 0 interrupted iterations
workload_01_arm   [  57% ] 20/20 VUs  2m32.9s/4m30.0s

running (2m33.9s), 20/20 VUs, 7174 complete and 0 interrupted iterations
workload_01_arm   [  57% ] 20/20 VUs  2m33.9s/4m30.0s

running (2m35.0s), 20/20 VUs, 7228 complete and 0 interrupted iterations
workload_01_arm   [  57% ] 20/20 VUs  2m34.9s/4m30.0s

running (2m36.0s), 20/20 VUs, 7265 complete and 0 interrupted iterations
workload_01_arm   [  58% ] 20/20 VUs  2m35.9s/4m30.0s

running (2m37.0s), 20/20 VUs, 7319 complete and 0 interrupted iterations
workload_01_arm   [  58% ] 20/20 VUs  2m36.9s/4m30.0s

running (2m38.0s), 20/20 VUs, 7362 complete and 0 interrupted iterations
workload_01_arm   [  58% ] 20/20 VUs  2m37.9s/4m30.0s

running (2m39.0s), 20/20 VUs, 7363 complete and 0 interrupted iterations
workload_01_arm   [  59% ] 20/20 VUs  2m38.9s/4m30.0s

running (2m39.9s), 20/20 VUs, 7366 complete and 0 interrupted iterations
workload_01_arm   [  59% ] 20/20 VUs  2m39.9s/4m30.0s

running (2m41.0s), 20/20 VUs, 7421 complete and 0 interrupted iterations
workload_01_arm   [  60% ] 20/20 VUs  2m40.9s/4m30.0s

running (2m42.0s), 20/20 VUs, 7470 complete and 0 interrupted iterations
workload_01_arm   [  60% ] 20/20 VUs  2m41.9s/4m30.0s

running (2m43.0s), 20/20 VUs, 7521 complete and 0 interrupted iterations
workload_01_arm   [  60% ] 20/20 VUs  2m42.9s/4m30.0s

running (2m44.0s), 20/20 VUs, 7572 complete and 0 interrupted iterations
workload_01_arm   [  61% ] 20/20 VUs  2m43.9s/4m30.0s

running (2m44.9s), 20/20 VUs, 7626 complete and 0 interrupted iterations
workload_01_arm   [  61% ] 20/20 VUs  2m44.9s/4m30.0s

running (2m45.9s), 20/20 VUs, 7675 complete and 0 interrupted iterations
workload_01_arm   [  61% ] 20/20 VUs  2m45.9s/4m30.0s

running (2m46.9s), 20/20 VUs, 7728 complete and 0 interrupted iterations
workload_01_arm   [  62% ] 20/20 VUs  2m46.9s/4m30.0s

running (2m47.9s), 20/20 VUs, 7780 complete and 0 interrupted iterations
workload_01_arm   [  62% ] 20/20 VUs  2m47.9s/4m30.0s

running (2m48.9s), 20/20 VUs, 7834 complete and 0 interrupted iterations
workload_01_arm   [  63% ] 20/20 VUs  2m48.9s/4m30.0s

running (2m49.9s), 20/20 VUs, 7880 complete and 0 interrupted iterations
workload_01_arm   [  63% ] 20/20 VUs  2m49.9s/4m30.0s

running (2m50.9s), 20/20 VUs, 7929 complete and 0 interrupted iterations
workload_01_arm   [  63% ] 20/20 VUs  2m50.9s/4m30.0s

running (2m51.9s), 20/20 VUs, 7985 complete and 0 interrupted iterations
workload_01_arm   [  64% ] 20/20 VUs  2m51.9s/4m30.0s

running (2m52.9s), 20/20 VUs, 8037 complete and 0 interrupted iterations
workload_01_arm   [  64% ] 20/20 VUs  2m52.9s/4m30.0s

running (2m53.9s), 20/20 VUs, 8087 complete and 0 interrupted iterations
workload_01_arm   [  64% ] 20/20 VUs  2m53.9s/4m30.0s

running (2m54.9s), 20/20 VUs, 8143 complete and 0 interrupted iterations
workload_01_arm   [  65% ] 20/20 VUs  2m54.9s/4m30.0s

running (2m55.9s), 20/20 VUs, 8195 complete and 0 interrupted iterations
workload_01_arm   [  65% ] 20/20 VUs  2m55.9s/4m30.0s

running (2m56.9s), 20/20 VUs, 8247 complete and 0 interrupted iterations
workload_01_arm   [  66% ] 20/20 VUs  2m56.9s/4m30.0s

running (2m57.9s), 20/20 VUs, 8305 complete and 0 interrupted iterations
workload_01_arm   [  66% ] 20/20 VUs  2m57.9s/4m30.0s

running (2m58.9s), 20/20 VUs, 8351 complete and 0 interrupted iterations
workload_01_arm   [  66% ] 20/20 VUs  2m58.9s/4m30.0s

running (2m59.9s), 20/20 VUs, 8407 complete and 0 interrupted iterations
workload_01_arm   [  67% ] 20/20 VUs  2m59.9s/4m30.0s

running (3m00.9s), 20/20 VUs, 8460 complete and 0 interrupted iterations
workload_01_arm   [  67% ] 20/20 VUs  3m00.9s/4m30.0s

running (3m01.9s), 20/20 VUs, 8512 complete and 0 interrupted iterations
workload_01_arm   [  67% ] 20/20 VUs  3m01.9s/4m30.0s

running (3m02.9s), 20/20 VUs, 8566 complete and 0 interrupted iterations
workload_01_arm   [  68% ] 20/20 VUs  3m02.9s/4m30.0s

running (3m03.9s), 20/20 VUs, 8620 complete and 0 interrupted iterations
workload_01_arm   [  68% ] 20/20 VUs  3m03.9s/4m30.0s

running (3m04.9s), 20/20 VUs, 8670 complete and 0 interrupted iterations
workload_01_arm   [  68% ] 20/20 VUs  3m04.9s/4m30.0s

running (3m05.9s), 20/20 VUs, 8726 complete and 0 interrupted iterations
workload_01_arm   [  69% ] 20/20 VUs  3m05.9s/4m30.0s

running (3m06.9s), 20/20 VUs, 8775 complete and 0 interrupted iterations
workload_01_arm   [  69% ] 20/20 VUs  3m06.9s/4m30.0s

running (3m07.9s), 20/20 VUs, 8828 complete and 0 interrupted iterations
workload_01_arm   [  70% ] 20/20 VUs  3m07.9s/4m30.0s

running (3m08.9s), 20/20 VUs, 8880 complete and 0 interrupted iterations
workload_01_arm   [  70% ] 20/20 VUs  3m08.9s/4m30.0s

running (3m09.9s), 20/20 VUs, 8928 complete and 0 interrupted iterations
workload_01_arm   [  70% ] 20/20 VUs  3m09.9s/4m30.0s

running (3m10.9s), 20/20 VUs, 8978 complete and 0 interrupted iterations
workload_01_arm   [  71% ] 20/20 VUs  3m10.9s/4m30.0s

running (3m11.9s), 20/20 VUs, 9029 complete and 0 interrupted iterations
workload_01_arm   [  71% ] 20/20 VUs  3m11.9s/4m30.0s

running (3m12.9s), 20/20 VUs, 9081 complete and 0 interrupted iterations
workload_01_arm   [  71% ] 20/20 VUs  3m12.9s/4m30.0s

running (3m13.9s), 20/20 VUs, 9133 complete and 0 interrupted iterations
workload_01_arm   [  72% ] 20/20 VUs  3m13.9s/4m30.0s

running (3m14.9s), 20/20 VUs, 9184 complete and 0 interrupted iterations
workload_01_arm   [  72% ] 20/20 VUs  3m14.9s/4m30.0s

running (3m15.9s), 20/20 VUs, 9237 complete and 0 interrupted iterations
workload_01_arm   [  73% ] 20/20 VUs  3m15.9s/4m30.0s

running (3m16.9s), 20/20 VUs, 9290 complete and 0 interrupted iterations
workload_01_arm   [  73% ] 20/20 VUs  3m16.9s/4m30.0s

running (3m17.9s), 20/20 VUs, 9340 complete and 0 interrupted iterations
workload_01_arm   [  73% ] 20/20 VUs  3m17.9s/4m30.0s

running (3m18.9s), 20/20 VUs, 9394 complete and 0 interrupted iterations
workload_01_arm   [  74% ] 20/20 VUs  3m18.9s/4m30.0s

running (3m19.9s), 20/20 VUs, 9442 complete and 0 interrupted iterations
workload_01_arm   [  74% ] 20/20 VUs  3m19.9s/4m30.0s

running (3m20.9s), 20/20 VUs, 9483 complete and 0 interrupted iterations
workload_01_arm   [  74% ] 20/20 VUs  3m20.9s/4m30.0s

running (3m21.9s), 20/20 VUs, 9537 complete and 0 interrupted iterations
workload_01_arm   [  75% ] 20/20 VUs  3m21.9s/4m30.0s

running (3m22.9s), 20/20 VUs, 9586 complete and 0 interrupted iterations
workload_01_arm   [  75% ] 20/20 VUs  3m22.9s/4m30.0s

running (3m23.9s), 20/20 VUs, 9640 complete and 0 interrupted iterations
workload_01_arm   [  76% ] 20/20 VUs  3m23.9s/4m30.0s

running (3m24.9s), 20/20 VUs, 9688 complete and 0 interrupted iterations
workload_01_arm   [  76% ] 20/20 VUs  3m24.9s/4m30.0s

running (3m25.9s), 20/20 VUs, 9743 complete and 0 interrupted iterations
workload_01_arm   [  76% ] 20/20 VUs  3m25.9s/4m30.0s

running (3m26.9s), 20/20 VUs, 9799 complete and 0 interrupted iterations
workload_01_arm   [  77% ] 20/20 VUs  3m26.9s/4m30.0s

running (3m27.9s), 20/20 VUs, 9851 complete and 0 interrupted iterations
workload_01_arm   [  77% ] 20/20 VUs  3m27.9s/4m30.0s

running (3m28.9s), 20/20 VUs, 9906 complete and 0 interrupted iterations
workload_01_arm   [  77% ] 20/20 VUs  3m28.9s/4m30.0s

running (3m29.9s), 20/20 VUs, 9955 complete and 0 interrupted iterations
workload_01_arm   [  78% ] 20/20 VUs  3m29.9s/4m30.0s

running (3m30.9s), 20/20 VUs, 10006 complete and 0 interrupted iterations
workload_01_arm   [  78% ] 20/20 VUs  3m30.9s/4m30.0s

running (3m31.9s), 20/20 VUs, 10059 complete and 0 interrupted iterations
workload_01_arm   [  78% ] 20/20 VUs  3m31.9s/4m30.0s

running (3m32.9s), 20/20 VUs, 10111 complete and 0 interrupted iterations
workload_01_arm   [  79% ] 20/20 VUs  3m32.9s/4m30.0s

running (3m33.9s), 20/20 VUs, 10162 complete and 0 interrupted iterations
workload_01_arm   [  79% ] 20/20 VUs  3m33.9s/4m30.0s

running (3m34.9s), 20/20 VUs, 10220 complete and 0 interrupted iterations
workload_01_arm   [  80% ] 20/20 VUs  3m34.9s/4m30.0s

running (3m35.9s), 20/20 VUs, 10273 complete and 0 interrupted iterations
workload_01_arm   [  80% ] 20/20 VUs  3m35.9s/4m30.0s

running (3m36.9s), 20/20 VUs, 10321 complete and 0 interrupted iterations
workload_01_arm   [  80% ] 20/20 VUs  3m36.9s/4m30.0s

running (3m37.9s), 20/20 VUs, 10365 complete and 0 interrupted iterations
workload_01_arm   [  81% ] 20/20 VUs  3m37.9s/4m30.0s

running (3m38.9s), 20/20 VUs, 10418 complete and 0 interrupted iterations
workload_01_arm   [  81% ] 20/20 VUs  3m38.9s/4m30.0s

running (3m39.9s), 20/20 VUs, 10471 complete and 0 interrupted iterations
workload_01_arm   [  81% ] 20/20 VUs  3m39.9s/4m30.0s

running (3m40.9s), 20/20 VUs, 10524 complete and 0 interrupted iterations
workload_01_arm   [  82% ] 20/20 VUs  3m40.9s/4m30.0s

running (3m41.9s), 20/20 VUs, 10576 complete and 0 interrupted iterations
workload_01_arm   [  82% ] 20/20 VUs  3m41.9s/4m30.0s

running (3m42.9s), 20/20 VUs, 10628 complete and 0 interrupted iterations
workload_01_arm   [  83% ] 20/20 VUs  3m42.9s/4m30.0s

running (3m43.9s), 20/20 VUs, 10678 complete and 0 interrupted iterations
workload_01_arm   [  83% ] 20/20 VUs  3m43.9s/4m30.0s

running (3m44.9s), 20/20 VUs, 10730 complete and 0 interrupted iterations
workload_01_arm   [  83% ] 20/20 VUs  3m44.9s/4m30.0s

running (3m45.9s), 20/20 VUs, 10781 complete and 0 interrupted iterations
workload_01_arm   [  84% ] 20/20 VUs  3m45.9s/4m30.0s

running (3m46.9s), 20/20 VUs, 10830 complete and 0 interrupted iterations
workload_01_arm   [  84% ] 20/20 VUs  3m46.9s/4m30.0s

running (3m47.9s), 20/20 VUs, 10877 complete and 0 interrupted iterations
workload_01_arm   [  84% ] 20/20 VUs  3m47.9s/4m30.0s

running (3m48.9s), 20/20 VUs, 10918 complete and 0 interrupted iterations
workload_01_arm   [  85% ] 20/20 VUs  3m48.9s/4m30.0s

running (3m49.9s), 20/20 VUs, 10973 complete and 0 interrupted iterations
workload_01_arm   [  85% ] 20/20 VUs  3m49.9s/4m30.0s

running (3m50.9s), 20/20 VUs, 11024 complete and 0 interrupted iterations
workload_01_arm   [  86% ] 20/20 VUs  3m50.9s/4m30.0s

running (3m51.9s), 20/20 VUs, 11080 complete and 0 interrupted iterations
workload_01_arm   [  86% ] 20/20 VUs  3m51.9s/4m30.0s

running (3m52.9s), 20/20 VUs, 11133 complete and 0 interrupted iterations
workload_01_arm   [  86% ] 20/20 VUs  3m52.9s/4m30.0s

running (3m53.9s), 20/20 VUs, 11185 complete and 0 interrupted iterations
workload_01_arm   [  87% ] 20/20 VUs  3m53.9s/4m30.0s

running (3m54.9s), 20/20 VUs, 11241 complete and 0 interrupted iterations
workload_01_arm   [  87% ] 20/20 VUs  3m54.9s/4m30.0s

running (3m55.9s), 20/20 VUs, 11289 complete and 0 interrupted iterations
workload_01_arm   [  87% ] 20/20 VUs  3m55.9s/4m30.0s

running (3m56.9s), 20/20 VUs, 11343 complete and 0 interrupted iterations
workload_01_arm   [  88% ] 20/20 VUs  3m56.9s/4m30.0s

running (3m57.9s), 20/20 VUs, 11395 complete and 0 interrupted iterations
workload_01_arm   [  88% ] 20/20 VUs  3m57.9s/4m30.0s

running (3m58.9s), 20/20 VUs, 11444 complete and 0 interrupted iterations
workload_01_arm   [  88% ] 20/20 VUs  3m58.9s/4m30.0s

running (3m59.9s), 20/20 VUs, 11497 complete and 0 interrupted iterations
workload_01_arm   [  89% ] 20/20 VUs  3m59.9s/4m30.0s

running (4m00.9s), 20/20 VUs, 11545 complete and 0 interrupted iterations
workload_01_arm   [  89% ] 20/20 VUs  4m00.9s/4m30.0s

running (4m01.9s), 19/20 VUs, 11593 complete and 1 interrupted iterations
workload_01_arm   [  90% ] 19/20 VUs  4m01.9s/4m30.0s

running (4m02.9s), 19/20 VUs, 11644 complete and 1 interrupted iterations
workload_01_arm   [  90% ] 19/20 VUs  4m02.9s/4m30.0s

running (4m03.9s), 18/20 VUs, 11691 complete and 2 interrupted iterations
workload_01_arm   [  90% ] 18/20 VUs  4m03.9s/4m30.0s

running (4m04.9s), 17/20 VUs, 11739 complete and 3 interrupted iterations
workload_01_arm   [  91% ] 17/20 VUs  4m04.9s/4m30.0s

running (4m05.9s), 17/20 VUs, 11785 complete and 3 interrupted iterations
workload_01_arm   [  91% ] 17/20 VUs  4m05.9s/4m30.0s

running (4m06.9s), 16/20 VUs, 11826 complete and 4 interrupted iterations
workload_01_arm   [  91% ] 16/20 VUs  4m06.9s/4m30.0s

running (4m07.9s), 15/20 VUs, 11864 complete and 5 interrupted iterations
workload_01_arm   [  92% ] 15/20 VUs  4m07.9s/4m30.0s

running (4m08.9s), 15/20 VUs, 11905 complete and 5 interrupted iterations
workload_01_arm   [  92% ] 15/20 VUs  4m08.9s/4m30.0s

running (4m09.9s), 14/20 VUs, 11945 complete and 6 interrupted iterations
workload_01_arm   [  93% ] 14/20 VUs  4m09.9s/4m30.0s

running (4m10.9s), 13/20 VUs, 11977 complete and 7 interrupted iterations
workload_01_arm   [  93% ] 13/20 VUs  4m10.9s/4m30.0s

running (4m11.9s), 13/20 VUs, 12011 complete and 7 interrupted iterations
workload_01_arm   [  93% ] 13/20 VUs  4m11.9s/4m30.0s

running (4m12.9s), 12/20 VUs, 12038 complete and 8 interrupted iterations
workload_01_arm   [  94% ] 12/20 VUs  4m12.9s/4m30.0s

running (4m13.9s), 11/20 VUs, 12068 complete and 9 interrupted iterations
workload_01_arm   [  94% ] 11/20 VUs  4m13.9s/4m30.0s

running (4m14.9s), 11/20 VUs, 12097 complete and 9 interrupted iterations
workload_01_arm   [  94% ] 11/20 VUs  4m14.9s/4m30.0s

running (4m15.9s), 10/20 VUs, 12121 complete and 10 interrupted iterations
workload_01_arm   [  95% ] 10/20 VUs  4m15.9s/4m30.0s

running (4m16.9s), 09/20 VUs, 12146 complete and 11 interrupted iterations
workload_01_arm   [  95% ] 09/20 VUs  4m16.9s/4m30.0s

running (4m17.9s), 09/20 VUs, 12169 complete and 11 interrupted iterations
workload_01_arm   [  96% ] 09/20 VUs  4m17.9s/4m30.0s

running (4m18.9s), 08/20 VUs, 12193 complete and 12 interrupted iterations
workload_01_arm   [  96% ] 08/20 VUs  4m18.9s/4m30.0s

running (4m19.9s), 07/20 VUs, 12213 complete and 13 interrupted iterations
workload_01_arm   [  96% ] 07/20 VUs  4m19.9s/4m30.0s

running (4m20.9s), 07/20 VUs, 12233 complete and 13 interrupted iterations
workload_01_arm   [  97% ] 07/20 VUs  4m20.9s/4m30.0s

running (4m21.9s), 06/20 VUs, 12246 complete and 14 interrupted iterations
workload_01_arm   [  97% ] 06/20 VUs  4m21.9s/4m30.0s

running (4m22.9s), 05/20 VUs, 12261 complete and 15 interrupted iterations
workload_01_arm   [  97% ] 05/20 VUs  4m22.9s/4m30.0s

running (4m23.9s), 05/20 VUs, 12275 complete and 15 interrupted iterations
workload_01_arm   [  98% ] 05/20 VUs  4m23.9s/4m30.0s

running (4m24.9s), 04/20 VUs, 12284 complete and 16 interrupted iterations
workload_01_arm   [  98% ] 04/20 VUs  4m24.9s/4m30.0s

running (4m25.9s), 03/20 VUs, 12293 complete and 17 interrupted iterations
workload_01_arm   [  98% ] 03/20 VUs  4m25.9s/4m30.0s

running (4m26.9s), 03/20 VUs, 12301 complete and 17 interrupted iterations
workload_01_arm   [  99% ] 03/20 VUs  4m26.9s/4m30.0s

running (4m27.9s), 02/20 VUs, 12307 complete and 18 interrupted iterations
workload_01_arm   [  99% ] 02/20 VUs  4m27.9s/4m30.0s

running (4m28.9s), 01/20 VUs, 12312 complete and 19 interrupted iterations
workload_01_arm   [ 100% ] 01/20 VUs  4m28.9s/4m30.0s

running (4m29.9s), 01/20 VUs, 12314 complete and 19 interrupted iterations
workload_01_arm   [ 100% ] 01/20 VUs  4m29.9s/4m30.0s

model=iso
tenants=1
VUs per tenant=20
think time=0.25-0.5 s
steady requests=19757
steady request rate=109.7611111111111
steady error rate=0
steady latency p50=3.151083 ms
steady latency p95=7.144466799999998 ms
steady latency p99=82.59050199999989 ms

running (4m30.0s), 00/20 VUs, 12314 complete and 20 interrupted iterations
workload_01_arm ✓ [ 100% ] 00/20 VUs  4m30s
