Profile: grouped
Chart:   kube-prometheus-stack 88.6.2
NAME                                                       READY   UP-TO-DATE   AVAILABLE   AGE
deployment.apps/kube-prometheus-stack-grafana              1/1     1            1           11m
deployment.apps/kube-prometheus-stack-kube-state-metrics   1/1     1            1           11m
deployment.apps/kube-prometheus-stack-operator             1/1     1            1           11m

NAME                                                           READY   AGE
statefulset.apps/prometheus-kube-prometheus-stack-prometheus   1/1     11m

NAME                                                            DESIRED   CURRENT   READY   UP-TO-DATE   AVAILABLE   NODE SELECTOR            AGE
daemonset.apps/kube-prometheus-stack-prometheus-node-exporter   1         1         1       1            1           kubernetes.io/os=linux   11m

NAME                                                           READY   STATUS    RESTARTS   AGE
pod/kube-prometheus-stack-grafana-6f676dd88f-85lm2             3/3     Running   0          11m
pod/kube-prometheus-stack-kube-state-metrics-8fc6b9b9f-v2s67   1/1     Running   0          11m
pod/kube-prometheus-stack-operator-589d8c9bc7-8srvr            1/1     Running   0          11m
pod/kube-prometheus-stack-prometheus-node-exporter-5zv5c       1/1     Running   0          11m
pod/prometheus-kube-prometheus-stack-prometheus-0              2/2     Running   0          11m

NAME                                                                                                                 STATUS   VOLUME                                     CAPACITY   ACCESS MODES   STORAGECLASS   VOLUMEATTRIBUTESCLASS   AGE
persistentvolumeclaim/prometheus-kube-prometheus-stack-prometheus-db-prometheus-kube-prometheus-stack-prometheus-0   Bound    pvc-86d4b436-a639-42a6-ad6e-7ba9227791eb   4Gi        RWO            standard       <unset>                 11m
[OK] Grafana Prometheus datasource is provisioned
[OK] Grafana dashboards are provisioned (3 ConfigMaps)
[OK] All monitoring workloads are Ready
backend: 5/5 UP (5 discovered)
postgres: 3/3 UP (3 discovered)
redis: 3/3 UP (3 discovered)
[OK] zilla_http_requests_total returns data for model grouped
[OK] pg_up returns data for model grouped
[OK] redis_up returns data for model grouped
[OK] All expected grouped targets and metric families are available
