
         /\      Grafana   /‾‾/  
    /\  /  \     |\  __   /  /   
   /  \/    \    | |/ /  /   ‾‾\ 
  /          \   |   (  |  (‾)  |
 / __________ \  |_|\_\  \_____/ 


     execution: local
        script: /scripts/scenario.js
        output: -

     scenarios: (100.00%) 1 scenario, 20 max VUs, 4m30s max duration (incl. graceful stop):
              * workload_01_arm: Up to 20 looping VUs for 4m30s over 4 stages (gracefulRampDown: 0s, exec: tenantWorkload, gracefulStop: 5s)


running (0m01.0s), 00/20 VUs, 0 complete and 0 interrupted iterations
workload_01_arm   [   0% ] 00/20 VUs  0m01.0s/4m30.0s

running (0m02.0s), 01/20 VUs, 1 complete and 0 interrupted iterations
workload_01_arm   [   1% ] 01/20 VUs  0m02.0s/4m30.0s

running (0m03.0s), 01/20 VUs, 4 complete and 0 interrupted iterations
workload_01_arm   [   1% ] 01/20 VUs  0m03.0s/4m30.0s

running (0m04.0s), 02/20 VUs, 8 complete and 0 interrupted iterations
workload_01_arm   [   1% ] 02/20 VUs  0m04.0s/4m30.0s

running (0m05.0s), 03/20 VUs, 13 complete and 0 interrupted iterations
workload_01_arm   [   2% ] 03/20 VUs  0m05.0s/4m30.0s

running (0m06.0s), 03/20 VUs, 21 complete and 0 interrupted iterations
workload_01_arm   [   2% ] 03/20 VUs  0m06.0s/4m30.0s

running (0m07.0s), 04/20 VUs, 31 complete and 0 interrupted iterations
workload_01_arm   [   3% ] 04/20 VUs  0m07.0s/4m30.0s

running (0m08.0s), 05/20 VUs, 40 complete and 0 interrupted iterations
workload_01_arm   [   3% ] 05/20 VUs  0m08.0s/4m30.0s

running (0m09.0s), 05/20 VUs, 54 complete and 0 interrupted iterations
workload_01_arm   [   3% ] 05/20 VUs  0m09.0s/4m30.0s

running (0m10.0s), 06/20 VUs, 67 complete and 0 interrupted iterations
workload_01_arm   [   4% ] 06/20 VUs  0m10.0s/4m30.0s

running (0m11.0s), 07/20 VUs, 83 complete and 0 interrupted iterations
workload_01_arm   [   4% ] 07/20 VUs  0m11.0s/4m30.0s

running (0m12.0s), 07/20 VUs, 102 complete and 0 interrupted iterations
workload_01_arm   [   4% ] 07/20 VUs  0m12.0s/4m30.0s

running (0m13.0s), 08/20 VUs, 119 complete and 0 interrupted iterations
workload_01_arm   [   5% ] 08/20 VUs  0m13.0s/4m30.0s

running (0m14.0s), 09/20 VUs, 141 complete and 0 interrupted iterations
workload_01_arm   [   5% ] 09/20 VUs  0m14.0s/4m30.0s

running (0m15.0s), 09/20 VUs, 163 complete and 0 interrupted iterations
workload_01_arm   [   6% ] 09/20 VUs  0m15.0s/4m30.0s

running (0m16.0s), 10/20 VUs, 188 complete and 0 interrupted iterations
workload_01_arm   [   6% ] 10/20 VUs  0m16.0s/4m30.0s

running (0m17.0s), 11/20 VUs, 214 complete and 0 interrupted iterations
workload_01_arm   [   6% ] 11/20 VUs  0m17.0s/4m30.0s

running (0m18.0s), 11/20 VUs, 241 complete and 0 interrupted iterations
workload_01_arm   [   7% ] 11/20 VUs  0m18.0s/4m30.0s

running (0m19.0s), 12/20 VUs, 273 complete and 0 interrupted iterations
workload_01_arm   [   7% ] 12/20 VUs  0m19.0s/4m30.0s

running (0m20.0s), 13/20 VUs, 304 complete and 0 interrupted iterations
workload_01_arm   [   7% ] 13/20 VUs  0m20.0s/4m30.0s

running (0m21.0s), 13/20 VUs, 337 complete and 0 interrupted iterations
workload_01_arm   [   8% ] 13/20 VUs  0m21.0s/4m30.0s

running (0m22.0s), 14/20 VUs, 373 complete and 0 interrupted iterations
workload_01_arm   [   8% ] 14/20 VUs  0m22.0s/4m30.0s

running (0m23.0s), 15/20 VUs, 410 complete and 0 interrupted iterations
workload_01_arm   [   9% ] 15/20 VUs  0m23.0s/4m30.0s

running (0m24.0s), 15/20 VUs, 450 complete and 0 interrupted iterations
workload_01_arm   [   9% ] 15/20 VUs  0m24.0s/4m30.0s

running (0m25.0s), 16/20 VUs, 491 complete and 0 interrupted iterations
workload_01_arm   [   9% ] 16/20 VUs  0m25.0s/4m30.0s

running (0m26.0s), 17/20 VUs, 535 complete and 0 interrupted iterations
workload_01_arm   [  10% ] 17/20 VUs  0m26.0s/4m30.0s

running (0m27.0s), 17/20 VUs, 577 complete and 0 interrupted iterations
workload_01_arm   [  10% ] 17/20 VUs  0m27.0s/4m30.0s

running (0m28.0s), 18/20 VUs, 619 complete and 0 interrupted iterations
workload_01_arm   [  10% ] 18/20 VUs  0m28.0s/4m30.0s

running (0m29.0s), 19/20 VUs, 668 complete and 0 interrupted iterations
workload_01_arm   [  11% ] 19/20 VUs  0m29.0s/4m30.0s

running (0m30.0s), 19/20 VUs, 716 complete and 0 interrupted iterations
workload_01_arm   [  11% ] 19/20 VUs  0m30.0s/4m30.0s

running (0m31.0s), 20/20 VUs, 767 complete and 0 interrupted iterations
workload_01_arm   [  11% ] 20/20 VUs  0m31.0s/4m30.0s

running (0m32.0s), 20/20 VUs, 815 complete and 0 interrupted iterations
workload_01_arm   [  12% ] 20/20 VUs  0m32.0s/4m30.0s

running (0m33.0s), 20/20 VUs, 868 complete and 0 interrupted iterations
workload_01_arm   [  12% ] 20/20 VUs  0m33.0s/4m30.0s

running (0m34.0s), 20/20 VUs, 920 complete and 0 interrupted iterations
workload_01_arm   [  13% ] 20/20 VUs  0m34.0s/4m30.0s

running (0m35.0s), 20/20 VUs, 973 complete and 0 interrupted iterations
workload_01_arm   [  13% ] 20/20 VUs  0m35.0s/4m30.0s

running (0m36.0s), 20/20 VUs, 1022 complete and 0 interrupted iterations
workload_01_arm   [  13% ] 20/20 VUs  0m36.0s/4m30.0s

running (0m37.0s), 20/20 VUs, 1071 complete and 0 interrupted iterations
workload_01_arm   [  14% ] 20/20 VUs  0m37.0s/4m30.0s

running (0m38.0s), 20/20 VUs, 1125 complete and 0 interrupted iterations
workload_01_arm   [  14% ] 20/20 VUs  0m38.0s/4m30.0s

running (0m39.0s), 20/20 VUs, 1179 complete and 0 interrupted iterations
workload_01_arm   [  14% ] 20/20 VUs  0m39.0s/4m30.0s

running (0m40.0s), 20/20 VUs, 1227 complete and 0 interrupted iterations
workload_01_arm   [  15% ] 20/20 VUs  0m40.0s/4m30.0s

running (0m41.0s), 20/20 VUs, 1280 complete and 0 interrupted iterations
workload_01_arm   [  15% ] 20/20 VUs  0m41.0s/4m30.0s

running (0m42.0s), 20/20 VUs, 1331 complete and 0 interrupted iterations
workload_01_arm   [  16% ] 20/20 VUs  0m42.0s/4m30.0s

running (0m43.0s), 20/20 VUs, 1384 complete and 0 interrupted iterations
workload_01_arm   [  16% ] 20/20 VUs  0m43.0s/4m30.0s

running (0m44.0s), 20/20 VUs, 1436 complete and 0 interrupted iterations
workload_01_arm   [  16% ] 20/20 VUs  0m44.0s/4m30.0s

running (0m45.0s), 20/20 VUs, 1494 complete and 0 interrupted iterations
workload_01_arm   [  17% ] 20/20 VUs  0m45.0s/4m30.0s

running (0m46.0s), 20/20 VUs, 1545 complete and 0 interrupted iterations
workload_01_arm   [  17% ] 20/20 VUs  0m46.0s/4m30.0s

running (0m47.0s), 20/20 VUs, 1596 complete and 0 interrupted iterations
workload_01_arm   [  17% ] 20/20 VUs  0m47.0s/4m30.0s

running (0m48.0s), 20/20 VUs, 1650 complete and 0 interrupted iterations
workload_01_arm   [  18% ] 20/20 VUs  0m48.0s/4m30.0s

running (0m49.0s), 20/20 VUs, 1702 complete and 0 interrupted iterations
workload_01_arm   [  18% ] 20/20 VUs  0m49.0s/4m30.0s

running (0m50.0s), 20/20 VUs, 1756 complete and 0 interrupted iterations
workload_01_arm   [  19% ] 20/20 VUs  0m50.0s/4m30.0s

running (0m51.0s), 20/20 VUs, 1809 complete and 0 interrupted iterations
workload_01_arm   [  19% ] 20/20 VUs  0m51.0s/4m30.0s

running (0m52.0s), 20/20 VUs, 1861 complete and 0 interrupted iterations
workload_01_arm   [  19% ] 20/20 VUs  0m52.0s/4m30.0s

running (0m53.0s), 20/20 VUs, 1915 complete and 0 interrupted iterations
workload_01_arm   [  20% ] 20/20 VUs  0m53.0s/4m30.0s

running (0m54.0s), 20/20 VUs, 1967 complete and 0 interrupted iterations
workload_01_arm   [  20% ] 20/20 VUs  0m54.0s/4m30.0s

running (0m55.0s), 20/20 VUs, 2014 complete and 0 interrupted iterations
workload_01_arm   [  20% ] 20/20 VUs  0m55.0s/4m30.0s

running (0m56.0s), 20/20 VUs, 2068 complete and 0 interrupted iterations
workload_01_arm   [  21% ] 20/20 VUs  0m56.0s/4m30.0s

running (0m57.0s), 20/20 VUs, 2119 complete and 0 interrupted iterations
workload_01_arm   [  21% ] 20/20 VUs  0m57.0s/4m30.0s

running (0m58.0s), 20/20 VUs, 2171 complete and 0 interrupted iterations
workload_01_arm   [  21% ] 20/20 VUs  0m58.0s/4m30.0s

running (0m59.0s), 20/20 VUs, 2224 complete and 0 interrupted iterations
workload_01_arm   [  22% ] 20/20 VUs  0m59.0s/4m30.0s

running (1m00.0s), 20/20 VUs, 2278 complete and 0 interrupted iterations
workload_01_arm   [  22% ] 20/20 VUs  1m00.0s/4m30.0s

running (1m01.0s), 20/20 VUs, 2327 complete and 0 interrupted iterations
workload_01_arm   [  23% ] 20/20 VUs  1m01.0s/4m30.0s

running (1m02.0s), 20/20 VUs, 2371 complete and 0 interrupted iterations
workload_01_arm   [  23% ] 20/20 VUs  1m02.0s/4m30.0s

running (1m03.0s), 20/20 VUs, 2422 complete and 0 interrupted iterations
workload_01_arm   [  23% ] 20/20 VUs  1m03.0s/4m30.0s

running (1m04.0s), 20/20 VUs, 2474 complete and 0 interrupted iterations
workload_01_arm   [  24% ] 20/20 VUs  1m04.0s/4m30.0s

running (1m05.0s), 20/20 VUs, 2525 complete and 0 interrupted iterations
workload_01_arm   [  24% ] 20/20 VUs  1m05.0s/4m30.0s

running (1m06.0s), 20/20 VUs, 2574 complete and 0 interrupted iterations
workload_01_arm   [  24% ] 20/20 VUs  1m06.0s/4m30.0s

running (1m07.0s), 20/20 VUs, 2628 complete and 0 interrupted iterations
workload_01_arm   [  25% ] 20/20 VUs  1m07.0s/4m30.0s

running (1m08.0s), 20/20 VUs, 2680 complete and 0 interrupted iterations
workload_01_arm   [  25% ] 20/20 VUs  1m08.0s/4m30.0s

running (1m09.0s), 20/20 VUs, 2736 complete and 0 interrupted iterations
workload_01_arm   [  26% ] 20/20 VUs  1m09.0s/4m30.0s

running (1m10.0s), 20/20 VUs, 2784 complete and 0 interrupted iterations
workload_01_arm   [  26% ] 20/20 VUs  1m10.0s/4m30.0s

running (1m11.0s), 20/20 VUs, 2835 complete and 0 interrupted iterations
workload_01_arm   [  26% ] 20/20 VUs  1m11.0s/4m30.0s

running (1m12.0s), 20/20 VUs, 2892 complete and 0 interrupted iterations
workload_01_arm   [  27% ] 20/20 VUs  1m12.0s/4m30.0s

running (1m13.0s), 20/20 VUs, 2941 complete and 0 interrupted iterations
workload_01_arm   [  27% ] 20/20 VUs  1m13.0s/4m30.0s

running (1m14.0s), 20/20 VUs, 2990 complete and 0 interrupted iterations
workload_01_arm   [  27% ] 20/20 VUs  1m14.0s/4m30.0s

running (1m15.0s), 20/20 VUs, 3041 complete and 0 interrupted iterations
workload_01_arm   [  28% ] 20/20 VUs  1m15.0s/4m30.0s

running (1m16.0s), 20/20 VUs, 3095 complete and 0 interrupted iterations
workload_01_arm   [  28% ] 20/20 VUs  1m16.0s/4m30.0s

running (1m17.0s), 20/20 VUs, 3143 complete and 0 interrupted iterations
workload_01_arm   [  29% ] 20/20 VUs  1m17.0s/4m30.0s

running (1m18.0s), 20/20 VUs, 3197 complete and 0 interrupted iterations
workload_01_arm   [  29% ] 20/20 VUs  1m18.0s/4m30.0s

running (1m19.0s), 20/20 VUs, 3250 complete and 0 interrupted iterations
workload_01_arm   [  29% ] 20/20 VUs  1m19.0s/4m30.0s

running (1m20.0s), 20/20 VUs, 3301 complete and 0 interrupted iterations
workload_01_arm   [  30% ] 20/20 VUs  1m20.0s/4m30.0s

running (1m21.0s), 20/20 VUs, 3356 complete and 0 interrupted iterations
workload_01_arm   [  30% ] 20/20 VUs  1m21.0s/4m30.0s

running (1m22.0s), 20/20 VUs, 3409 complete and 0 interrupted iterations
workload_01_arm   [  30% ] 20/20 VUs  1m22.0s/4m30.0s

running (1m23.0s), 20/20 VUs, 3459 complete and 0 interrupted iterations
workload_01_arm   [  31% ] 20/20 VUs  1m23.0s/4m30.0s

running (1m24.0s), 20/20 VUs, 3513 complete and 0 interrupted iterations
workload_01_arm   [  31% ] 20/20 VUs  1m24.0s/4m30.0s

running (1m25.0s), 20/20 VUs, 3563 complete and 0 interrupted iterations
workload_01_arm   [  31% ] 20/20 VUs  1m25.0s/4m30.0s

running (1m26.0s), 20/20 VUs, 3615 complete and 0 interrupted iterations
workload_01_arm   [  32% ] 20/20 VUs  1m26.0s/4m30.0s

running (1m27.0s), 20/20 VUs, 3663 complete and 0 interrupted iterations
workload_01_arm   [  32% ] 20/20 VUs  1m27.0s/4m30.0s

running (1m28.0s), 20/20 VUs, 3720 complete and 0 interrupted iterations
workload_01_arm   [  33% ] 20/20 VUs  1m28.0s/4m30.0s

running (1m29.0s), 20/20 VUs, 3769 complete and 0 interrupted iterations
workload_01_arm   [  33% ] 20/20 VUs  1m29.0s/4m30.0s

running (1m30.0s), 20/20 VUs, 3822 complete and 0 interrupted iterations
workload_01_arm   [  33% ] 20/20 VUs  1m30.0s/4m30.0s

running (1m31.0s), 20/20 VUs, 3873 complete and 0 interrupted iterations
workload_01_arm   [  34% ] 20/20 VUs  1m31.0s/4m30.0s

running (1m32.0s), 20/20 VUs, 3924 complete and 0 interrupted iterations
workload_01_arm   [  34% ] 20/20 VUs  1m32.0s/4m30.0s

running (1m33.0s), 20/20 VUs, 3981 complete and 0 interrupted iterations
workload_01_arm   [  34% ] 20/20 VUs  1m33.0s/4m30.0s

running (1m34.0s), 20/20 VUs, 4030 complete and 0 interrupted iterations
workload_01_arm   [  35% ] 20/20 VUs  1m34.0s/4m30.0s

running (1m35.0s), 20/20 VUs, 4084 complete and 0 interrupted iterations
workload_01_arm   [  35% ] 20/20 VUs  1m35.0s/4m30.0s

running (1m36.0s), 20/20 VUs, 4138 complete and 0 interrupted iterations
workload_01_arm   [  36% ] 20/20 VUs  1m36.0s/4m30.0s

running (1m37.0s), 20/20 VUs, 4187 complete and 0 interrupted iterations
workload_01_arm   [  36% ] 20/20 VUs  1m37.0s/4m30.0s

running (1m38.0s), 20/20 VUs, 4242 complete and 0 interrupted iterations
workload_01_arm   [  36% ] 20/20 VUs  1m38.0s/4m30.0s

running (1m39.0s), 20/20 VUs, 4296 complete and 0 interrupted iterations
workload_01_arm   [  37% ] 20/20 VUs  1m39.0s/4m30.0s

running (1m40.0s), 20/20 VUs, 4344 complete and 0 interrupted iterations
workload_01_arm   [  37% ] 20/20 VUs  1m40.0s/4m30.0s

running (1m41.0s), 20/20 VUs, 4399 complete and 0 interrupted iterations
workload_01_arm   [  37% ] 20/20 VUs  1m41.0s/4m30.0s

running (1m42.0s), 20/20 VUs, 4450 complete and 0 interrupted iterations
workload_01_arm   [  38% ] 20/20 VUs  1m42.0s/4m30.0s

running (1m43.0s), 20/20 VUs, 4503 complete and 0 interrupted iterations
workload_01_arm   [  38% ] 20/20 VUs  1m43.0s/4m30.0s

running (1m44.0s), 20/20 VUs, 4554 complete and 0 interrupted iterations
workload_01_arm   [  39% ] 20/20 VUs  1m44.0s/4m30.0s

running (1m45.0s), 20/20 VUs, 4604 complete and 0 interrupted iterations
workload_01_arm   [  39% ] 20/20 VUs  1m45.0s/4m30.0s

running (1m46.0s), 20/20 VUs, 4660 complete and 0 interrupted iterations
workload_01_arm   [  39% ] 20/20 VUs  1m46.0s/4m30.0s

running (1m47.0s), 20/20 VUs, 4711 complete and 0 interrupted iterations
workload_01_arm   [  40% ] 20/20 VUs  1m47.0s/4m30.0s

running (1m48.0s), 20/20 VUs, 4763 complete and 0 interrupted iterations
workload_01_arm   [  40% ] 20/20 VUs  1m48.0s/4m30.0s

running (1m49.0s), 20/20 VUs, 4814 complete and 0 interrupted iterations
workload_01_arm   [  40% ] 20/20 VUs  1m49.0s/4m30.0s

running (1m50.0s), 20/20 VUs, 4865 complete and 0 interrupted iterations
workload_01_arm   [  41% ] 20/20 VUs  1m50.0s/4m30.0s

running (1m51.0s), 20/20 VUs, 4921 complete and 0 interrupted iterations
workload_01_arm   [  41% ] 20/20 VUs  1m51.0s/4m30.0s

running (1m52.0s), 20/20 VUs, 4971 complete and 0 interrupted iterations
workload_01_arm   [  41% ] 20/20 VUs  1m52.0s/4m30.0s

running (1m53.0s), 20/20 VUs, 5022 complete and 0 interrupted iterations
workload_01_arm   [  42% ] 20/20 VUs  1m53.0s/4m30.0s

running (1m54.0s), 20/20 VUs, 5076 complete and 0 interrupted iterations
workload_01_arm   [  42% ] 20/20 VUs  1m54.0s/4m30.0s

running (1m55.0s), 20/20 VUs, 5126 complete and 0 interrupted iterations
workload_01_arm   [  43% ] 20/20 VUs  1m55.0s/4m30.0s

running (1m56.0s), 20/20 VUs, 5176 complete and 0 interrupted iterations
workload_01_arm   [  43% ] 20/20 VUs  1m56.0s/4m30.0s

running (1m57.0s), 20/20 VUs, 5228 complete and 0 interrupted iterations
workload_01_arm   [  43% ] 20/20 VUs  1m57.0s/4m30.0s

running (1m58.0s), 20/20 VUs, 5281 complete and 0 interrupted iterations
workload_01_arm   [  44% ] 20/20 VUs  1m58.0s/4m30.0s

running (1m59.0s), 20/20 VUs, 5332 complete and 0 interrupted iterations
workload_01_arm   [  44% ] 20/20 VUs  1m59.0s/4m30.0s

running (2m00.0s), 20/20 VUs, 5383 complete and 0 interrupted iterations
workload_01_arm   [  44% ] 20/20 VUs  2m00.0s/4m30.0s

running (2m01.0s), 20/20 VUs, 5435 complete and 0 interrupted iterations
workload_01_arm   [  45% ] 20/20 VUs  2m01.0s/4m30.0s

running (2m02.0s), 20/20 VUs, 5488 complete and 0 interrupted iterations
workload_01_arm   [  45% ] 20/20 VUs  2m02.0s/4m30.0s

running (2m03.0s), 20/20 VUs, 5535 complete and 0 interrupted iterations
workload_01_arm   [  46% ] 20/20 VUs  2m03.0s/4m30.0s

running (2m04.0s), 20/20 VUs, 5588 complete and 0 interrupted iterations
workload_01_arm   [  46% ] 20/20 VUs  2m04.0s/4m30.0s

running (2m05.0s), 20/20 VUs, 5642 complete and 0 interrupted iterations
workload_01_arm   [  46% ] 20/20 VUs  2m05.0s/4m30.0s

running (2m06.0s), 20/20 VUs, 5694 complete and 0 interrupted iterations
workload_01_arm   [  47% ] 20/20 VUs  2m06.0s/4m30.0s

running (2m07.0s), 20/20 VUs, 5748 complete and 0 interrupted iterations
workload_01_arm   [  47% ] 20/20 VUs  2m07.0s/4m30.0s

running (2m08.0s), 20/20 VUs, 5796 complete and 0 interrupted iterations
workload_01_arm   [  47% ] 20/20 VUs  2m08.0s/4m30.0s

running (2m09.0s), 20/20 VUs, 5852 complete and 0 interrupted iterations
workload_01_arm   [  48% ] 20/20 VUs  2m09.0s/4m30.0s

running (2m10.0s), 20/20 VUs, 5903 complete and 0 interrupted iterations
workload_01_arm   [  48% ] 20/20 VUs  2m10.0s/4m30.0s

running (2m11.0s), 20/20 VUs, 5953 complete and 0 interrupted iterations
workload_01_arm   [  49% ] 20/20 VUs  2m11.0s/4m30.0s

running (2m12.0s), 20/20 VUs, 6007 complete and 0 interrupted iterations
workload_01_arm   [  49% ] 20/20 VUs  2m12.0s/4m30.0s

running (2m13.0s), 20/20 VUs, 6058 complete and 0 interrupted iterations
workload_01_arm   [  49% ] 20/20 VUs  2m13.0s/4m30.0s

running (2m14.0s), 20/20 VUs, 6112 complete and 0 interrupted iterations
workload_01_arm   [  50% ] 20/20 VUs  2m14.0s/4m30.0s

running (2m15.0s), 20/20 VUs, 6171 complete and 0 interrupted iterations
workload_01_arm   [  50% ] 20/20 VUs  2m15.0s/4m30.0s

running (2m16.0s), 20/20 VUs, 6217 complete and 0 interrupted iterations
workload_01_arm   [  50% ] 20/20 VUs  2m16.0s/4m30.0s

running (2m17.0s), 20/20 VUs, 6269 complete and 0 interrupted iterations
workload_01_arm   [  51% ] 20/20 VUs  2m17.0s/4m30.0s

running (2m18.0s), 20/20 VUs, 6322 complete and 0 interrupted iterations
workload_01_arm   [  51% ] 20/20 VUs  2m18.0s/4m30.0s

running (2m19.0s), 20/20 VUs, 6376 complete and 0 interrupted iterations
workload_01_arm   [  51% ] 20/20 VUs  2m19.0s/4m30.0s

running (2m20.0s), 20/20 VUs, 6432 complete and 0 interrupted iterations
workload_01_arm   [  52% ] 20/20 VUs  2m20.0s/4m30.0s

running (2m21.0s), 20/20 VUs, 6481 complete and 0 interrupted iterations
workload_01_arm   [  52% ] 20/20 VUs  2m21.0s/4m30.0s

running (2m22.0s), 20/20 VUs, 6535 complete and 0 interrupted iterations
workload_01_arm   [  53% ] 20/20 VUs  2m22.0s/4m30.0s

running (2m23.0s), 20/20 VUs, 6585 complete and 0 interrupted iterations
workload_01_arm   [  53% ] 20/20 VUs  2m23.0s/4m30.0s

running (2m24.0s), 20/20 VUs, 6641 complete and 0 interrupted iterations
workload_01_arm   [  53% ] 20/20 VUs  2m24.0s/4m30.0s

running (2m25.0s), 20/20 VUs, 6695 complete and 0 interrupted iterations
workload_01_arm   [  54% ] 20/20 VUs  2m25.0s/4m30.0s

running (2m26.0s), 20/20 VUs, 6748 complete and 0 interrupted iterations
workload_01_arm   [  54% ] 20/20 VUs  2m26.0s/4m30.0s

running (2m27.0s), 20/20 VUs, 6800 complete and 0 interrupted iterations
workload_01_arm   [  54% ] 20/20 VUs  2m27.0s/4m30.0s

running (2m28.0s), 20/20 VUs, 6855 complete and 0 interrupted iterations
workload_01_arm   [  55% ] 20/20 VUs  2m28.0s/4m30.0s

running (2m29.0s), 20/20 VUs, 6909 complete and 0 interrupted iterations
workload_01_arm   [  55% ] 20/20 VUs  2m29.0s/4m30.0s

running (2m30.0s), 20/20 VUs, 6959 complete and 0 interrupted iterations
workload_01_arm   [  56% ] 20/20 VUs  2m30.0s/4m30.0s

running (2m31.0s), 20/20 VUs, 7013 complete and 0 interrupted iterations
workload_01_arm   [  56% ] 20/20 VUs  2m31.0s/4m30.0s

running (2m32.0s), 20/20 VUs, 7062 complete and 0 interrupted iterations
workload_01_arm   [  56% ] 20/20 VUs  2m32.0s/4m30.0s

running (2m33.0s), 20/20 VUs, 7116 complete and 0 interrupted iterations
workload_01_arm   [  57% ] 20/20 VUs  2m33.0s/4m30.0s

running (2m34.0s), 20/20 VUs, 7167 complete and 0 interrupted iterations
workload_01_arm   [  57% ] 20/20 VUs  2m34.0s/4m30.0s

running (2m35.0s), 20/20 VUs, 7217 complete and 0 interrupted iterations
workload_01_arm   [  57% ] 20/20 VUs  2m35.0s/4m30.0s

running (2m36.0s), 20/20 VUs, 7270 complete and 0 interrupted iterations
workload_01_arm   [  58% ] 20/20 VUs  2m36.0s/4m30.0s

running (2m37.0s), 20/20 VUs, 7322 complete and 0 interrupted iterations
workload_01_arm   [  58% ] 20/20 VUs  2m37.0s/4m30.0s

running (2m38.0s), 20/20 VUs, 7376 complete and 0 interrupted iterations
workload_01_arm   [  59% ] 20/20 VUs  2m38.0s/4m30.0s

running (2m39.0s), 20/20 VUs, 7427 complete and 0 interrupted iterations
workload_01_arm   [  59% ] 20/20 VUs  2m39.0s/4m30.0s

running (2m40.0s), 20/20 VUs, 7481 complete and 0 interrupted iterations
workload_01_arm   [  59% ] 20/20 VUs  2m40.0s/4m30.0s

running (2m41.0s), 20/20 VUs, 7531 complete and 0 interrupted iterations
workload_01_arm   [  60% ] 20/20 VUs  2m41.0s/4m30.0s

running (2m42.0s), 20/20 VUs, 7585 complete and 0 interrupted iterations
workload_01_arm   [  60% ] 20/20 VUs  2m42.0s/4m30.0s

running (2m43.0s), 20/20 VUs, 7633 complete and 0 interrupted iterations
workload_01_arm   [  60% ] 20/20 VUs  2m43.0s/4m30.0s

running (2m44.0s), 20/20 VUs, 7692 complete and 0 interrupted iterations
workload_01_arm   [  61% ] 20/20 VUs  2m44.0s/4m30.0s

running (2m45.0s), 20/20 VUs, 7741 complete and 0 interrupted iterations
workload_01_arm   [  61% ] 20/20 VUs  2m45.0s/4m30.0s

running (2m46.0s), 20/20 VUs, 7792 complete and 0 interrupted iterations
workload_01_arm   [  61% ] 20/20 VUs  2m46.0s/4m30.0s

running (2m47.0s), 20/20 VUs, 7845 complete and 0 interrupted iterations
workload_01_arm   [  62% ] 20/20 VUs  2m47.0s/4m30.0s

running (2m48.0s), 20/20 VUs, 7901 complete and 0 interrupted iterations
workload_01_arm   [  62% ] 20/20 VUs  2m48.0s/4m30.0s

running (2m49.0s), 20/20 VUs, 7952 complete and 0 interrupted iterations
workload_01_arm   [  63% ] 20/20 VUs  2m49.0s/4m30.0s

running (2m50.0s), 20/20 VUs, 8000 complete and 0 interrupted iterations
workload_01_arm   [  63% ] 20/20 VUs  2m50.0s/4m30.0s

running (2m51.0s), 20/20 VUs, 8054 complete and 0 interrupted iterations
workload_01_arm   [  63% ] 20/20 VUs  2m51.0s/4m30.0s

running (2m52.0s), 20/20 VUs, 8105 complete and 0 interrupted iterations
workload_01_arm   [  64% ] 20/20 VUs  2m52.0s/4m30.0s

running (2m53.0s), 20/20 VUs, 8159 complete and 0 interrupted iterations
workload_01_arm   [  64% ] 20/20 VUs  2m53.0s/4m30.0s

running (2m54.0s), 20/20 VUs, 8213 complete and 0 interrupted iterations
workload_01_arm   [  64% ] 20/20 VUs  2m54.0s/4m30.0s

running (2m55.0s), 20/20 VUs, 8263 complete and 0 interrupted iterations
workload_01_arm   [  65% ] 20/20 VUs  2m55.0s/4m30.0s

running (2m56.0s), 20/20 VUs, 8318 complete and 0 interrupted iterations
workload_01_arm   [  65% ] 20/20 VUs  2m56.0s/4m30.0s

running (2m57.0s), 20/20 VUs, 8372 complete and 0 interrupted iterations
workload_01_arm   [  66% ] 20/20 VUs  2m57.0s/4m30.0s

running (2m58.0s), 20/20 VUs, 8426 complete and 0 interrupted iterations
workload_01_arm   [  66% ] 20/20 VUs  2m58.0s/4m30.0s

running (2m59.0s), 20/20 VUs, 8473 complete and 0 interrupted iterations
workload_01_arm   [  66% ] 20/20 VUs  2m59.0s/4m30.0s

running (3m00.0s), 20/20 VUs, 8527 complete and 0 interrupted iterations
workload_01_arm   [  67% ] 20/20 VUs  3m00.0s/4m30.0s

running (3m01.0s), 20/20 VUs, 8582 complete and 0 interrupted iterations
workload_01_arm   [  67% ] 20/20 VUs  3m01.0s/4m30.0s

running (3m02.0s), 20/20 VUs, 8633 complete and 0 interrupted iterations
workload_01_arm   [  67% ] 20/20 VUs  3m02.0s/4m30.0s

running (3m03.0s), 20/20 VUs, 8682 complete and 0 interrupted iterations
workload_01_arm   [  68% ] 20/20 VUs  3m03.0s/4m30.0s

running (3m04.0s), 20/20 VUs, 8732 complete and 0 interrupted iterations
workload_01_arm   [  68% ] 20/20 VUs  3m04.0s/4m30.0s

running (3m05.0s), 20/20 VUs, 8783 complete and 0 interrupted iterations
workload_01_arm   [  69% ] 20/20 VUs  3m05.0s/4m30.0s

running (3m06.0s), 20/20 VUs, 8838 complete and 0 interrupted iterations
workload_01_arm   [  69% ] 20/20 VUs  3m06.0s/4m30.0s

running (3m07.0s), 20/20 VUs, 8889 complete and 0 interrupted iterations
workload_01_arm   [  69% ] 20/20 VUs  3m07.0s/4m30.0s

running (3m08.0s), 20/20 VUs, 8943 complete and 0 interrupted iterations
workload_01_arm   [  70% ] 20/20 VUs  3m08.0s/4m30.0s

running (3m09.0s), 20/20 VUs, 8996 complete and 0 interrupted iterations
workload_01_arm   [  70% ] 20/20 VUs  3m09.0s/4m30.0s

running (3m10.0s), 20/20 VUs, 9053 complete and 0 interrupted iterations
workload_01_arm   [  70% ] 20/20 VUs  3m10.0s/4m30.0s

running (3m11.0s), 20/20 VUs, 9102 complete and 0 interrupted iterations
workload_01_arm   [  71% ] 20/20 VUs  3m11.0s/4m30.0s

running (3m12.0s), 20/20 VUs, 9154 complete and 0 interrupted iterations
workload_01_arm   [  71% ] 20/20 VUs  3m12.0s/4m30.0s

running (3m13.0s), 20/20 VUs, 9204 complete and 0 interrupted iterations
workload_01_arm   [  71% ] 20/20 VUs  3m13.0s/4m30.0s

running (3m14.0s), 20/20 VUs, 9256 complete and 0 interrupted iterations
workload_01_arm   [  72% ] 20/20 VUs  3m14.0s/4m30.0s

running (3m15.0s), 20/20 VUs, 9310 complete and 0 interrupted iterations
workload_01_arm   [  72% ] 20/20 VUs  3m15.0s/4m30.0s

running (3m16.0s), 20/20 VUs, 9368 complete and 0 interrupted iterations
workload_01_arm   [  73% ] 20/20 VUs  3m16.0s/4m30.0s

running (3m17.0s), 20/20 VUs, 9415 complete and 0 interrupted iterations
workload_01_arm   [  73% ] 20/20 VUs  3m17.0s/4m30.0s

running (3m18.0s), 20/20 VUs, 9469 complete and 0 interrupted iterations
workload_01_arm   [  73% ] 20/20 VUs  3m18.0s/4m30.0s

running (3m19.0s), 20/20 VUs, 9522 complete and 0 interrupted iterations
workload_01_arm   [  74% ] 20/20 VUs  3m19.0s/4m30.0s

running (3m20.0s), 20/20 VUs, 9577 complete and 0 interrupted iterations
workload_01_arm   [  74% ] 20/20 VUs  3m20.0s/4m30.0s

running (3m21.0s), 20/20 VUs, 9631 complete and 0 interrupted iterations
workload_01_arm   [  74% ] 20/20 VUs  3m21.0s/4m30.0s

running (3m22.0s), 20/20 VUs, 9683 complete and 0 interrupted iterations
workload_01_arm   [  75% ] 20/20 VUs  3m22.0s/4m30.0s

running (3m23.0s), 20/20 VUs, 9736 complete and 0 interrupted iterations
workload_01_arm   [  75% ] 20/20 VUs  3m23.0s/4m30.0s

running (3m24.0s), 20/20 VUs, 9788 complete and 0 interrupted iterations
workload_01_arm   [  76% ] 20/20 VUs  3m24.0s/4m30.0s

running (3m25.0s), 20/20 VUs, 9840 complete and 0 interrupted iterations
workload_01_arm   [  76% ] 20/20 VUs  3m25.0s/4m30.0s

running (3m26.0s), 20/20 VUs, 9894 complete and 0 interrupted iterations
workload_01_arm   [  76% ] 20/20 VUs  3m26.0s/4m30.0s

running (3m27.0s), 20/20 VUs, 9948 complete and 0 interrupted iterations
workload_01_arm   [  77% ] 20/20 VUs  3m27.0s/4m30.0s

running (3m28.0s), 20/20 VUs, 10002 complete and 0 interrupted iterations
workload_01_arm   [  77% ] 20/20 VUs  3m28.0s/4m30.0s

running (3m29.0s), 20/20 VUs, 10054 complete and 0 interrupted iterations
workload_01_arm   [  77% ] 20/20 VUs  3m29.0s/4m30.0s

running (3m30.0s), 20/20 VUs, 10104 complete and 0 interrupted iterations
workload_01_arm   [  78% ] 20/20 VUs  3m30.0s/4m30.0s

running (3m31.0s), 20/20 VUs, 10161 complete and 0 interrupted iterations
workload_01_arm   [  78% ] 20/20 VUs  3m31.0s/4m30.0s

running (3m32.0s), 20/20 VUs, 10204 complete and 0 interrupted iterations
workload_01_arm   [  79% ] 20/20 VUs  3m32.0s/4m30.0s

running (3m33.0s), 20/20 VUs, 10255 complete and 0 interrupted iterations
workload_01_arm   [  79% ] 20/20 VUs  3m33.0s/4m30.0s

running (3m34.0s), 20/20 VUs, 10309 complete and 0 interrupted iterations
workload_01_arm   [  79% ] 20/20 VUs  3m34.0s/4m30.0s

running (3m35.0s), 20/20 VUs, 10359 complete and 0 interrupted iterations
workload_01_arm   [  80% ] 20/20 VUs  3m35.0s/4m30.0s

running (3m36.0s), 20/20 VUs, 10410 complete and 0 interrupted iterations
workload_01_arm   [  80% ] 20/20 VUs  3m36.0s/4m30.0s

running (3m37.0s), 20/20 VUs, 10460 complete and 0 interrupted iterations
workload_01_arm   [  80% ] 20/20 VUs  3m37.0s/4m30.0s

running (3m38.0s), 20/20 VUs, 10507 complete and 0 interrupted iterations
workload_01_arm   [  81% ] 20/20 VUs  3m38.0s/4m30.0s

running (3m39.0s), 20/20 VUs, 10563 complete and 0 interrupted iterations
workload_01_arm   [  81% ] 20/20 VUs  3m39.0s/4m30.0s

running (3m40.0s), 20/20 VUs, 10611 complete and 0 interrupted iterations
workload_01_arm   [  81% ] 20/20 VUs  3m40.0s/4m30.0s

running (3m41.0s), 20/20 VUs, 10663 complete and 0 interrupted iterations
workload_01_arm   [  82% ] 20/20 VUs  3m41.0s/4m30.0s

running (3m42.0s), 20/20 VUs, 10716 complete and 0 interrupted iterations
workload_01_arm   [  82% ] 20/20 VUs  3m42.0s/4m30.0s

running (3m43.0s), 20/20 VUs, 10768 complete and 0 interrupted iterations
workload_01_arm   [  83% ] 20/20 VUs  3m43.0s/4m30.0s

running (3m44.0s), 20/20 VUs, 10819 complete and 0 interrupted iterations
workload_01_arm   [  83% ] 20/20 VUs  3m44.0s/4m30.0s

running (3m45.0s), 20/20 VUs, 10868 complete and 0 interrupted iterations
workload_01_arm   [  83% ] 20/20 VUs  3m45.0s/4m30.0s

running (3m46.0s), 20/20 VUs, 10919 complete and 0 interrupted iterations
workload_01_arm   [  84% ] 20/20 VUs  3m46.0s/4m30.0s

running (3m47.0s), 20/20 VUs, 10971 complete and 0 interrupted iterations
workload_01_arm   [  84% ] 20/20 VUs  3m47.0s/4m30.0s

running (3m48.0s), 20/20 VUs, 11020 complete and 0 interrupted iterations
workload_01_arm   [  84% ] 20/20 VUs  3m48.0s/4m30.0s

running (3m49.0s), 20/20 VUs, 11072 complete and 0 interrupted iterations
workload_01_arm   [  85% ] 20/20 VUs  3m49.0s/4m30.0s

running (3m50.0s), 20/20 VUs, 11126 complete and 0 interrupted iterations
workload_01_arm   [  85% ] 20/20 VUs  3m50.0s/4m30.0s

running (3m51.0s), 20/20 VUs, 11180 complete and 0 interrupted iterations
workload_01_arm   [  86% ] 20/20 VUs  3m51.0s/4m30.0s

running (3m52.0s), 20/20 VUs, 11235 complete and 0 interrupted iterations
workload_01_arm   [  86% ] 20/20 VUs  3m52.0s/4m30.0s

running (3m53.0s), 20/20 VUs, 11285 complete and 0 interrupted iterations
workload_01_arm   [  86% ] 20/20 VUs  3m53.0s/4m30.0s

running (3m54.0s), 20/20 VUs, 11342 complete and 0 interrupted iterations
workload_01_arm   [  87% ] 20/20 VUs  3m54.0s/4m30.0s

running (3m55.0s), 20/20 VUs, 11392 complete and 0 interrupted iterations
workload_01_arm   [  87% ] 20/20 VUs  3m55.0s/4m30.0s

running (3m56.0s), 20/20 VUs, 11446 complete and 0 interrupted iterations
workload_01_arm   [  87% ] 20/20 VUs  3m56.0s/4m30.0s

running (3m57.0s), 20/20 VUs, 11498 complete and 0 interrupted iterations
workload_01_arm   [  88% ] 20/20 VUs  3m57.0s/4m30.0s

running (3m58.0s), 20/20 VUs, 11546 complete and 0 interrupted iterations
workload_01_arm   [  88% ] 20/20 VUs  3m58.0s/4m30.0s

running (3m59.0s), 20/20 VUs, 11600 complete and 0 interrupted iterations
workload_01_arm   [  89% ] 20/20 VUs  3m59.0s/4m30.0s

running (4m00.0s), 20/20 VUs, 11651 complete and 0 interrupted iterations
workload_01_arm   [  89% ] 20/20 VUs  4m00.0s/4m30.0s

running (4m01.0s), 20/20 VUs, 11705 complete and 0 interrupted iterations
workload_01_arm   [  89% ] 20/20 VUs  4m01.0s/4m30.0s

running (4m02.0s), 19/20 VUs, 11740 complete and 1 interrupted iterations
workload_01_arm   [  90% ] 19/20 VUs  4m02.0s/4m30.0s

running (4m03.0s), 19/20 VUs, 11788 complete and 1 interrupted iterations
workload_01_arm   [  90% ] 19/20 VUs  4m03.0s/4m30.0s

running (4m04.0s), 18/20 VUs, 11837 complete and 2 interrupted iterations
workload_01_arm   [  90% ] 18/20 VUs  4m04.0s/4m30.0s

running (4m05.0s), 17/20 VUs, 11887 complete and 3 interrupted iterations
workload_01_arm   [  91% ] 17/20 VUs  4m05.0s/4m30.0s

running (4m06.0s), 17/20 VUs, 11926 complete and 3 interrupted iterations
workload_01_arm   [  91% ] 17/20 VUs  4m06.0s/4m30.0s

running (4m07.0s), 16/20 VUs, 11971 complete and 4 interrupted iterations
workload_01_arm   [  91% ] 16/20 VUs  4m07.0s/4m30.0s

running (4m08.0s), 15/20 VUs, 12012 complete and 5 interrupted iterations
workload_01_arm   [  92% ] 15/20 VUs  4m08.0s/4m30.0s

running (4m09.0s), 15/20 VUs, 12048 complete and 5 interrupted iterations
workload_01_arm   [  92% ] 15/20 VUs  4m09.0s/4m30.0s

running (4m10.0s), 14/20 VUs, 12085 complete and 6 interrupted iterations
workload_01_arm   [  93% ] 14/20 VUs  4m10.0s/4m30.0s

running (4m11.0s), 13/20 VUs, 12120 complete and 7 interrupted iterations
workload_01_arm   [  93% ] 13/20 VUs  4m11.0s/4m30.0s

running (4m12.0s), 13/20 VUs, 12152 complete and 7 interrupted iterations
workload_01_arm   [  93% ] 13/20 VUs  4m12.0s/4m30.0s

running (4m13.0s), 12/20 VUs, 12185 complete and 8 interrupted iterations
workload_01_arm   [  94% ] 12/20 VUs  4m13.0s/4m30.0s

running (4m14.0s), 11/20 VUs, 12215 complete and 9 interrupted iterations
workload_01_arm   [  94% ] 11/20 VUs  4m14.0s/4m30.0s

running (4m15.0s), 11/20 VUs, 12242 complete and 9 interrupted iterations
workload_01_arm   [  94% ] 11/20 VUs  4m15.0s/4m30.0s

running (4m16.0s), 10/20 VUs, 12269 complete and 10 interrupted iterations
workload_01_arm   [  95% ] 10/20 VUs  4m16.0s/4m30.0s

running (4m17.0s), 09/20 VUs, 12294 complete and 11 interrupted iterations
workload_01_arm   [  95% ] 09/20 VUs  4m17.0s/4m30.0s

running (4m18.0s), 09/20 VUs, 12317 complete and 11 interrupted iterations
workload_01_arm   [  96% ] 09/20 VUs  4m18.0s/4m30.0s

running (4m19.0s), 08/20 VUs, 12334 complete and 12 interrupted iterations
workload_01_arm   [  96% ] 08/20 VUs  4m19.0s/4m30.0s

running (4m20.0s), 07/20 VUs, 12356 complete and 13 interrupted iterations
workload_01_arm   [  96% ] 07/20 VUs  4m20.0s/4m30.0s

running (4m21.0s), 07/20 VUs, 12373 complete and 13 interrupted iterations
workload_01_arm   [  97% ] 07/20 VUs  4m21.0s/4m30.0s

running (4m22.0s), 06/20 VUs, 12389 complete and 14 interrupted iterations
workload_01_arm   [  97% ] 06/20 VUs  4m22.0s/4m30.0s

running (4m23.0s), 05/20 VUs, 12404 complete and 15 interrupted iterations
workload_01_arm   [  97% ] 05/20 VUs  4m23.0s/4m30.0s

running (4m24.0s), 05/20 VUs, 12417 complete and 15 interrupted iterations
workload_01_arm   [  98% ] 05/20 VUs  4m24.0s/4m30.0s

running (4m25.0s), 04/20 VUs, 12428 complete and 16 interrupted iterations
workload_01_arm   [  98% ] 04/20 VUs  4m25.0s/4m30.0s

running (4m26.0s), 03/20 VUs, 12437 complete and 17 interrupted iterations
workload_01_arm   [  99% ] 03/20 VUs  4m26.0s/4m30.0s

running (4m27.0s), 03/20 VUs, 12444 complete and 17 interrupted iterations
workload_01_arm   [  99% ] 03/20 VUs  4m27.0s/4m30.0s

running (4m28.0s), 02/20 VUs, 12449 complete and 18 interrupted iterations
workload_01_arm   [  99% ] 02/20 VUs  4m28.0s/4m30.0s

running (4m29.0s), 01/20 VUs, 12453 complete and 19 interrupted iterations
workload_01_arm   [ 100% ] 01/20 VUs  4m29.0s/4m30.0s

running (4m30.0s), 01/20 VUs, 12456 complete and 19 interrupted iterations
workload_01_arm   [ 100% ] 01/20 VUs  4m30.0s/4m30.0s

model=iso
tenants=1
VUs per tenant=20
think time=0.25-0.5 s
steady requests=19445
steady request rate=108.02777777777777
steady error rate=0
steady latency p50=3.134584 ms
steady latency p95=5.724133399999998 ms
steady latency p99=17.137194999999974 ms

running (4m30.0s), 00/20 VUs, 12456 complete and 20 interrupted iterations
workload_01_arm ✓ [ 100% ] 00/20 VUs  4m30s
