Profile: iso
Chart:   kube-prometheus-stack 88.6.2
NAME                                                       READY   UP-TO-DATE   AVAILABLE   AGE
deployment.apps/kube-prometheus-stack-grafana              1/1     1            1           3d2h
deployment.apps/kube-prometheus-stack-kube-state-metrics   1/1     1            1           3d2h
deployment.apps/kube-prometheus-stack-operator             1/1     1            1           3d2h

NAME                                                           READY   AGE
statefulset.apps/prometheus-kube-prometheus-stack-prometheus   1/1     3d2h

NAME                                                            DESIRED   CURRENT   READY   UP-TO-DATE   AVAILABLE   NODE SELECTOR            AGE
daemonset.apps/kube-prometheus-stack-prometheus-node-exporter   1         1         1       1            1           kubernetes.io/os=linux   3d2h

NAME                                                            READY   STATUS    RESTARTS       AGE
pod/kube-prometheus-stack-grafana-6f676dd88f-vxrqr              3/3     Running   3 (104s ago)   2d2h
pod/kube-prometheus-stack-kube-state-metrics-699c6d6699-nx26g   1/1     Running   3 (104s ago)   2d2h
pod/kube-prometheus-stack-operator-76b9767869-kjjhw             1/1     Running   5 (104s ago)   3d2h
pod/kube-prometheus-stack-prometheus-node-exporter-86cl8        1/1     Running   2 (104s ago)   3d2h
pod/prometheus-kube-prometheus-stack-prometheus-0               2/2     Running   6 (104s ago)   3d2h

NAME                                                                                                                 STATUS   VOLUME                                     CAPACITY   ACCESS MODES   STORAGECLASS   VOLUMEATTRIBUTESCLASS   AGE
persistentvolumeclaim/prometheus-kube-prometheus-stack-prometheus-db-prometheus-kube-prometheus-stack-prometheus-0   Bound    pvc-609c9400-a9a8-4eab-b4a4-669008ef63c4   4Gi        RWO            standard       <unset>                 3d2h
[OK] Grafana Prometheus datasource is provisioned
[OK] Grafana dashboards are provisioned (3 ConfigMaps)
[OK] All monitoring workloads are Ready
backend: 1/1 UP (1 discovered)
postgres: 1/1 UP (1 discovered)
redis: 1/1 UP (1 discovered)
[OK] zilla_http_requests_total returns data for model iso
[OK] pg_up returns data for model iso
[OK] redis_up returns data for model iso
[OK] All expected iso targets and metric families are available
