
         /\      Grafana   /‾‾/  
    /\  /  \     |\  __   /  /   
   /  \/    \    | |/ /  /   ‾‾\ 
  /          \   |   (  |  (‾)  |
 / __________ \  |_|\_\  \_____/ 


     execution: local
        script: /scripts/scenario.js
        output: -

     scenarios: (100.00%) 9 scenarios, 12 max VUs, 3m5s max duration (incl. graceful stop):
              * warmup_01_atlassian: Up to 2 looping VUs for 30s over 1 stages (gracefulRampDown: 30s, exec: tenantWorkload, gracefulStop: 5s)
              * warmup_02_baidu: Up to 2 looping VUs for 30s over 1 stages (gracefulRampDown: 30s, exec: tenantWorkload, gracefulStop: 5s)
              * warmup_03_blackrock: Up to 2 looping VUs for 30s over 1 stages (gracefulRampDown: 30s, exec: tenantWorkload, gracefulStop: 5s)
              * steady_01_atlassian: 2 looping VUs for 2m0s (exec: tenantWorkload, startTime: 30s, gracefulStop: 5s)
              * steady_02_baidu: 2 looping VUs for 2m0s (exec: tenantWorkload, startTime: 30s, gracefulStop: 5s)
              * steady_03_blackrock: 2 looping VUs for 2m0s (exec: tenantWorkload, startTime: 30s, gracefulStop: 5s)
              * cooldown_01_atlassian: Up to 2 looping VUs for 30s over 1 stages (gracefulRampDown: 30s, exec: tenantWorkload, startTime: 2m30s, gracefulStop: 5s)
              * cooldown_02_baidu: Up to 2 looping VUs for 30s over 1 stages (gracefulRampDown: 30s, exec: tenantWorkload, startTime: 2m30s, gracefulStop: 5s)
              * cooldown_03_blackrock: Up to 2 looping VUs for 30s over 1 stages (gracefulRampDown: 30s, exec: tenantWorkload, startTime: 2m30s, gracefulStop: 5s)


running (0m01.0s), 00/12 VUs, 0 complete and 0 interrupted iterations
warmup_01_atlassian     [   3% ] 0/2 VUs  01.0s/30.0s
warmup_02_baidu         [   3% ] 0/2 VUs  01.0s/30.0s
warmup_03_blackrock     [   3% ] 0/2 VUs  01.0s/30.0s
steady_01_atlassian   • [   0% ] waiting  29.0s
steady_02_baidu       • [   0% ] waiting  29.0s
steady_03_blackrock   • [   0% ] waiting  29.0s
cooldown_01_atlassian • [   0% ] waiting  2m29.0s
cooldown_02_baidu     • [   0% ] waiting  2m29.0s
cooldown_03_blackrock • [   0% ] waiting  2m29.0s

running (0m02.0s), 00/12 VUs, 0 complete and 0 interrupted iterations
warmup_01_atlassian     [   7% ] 0/2 VUs  02.0s/30.0s
warmup_02_baidu         [   7% ] 0/2 VUs  02.0s/30.0s
warmup_03_blackrock     [   7% ] 0/2 VUs  02.0s/30.0s
steady_01_atlassian   • [   0% ] waiting  28.0s
steady_02_baidu       • [   0% ] waiting  28.0s
steady_03_blackrock   • [   0% ] waiting  28.0s
cooldown_01_atlassian • [   0% ] waiting  2m28.0s
cooldown_02_baidu     • [   0% ] waiting  2m28.0s
cooldown_03_blackrock • [   0% ] waiting  2m28.0s

running (0m03.0s), 00/12 VUs, 0 complete and 0 interrupted iterations
warmup_01_atlassian     [  10% ] 0/2 VUs  03.0s/30.0s
warmup_02_baidu         [  10% ] 0/2 VUs  03.0s/30.0s
warmup_03_blackrock     [  10% ] 0/2 VUs  03.0s/30.0s
steady_01_atlassian   • [   0% ] waiting  27.0s
steady_02_baidu       • [   0% ] waiting  27.0s
steady_03_blackrock   • [   0% ] waiting  27.0s
cooldown_01_atlassian • [   0% ] waiting  2m27.0s
cooldown_02_baidu     • [   0% ] waiting  2m27.0s
cooldown_03_blackrock • [   0% ] waiting  2m27.0s

running (0m04.0s), 00/12 VUs, 0 complete and 0 interrupted iterations
warmup_01_atlassian     [  13% ] 0/2 VUs  04.0s/30.0s
warmup_02_baidu         [  13% ] 0/2 VUs  04.0s/30.0s
warmup_03_blackrock     [  13% ] 0/2 VUs  04.0s/30.0s
steady_01_atlassian   • [   0% ] waiting  26.0s
steady_02_baidu       • [   0% ] waiting  26.0s
steady_03_blackrock   • [   0% ] waiting  26.0s
cooldown_01_atlassian • [   0% ] waiting  2m26.0s
cooldown_02_baidu     • [   0% ] waiting  2m26.0s
cooldown_03_blackrock • [   0% ] waiting  2m26.0s

running (0m05.0s), 00/12 VUs, 0 complete and 0 interrupted iterations
warmup_01_atlassian     [  17% ] 0/2 VUs  05.0s/30.0s
warmup_02_baidu         [  17% ] 0/2 VUs  05.0s/30.0s
warmup_03_blackrock     [  17% ] 0/2 VUs  05.0s/30.0s
steady_01_atlassian   • [   0% ] waiting  25.0s
steady_02_baidu       • [   0% ] waiting  25.0s
steady_03_blackrock   • [   0% ] waiting  25.0s
cooldown_01_atlassian • [   0% ] waiting  2m25.0s
cooldown_02_baidu     • [   0% ] waiting  2m25.0s
cooldown_03_blackrock • [   0% ] waiting  2m25.0s

running (0m06.0s), 00/12 VUs, 0 complete and 0 interrupted iterations
warmup_01_atlassian     [  20% ] 0/2 VUs  06.0s/30.0s
warmup_02_baidu         [  20% ] 0/2 VUs  06.0s/30.0s
warmup_03_blackrock     [  20% ] 0/2 VUs  06.0s/30.0s
steady_01_atlassian   • [   0% ] waiting  24.0s
steady_02_baidu       • [   0% ] waiting  24.0s
steady_03_blackrock   • [   0% ] waiting  24.0s
cooldown_01_atlassian • [   0% ] waiting  2m24.0s
cooldown_02_baidu     • [   0% ] waiting  2m24.0s
cooldown_03_blackrock • [   0% ] waiting  2m24.0s

running (0m07.0s), 00/12 VUs, 0 complete and 0 interrupted iterations
warmup_01_atlassian     [  23% ] 0/2 VUs  07.0s/30.0s
warmup_02_baidu         [  23% ] 0/2 VUs  07.0s/30.0s
warmup_03_blackrock     [  23% ] 0/2 VUs  07.0s/30.0s
steady_01_atlassian   • [   0% ] waiting  23.0s
steady_02_baidu       • [   0% ] waiting  23.0s
steady_03_blackrock   • [   0% ] waiting  23.0s
cooldown_01_atlassian • [   0% ] waiting  2m23.0s
cooldown_02_baidu     • [   0% ] waiting  2m23.0s
cooldown_03_blackrock • [   0% ] waiting  2m23.0s

running (0m08.0s), 00/12 VUs, 0 complete and 0 interrupted iterations
warmup_01_atlassian     [  27% ] 0/2 VUs  08.0s/30.0s
warmup_02_baidu         [  27% ] 0/2 VUs  08.0s/30.0s
warmup_03_blackrock     [  27% ] 0/2 VUs  08.0s/30.0s
steady_01_atlassian   • [   0% ] waiting  22.0s
steady_02_baidu       • [   0% ] waiting  22.0s
steady_03_blackrock   • [   0% ] waiting  22.0s
cooldown_01_atlassian • [   0% ] waiting  2m22.0s
cooldown_02_baidu     • [   0% ] waiting  2m22.0s
cooldown_03_blackrock • [   0% ] waiting  2m22.0s

running (0m09.0s), 00/12 VUs, 0 complete and 0 interrupted iterations
warmup_01_atlassian     [  30% ] 0/2 VUs  09.0s/30.0s
warmup_02_baidu         [  30% ] 0/2 VUs  09.0s/30.0s
warmup_03_blackrock     [  30% ] 0/2 VUs  09.0s/30.0s
steady_01_atlassian   • [   0% ] waiting  21.0s
steady_02_baidu       • [   0% ] waiting  21.0s
steady_03_blackrock   • [   0% ] waiting  21.0s
cooldown_01_atlassian • [   0% ] waiting  2m21.0s
cooldown_02_baidu     • [   0% ] waiting  2m21.0s
cooldown_03_blackrock • [   0% ] waiting  2m21.0s

running (0m10.0s), 00/12 VUs, 0 complete and 0 interrupted iterations
warmup_01_atlassian     [  33% ] 0/2 VUs  10.0s/30.0s
warmup_02_baidu         [  33% ] 0/2 VUs  10.0s/30.0s
warmup_03_blackrock     [  33% ] 0/2 VUs  10.0s/30.0s
steady_01_atlassian   • [   0% ] waiting  20.0s
steady_02_baidu       • [   0% ] waiting  20.0s
steady_03_blackrock   • [   0% ] waiting  20.0s
cooldown_01_atlassian • [   0% ] waiting  2m20.0s
cooldown_02_baidu     • [   0% ] waiting  2m20.0s
cooldown_03_blackrock • [   0% ] waiting  2m20.0s

running (0m11.0s), 00/12 VUs, 0 complete and 0 interrupted iterations
warmup_01_atlassian     [  37% ] 0/2 VUs  11.0s/30.0s
warmup_02_baidu         [  37% ] 0/2 VUs  11.0s/30.0s
warmup_03_blackrock     [  37% ] 0/2 VUs  11.0s/30.0s
steady_01_atlassian   • [   0% ] waiting  19.0s
steady_02_baidu       • [   0% ] waiting  19.0s
steady_03_blackrock   • [   0% ] waiting  19.0s
cooldown_01_atlassian • [   0% ] waiting  2m19.0s
cooldown_02_baidu     • [   0% ] waiting  2m19.0s
cooldown_03_blackrock • [   0% ] waiting  2m19.0s

running (0m12.0s), 00/12 VUs, 0 complete and 0 interrupted iterations
warmup_01_atlassian     [  40% ] 0/2 VUs  12.0s/30.0s
warmup_02_baidu         [  40% ] 0/2 VUs  12.0s/30.0s
warmup_03_blackrock     [  40% ] 0/2 VUs  12.0s/30.0s
steady_01_atlassian   • [   0% ] waiting  18.0s
steady_02_baidu       • [   0% ] waiting  18.0s
steady_03_blackrock   • [   0% ] waiting  18.0s
cooldown_01_atlassian • [   0% ] waiting  2m18.0s
cooldown_02_baidu     • [   0% ] waiting  2m18.0s
cooldown_03_blackrock • [   0% ] waiting  2m18.0s

running (0m13.0s), 00/12 VUs, 0 complete and 0 interrupted iterations
warmup_01_atlassian     [  43% ] 0/2 VUs  13.0s/30.0s
warmup_02_baidu         [  43% ] 0/2 VUs  13.0s/30.0s
warmup_03_blackrock     [  43% ] 0/2 VUs  13.0s/30.0s
steady_01_atlassian   • [   0% ] waiting  17.0s
steady_02_baidu       • [   0% ] waiting  17.0s
steady_03_blackrock   • [   0% ] waiting  17.0s
cooldown_01_atlassian • [   0% ] waiting  2m17.0s
cooldown_02_baidu     • [   0% ] waiting  2m17.0s
cooldown_03_blackrock • [   0% ] waiting  2m17.0s

running (0m14.0s), 00/12 VUs, 0 complete and 0 interrupted iterations
warmup_01_atlassian     [  47% ] 0/2 VUs  14.0s/30.0s
warmup_02_baidu         [  47% ] 0/2 VUs  14.0s/30.0s
warmup_03_blackrock     [  47% ] 0/2 VUs  14.0s/30.0s
steady_01_atlassian   • [   0% ] waiting  16.0s
steady_02_baidu       • [   0% ] waiting  16.0s
steady_03_blackrock   • [   0% ] waiting  16.0s
cooldown_01_atlassian • [   0% ] waiting  2m16.0s
cooldown_02_baidu     • [   0% ] waiting  2m16.0s
cooldown_03_blackrock • [   0% ] waiting  2m16.0s

running (0m15.0s), 00/12 VUs, 0 complete and 0 interrupted iterations
warmup_01_atlassian     [  50% ] 0/2 VUs  15.0s/30.0s
warmup_02_baidu         [  50% ] 0/2 VUs  15.0s/30.0s
warmup_03_blackrock     [  50% ] 0/2 VUs  15.0s/30.0s
steady_01_atlassian   • [   0% ] waiting  15.0s
steady_02_baidu       • [   0% ] waiting  15.0s
steady_03_blackrock   • [   0% ] waiting  15.0s
cooldown_01_atlassian • [   0% ] waiting  2m15.0s
cooldown_02_baidu     • [   0% ] waiting  2m15.0s
cooldown_03_blackrock • [   0% ] waiting  2m15.0s

running (0m16.0s), 03/12 VUs, 7 complete and 0 interrupted iterations
warmup_01_atlassian     [  53% ] 1/2 VUs  16.0s/30.0s
warmup_02_baidu         [  53% ] 1/2 VUs  16.0s/30.0s
warmup_03_blackrock     [  53% ] 1/2 VUs  16.0s/30.0s
steady_01_atlassian   • [   0% ] waiting  14.0s
steady_02_baidu       • [   0% ] waiting  14.0s
steady_03_blackrock   • [   0% ] waiting  14.0s
cooldown_01_atlassian • [   0% ] waiting  2m14.0s
cooldown_02_baidu     • [   0% ] waiting  2m14.0s
cooldown_03_blackrock • [   0% ] waiting  2m14.0s

running (0m17.0s), 03/12 VUs, 18 complete and 0 interrupted iterations
warmup_01_atlassian     [  57% ] 1/2 VUs  17.0s/30.0s
warmup_02_baidu         [  57% ] 1/2 VUs  17.0s/30.0s
warmup_03_blackrock     [  57% ] 1/2 VUs  17.0s/30.0s
steady_01_atlassian   • [   0% ] waiting  13.0s
steady_02_baidu       • [   0% ] waiting  13.0s
steady_03_blackrock   • [   0% ] waiting  13.0s
cooldown_01_atlassian • [   0% ] waiting  2m13.0s
cooldown_02_baidu     • [   0% ] waiting  2m13.0s
cooldown_03_blackrock • [   0% ] waiting  2m13.0s

running (0m18.0s), 03/12 VUs, 27 complete and 0 interrupted iterations
warmup_01_atlassian     [  60% ] 1/2 VUs  18.0s/30.0s
warmup_02_baidu         [  60% ] 1/2 VUs  18.0s/30.0s
warmup_03_blackrock     [  60% ] 1/2 VUs  18.0s/30.0s
steady_01_atlassian   • [   0% ] waiting  12.0s
steady_02_baidu       • [   0% ] waiting  12.0s
steady_03_blackrock   • [   0% ] waiting  12.0s
cooldown_01_atlassian • [   0% ] waiting  2m12.0s
cooldown_02_baidu     • [   0% ] waiting  2m12.0s
cooldown_03_blackrock • [   0% ] waiting  2m12.0s

running (0m19.0s), 03/12 VUs, 36 complete and 0 interrupted iterations
warmup_01_atlassian     [  63% ] 1/2 VUs  19.0s/30.0s
warmup_02_baidu         [  63% ] 1/2 VUs  19.0s/30.0s
warmup_03_blackrock     [  63% ] 1/2 VUs  19.0s/30.0s
steady_01_atlassian   • [   0% ] waiting  11.0s
steady_02_baidu       • [   0% ] waiting  11.0s
steady_03_blackrock   • [   0% ] waiting  11.0s
cooldown_01_atlassian • [   0% ] waiting  2m11.0s
cooldown_02_baidu     • [   0% ] waiting  2m11.0s
cooldown_03_blackrock • [   0% ] waiting  2m11.0s

running (0m20.0s), 03/12 VUs, 45 complete and 0 interrupted iterations
warmup_01_atlassian     [  67% ] 1/2 VUs  20.0s/30.0s
warmup_02_baidu         [  67% ] 1/2 VUs  20.0s/30.0s
warmup_03_blackrock     [  67% ] 1/2 VUs  20.0s/30.0s
steady_01_atlassian   • [   0% ] waiting  10.0s
steady_02_baidu       • [   0% ] waiting  10.0s
steady_03_blackrock   • [   0% ] waiting  10.0s
cooldown_01_atlassian • [   0% ] waiting  2m10.0s
cooldown_02_baidu     • [   0% ] waiting  2m10.0s
cooldown_03_blackrock • [   0% ] waiting  2m10.0s

running (0m21.0s), 03/12 VUs, 54 complete and 0 interrupted iterations
warmup_01_atlassian     [  70% ] 1/2 VUs  21.0s/30.0s
warmup_02_baidu         [  70% ] 1/2 VUs  21.0s/30.0s
warmup_03_blackrock     [  70% ] 1/2 VUs  21.0s/30.0s
steady_01_atlassian   • [   0% ] waiting  09.0s
steady_02_baidu       • [   0% ] waiting  09.0s
steady_03_blackrock   • [   0% ] waiting  09.0s
cooldown_01_atlassian • [   0% ] waiting  2m09.0s
cooldown_02_baidu     • [   0% ] waiting  2m09.0s
cooldown_03_blackrock • [   0% ] waiting  2m09.0s

running (0m22.0s), 03/12 VUs, 63 complete and 0 interrupted iterations
warmup_01_atlassian     [  73% ] 1/2 VUs  22.0s/30.0s
warmup_02_baidu         [  73% ] 1/2 VUs  22.0s/30.0s
warmup_03_blackrock     [  73% ] 1/2 VUs  22.0s/30.0s
steady_01_atlassian   • [   0% ] waiting  08.0s
steady_02_baidu       • [   0% ] waiting  08.0s
steady_03_blackrock   • [   0% ] waiting  08.0s
cooldown_01_atlassian • [   0% ] waiting  2m08.0s
cooldown_02_baidu     • [   0% ] waiting  2m08.0s
cooldown_03_blackrock • [   0% ] waiting  2m08.0s

running (0m23.0s), 03/12 VUs, 72 complete and 0 interrupted iterations
warmup_01_atlassian     [  77% ] 1/2 VUs  23.0s/30.0s
warmup_02_baidu         [  77% ] 1/2 VUs  23.0s/30.0s
warmup_03_blackrock     [  77% ] 1/2 VUs  23.0s/30.0s
steady_01_atlassian   • [   0% ] waiting  07.0s
steady_02_baidu       • [   0% ] waiting  07.0s
steady_03_blackrock   • [   0% ] waiting  07.0s
cooldown_01_atlassian • [   0% ] waiting  2m07.0s
cooldown_02_baidu     • [   0% ] waiting  2m07.0s
cooldown_03_blackrock • [   0% ] waiting  2m07.0s

running (0m24.0s), 03/12 VUs, 82 complete and 0 interrupted iterations
warmup_01_atlassian     [  80% ] 1/2 VUs  24.0s/30.0s
warmup_02_baidu         [  80% ] 1/2 VUs  24.0s/30.0s
warmup_03_blackrock     [  80% ] 1/2 VUs  24.0s/30.0s
steady_01_atlassian   • [   0% ] waiting  06.0s
steady_02_baidu       • [   0% ] waiting  06.0s
steady_03_blackrock   • [   0% ] waiting  06.0s
cooldown_01_atlassian • [   0% ] waiting  2m06.0s
cooldown_02_baidu     • [   0% ] waiting  2m06.0s
cooldown_03_blackrock • [   0% ] waiting  2m06.0s

running (0m25.0s), 03/12 VUs, 93 complete and 0 interrupted iterations
warmup_01_atlassian     [  83% ] 1/2 VUs  25.0s/30.0s
warmup_02_baidu         [  83% ] 1/2 VUs  25.0s/30.0s
warmup_03_blackrock     [  83% ] 1/2 VUs  25.0s/30.0s
steady_01_atlassian   • [   0% ] waiting  05.0s
steady_02_baidu       • [   0% ] waiting  05.0s
steady_03_blackrock   • [   0% ] waiting  05.0s
cooldown_01_atlassian • [   0% ] waiting  2m05.0s
cooldown_02_baidu     • [   0% ] waiting  2m05.0s
cooldown_03_blackrock • [   0% ] waiting  2m05.0s

running (0m26.0s), 03/12 VUs, 102 complete and 0 interrupted iterations
warmup_01_atlassian     [  87% ] 1/2 VUs  26.0s/30.0s
warmup_02_baidu         [  87% ] 1/2 VUs  26.0s/30.0s
warmup_03_blackrock     [  87% ] 1/2 VUs  26.0s/30.0s
steady_01_atlassian   • [   0% ] waiting  04.0s
steady_02_baidu       • [   0% ] waiting  04.0s
steady_03_blackrock   • [   0% ] waiting  04.0s
cooldown_01_atlassian • [   0% ] waiting  2m04.0s
cooldown_02_baidu     • [   0% ] waiting  2m04.0s
cooldown_03_blackrock • [   0% ] waiting  2m04.0s

running (0m27.0s), 03/12 VUs, 111 complete and 0 interrupted iterations
warmup_01_atlassian     [  90% ] 1/2 VUs  27.0s/30.0s
warmup_02_baidu         [  90% ] 1/2 VUs  27.0s/30.0s
warmup_03_blackrock     [  90% ] 1/2 VUs  27.0s/30.0s
steady_01_atlassian   • [   0% ] waiting  03.0s
steady_02_baidu       • [   0% ] waiting  03.0s
steady_03_blackrock   • [   0% ] waiting  03.0s
cooldown_01_atlassian • [   0% ] waiting  2m03.0s
cooldown_02_baidu     • [   0% ] waiting  2m03.0s
cooldown_03_blackrock • [   0% ] waiting  2m03.0s

running (0m28.0s), 03/12 VUs, 120 complete and 0 interrupted iterations
warmup_01_atlassian     [  93% ] 1/2 VUs  28.0s/30.0s
warmup_02_baidu         [  93% ] 1/2 VUs  28.0s/30.0s
warmup_03_blackrock     [  93% ] 1/2 VUs  28.0s/30.0s
steady_01_atlassian   • [   0% ] waiting  02.0s
steady_02_baidu       • [   0% ] waiting  02.0s
steady_03_blackrock   • [   0% ] waiting  02.0s
cooldown_01_atlassian • [   0% ] waiting  2m02.0s
cooldown_02_baidu     • [   0% ] waiting  2m02.0s
cooldown_03_blackrock • [   0% ] waiting  2m02.0s

running (0m29.0s), 03/12 VUs, 129 complete and 0 interrupted iterations
warmup_01_atlassian     [  97% ] 1/2 VUs  29.0s/30.0s
warmup_02_baidu         [  97% ] 1/2 VUs  29.0s/30.0s
warmup_03_blackrock     [  97% ] 1/2 VUs  29.0s/30.0s
steady_01_atlassian   • [   0% ] waiting  01.0s
steady_02_baidu       • [   0% ] waiting  01.0s
steady_03_blackrock   • [   0% ] waiting  01.0s
cooldown_01_atlassian • [   0% ] waiting  2m01.0s
cooldown_02_baidu     • [   0% ] waiting  2m01.0s
cooldown_03_blackrock • [   0% ] waiting  2m01.0s

running (0m30.0s), 03/12 VUs, 138 complete and 0 interrupted iterations
warmup_01_atlassian     [ 100% ] 1/2 VUs  30.0s/30.0s
warmup_02_baidu         [ 100% ] 1/2 VUs  30.0s/30.0s
warmup_03_blackrock     [ 100% ] 1/2 VUs  30.0s/30.0s
steady_01_atlassian   • [   0% ] waiting  00.0s
steady_02_baidu       • [   0% ] waiting  00.0s
steady_03_blackrock   • [   0% ] waiting  00.0s
cooldown_01_atlassian • [   0% ] waiting  2m00.0s
cooldown_02_baidu     • [   0% ] waiting  2m00.0s
cooldown_03_blackrock • [   0% ] waiting  2m00.0s

running (0m31.0s), 06/12 VUs, 154 complete and 0 interrupted iterations
warmup_01_atlassian   ✓ [ 100% ] 0/2 VUs  30s
warmup_02_baidu       ✓ [ 100% ] 0/2 VUs  30s
warmup_03_blackrock   ✓ [ 100% ] 0/2 VUs  30s
steady_01_atlassian     [   1% ] 2 VUs    0m01.0s/2m0s
steady_02_baidu         [   1% ] 2 VUs    0m01.0s/2m0s
steady_03_blackrock     [   1% ] 2 VUs    0m01.0s/2m0s
cooldown_01_atlassian • [   0% ] waiting  1m59.0s
cooldown_02_baidu     • [   0% ] waiting  1m59.0s
cooldown_03_blackrock • [   0% ] waiting  1m59.0s

running (0m32.0s), 06/12 VUs, 166 complete and 0 interrupted iterations
warmup_01_atlassian   ✓ [ 100% ] 0/2 VUs  30s
warmup_02_baidu       ✓ [ 100% ] 0/2 VUs  30s
warmup_03_blackrock   ✓ [ 100% ] 0/2 VUs  30s
steady_01_atlassian     [   2% ] 2 VUs    0m02.0s/2m0s
steady_02_baidu         [   2% ] 2 VUs    0m02.0s/2m0s
steady_03_blackrock     [   2% ] 2 VUs    0m02.0s/2m0s
cooldown_01_atlassian • [   0% ] waiting  1m58.0s
cooldown_02_baidu     • [   0% ] waiting  1m58.0s
cooldown_03_blackrock • [   0% ] waiting  1m58.0s

running (0m33.0s), 06/12 VUs, 184 complete and 0 interrupted iterations
warmup_01_atlassian   ✓ [ 100% ] 0/2 VUs  30s
warmup_02_baidu       ✓ [ 100% ] 0/2 VUs  30s
warmup_03_blackrock   ✓ [ 100% ] 0/2 VUs  30s
steady_01_atlassian     [   2% ] 2 VUs    0m03.0s/2m0s
steady_02_baidu         [   2% ] 2 VUs    0m03.0s/2m0s
steady_03_blackrock     [   2% ] 2 VUs    0m03.0s/2m0s
cooldown_01_atlassian • [   0% ] waiting  1m57.0s
cooldown_02_baidu     • [   0% ] waiting  1m57.0s
cooldown_03_blackrock • [   0% ] waiting  1m57.0s

running (0m34.0s), 06/12 VUs, 199 complete and 0 interrupted iterations
warmup_01_atlassian   ✓ [ 100% ] 0/2 VUs  30s
warmup_02_baidu       ✓ [ 100% ] 0/2 VUs  30s
warmup_03_blackrock   ✓ [ 100% ] 0/2 VUs  30s
steady_01_atlassian     [   3% ] 2 VUs    0m04.0s/2m0s
steady_02_baidu         [   3% ] 2 VUs    0m04.0s/2m0s
steady_03_blackrock     [   3% ] 2 VUs    0m04.0s/2m0s
cooldown_01_atlassian • [   0% ] waiting  1m56.0s
cooldown_02_baidu     • [   0% ] waiting  1m56.0s
cooldown_03_blackrock • [   0% ] waiting  1m56.0s

running (0m35.0s), 06/12 VUs, 217 complete and 0 interrupted iterations
warmup_01_atlassian   ✓ [ 100% ] 0/2 VUs  30s
warmup_02_baidu       ✓ [ 100% ] 0/2 VUs  30s
warmup_03_blackrock   ✓ [ 100% ] 0/2 VUs  30s
steady_01_atlassian     [   4% ] 2 VUs    0m05.0s/2m0s
steady_02_baidu         [   4% ] 2 VUs    0m05.0s/2m0s
steady_03_blackrock     [   4% ] 2 VUs    0m05.0s/2m0s
cooldown_01_atlassian • [   0% ] waiting  1m55.0s
cooldown_02_baidu     • [   0% ] waiting  1m55.0s
cooldown_03_blackrock • [   0% ] waiting  1m55.0s

running (0m36.0s), 06/12 VUs, 232 complete and 0 interrupted iterations
warmup_01_atlassian   ✓ [ 100% ] 0/2 VUs  30s
warmup_02_baidu       ✓ [ 100% ] 0/2 VUs  30s
warmup_03_blackrock   ✓ [ 100% ] 0/2 VUs  30s
steady_01_atlassian     [   5% ] 2 VUs    0m06.0s/2m0s
steady_02_baidu         [   5% ] 2 VUs    0m06.0s/2m0s
steady_03_blackrock     [   5% ] 2 VUs    0m06.0s/2m0s
cooldown_01_atlassian • [   0% ] waiting  1m54.0s
cooldown_02_baidu     • [   0% ] waiting  1m54.0s
cooldown_03_blackrock • [   0% ] waiting  1m54.0s

running (0m37.0s), 06/12 VUs, 250 complete and 0 interrupted iterations
warmup_01_atlassian   ✓ [ 100% ] 0/2 VUs  30s
warmup_02_baidu       ✓ [ 100% ] 0/2 VUs  30s
warmup_03_blackrock   ✓ [ 100% ] 0/2 VUs  30s
steady_01_atlassian     [   6% ] 2 VUs    0m07.0s/2m0s
steady_02_baidu         [   6% ] 2 VUs    0m07.0s/2m0s
steady_03_blackrock     [   6% ] 2 VUs    0m07.0s/2m0s
cooldown_01_atlassian • [   0% ] waiting  1m53.0s
cooldown_02_baidu     • [   0% ] waiting  1m53.0s
cooldown_03_blackrock • [   0% ] waiting  1m53.0s

running (0m38.0s), 06/12 VUs, 262 complete and 0 interrupted iterations
warmup_01_atlassian   ✓ [ 100% ] 0/2 VUs  30s
warmup_02_baidu       ✓ [ 100% ] 0/2 VUs  30s
warmup_03_blackrock   ✓ [ 100% ] 0/2 VUs  30s
steady_01_atlassian     [   7% ] 2 VUs    0m08.0s/2m0s
steady_02_baidu         [   7% ] 2 VUs    0m08.0s/2m0s
steady_03_blackrock     [   7% ] 2 VUs    0m08.0s/2m0s
cooldown_01_atlassian • [   0% ] waiting  1m52.0s
cooldown_02_baidu     • [   0% ] waiting  1m52.0s
cooldown_03_blackrock • [   0% ] waiting  1m52.0s

running (0m39.0s), 06/12 VUs, 280 complete and 0 interrupted iterations
warmup_01_atlassian   ✓ [ 100% ] 0/2 VUs  30s
warmup_02_baidu       ✓ [ 100% ] 0/2 VUs  30s
warmup_03_blackrock   ✓ [ 100% ] 0/2 VUs  30s
steady_01_atlassian     [   7% ] 2 VUs    0m09.0s/2m0s
steady_02_baidu         [   7% ] 2 VUs    0m09.0s/2m0s
steady_03_blackrock     [   7% ] 2 VUs    0m09.0s/2m0s
cooldown_01_atlassian • [   0% ] waiting  1m51.0s
cooldown_02_baidu     • [   0% ] waiting  1m51.0s
cooldown_03_blackrock • [   0% ] waiting  1m51.0s

running (0m40.0s), 06/12 VUs, 292 complete and 0 interrupted iterations
warmup_01_atlassian   ✓ [ 100% ] 0/2 VUs  30s
warmup_02_baidu       ✓ [ 100% ] 0/2 VUs  30s
warmup_03_blackrock   ✓ [ 100% ] 0/2 VUs  30s
steady_01_atlassian     [   8% ] 2 VUs    0m10.0s/2m0s
steady_02_baidu         [   8% ] 2 VUs    0m10.0s/2m0s
steady_03_blackrock     [   8% ] 2 VUs    0m10.0s/2m0s
cooldown_01_atlassian • [   0% ] waiting  1m50.0s
cooldown_02_baidu     • [   0% ] waiting  1m50.0s
cooldown_03_blackrock • [   0% ] waiting  1m50.0s

running (0m41.0s), 06/12 VUs, 310 complete and 0 interrupted iterations
warmup_01_atlassian   ✓ [ 100% ] 0/2 VUs  30s
warmup_02_baidu       ✓ [ 100% ] 0/2 VUs  30s
warmup_03_blackrock   ✓ [ 100% ] 0/2 VUs  30s
steady_01_atlassian     [   9% ] 2 VUs    0m11.0s/2m0s
steady_02_baidu         [   9% ] 2 VUs    0m11.0s/2m0s
steady_03_blackrock     [   9% ] 2 VUs    0m11.0s/2m0s
cooldown_01_atlassian • [   0% ] waiting  1m49.0s
cooldown_02_baidu     • [   0% ] waiting  1m49.0s
cooldown_03_blackrock • [   0% ] waiting  1m49.0s

running (0m42.0s), 06/12 VUs, 325 complete and 0 interrupted iterations
warmup_01_atlassian   ✓ [ 100% ] 0/2 VUs  30s
warmup_02_baidu       ✓ [ 100% ] 0/2 VUs  30s
warmup_03_blackrock   ✓ [ 100% ] 0/2 VUs  30s
steady_01_atlassian     [  10% ] 2 VUs    0m12.0s/2m0s
steady_02_baidu         [  10% ] 2 VUs    0m12.0s/2m0s
steady_03_blackrock     [  10% ] 2 VUs    0m12.0s/2m0s
cooldown_01_atlassian • [   0% ] waiting  1m48.0s
cooldown_02_baidu     • [   0% ] waiting  1m48.0s
cooldown_03_blackrock • [   0% ] waiting  1m48.0s

running (0m43.0s), 06/12 VUs, 342 complete and 0 interrupted iterations
warmup_01_atlassian   ✓ [ 100% ] 0/2 VUs  30s
warmup_02_baidu       ✓ [ 100% ] 0/2 VUs  30s
warmup_03_blackrock   ✓ [ 100% ] 0/2 VUs  30s
steady_01_atlassian     [  11% ] 2 VUs    0m13.0s/2m0s
steady_02_baidu         [  11% ] 2 VUs    0m13.0s/2m0s
steady_03_blackrock     [  11% ] 2 VUs    0m13.0s/2m0s
cooldown_01_atlassian • [   0% ] waiting  1m47.0s
cooldown_02_baidu     • [   0% ] waiting  1m47.0s
cooldown_03_blackrock • [   0% ] waiting  1m47.0s

running (0m44.0s), 06/12 VUs, 358 complete and 0 interrupted iterations
warmup_01_atlassian   ✓ [ 100% ] 0/2 VUs  30s
warmup_02_baidu       ✓ [ 100% ] 0/2 VUs  30s
warmup_03_blackrock   ✓ [ 100% ] 0/2 VUs  30s
steady_01_atlassian     [  12% ] 2 VUs    0m14.0s/2m0s
steady_02_baidu         [  12% ] 2 VUs    0m14.0s/2m0s
steady_03_blackrock     [  12% ] 2 VUs    0m14.0s/2m0s
cooldown_01_atlassian • [   0% ] waiting  1m46.0s
cooldown_02_baidu     • [   0% ] waiting  1m46.0s
cooldown_03_blackrock • [   0% ] waiting  1m46.0s

running (0m45.0s), 06/12 VUs, 372 complete and 0 interrupted iterations
warmup_01_atlassian   ✓ [ 100% ] 0/2 VUs  30s
warmup_02_baidu       ✓ [ 100% ] 0/2 VUs  30s
warmup_03_blackrock   ✓ [ 100% ] 0/2 VUs  30s
steady_01_atlassian     [  12% ] 2 VUs    0m15.0s/2m0s
steady_02_baidu         [  12% ] 2 VUs    0m15.0s/2m0s
steady_03_blackrock     [  12% ] 2 VUs    0m15.0s/2m0s
cooldown_01_atlassian • [   0% ] waiting  1m45.0s
cooldown_02_baidu     • [   0% ] waiting  1m45.0s
cooldown_03_blackrock • [   0% ] waiting  1m45.0s

running (0m46.0s), 06/12 VUs, 390 complete and 0 interrupted iterations
warmup_01_atlassian   ✓ [ 100% ] 0/2 VUs  30s
warmup_02_baidu       ✓ [ 100% ] 0/2 VUs  30s
warmup_03_blackrock   ✓ [ 100% ] 0/2 VUs  30s
steady_01_atlassian     [  13% ] 2 VUs    0m16.0s/2m0s
steady_02_baidu         [  13% ] 2 VUs    0m16.0s/2m0s
steady_03_blackrock     [  13% ] 2 VUs    0m16.0s/2m0s
cooldown_01_atlassian • [   0% ] waiting  1m44.0s
cooldown_02_baidu     • [   0% ] waiting  1m44.0s
cooldown_03_blackrock • [   0% ] waiting  1m44.0s

running (0m47.0s), 06/12 VUs, 402 complete and 0 interrupted iterations
warmup_01_atlassian   ✓ [ 100% ] 0/2 VUs  30s
warmup_02_baidu       ✓ [ 100% ] 0/2 VUs  30s
warmup_03_blackrock   ✓ [ 100% ] 0/2 VUs  30s
steady_01_atlassian     [  14% ] 2 VUs    0m17.0s/2m0s
steady_02_baidu         [  14% ] 2 VUs    0m17.0s/2m0s
steady_03_blackrock     [  14% ] 2 VUs    0m17.0s/2m0s
cooldown_01_atlassian • [   0% ] waiting  1m43.0s
cooldown_02_baidu     • [   0% ] waiting  1m43.0s
cooldown_03_blackrock • [   0% ] waiting  1m43.0s

running (0m48.0s), 06/12 VUs, 420 complete and 0 interrupted iterations
warmup_01_atlassian   ✓ [ 100% ] 0/2 VUs  30s
warmup_02_baidu       ✓ [ 100% ] 0/2 VUs  30s
warmup_03_blackrock   ✓ [ 100% ] 0/2 VUs  30s
steady_01_atlassian     [  15% ] 2 VUs    0m18.0s/2m0s
steady_02_baidu         [  15% ] 2 VUs    0m18.0s/2m0s
steady_03_blackrock     [  15% ] 2 VUs    0m18.0s/2m0s
cooldown_01_atlassian • [   0% ] waiting  1m42.0s
cooldown_02_baidu     • [   0% ] waiting  1m42.0s
cooldown_03_blackrock • [   0% ] waiting  1m42.0s

running (0m49.0s), 06/12 VUs, 432 complete and 0 interrupted iterations
warmup_01_atlassian   ✓ [ 100% ] 0/2 VUs  30s
warmup_02_baidu       ✓ [ 100% ] 0/2 VUs  30s
warmup_03_blackrock   ✓ [ 100% ] 0/2 VUs  30s
steady_01_atlassian     [  16% ] 2 VUs    0m19.0s/2m0s
steady_02_baidu         [  16% ] 2 VUs    0m19.0s/2m0s
steady_03_blackrock     [  16% ] 2 VUs    0m19.0s/2m0s
cooldown_01_atlassian • [   0% ] waiting  1m41.0s
cooldown_02_baidu     • [   0% ] waiting  1m41.0s
cooldown_03_blackrock • [   0% ] waiting  1m41.0s

running (0m50.0s), 06/12 VUs, 450 complete and 0 interrupted iterations
warmup_01_atlassian   ✓ [ 100% ] 0/2 VUs  30s
warmup_02_baidu       ✓ [ 100% ] 0/2 VUs  30s
warmup_03_blackrock   ✓ [ 100% ] 0/2 VUs  30s
steady_01_atlassian     [  17% ] 2 VUs    0m20.0s/2m0s
steady_02_baidu         [  17% ] 2 VUs    0m20.0s/2m0s
steady_03_blackrock     [  17% ] 2 VUs    0m20.0s/2m0s
cooldown_01_atlassian • [   0% ] waiting  1m40.0s
cooldown_02_baidu     • [   0% ] waiting  1m40.0s
cooldown_03_blackrock • [   0% ] waiting  1m40.0s

running (0m51.0s), 06/12 VUs, 462 complete and 0 interrupted iterations
warmup_01_atlassian   ✓ [ 100% ] 0/2 VUs  30s
warmup_02_baidu       ✓ [ 100% ] 0/2 VUs  30s
warmup_03_blackrock   ✓ [ 100% ] 0/2 VUs  30s
steady_01_atlassian     [  17% ] 2 VUs    0m21.0s/2m0s
steady_02_baidu         [  17% ] 2 VUs    0m21.0s/2m0s
steady_03_blackrock     [  17% ] 2 VUs    0m21.0s/2m0s
cooldown_01_atlassian • [   0% ] waiting  1m39.0s
cooldown_02_baidu     • [   0% ] waiting  1m39.0s
cooldown_03_blackrock • [   0% ] waiting  1m39.0s

running (0m52.0s), 06/12 VUs, 480 complete and 0 interrupted iterations
warmup_01_atlassian   ✓ [ 100% ] 0/2 VUs  30s
warmup_02_baidu       ✓ [ 100% ] 0/2 VUs  30s
warmup_03_blackrock   ✓ [ 100% ] 0/2 VUs  30s
steady_01_atlassian     [  18% ] 2 VUs    0m22.0s/2m0s
steady_02_baidu         [  18% ] 2 VUs    0m22.0s/2m0s
steady_03_blackrock     [  18% ] 2 VUs    0m22.0s/2m0s
cooldown_01_atlassian • [   0% ] waiting  1m38.0s
cooldown_02_baidu     • [   0% ] waiting  1m38.0s
cooldown_03_blackrock • [   0% ] waiting  1m38.0s

running (0m53.0s), 06/12 VUs, 492 complete and 0 interrupted iterations
warmup_01_atlassian   ✓ [ 100% ] 0/2 VUs  30s
warmup_02_baidu       ✓ [ 100% ] 0/2 VUs  30s
warmup_03_blackrock   ✓ [ 100% ] 0/2 VUs  30s
steady_01_atlassian     [  19% ] 2 VUs    0m23.0s/2m0s
steady_02_baidu         [  19% ] 2 VUs    0m23.0s/2m0s
steady_03_blackrock     [  19% ] 2 VUs    0m23.0s/2m0s
cooldown_01_atlassian • [   0% ] waiting  1m37.0s
cooldown_02_baidu     • [   0% ] waiting  1m37.0s
cooldown_03_blackrock • [   0% ] waiting  1m37.0s

running (0m54.0s), 06/12 VUs, 510 complete and 0 interrupted iterations
warmup_01_atlassian   ✓ [ 100% ] 0/2 VUs  30s
warmup_02_baidu       ✓ [ 100% ] 0/2 VUs  30s
warmup_03_blackrock   ✓ [ 100% ] 0/2 VUs  30s
steady_01_atlassian     [  20% ] 2 VUs    0m24.0s/2m0s
steady_02_baidu         [  20% ] 2 VUs    0m24.0s/2m0s
steady_03_blackrock     [  20% ] 2 VUs    0m24.0s/2m0s
cooldown_01_atlassian • [   0% ] waiting  1m36.0s
cooldown_02_baidu     • [   0% ] waiting  1m36.0s
cooldown_03_blackrock • [   0% ] waiting  1m36.0s

running (0m55.0s), 06/12 VUs, 522 complete and 0 interrupted iterations
warmup_01_atlassian   ✓ [ 100% ] 0/2 VUs  30s
warmup_02_baidu       ✓ [ 100% ] 0/2 VUs  30s
warmup_03_blackrock   ✓ [ 100% ] 0/2 VUs  30s
steady_01_atlassian     [  21% ] 2 VUs    0m25.0s/2m0s
steady_02_baidu         [  21% ] 2 VUs    0m25.0s/2m0s
steady_03_blackrock     [  21% ] 2 VUs    0m25.0s/2m0s
cooldown_01_atlassian • [   0% ] waiting  1m35.0s
cooldown_02_baidu     • [   0% ] waiting  1m35.0s
cooldown_03_blackrock • [   0% ] waiting  1m35.0s

running (0m56.0s), 06/12 VUs, 541 complete and 0 interrupted iterations
warmup_01_atlassian   ✓ [ 100% ] 0/2 VUs  30s
warmup_02_baidu       ✓ [ 100% ] 0/2 VUs  30s
warmup_03_blackrock   ✓ [ 100% ] 0/2 VUs  30s
steady_01_atlassian     [  22% ] 2 VUs    0m26.0s/2m0s
steady_02_baidu         [  22% ] 2 VUs    0m26.0s/2m0s
steady_03_blackrock     [  22% ] 2 VUs    0m26.0s/2m0s
cooldown_01_atlassian • [   0% ] waiting  1m34.0s
cooldown_02_baidu     • [   0% ] waiting  1m34.0s
cooldown_03_blackrock • [   0% ] waiting  1m34.0s

running (0m57.0s), 06/12 VUs, 554 complete and 0 interrupted iterations
warmup_01_atlassian   ✓ [ 100% ] 0/2 VUs  30s
warmup_02_baidu       ✓ [ 100% ] 0/2 VUs  30s
warmup_03_blackrock   ✓ [ 100% ] 0/2 VUs  30s
steady_01_atlassian     [  22% ] 2 VUs    0m27.0s/2m0s
steady_02_baidu         [  22% ] 2 VUs    0m27.0s/2m0s
steady_03_blackrock     [  22% ] 2 VUs    0m27.0s/2m0s
cooldown_01_atlassian • [   0% ] waiting  1m33.0s
cooldown_02_baidu     • [   0% ] waiting  1m33.0s
cooldown_03_blackrock • [   0% ] waiting  1m33.0s

running (0m58.0s), 06/12 VUs, 572 complete and 0 interrupted iterations
warmup_01_atlassian   ✓ [ 100% ] 0/2 VUs  30s
warmup_02_baidu       ✓ [ 100% ] 0/2 VUs  30s
warmup_03_blackrock   ✓ [ 100% ] 0/2 VUs  30s
steady_01_atlassian     [  23% ] 2 VUs    0m28.0s/2m0s
steady_02_baidu         [  23% ] 2 VUs    0m28.0s/2m0s
steady_03_blackrock     [  23% ] 2 VUs    0m28.0s/2m0s
cooldown_01_atlassian • [   0% ] waiting  1m32.0s
cooldown_02_baidu     • [   0% ] waiting  1m32.0s
cooldown_03_blackrock • [   0% ] waiting  1m32.0s

running (0m59.0s), 06/12 VUs, 584 complete and 0 interrupted iterations
warmup_01_atlassian   ✓ [ 100% ] 0/2 VUs  30s
warmup_02_baidu       ✓ [ 100% ] 0/2 VUs  30s
warmup_03_blackrock   ✓ [ 100% ] 0/2 VUs  30s
steady_01_atlassian     [  24% ] 2 VUs    0m29.0s/2m0s
steady_02_baidu         [  24% ] 2 VUs    0m29.0s/2m0s
steady_03_blackrock     [  24% ] 2 VUs    0m29.0s/2m0s
cooldown_01_atlassian • [   0% ] waiting  1m31.0s
cooldown_02_baidu     • [   0% ] waiting  1m31.0s
cooldown_03_blackrock • [   0% ] waiting  1m31.0s

running (1m00.0s), 06/12 VUs, 602 complete and 0 interrupted iterations
warmup_01_atlassian   ✓ [ 100% ] 0/2 VUs  30s
warmup_02_baidu       ✓ [ 100% ] 0/2 VUs  30s
warmup_03_blackrock   ✓ [ 100% ] 0/2 VUs  30s
steady_01_atlassian     [  25% ] 2 VUs    0m30.0s/2m0s
steady_02_baidu         [  25% ] 2 VUs    0m30.0s/2m0s
steady_03_blackrock     [  25% ] 2 VUs    0m30.0s/2m0s
cooldown_01_atlassian • [   0% ] waiting  1m30.0s
cooldown_02_baidu     • [   0% ] waiting  1m30.0s
cooldown_03_blackrock • [   0% ] waiting  1m30.0s

running (1m01.0s), 06/12 VUs, 614 complete and 0 interrupted iterations
warmup_01_atlassian   ✓ [ 100% ] 0/2 VUs  30s
warmup_02_baidu       ✓ [ 100% ] 0/2 VUs  30s
warmup_03_blackrock   ✓ [ 100% ] 0/2 VUs  30s
steady_01_atlassian     [  26% ] 2 VUs    0m31.0s/2m0s
steady_02_baidu         [  26% ] 2 VUs    0m31.0s/2m0s
steady_03_blackrock     [  26% ] 2 VUs    0m31.0s/2m0s
cooldown_01_atlassian • [   0% ] waiting  1m29.0s
cooldown_02_baidu     • [   0% ] waiting  1m29.0s
cooldown_03_blackrock • [   0% ] waiting  1m29.0s

running (1m02.0s), 06/12 VUs, 632 complete and 0 interrupted iterations
warmup_01_atlassian   ✓ [ 100% ] 0/2 VUs  30s
warmup_02_baidu       ✓ [ 100% ] 0/2 VUs  30s
warmup_03_blackrock   ✓ [ 100% ] 0/2 VUs  30s
steady_01_atlassian     [  27% ] 2 VUs    0m32.0s/2m0s
steady_02_baidu         [  27% ] 2 VUs    0m32.0s/2m0s
steady_03_blackrock     [  27% ] 2 VUs    0m32.0s/2m0s
cooldown_01_atlassian • [   0% ] waiting  1m28.0s
cooldown_02_baidu     • [   0% ] waiting  1m28.0s
cooldown_03_blackrock • [   0% ] waiting  1m28.0s

running (1m03.0s), 06/12 VUs, 644 complete and 0 interrupted iterations
warmup_01_atlassian   ✓ [ 100% ] 0/2 VUs  30s
warmup_02_baidu       ✓ [ 100% ] 0/2 VUs  30s
warmup_03_blackrock   ✓ [ 100% ] 0/2 VUs  30s
steady_01_atlassian     [  27% ] 2 VUs    0m33.0s/2m0s
steady_02_baidu         [  27% ] 2 VUs    0m33.0s/2m0s
steady_03_blackrock     [  27% ] 2 VUs    0m33.0s/2m0s
cooldown_01_atlassian • [   0% ] waiting  1m27.0s
cooldown_02_baidu     • [   0% ] waiting  1m27.0s
cooldown_03_blackrock • [   0% ] waiting  1m27.0s

running (1m04.0s), 06/12 VUs, 662 complete and 0 interrupted iterations
warmup_01_atlassian   ✓ [ 100% ] 0/2 VUs  30s
warmup_02_baidu       ✓ [ 100% ] 0/2 VUs  30s
warmup_03_blackrock   ✓ [ 100% ] 0/2 VUs  30s
steady_01_atlassian     [  28% ] 2 VUs    0m34.0s/2m0s
steady_02_baidu         [  28% ] 2 VUs    0m34.0s/2m0s
steady_03_blackrock     [  28% ] 2 VUs    0m34.0s/2m0s
cooldown_01_atlassian • [   0% ] waiting  1m26.0s
cooldown_02_baidu     • [   0% ] waiting  1m26.0s
cooldown_03_blackrock • [   0% ] waiting  1m26.0s

running (1m05.0s), 06/12 VUs, 674 complete and 0 interrupted iterations
warmup_01_atlassian   ✓ [ 100% ] 0/2 VUs  30s
warmup_02_baidu       ✓ [ 100% ] 0/2 VUs  30s
warmup_03_blackrock   ✓ [ 100% ] 0/2 VUs  30s
steady_01_atlassian     [  29% ] 2 VUs    0m35.0s/2m0s
steady_02_baidu         [  29% ] 2 VUs    0m35.0s/2m0s
steady_03_blackrock     [  29% ] 2 VUs    0m35.0s/2m0s
cooldown_01_atlassian • [   0% ] waiting  1m25.0s
cooldown_02_baidu     • [   0% ] waiting  1m25.0s
cooldown_03_blackrock • [   0% ] waiting  1m25.0s

running (1m06.0s), 06/12 VUs, 692 complete and 0 interrupted iterations
warmup_01_atlassian   ✓ [ 100% ] 0/2 VUs  30s
warmup_02_baidu       ✓ [ 100% ] 0/2 VUs  30s
warmup_03_blackrock   ✓ [ 100% ] 0/2 VUs  30s
steady_01_atlassian     [  30% ] 2 VUs    0m36.0s/2m0s
steady_02_baidu         [  30% ] 2 VUs    0m36.0s/2m0s
steady_03_blackrock     [  30% ] 2 VUs    0m36.0s/2m0s
cooldown_01_atlassian • [   0% ] waiting  1m24.0s
cooldown_02_baidu     • [   0% ] waiting  1m24.0s
cooldown_03_blackrock • [   0% ] waiting  1m24.0s

running (1m07.0s), 06/12 VUs, 704 complete and 0 interrupted iterations
warmup_01_atlassian   ✓ [ 100% ] 0/2 VUs  30s
warmup_02_baidu       ✓ [ 100% ] 0/2 VUs  30s
warmup_03_blackrock   ✓ [ 100% ] 0/2 VUs  30s
steady_01_atlassian     [  31% ] 2 VUs    0m37.0s/2m0s
steady_02_baidu         [  31% ] 2 VUs    0m37.0s/2m0s
steady_03_blackrock     [  31% ] 2 VUs    0m37.0s/2m0s
cooldown_01_atlassian • [   0% ] waiting  1m23.0s
cooldown_02_baidu     • [   0% ] waiting  1m23.0s
cooldown_03_blackrock • [   0% ] waiting  1m23.0s

running (1m08.0s), 06/12 VUs, 722 complete and 0 interrupted iterations
warmup_01_atlassian   ✓ [ 100% ] 0/2 VUs  30s
warmup_02_baidu       ✓ [ 100% ] 0/2 VUs  30s
warmup_03_blackrock   ✓ [ 100% ] 0/2 VUs  30s
steady_01_atlassian     [  32% ] 2 VUs    0m38.0s/2m0s
steady_02_baidu         [  32% ] 2 VUs    0m38.0s/2m0s
steady_03_blackrock     [  32% ] 2 VUs    0m38.0s/2m0s
cooldown_01_atlassian • [   0% ] waiting  1m22.0s
cooldown_02_baidu     • [   0% ] waiting  1m22.0s
cooldown_03_blackrock • [   0% ] waiting  1m22.0s

running (1m09.0s), 06/12 VUs, 734 complete and 0 interrupted iterations
warmup_01_atlassian   ✓ [ 100% ] 0/2 VUs  30s
warmup_02_baidu       ✓ [ 100% ] 0/2 VUs  30s
warmup_03_blackrock   ✓ [ 100% ] 0/2 VUs  30s
steady_01_atlassian     [  32% ] 2 VUs    0m39.0s/2m0s
steady_02_baidu         [  32% ] 2 VUs    0m39.0s/2m0s
steady_03_blackrock     [  32% ] 2 VUs    0m39.0s/2m0s
cooldown_01_atlassian • [   0% ] waiting  1m21.0s
cooldown_02_baidu     • [   0% ] waiting  1m21.0s
cooldown_03_blackrock • [   0% ] waiting  1m21.0s

running (1m10.0s), 06/12 VUs, 750 complete and 0 interrupted iterations
warmup_01_atlassian   ✓ [ 100% ] 0/2 VUs  30s
warmup_02_baidu       ✓ [ 100% ] 0/2 VUs  30s
warmup_03_blackrock   ✓ [ 100% ] 0/2 VUs  30s
steady_01_atlassian     [  33% ] 2 VUs    0m40.0s/2m0s
steady_02_baidu         [  33% ] 2 VUs    0m40.0s/2m0s
steady_03_blackrock     [  33% ] 2 VUs    0m40.0s/2m0s
cooldown_01_atlassian • [   0% ] waiting  1m20.0s
cooldown_02_baidu     • [   0% ] waiting  1m20.0s
cooldown_03_blackrock • [   0% ] waiting  1m20.0s

running (1m11.0s), 06/12 VUs, 764 complete and 0 interrupted iterations
warmup_01_atlassian   ✓ [ 100% ] 0/2 VUs  30s
warmup_02_baidu       ✓ [ 100% ] 0/2 VUs  30s
warmup_03_blackrock   ✓ [ 100% ] 0/2 VUs  30s
steady_01_atlassian     [  34% ] 2 VUs    0m41.0s/2m0s
steady_02_baidu         [  34% ] 2 VUs    0m41.0s/2m0s
steady_03_blackrock     [  34% ] 2 VUs    0m41.0s/2m0s
cooldown_01_atlassian • [   0% ] waiting  1m19.0s
cooldown_02_baidu     • [   0% ] waiting  1m19.0s
cooldown_03_blackrock • [   0% ] waiting  1m19.0s

running (1m12.0s), 06/12 VUs, 776 complete and 0 interrupted iterations
warmup_01_atlassian   ✓ [ 100% ] 0/2 VUs  30s
warmup_02_baidu       ✓ [ 100% ] 0/2 VUs  30s
warmup_03_blackrock   ✓ [ 100% ] 0/2 VUs  30s
steady_01_atlassian     [  35% ] 2 VUs    0m42.0s/2m0s
steady_02_baidu         [  35% ] 2 VUs    0m42.0s/2m0s
steady_03_blackrock     [  35% ] 2 VUs    0m42.0s/2m0s
cooldown_01_atlassian • [   0% ] waiting  1m18.0s
cooldown_02_baidu     • [   0% ] waiting  1m18.0s
cooldown_03_blackrock • [   0% ] waiting  1m18.0s

running (1m13.0s), 06/12 VUs, 794 complete and 0 interrupted iterations
warmup_01_atlassian   ✓ [ 100% ] 0/2 VUs  30s
warmup_02_baidu       ✓ [ 100% ] 0/2 VUs  30s
warmup_03_blackrock   ✓ [ 100% ] 0/2 VUs  30s
steady_01_atlassian     [  36% ] 2 VUs    0m43.0s/2m0s
steady_02_baidu         [  36% ] 2 VUs    0m43.0s/2m0s
steady_03_blackrock     [  36% ] 2 VUs    0m43.0s/2m0s
cooldown_01_atlassian • [   0% ] waiting  1m17.0s
cooldown_02_baidu     • [   0% ] waiting  1m17.0s
cooldown_03_blackrock • [   0% ] waiting  1m17.0s

running (1m14.0s), 06/12 VUs, 806 complete and 0 interrupted iterations
warmup_01_atlassian   ✓ [ 100% ] 0/2 VUs  30s
warmup_02_baidu       ✓ [ 100% ] 0/2 VUs  30s
warmup_03_blackrock   ✓ [ 100% ] 0/2 VUs  30s
steady_01_atlassian     [  37% ] 2 VUs    0m44.0s/2m0s
steady_02_baidu         [  37% ] 2 VUs    0m44.0s/2m0s
steady_03_blackrock     [  37% ] 2 VUs    0m44.0s/2m0s
cooldown_01_atlassian • [   0% ] waiting  1m16.0s
cooldown_02_baidu     • [   0% ] waiting  1m16.0s
cooldown_03_blackrock • [   0% ] waiting  1m16.0s

running (1m15.0s), 06/12 VUs, 818 complete and 0 interrupted iterations
warmup_01_atlassian   ✓ [ 100% ] 0/2 VUs  30s
warmup_02_baidu       ✓ [ 100% ] 0/2 VUs  30s
warmup_03_blackrock   ✓ [ 100% ] 0/2 VUs  30s
steady_01_atlassian     [  37% ] 2 VUs    0m45.0s/2m0s
steady_02_baidu         [  37% ] 2 VUs    0m45.0s/2m0s
steady_03_blackrock     [  37% ] 2 VUs    0m45.0s/2m0s
cooldown_01_atlassian • [   0% ] waiting  1m15.0s
cooldown_02_baidu     • [   0% ] waiting  1m15.0s
cooldown_03_blackrock • [   0% ] waiting  1m15.0s

running (1m16.0s), 06/12 VUs, 834 complete and 0 interrupted iterations
warmup_01_atlassian   ✓ [ 100% ] 0/2 VUs  30s
warmup_02_baidu       ✓ [ 100% ] 0/2 VUs  30s
warmup_03_blackrock   ✓ [ 100% ] 0/2 VUs  30s
steady_01_atlassian     [  38% ] 2 VUs    0m46.0s/2m0s
steady_02_baidu         [  38% ] 2 VUs    0m46.0s/2m0s
steady_03_blackrock     [  38% ] 2 VUs    0m46.0s/2m0s
cooldown_01_atlassian • [   0% ] waiting  1m14.0s
cooldown_02_baidu     • [   0% ] waiting  1m14.0s
cooldown_03_blackrock • [   0% ] waiting  1m14.0s

running (1m17.0s), 06/12 VUs, 848 complete and 0 interrupted iterations
warmup_01_atlassian   ✓ [ 100% ] 0/2 VUs  30s
warmup_02_baidu       ✓ [ 100% ] 0/2 VUs  30s
warmup_03_blackrock   ✓ [ 100% ] 0/2 VUs  30s
steady_01_atlassian     [  39% ] 2 VUs    0m47.0s/2m0s
steady_02_baidu         [  39% ] 2 VUs    0m47.0s/2m0s
steady_03_blackrock     [  39% ] 2 VUs    0m47.0s/2m0s
cooldown_01_atlassian • [   0% ] waiting  1m13.0s
cooldown_02_baidu     • [   0% ] waiting  1m13.0s
cooldown_03_blackrock • [   0% ] waiting  1m13.0s

running (1m18.0s), 06/12 VUs, 865 complete and 0 interrupted iterations
warmup_01_atlassian   ✓ [ 100% ] 0/2 VUs  30s
warmup_02_baidu       ✓ [ 100% ] 0/2 VUs  30s
warmup_03_blackrock   ✓ [ 100% ] 0/2 VUs  30s
steady_01_atlassian     [  40% ] 2 VUs    0m48.0s/2m0s
steady_02_baidu         [  40% ] 2 VUs    0m48.0s/2m0s
steady_03_blackrock     [  40% ] 2 VUs    0m48.0s/2m0s
cooldown_01_atlassian • [   0% ] waiting  1m12.0s
cooldown_02_baidu     • [   0% ] waiting  1m12.0s
cooldown_03_blackrock • [   0% ] waiting  1m12.0s

running (1m19.0s), 06/12 VUs, 882 complete and 0 interrupted iterations
warmup_01_atlassian   ✓ [ 100% ] 0/2 VUs  30s
warmup_02_baidu       ✓ [ 100% ] 0/2 VUs  30s
warmup_03_blackrock   ✓ [ 100% ] 0/2 VUs  30s
steady_01_atlassian     [  41% ] 2 VUs    0m49.0s/2m0s
steady_02_baidu         [  41% ] 2 VUs    0m49.0s/2m0s
steady_03_blackrock     [  41% ] 2 VUs    0m49.0s/2m0s
cooldown_01_atlassian • [   0% ] waiting  1m11.0s
cooldown_02_baidu     • [   0% ] waiting  1m11.0s
cooldown_03_blackrock • [   0% ] waiting  1m11.0s

running (1m20.0s), 06/12 VUs, 898 complete and 0 interrupted iterations
warmup_01_atlassian   ✓ [ 100% ] 0/2 VUs  30s
warmup_02_baidu       ✓ [ 100% ] 0/2 VUs  30s
warmup_03_blackrock   ✓ [ 100% ] 0/2 VUs  30s
steady_01_atlassian     [  42% ] 2 VUs    0m50.0s/2m0s
steady_02_baidu         [  42% ] 2 VUs    0m50.0s/2m0s
steady_03_blackrock     [  42% ] 2 VUs    0m50.0s/2m0s
cooldown_01_atlassian • [   0% ] waiting  1m10.0s
cooldown_02_baidu     • [   0% ] waiting  1m10.0s
cooldown_03_blackrock • [   0% ] waiting  1m10.0s

running (1m21.0s), 06/12 VUs, 914 complete and 0 interrupted iterations
warmup_01_atlassian   ✓ [ 100% ] 0/2 VUs  30s
warmup_02_baidu       ✓ [ 100% ] 0/2 VUs  30s
warmup_03_blackrock   ✓ [ 100% ] 0/2 VUs  30s
steady_01_atlassian     [  42% ] 2 VUs    0m51.0s/2m0s
steady_02_baidu         [  42% ] 2 VUs    0m51.0s/2m0s
steady_03_blackrock     [  42% ] 2 VUs    0m51.0s/2m0s
cooldown_01_atlassian • [   0% ] waiting  1m09.0s
cooldown_02_baidu     • [   0% ] waiting  1m09.0s
cooldown_03_blackrock • [   0% ] waiting  1m09.0s

running (1m22.0s), 06/12 VUs, 933 complete and 0 interrupted iterations
warmup_01_atlassian   ✓ [ 100% ] 0/2 VUs  30s
warmup_02_baidu       ✓ [ 100% ] 0/2 VUs  30s
warmup_03_blackrock   ✓ [ 100% ] 0/2 VUs  30s
steady_01_atlassian     [  43% ] 2 VUs    0m52.0s/2m0s
steady_02_baidu         [  43% ] 2 VUs    0m52.0s/2m0s
steady_03_blackrock     [  43% ] 2 VUs    0m52.0s/2m0s
cooldown_01_atlassian • [   0% ] waiting  1m08.0s
cooldown_02_baidu     • [   0% ] waiting  1m08.0s
cooldown_03_blackrock • [   0% ] waiting  1m08.0s

running (1m23.0s), 06/12 VUs, 948 complete and 0 interrupted iterations
warmup_01_atlassian   ✓ [ 100% ] 0/2 VUs  30s
warmup_02_baidu       ✓ [ 100% ] 0/2 VUs  30s
warmup_03_blackrock   ✓ [ 100% ] 0/2 VUs  30s
steady_01_atlassian     [  44% ] 2 VUs    0m53.0s/2m0s
steady_02_baidu         [  44% ] 2 VUs    0m53.0s/2m0s
steady_03_blackrock     [  44% ] 2 VUs    0m53.0s/2m0s
cooldown_01_atlassian • [   0% ] waiting  1m07.0s
cooldown_02_baidu     • [   0% ] waiting  1m07.0s
cooldown_03_blackrock • [   0% ] waiting  1m07.0s

running (1m24.0s), 06/12 VUs, 966 complete and 0 interrupted iterations
warmup_01_atlassian   ✓ [ 100% ] 0/2 VUs  30s
warmup_02_baidu       ✓ [ 100% ] 0/2 VUs  30s
warmup_03_blackrock   ✓ [ 100% ] 0/2 VUs  30s
steady_01_atlassian     [  45% ] 2 VUs    0m54.0s/2m0s
steady_02_baidu         [  45% ] 2 VUs    0m54.0s/2m0s
steady_03_blackrock     [  45% ] 2 VUs    0m54.0s/2m0s
cooldown_01_atlassian • [   0% ] waiting  1m06.0s
cooldown_02_baidu     • [   0% ] waiting  1m06.0s
cooldown_03_blackrock • [   0% ] waiting  1m06.0s

running (1m25.0s), 06/12 VUs, 982 complete and 0 interrupted iterations
warmup_01_atlassian   ✓ [ 100% ] 0/2 VUs  30s
warmup_02_baidu       ✓ [ 100% ] 0/2 VUs  30s
warmup_03_blackrock   ✓ [ 100% ] 0/2 VUs  30s
steady_01_atlassian     [  46% ] 2 VUs    0m55.0s/2m0s
steady_02_baidu         [  46% ] 2 VUs    0m55.0s/2m0s
steady_03_blackrock     [  46% ] 2 VUs    0m55.0s/2m0s
cooldown_01_atlassian • [   0% ] waiting  1m05.0s
cooldown_02_baidu     • [   0% ] waiting  1m05.0s
cooldown_03_blackrock • [   0% ] waiting  1m05.0s

running (1m26.0s), 06/12 VUs, 1002 complete and 0 interrupted iterations
warmup_01_atlassian   ✓ [ 100% ] 0/2 VUs  30s
warmup_02_baidu       ✓ [ 100% ] 0/2 VUs  30s
warmup_03_blackrock   ✓ [ 100% ] 0/2 VUs  30s
steady_01_atlassian     [  47% ] 2 VUs    0m56.0s/2m0s
steady_02_baidu         [  47% ] 2 VUs    0m56.0s/2m0s
steady_03_blackrock     [  47% ] 2 VUs    0m56.0s/2m0s
cooldown_01_atlassian • [   0% ] waiting  1m04.0s
cooldown_02_baidu     • [   0% ] waiting  1m04.0s
cooldown_03_blackrock • [   0% ] waiting  1m04.0s

running (1m27.0s), 06/12 VUs, 1019 complete and 0 interrupted iterations
warmup_01_atlassian   ✓ [ 100% ] 0/2 VUs  30s
warmup_02_baidu       ✓ [ 100% ] 0/2 VUs  30s
warmup_03_blackrock   ✓ [ 100% ] 0/2 VUs  30s
steady_01_atlassian     [  47% ] 2 VUs    0m57.0s/2m0s
steady_02_baidu         [  47% ] 2 VUs    0m57.0s/2m0s
steady_03_blackrock     [  47% ] 2 VUs    0m57.0s/2m0s
cooldown_01_atlassian • [   0% ] waiting  1m03.0s
cooldown_02_baidu     • [   0% ] waiting  1m03.0s
cooldown_03_blackrock • [   0% ] waiting  1m03.0s

running (1m28.0s), 06/12 VUs, 1038 complete and 0 interrupted iterations
warmup_01_atlassian   ✓ [ 100% ] 0/2 VUs  30s
warmup_02_baidu       ✓ [ 100% ] 0/2 VUs  30s
warmup_03_blackrock   ✓ [ 100% ] 0/2 VUs  30s
steady_01_atlassian     [  48% ] 2 VUs    0m58.0s/2m0s
steady_02_baidu         [  48% ] 2 VUs    0m58.0s/2m0s
steady_03_blackrock     [  48% ] 2 VUs    0m58.0s/2m0s
cooldown_01_atlassian • [   0% ] waiting  1m02.0s
cooldown_02_baidu     • [   0% ] waiting  1m02.0s
cooldown_03_blackrock • [   0% ] waiting  1m02.0s

running (1m29.0s), 06/12 VUs, 1056 complete and 0 interrupted iterations
warmup_01_atlassian   ✓ [ 100% ] 0/2 VUs  30s
warmup_02_baidu       ✓ [ 100% ] 0/2 VUs  30s
warmup_03_blackrock   ✓ [ 100% ] 0/2 VUs  30s
steady_01_atlassian     [  49% ] 2 VUs    0m59.0s/2m0s
steady_02_baidu         [  49% ] 2 VUs    0m59.0s/2m0s
steady_03_blackrock     [  49% ] 2 VUs    0m59.0s/2m0s
cooldown_01_atlassian • [   0% ] waiting  1m01.0s
cooldown_02_baidu     • [   0% ] waiting  1m01.0s
cooldown_03_blackrock • [   0% ] waiting  1m01.0s

running (1m30.0s), 06/12 VUs, 1073 complete and 0 interrupted iterations
warmup_01_atlassian   ✓ [ 100% ] 0/2 VUs  30s
warmup_02_baidu       ✓ [ 100% ] 0/2 VUs  30s
warmup_03_blackrock   ✓ [ 100% ] 0/2 VUs  30s
steady_01_atlassian     [  50% ] 2 VUs    1m00.0s/2m0s
steady_02_baidu         [  50% ] 2 VUs    1m00.0s/2m0s
steady_03_blackrock     [  50% ] 2 VUs    1m00.0s/2m0s
cooldown_01_atlassian • [   0% ] waiting  1m00.0s
cooldown_02_baidu     • [   0% ] waiting  1m00.0s
cooldown_03_blackrock • [   0% ] waiting  1m00.0s

running (1m31.0s), 06/12 VUs, 1090 complete and 0 interrupted iterations
warmup_01_atlassian   ✓ [ 100% ] 0/2 VUs  30s
warmup_02_baidu       ✓ [ 100% ] 0/2 VUs  30s
warmup_03_blackrock   ✓ [ 100% ] 0/2 VUs  30s
steady_01_atlassian     [  51% ] 2 VUs    1m01.0s/2m0s
steady_02_baidu         [  51% ] 2 VUs    1m01.0s/2m0s
steady_03_blackrock     [  51% ] 2 VUs    1m01.0s/2m0s
cooldown_01_atlassian • [   0% ] waiting  0m59.0s
cooldown_02_baidu     • [   0% ] waiting  0m59.0s
cooldown_03_blackrock • [   0% ] waiting  0m59.0s

running (1m32.0s), 06/12 VUs, 1106 complete and 0 interrupted iterations
warmup_01_atlassian   ✓ [ 100% ] 0/2 VUs  30s
warmup_02_baidu       ✓ [ 100% ] 0/2 VUs  30s
warmup_03_blackrock   ✓ [ 100% ] 0/2 VUs  30s
steady_01_atlassian     [  52% ] 2 VUs    1m02.0s/2m0s
steady_02_baidu         [  52% ] 2 VUs    1m02.0s/2m0s
steady_03_blackrock     [  52% ] 2 VUs    1m02.0s/2m0s
cooldown_01_atlassian • [   0% ] waiting  0m58.0s
cooldown_02_baidu     • [   0% ] waiting  0m58.0s
cooldown_03_blackrock • [   0% ] waiting  0m58.0s

running (1m33.0s), 06/12 VUs, 1121 complete and 0 interrupted iterations
warmup_01_atlassian   ✓ [ 100% ] 0/2 VUs  30s
warmup_02_baidu       ✓ [ 100% ] 0/2 VUs  30s
warmup_03_blackrock   ✓ [ 100% ] 0/2 VUs  30s
steady_01_atlassian     [  52% ] 2 VUs    1m03.0s/2m0s
steady_02_baidu         [  52% ] 2 VUs    1m03.0s/2m0s
steady_03_blackrock     [  52% ] 2 VUs    1m03.0s/2m0s
cooldown_01_atlassian • [   0% ] waiting  0m57.0s
cooldown_02_baidu     • [   0% ] waiting  0m57.0s
cooldown_03_blackrock • [   0% ] waiting  0m57.0s

running (1m34.0s), 06/12 VUs, 1138 complete and 0 interrupted iterations
warmup_01_atlassian   ✓ [ 100% ] 0/2 VUs  30s
warmup_02_baidu       ✓ [ 100% ] 0/2 VUs  30s
warmup_03_blackrock   ✓ [ 100% ] 0/2 VUs  30s
steady_01_atlassian     [  53% ] 2 VUs    1m04.0s/2m0s
steady_02_baidu         [  53% ] 2 VUs    1m04.0s/2m0s
steady_03_blackrock     [  53% ] 2 VUs    1m04.0s/2m0s
cooldown_01_atlassian • [   0% ] waiting  0m56.0s
cooldown_02_baidu     • [   0% ] waiting  0m56.0s
cooldown_03_blackrock • [   0% ] waiting  0m56.0s

running (1m35.0s), 06/12 VUs, 1154 complete and 0 interrupted iterations
warmup_01_atlassian   ✓ [ 100% ] 0/2 VUs  30s
warmup_02_baidu       ✓ [ 100% ] 0/2 VUs  30s
warmup_03_blackrock   ✓ [ 100% ] 0/2 VUs  30s
steady_01_atlassian     [  54% ] 2 VUs    1m05.0s/2m0s
steady_02_baidu         [  54% ] 2 VUs    1m05.0s/2m0s
steady_03_blackrock     [  54% ] 2 VUs    1m05.0s/2m0s
cooldown_01_atlassian • [   0% ] waiting  0m55.0s
cooldown_02_baidu     • [   0% ] waiting  0m55.0s
cooldown_03_blackrock • [   0% ] waiting  0m55.0s

running (1m36.0s), 06/12 VUs, 1172 complete and 0 interrupted iterations
warmup_01_atlassian   ✓ [ 100% ] 0/2 VUs  30s
warmup_02_baidu       ✓ [ 100% ] 0/2 VUs  30s
warmup_03_blackrock   ✓ [ 100% ] 0/2 VUs  30s
steady_01_atlassian     [  55% ] 2 VUs    1m06.0s/2m0s
steady_02_baidu         [  55% ] 2 VUs    1m06.0s/2m0s
steady_03_blackrock     [  55% ] 2 VUs    1m06.0s/2m0s
cooldown_01_atlassian • [   0% ] waiting  0m54.0s
cooldown_02_baidu     • [   0% ] waiting  0m54.0s
cooldown_03_blackrock • [   0% ] waiting  0m54.0s

running (1m37.0s), 06/12 VUs, 1187 complete and 0 interrupted iterations
warmup_01_atlassian   ✓ [ 100% ] 0/2 VUs  30s
warmup_02_baidu       ✓ [ 100% ] 0/2 VUs  30s
warmup_03_blackrock   ✓ [ 100% ] 0/2 VUs  30s
steady_01_atlassian     [  56% ] 2 VUs    1m07.0s/2m0s
steady_02_baidu         [  56% ] 2 VUs    1m07.0s/2m0s
steady_03_blackrock     [  56% ] 2 VUs    1m07.0s/2m0s
cooldown_01_atlassian • [   0% ] waiting  0m53.0s
cooldown_02_baidu     • [   0% ] waiting  0m53.0s
cooldown_03_blackrock • [   0% ] waiting  0m53.0s

running (1m38.0s), 06/12 VUs, 1205 complete and 0 interrupted iterations
warmup_01_atlassian   ✓ [ 100% ] 0/2 VUs  30s
warmup_02_baidu       ✓ [ 100% ] 0/2 VUs  30s
warmup_03_blackrock   ✓ [ 100% ] 0/2 VUs  30s
steady_01_atlassian     [  57% ] 2 VUs    1m08.0s/2m0s
steady_02_baidu         [  57% ] 2 VUs    1m08.0s/2m0s
steady_03_blackrock     [  57% ] 2 VUs    1m08.0s/2m0s
cooldown_01_atlassian • [   0% ] waiting  0m52.0s
cooldown_02_baidu     • [   0% ] waiting  0m52.0s
cooldown_03_blackrock • [   0% ] waiting  0m52.0s

running (1m39.0s), 06/12 VUs, 1220 complete and 0 interrupted iterations
warmup_01_atlassian   ✓ [ 100% ] 0/2 VUs  30s
warmup_02_baidu       ✓ [ 100% ] 0/2 VUs  30s
warmup_03_blackrock   ✓ [ 100% ] 0/2 VUs  30s
steady_01_atlassian     [  57% ] 2 VUs    1m09.0s/2m0s
steady_02_baidu         [  57% ] 2 VUs    1m09.0s/2m0s
steady_03_blackrock     [  57% ] 2 VUs    1m09.0s/2m0s
cooldown_01_atlassian • [   0% ] waiting  0m51.0s
cooldown_02_baidu     • [   0% ] waiting  0m51.0s
cooldown_03_blackrock • [   0% ] waiting  0m51.0s

running (1m40.0s), 06/12 VUs, 1236 complete and 0 interrupted iterations
warmup_01_atlassian   ✓ [ 100% ] 0/2 VUs  30s
warmup_02_baidu       ✓ [ 100% ] 0/2 VUs  30s
warmup_03_blackrock   ✓ [ 100% ] 0/2 VUs  30s
steady_01_atlassian     [  58% ] 2 VUs    1m10.0s/2m0s
steady_02_baidu         [  58% ] 2 VUs    1m10.0s/2m0s
steady_03_blackrock     [  58% ] 2 VUs    1m10.0s/2m0s
cooldown_01_atlassian • [   0% ] waiting  0m50.0s
cooldown_02_baidu     • [   0% ] waiting  0m50.0s
cooldown_03_blackrock • [   0% ] waiting  0m50.0s

running (1m41.0s), 06/12 VUs, 1252 complete and 0 interrupted iterations
warmup_01_atlassian   ✓ [ 100% ] 0/2 VUs  30s
warmup_02_baidu       ✓ [ 100% ] 0/2 VUs  30s
warmup_03_blackrock   ✓ [ 100% ] 0/2 VUs  30s
steady_01_atlassian     [  59% ] 2 VUs    1m11.0s/2m0s
steady_02_baidu         [  59% ] 2 VUs    1m11.0s/2m0s
steady_03_blackrock     [  59% ] 2 VUs    1m11.0s/2m0s
cooldown_01_atlassian • [   0% ] waiting  0m49.0s
cooldown_02_baidu     • [   0% ] waiting  0m49.0s
cooldown_03_blackrock • [   0% ] waiting  0m49.0s

running (1m42.0s), 06/12 VUs, 1268 complete and 0 interrupted iterations
warmup_01_atlassian   ✓ [ 100% ] 0/2 VUs  30s
warmup_02_baidu       ✓ [ 100% ] 0/2 VUs  30s
warmup_03_blackrock   ✓ [ 100% ] 0/2 VUs  30s
steady_01_atlassian     [  60% ] 2 VUs    1m12.0s/2m0s
steady_02_baidu         [  60% ] 2 VUs    1m12.0s/2m0s
steady_03_blackrock     [  60% ] 2 VUs    1m12.0s/2m0s
cooldown_01_atlassian • [   0% ] waiting  0m48.0s
cooldown_02_baidu     • [   0% ] waiting  0m48.0s
cooldown_03_blackrock • [   0% ] waiting  0m48.0s

running (1m43.0s), 06/12 VUs, 1285 complete and 0 interrupted iterations
warmup_01_atlassian   ✓ [ 100% ] 0/2 VUs  30s
warmup_02_baidu       ✓ [ 100% ] 0/2 VUs  30s
warmup_03_blackrock   ✓ [ 100% ] 0/2 VUs  30s
steady_01_atlassian     [  61% ] 2 VUs    1m13.0s/2m0s
steady_02_baidu         [  61% ] 2 VUs    1m13.0s/2m0s
steady_03_blackrock     [  61% ] 2 VUs    1m13.0s/2m0s
cooldown_01_atlassian • [   0% ] waiting  0m47.0s
cooldown_02_baidu     • [   0% ] waiting  0m47.0s
cooldown_03_blackrock • [   0% ] waiting  0m47.0s

running (1m44.0s), 06/12 VUs, 1301 complete and 0 interrupted iterations
warmup_01_atlassian   ✓ [ 100% ] 0/2 VUs  30s
warmup_02_baidu       ✓ [ 100% ] 0/2 VUs  30s
warmup_03_blackrock   ✓ [ 100% ] 0/2 VUs  30s
steady_01_atlassian     [  62% ] 2 VUs    1m14.0s/2m0s
steady_02_baidu         [  62% ] 2 VUs    1m14.0s/2m0s
steady_03_blackrock     [  62% ] 2 VUs    1m14.0s/2m0s
cooldown_01_atlassian • [   0% ] waiting  0m46.0s
cooldown_02_baidu     • [   0% ] waiting  0m46.0s
cooldown_03_blackrock • [   0% ] waiting  0m46.0s

running (1m45.0s), 06/12 VUs, 1318 complete and 0 interrupted iterations
warmup_01_atlassian   ✓ [ 100% ] 0/2 VUs  30s
warmup_02_baidu       ✓ [ 100% ] 0/2 VUs  30s
warmup_03_blackrock   ✓ [ 100% ] 0/2 VUs  30s
steady_01_atlassian     [  62% ] 2 VUs    1m15.0s/2m0s
steady_02_baidu         [  62% ] 2 VUs    1m15.0s/2m0s
steady_03_blackrock     [  62% ] 2 VUs    1m15.0s/2m0s
cooldown_01_atlassian • [   0% ] waiting  0m45.0s
cooldown_02_baidu     • [   0% ] waiting  0m45.0s
cooldown_03_blackrock • [   0% ] waiting  0m45.0s

running (1m46.0s), 06/12 VUs, 1334 complete and 0 interrupted iterations
warmup_01_atlassian   ✓ [ 100% ] 0/2 VUs  30s
warmup_02_baidu       ✓ [ 100% ] 0/2 VUs  30s
warmup_03_blackrock   ✓ [ 100% ] 0/2 VUs  30s
steady_01_atlassian     [  63% ] 2 VUs    1m16.0s/2m0s
steady_02_baidu         [  63% ] 2 VUs    1m16.0s/2m0s
steady_03_blackrock     [  63% ] 2 VUs    1m16.0s/2m0s
cooldown_01_atlassian • [   0% ] waiting  0m44.0s
cooldown_02_baidu     • [   0% ] waiting  0m44.0s
cooldown_03_blackrock • [   0% ] waiting  0m44.0s

running (1m47.0s), 06/12 VUs, 1351 complete and 0 interrupted iterations
warmup_01_atlassian   ✓ [ 100% ] 0/2 VUs  30s
warmup_02_baidu       ✓ [ 100% ] 0/2 VUs  30s
warmup_03_blackrock   ✓ [ 100% ] 0/2 VUs  30s
steady_01_atlassian     [  64% ] 2 VUs    1m17.0s/2m0s
steady_02_baidu         [  64% ] 2 VUs    1m17.0s/2m0s
steady_03_blackrock     [  64% ] 2 VUs    1m17.0s/2m0s
cooldown_01_atlassian • [   0% ] waiting  0m43.0s
cooldown_02_baidu     • [   0% ] waiting  0m43.0s
cooldown_03_blackrock • [   0% ] waiting  0m43.0s

running (1m48.0s), 06/12 VUs, 1367 complete and 0 interrupted iterations
warmup_01_atlassian   ✓ [ 100% ] 0/2 VUs  30s
warmup_02_baidu       ✓ [ 100% ] 0/2 VUs  30s
warmup_03_blackrock   ✓ [ 100% ] 0/2 VUs  30s
steady_01_atlassian     [  65% ] 2 VUs    1m18.0s/2m0s
steady_02_baidu         [  65% ] 2 VUs    1m18.0s/2m0s
steady_03_blackrock     [  65% ] 2 VUs    1m18.0s/2m0s
cooldown_01_atlassian • [   0% ] waiting  0m42.0s
cooldown_02_baidu     • [   0% ] waiting  0m42.0s
cooldown_03_blackrock • [   0% ] waiting  0m42.0s

running (1m49.0s), 06/12 VUs, 1384 complete and 0 interrupted iterations
warmup_01_atlassian   ✓ [ 100% ] 0/2 VUs  30s
warmup_02_baidu       ✓ [ 100% ] 0/2 VUs  30s
warmup_03_blackrock   ✓ [ 100% ] 0/2 VUs  30s
steady_01_atlassian     [  66% ] 2 VUs    1m19.0s/2m0s
steady_02_baidu         [  66% ] 2 VUs    1m19.0s/2m0s
steady_03_blackrock     [  66% ] 2 VUs    1m19.0s/2m0s
cooldown_01_atlassian • [   0% ] waiting  0m41.0s
cooldown_02_baidu     • [   0% ] waiting  0m41.0s
cooldown_03_blackrock • [   0% ] waiting  0m41.0s

running (1m50.0s), 06/12 VUs, 1401 complete and 0 interrupted iterations
warmup_01_atlassian   ✓ [ 100% ] 0/2 VUs  30s
warmup_02_baidu       ✓ [ 100% ] 0/2 VUs  30s
warmup_03_blackrock   ✓ [ 100% ] 0/2 VUs  30s
steady_01_atlassian     [  67% ] 2 VUs    1m20.0s/2m0s
steady_02_baidu         [  67% ] 2 VUs    1m20.0s/2m0s
steady_03_blackrock     [  67% ] 2 VUs    1m20.0s/2m0s
cooldown_01_atlassian • [   0% ] waiting  0m40.0s
cooldown_02_baidu     • [   0% ] waiting  0m40.0s
cooldown_03_blackrock • [   0% ] waiting  0m40.0s

running (1m51.0s), 06/12 VUs, 1419 complete and 0 interrupted iterations
warmup_01_atlassian   ✓ [ 100% ] 0/2 VUs  30s
warmup_02_baidu       ✓ [ 100% ] 0/2 VUs  30s
warmup_03_blackrock   ✓ [ 100% ] 0/2 VUs  30s
steady_01_atlassian     [  67% ] 2 VUs    1m21.0s/2m0s
steady_02_baidu         [  67% ] 2 VUs    1m21.0s/2m0s
steady_03_blackrock     [  67% ] 2 VUs    1m21.0s/2m0s
cooldown_01_atlassian • [   0% ] waiting  0m39.0s
cooldown_02_baidu     • [   0% ] waiting  0m39.0s
cooldown_03_blackrock • [   0% ] waiting  0m39.0s

running (1m52.0s), 06/12 VUs, 1437 complete and 0 interrupted iterations
warmup_01_atlassian   ✓ [ 100% ] 0/2 VUs  30s
warmup_02_baidu       ✓ [ 100% ] 0/2 VUs  30s
warmup_03_blackrock   ✓ [ 100% ] 0/2 VUs  30s
steady_01_atlassian     [  68% ] 2 VUs    1m22.0s/2m0s
steady_02_baidu         [  68% ] 2 VUs    1m22.0s/2m0s
steady_03_blackrock     [  68% ] 2 VUs    1m22.0s/2m0s
cooldown_01_atlassian • [   0% ] waiting  0m38.0s
cooldown_02_baidu     • [   0% ] waiting  0m38.0s
cooldown_03_blackrock • [   0% ] waiting  0m38.0s

running (1m53.0s), 06/12 VUs, 1454 complete and 0 interrupted iterations
warmup_01_atlassian   ✓ [ 100% ] 0/2 VUs  30s
warmup_02_baidu       ✓ [ 100% ] 0/2 VUs  30s
warmup_03_blackrock   ✓ [ 100% ] 0/2 VUs  30s
steady_01_atlassian     [  69% ] 2 VUs    1m23.0s/2m0s
steady_02_baidu         [  69% ] 2 VUs    1m23.0s/2m0s
steady_03_blackrock     [  69% ] 2 VUs    1m23.0s/2m0s
cooldown_01_atlassian • [   0% ] waiting  0m37.0s
cooldown_02_baidu     • [   0% ] waiting  0m37.0s
cooldown_03_blackrock • [   0% ] waiting  0m37.0s

running (1m54.0s), 06/12 VUs, 1473 complete and 0 interrupted iterations
warmup_01_atlassian   ✓ [ 100% ] 0/2 VUs  30s
warmup_02_baidu       ✓ [ 100% ] 0/2 VUs  30s
warmup_03_blackrock   ✓ [ 100% ] 0/2 VUs  30s
steady_01_atlassian     [  70% ] 2 VUs    1m24.0s/2m0s
steady_02_baidu         [  70% ] 2 VUs    1m24.0s/2m0s
steady_03_blackrock     [  70% ] 2 VUs    1m24.0s/2m0s
cooldown_01_atlassian • [   0% ] waiting  0m36.0s
cooldown_02_baidu     • [   0% ] waiting  0m36.0s
cooldown_03_blackrock • [   0% ] waiting  0m36.0s

running (1m55.0s), 06/12 VUs, 1490 complete and 0 interrupted iterations
warmup_01_atlassian   ✓ [ 100% ] 0/2 VUs  30s
warmup_02_baidu       ✓ [ 100% ] 0/2 VUs  30s
warmup_03_blackrock   ✓ [ 100% ] 0/2 VUs  30s
steady_01_atlassian     [  71% ] 2 VUs    1m25.0s/2m0s
steady_02_baidu         [  71% ] 2 VUs    1m25.0s/2m0s
steady_03_blackrock     [  71% ] 2 VUs    1m25.0s/2m0s
cooldown_01_atlassian • [   0% ] waiting  0m35.0s
cooldown_02_baidu     • [   0% ] waiting  0m35.0s
cooldown_03_blackrock • [   0% ] waiting  0m35.0s

running (1m56.0s), 06/12 VUs, 1509 complete and 0 interrupted iterations
warmup_01_atlassian   ✓ [ 100% ] 0/2 VUs  30s
warmup_02_baidu       ✓ [ 100% ] 0/2 VUs  30s
warmup_03_blackrock   ✓ [ 100% ] 0/2 VUs  30s
steady_01_atlassian     [  72% ] 2 VUs    1m26.0s/2m0s
steady_02_baidu         [  72% ] 2 VUs    1m26.0s/2m0s
steady_03_blackrock     [  72% ] 2 VUs    1m26.0s/2m0s
cooldown_01_atlassian • [   0% ] waiting  0m34.0s
cooldown_02_baidu     • [   0% ] waiting  0m34.0s
cooldown_03_blackrock • [   0% ] waiting  0m34.0s

running (1m57.0s), 06/12 VUs, 1526 complete and 0 interrupted iterations
warmup_01_atlassian   ✓ [ 100% ] 0/2 VUs  30s
warmup_02_baidu       ✓ [ 100% ] 0/2 VUs  30s
warmup_03_blackrock   ✓ [ 100% ] 0/2 VUs  30s
steady_01_atlassian     [  72% ] 2 VUs    1m27.0s/2m0s
steady_02_baidu         [  72% ] 2 VUs    1m27.0s/2m0s
steady_03_blackrock     [  72% ] 2 VUs    1m27.0s/2m0s
cooldown_01_atlassian • [   0% ] waiting  0m33.0s
cooldown_02_baidu     • [   0% ] waiting  0m33.0s
cooldown_03_blackrock • [   0% ] waiting  0m33.0s

running (1m58.0s), 06/12 VUs, 1545 complete and 0 interrupted iterations
warmup_01_atlassian   ✓ [ 100% ] 0/2 VUs  30s
warmup_02_baidu       ✓ [ 100% ] 0/2 VUs  30s
warmup_03_blackrock   ✓ [ 100% ] 0/2 VUs  30s
steady_01_atlassian     [  73% ] 2 VUs    1m28.0s/2m0s
steady_02_baidu         [  73% ] 2 VUs    1m28.0s/2m0s
steady_03_blackrock     [  73% ] 2 VUs    1m28.0s/2m0s
cooldown_01_atlassian • [   0% ] waiting  0m32.0s
cooldown_02_baidu     • [   0% ] waiting  0m32.0s
cooldown_03_blackrock • [   0% ] waiting  0m32.0s

running (1m59.0s), 06/12 VUs, 1561 complete and 0 interrupted iterations
warmup_01_atlassian   ✓ [ 100% ] 0/2 VUs  30s
warmup_02_baidu       ✓ [ 100% ] 0/2 VUs  30s
warmup_03_blackrock   ✓ [ 100% ] 0/2 VUs  30s
steady_01_atlassian     [  74% ] 2 VUs    1m29.0s/2m0s
steady_02_baidu         [  74% ] 2 VUs    1m29.0s/2m0s
steady_03_blackrock     [  74% ] 2 VUs    1m29.0s/2m0s
cooldown_01_atlassian • [   0% ] waiting  0m31.0s
cooldown_02_baidu     • [   0% ] waiting  0m31.0s
cooldown_03_blackrock • [   0% ] waiting  0m31.0s

running (2m00.0s), 06/12 VUs, 1580 complete and 0 interrupted iterations
warmup_01_atlassian   ✓ [ 100% ] 0/2 VUs  30s
warmup_02_baidu       ✓ [ 100% ] 0/2 VUs  30s
warmup_03_blackrock   ✓ [ 100% ] 0/2 VUs  30s
steady_01_atlassian     [  75% ] 2 VUs    1m30.0s/2m0s
steady_02_baidu         [  75% ] 2 VUs    1m30.0s/2m0s
steady_03_blackrock     [  75% ] 2 VUs    1m30.0s/2m0s
cooldown_01_atlassian • [   0% ] waiting  0m30.0s
cooldown_02_baidu     • [   0% ] waiting  0m30.0s
cooldown_03_blackrock • [   0% ] waiting  0m30.0s

running (2m01.0s), 06/12 VUs, 1594 complete and 0 interrupted iterations
warmup_01_atlassian   ✓ [ 100% ] 0/2 VUs  30s
warmup_02_baidu       ✓ [ 100% ] 0/2 VUs  30s
warmup_03_blackrock   ✓ [ 100% ] 0/2 VUs  30s
steady_01_atlassian     [  76% ] 2 VUs    1m31.0s/2m0s
steady_02_baidu         [  76% ] 2 VUs    1m31.0s/2m0s
steady_03_blackrock     [  76% ] 2 VUs    1m31.0s/2m0s
cooldown_01_atlassian • [   0% ] waiting  0m29.0s
cooldown_02_baidu     • [   0% ] waiting  0m29.0s
cooldown_03_blackrock • [   0% ] waiting  0m29.0s

running (2m02.0s), 06/12 VUs, 1613 complete and 0 interrupted iterations
warmup_01_atlassian   ✓ [ 100% ] 0/2 VUs  30s
warmup_02_baidu       ✓ [ 100% ] 0/2 VUs  30s
warmup_03_blackrock   ✓ [ 100% ] 0/2 VUs  30s
steady_01_atlassian     [  77% ] 2 VUs    1m32.0s/2m0s
steady_02_baidu         [  77% ] 2 VUs    1m32.0s/2m0s
steady_03_blackrock     [  77% ] 2 VUs    1m32.0s/2m0s
cooldown_01_atlassian • [   0% ] waiting  0m28.0s
cooldown_02_baidu     • [   0% ] waiting  0m28.0s
cooldown_03_blackrock • [   0% ] waiting  0m28.0s

running (2m03.0s), 06/12 VUs, 1627 complete and 0 interrupted iterations
warmup_01_atlassian   ✓ [ 100% ] 0/2 VUs  30s
warmup_02_baidu       ✓ [ 100% ] 0/2 VUs  30s
warmup_03_blackrock   ✓ [ 100% ] 0/2 VUs  30s
steady_01_atlassian     [  77% ] 2 VUs    1m33.0s/2m0s
steady_02_baidu         [  77% ] 2 VUs    1m33.0s/2m0s
steady_03_blackrock     [  77% ] 2 VUs    1m33.0s/2m0s
cooldown_01_atlassian • [   0% ] waiting  0m27.0s
cooldown_02_baidu     • [   0% ] waiting  0m27.0s
cooldown_03_blackrock • [   0% ] waiting  0m27.0s

running (2m04.0s), 06/12 VUs, 1645 complete and 0 interrupted iterations
warmup_01_atlassian   ✓ [ 100% ] 0/2 VUs  30s
warmup_02_baidu       ✓ [ 100% ] 0/2 VUs  30s
warmup_03_blackrock   ✓ [ 100% ] 0/2 VUs  30s
steady_01_atlassian     [  78% ] 2 VUs    1m34.0s/2m0s
steady_02_baidu         [  78% ] 2 VUs    1m34.0s/2m0s
steady_03_blackrock     [  78% ] 2 VUs    1m34.0s/2m0s
cooldown_01_atlassian • [   0% ] waiting  0m26.0s
cooldown_02_baidu     • [   0% ] waiting  0m26.0s
cooldown_03_blackrock • [   0% ] waiting  0m26.0s

running (2m05.0s), 06/12 VUs, 1658 complete and 0 interrupted iterations
warmup_01_atlassian   ✓ [ 100% ] 0/2 VUs  30s
warmup_02_baidu       ✓ [ 100% ] 0/2 VUs  30s
warmup_03_blackrock   ✓ [ 100% ] 0/2 VUs  30s
steady_01_atlassian     [  79% ] 2 VUs    1m35.0s/2m0s
steady_02_baidu         [  79% ] 2 VUs    1m35.0s/2m0s
steady_03_blackrock     [  79% ] 2 VUs    1m35.0s/2m0s
cooldown_01_atlassian • [   0% ] waiting  0m25.0s
cooldown_02_baidu     • [   0% ] waiting  0m25.0s
cooldown_03_blackrock • [   0% ] waiting  0m25.0s

running (2m06.0s), 06/12 VUs, 1672 complete and 0 interrupted iterations
warmup_01_atlassian   ✓ [ 100% ] 0/2 VUs  30s
warmup_02_baidu       ✓ [ 100% ] 0/2 VUs  30s
warmup_03_blackrock   ✓ [ 100% ] 0/2 VUs  30s
steady_01_atlassian     [  80% ] 2 VUs    1m36.0s/2m0s
steady_02_baidu         [  80% ] 2 VUs    1m36.0s/2m0s
steady_03_blackrock     [  80% ] 2 VUs    1m36.0s/2m0s
cooldown_01_atlassian • [   0% ] waiting  0m24.0s
cooldown_02_baidu     • [   0% ] waiting  0m24.0s
cooldown_03_blackrock • [   0% ] waiting  0m24.0s

running (2m07.0s), 06/12 VUs, 1689 complete and 0 interrupted iterations
warmup_01_atlassian   ✓ [ 100% ] 0/2 VUs  30s
warmup_02_baidu       ✓ [ 100% ] 0/2 VUs  30s
warmup_03_blackrock   ✓ [ 100% ] 0/2 VUs  30s
steady_01_atlassian     [  81% ] 2 VUs    1m37.0s/2m0s
steady_02_baidu         [  81% ] 2 VUs    1m37.0s/2m0s
steady_03_blackrock     [  81% ] 2 VUs    1m37.0s/2m0s
cooldown_01_atlassian • [   0% ] waiting  0m23.0s
cooldown_02_baidu     • [   0% ] waiting  0m23.0s
cooldown_03_blackrock • [   0% ] waiting  0m23.0s

running (2m08.0s), 06/12 VUs, 1703 complete and 0 interrupted iterations
warmup_01_atlassian   ✓ [ 100% ] 0/2 VUs  30s
warmup_02_baidu       ✓ [ 100% ] 0/2 VUs  30s
warmup_03_blackrock   ✓ [ 100% ] 0/2 VUs  30s
steady_01_atlassian     [  82% ] 2 VUs    1m38.0s/2m0s
steady_02_baidu         [  82% ] 2 VUs    1m38.0s/2m0s
steady_03_blackrock     [  82% ] 2 VUs    1m38.0s/2m0s
cooldown_01_atlassian • [   0% ] waiting  0m22.0s
cooldown_02_baidu     • [   0% ] waiting  0m22.0s
cooldown_03_blackrock • [   0% ] waiting  0m22.0s

running (2m09.0s), 06/12 VUs, 1721 complete and 0 interrupted iterations
warmup_01_atlassian   ✓ [ 100% ] 0/2 VUs  30s
warmup_02_baidu       ✓ [ 100% ] 0/2 VUs  30s
warmup_03_blackrock   ✓ [ 100% ] 0/2 VUs  30s
steady_01_atlassian     [  82% ] 2 VUs    1m39.0s/2m0s
steady_02_baidu         [  82% ] 2 VUs    1m39.0s/2m0s
steady_03_blackrock     [  82% ] 2 VUs    1m39.0s/2m0s
cooldown_01_atlassian • [   0% ] waiting  0m21.0s
cooldown_02_baidu     • [   0% ] waiting  0m21.0s
cooldown_03_blackrock • [   0% ] waiting  0m21.0s

running (2m10.0s), 06/12 VUs, 1737 complete and 0 interrupted iterations
warmup_01_atlassian   ✓ [ 100% ] 0/2 VUs  30s
warmup_02_baidu       ✓ [ 100% ] 0/2 VUs  30s
warmup_03_blackrock   ✓ [ 100% ] 0/2 VUs  30s
steady_01_atlassian     [  83% ] 2 VUs    1m40.0s/2m0s
steady_02_baidu         [  83% ] 2 VUs    1m40.0s/2m0s
steady_03_blackrock     [  83% ] 2 VUs    1m40.0s/2m0s
cooldown_01_atlassian • [   0% ] waiting  0m20.0s
cooldown_02_baidu     • [   0% ] waiting  0m20.0s
cooldown_03_blackrock • [   0% ] waiting  0m20.0s

running (2m11.0s), 06/12 VUs, 1756 complete and 0 interrupted iterations
warmup_01_atlassian   ✓ [ 100% ] 0/2 VUs  30s
warmup_02_baidu       ✓ [ 100% ] 0/2 VUs  30s
warmup_03_blackrock   ✓ [ 100% ] 0/2 VUs  30s
steady_01_atlassian     [  84% ] 2 VUs    1m41.0s/2m0s
steady_02_baidu         [  84% ] 2 VUs    1m41.0s/2m0s
steady_03_blackrock     [  84% ] 2 VUs    1m41.0s/2m0s
cooldown_01_atlassian • [   0% ] waiting  0m19.0s
cooldown_02_baidu     • [   0% ] waiting  0m19.0s
cooldown_03_blackrock • [   0% ] waiting  0m19.0s

running (2m12.0s), 06/12 VUs, 1772 complete and 0 interrupted iterations
warmup_01_atlassian   ✓ [ 100% ] 0/2 VUs  30s
warmup_02_baidu       ✓ [ 100% ] 0/2 VUs  30s
warmup_03_blackrock   ✓ [ 100% ] 0/2 VUs  30s
steady_01_atlassian     [  85% ] 2 VUs    1m42.0s/2m0s
steady_02_baidu         [  85% ] 2 VUs    1m42.0s/2m0s
steady_03_blackrock     [  85% ] 2 VUs    1m42.0s/2m0s
cooldown_01_atlassian • [   0% ] waiting  0m18.0s
cooldown_02_baidu     • [   0% ] waiting  0m18.0s
cooldown_03_blackrock • [   0% ] waiting  0m18.0s

running (2m13.0s), 06/12 VUs, 1791 complete and 0 interrupted iterations
warmup_01_atlassian   ✓ [ 100% ] 0/2 VUs  30s
warmup_02_baidu       ✓ [ 100% ] 0/2 VUs  30s
warmup_03_blackrock   ✓ [ 100% ] 0/2 VUs  30s
steady_01_atlassian     [  86% ] 2 VUs    1m43.0s/2m0s
steady_02_baidu         [  86% ] 2 VUs    1m43.0s/2m0s
steady_03_blackrock     [  86% ] 2 VUs    1m43.0s/2m0s
cooldown_01_atlassian • [   0% ] waiting  0m17.0s
cooldown_02_baidu     • [   0% ] waiting  0m17.0s
cooldown_03_blackrock • [   0% ] waiting  0m17.0s

running (2m14.0s), 06/12 VUs, 1808 complete and 0 interrupted iterations
warmup_01_atlassian   ✓ [ 100% ] 0/2 VUs  30s
warmup_02_baidu       ✓ [ 100% ] 0/2 VUs  30s
warmup_03_blackrock   ✓ [ 100% ] 0/2 VUs  30s
steady_01_atlassian     [  87% ] 2 VUs    1m44.0s/2m0s
steady_02_baidu         [  87% ] 2 VUs    1m44.0s/2m0s
steady_03_blackrock     [  87% ] 2 VUs    1m44.0s/2m0s
cooldown_01_atlassian • [   0% ] waiting  0m16.0s
cooldown_02_baidu     • [   0% ] waiting  0m16.0s
cooldown_03_blackrock • [   0% ] waiting  0m16.0s

running (2m15.0s), 06/12 VUs, 1826 complete and 0 interrupted iterations
warmup_01_atlassian   ✓ [ 100% ] 0/2 VUs  30s
warmup_02_baidu       ✓ [ 100% ] 0/2 VUs  30s
warmup_03_blackrock   ✓ [ 100% ] 0/2 VUs  30s
steady_01_atlassian     [  87% ] 2 VUs    1m45.0s/2m0s
steady_02_baidu         [  87% ] 2 VUs    1m45.0s/2m0s
steady_03_blackrock     [  87% ] 2 VUs    1m45.0s/2m0s
cooldown_01_atlassian • [   0% ] waiting  0m15.0s
cooldown_02_baidu     • [   0% ] waiting  0m15.0s
cooldown_03_blackrock • [   0% ] waiting  0m15.0s

running (2m16.0s), 06/12 VUs, 1846 complete and 0 interrupted iterations
warmup_01_atlassian   ✓ [ 100% ] 0/2 VUs  30s
warmup_02_baidu       ✓ [ 100% ] 0/2 VUs  30s
warmup_03_blackrock   ✓ [ 100% ] 0/2 VUs  30s
steady_01_atlassian     [  88% ] 2 VUs    1m46.0s/2m0s
steady_02_baidu         [  88% ] 2 VUs    1m46.0s/2m0s
steady_03_blackrock     [  88% ] 2 VUs    1m46.0s/2m0s
cooldown_01_atlassian • [   0% ] waiting  0m14.0s
cooldown_02_baidu     • [   0% ] waiting  0m14.0s
cooldown_03_blackrock • [   0% ] waiting  0m14.0s

running (2m17.0s), 06/12 VUs, 1863 complete and 0 interrupted iterations
warmup_01_atlassian   ✓ [ 100% ] 0/2 VUs  30s
warmup_02_baidu       ✓ [ 100% ] 0/2 VUs  30s
warmup_03_blackrock   ✓ [ 100% ] 0/2 VUs  30s
steady_01_atlassian     [  89% ] 2 VUs    1m47.0s/2m0s
steady_02_baidu         [  89% ] 2 VUs    1m47.0s/2m0s
steady_03_blackrock     [  89% ] 2 VUs    1m47.0s/2m0s
cooldown_01_atlassian • [   0% ] waiting  0m13.0s
cooldown_02_baidu     • [   0% ] waiting  0m13.0s
cooldown_03_blackrock • [   0% ] waiting  0m13.0s

running (2m18.0s), 06/12 VUs, 1882 complete and 0 interrupted iterations
warmup_01_atlassian   ✓ [ 100% ] 0/2 VUs  30s
warmup_02_baidu       ✓ [ 100% ] 0/2 VUs  30s
warmup_03_blackrock   ✓ [ 100% ] 0/2 VUs  30s
steady_01_atlassian     [  90% ] 2 VUs    1m48.0s/2m0s
steady_02_baidu         [  90% ] 2 VUs    1m48.0s/2m0s
steady_03_blackrock     [  90% ] 2 VUs    1m48.0s/2m0s
cooldown_01_atlassian • [   0% ] waiting  0m12.0s
cooldown_02_baidu     • [   0% ] waiting  0m12.0s
cooldown_03_blackrock • [   0% ] waiting  0m12.0s

running (2m19.0s), 06/12 VUs, 1896 complete and 0 interrupted iterations
warmup_01_atlassian   ✓ [ 100% ] 0/2 VUs  30s
warmup_02_baidu       ✓ [ 100% ] 0/2 VUs  30s
warmup_03_blackrock   ✓ [ 100% ] 0/2 VUs  30s
steady_01_atlassian     [  91% ] 2 VUs    1m49.0s/2m0s
steady_02_baidu         [  91% ] 2 VUs    1m49.0s/2m0s
steady_03_blackrock     [  91% ] 2 VUs    1m49.0s/2m0s
cooldown_01_atlassian • [   0% ] waiting  0m11.0s
cooldown_02_baidu     • [   0% ] waiting  0m11.0s
cooldown_03_blackrock • [   0% ] waiting  0m11.0s

running (2m20.0s), 06/12 VUs, 1915 complete and 0 interrupted iterations
warmup_01_atlassian   ✓ [ 100% ] 0/2 VUs  30s
warmup_02_baidu       ✓ [ 100% ] 0/2 VUs  30s
warmup_03_blackrock   ✓ [ 100% ] 0/2 VUs  30s
steady_01_atlassian     [  92% ] 2 VUs    1m50.0s/2m0s
steady_02_baidu         [  92% ] 2 VUs    1m50.0s/2m0s
steady_03_blackrock     [  92% ] 2 VUs    1m50.0s/2m0s
cooldown_01_atlassian • [   0% ] waiting  0m10.0s
cooldown_02_baidu     • [   0% ] waiting  0m10.0s
cooldown_03_blackrock • [   0% ] waiting  0m10.0s

running (2m21.0s), 06/12 VUs, 1932 complete and 0 interrupted iterations
warmup_01_atlassian   ✓ [ 100% ] 0/2 VUs  30s
warmup_02_baidu       ✓ [ 100% ] 0/2 VUs  30s
warmup_03_blackrock   ✓ [ 100% ] 0/2 VUs  30s
steady_01_atlassian     [  92% ] 2 VUs    1m51.0s/2m0s
steady_02_baidu         [  92% ] 2 VUs    1m51.0s/2m0s
steady_03_blackrock     [  92% ] 2 VUs    1m51.0s/2m0s
cooldown_01_atlassian • [   0% ] waiting  0m09.0s
cooldown_02_baidu     • [   0% ] waiting  0m09.0s
cooldown_03_blackrock • [   0% ] waiting  0m09.0s

running (2m22.0s), 06/12 VUs, 1948 complete and 0 interrupted iterations
warmup_01_atlassian   ✓ [ 100% ] 0/2 VUs  30s
warmup_02_baidu       ✓ [ 100% ] 0/2 VUs  30s
warmup_03_blackrock   ✓ [ 100% ] 0/2 VUs  30s
steady_01_atlassian     [  93% ] 2 VUs    1m52.0s/2m0s
steady_02_baidu         [  93% ] 2 VUs    1m52.0s/2m0s
steady_03_blackrock     [  93% ] 2 VUs    1m52.0s/2m0s
cooldown_01_atlassian • [   0% ] waiting  0m08.0s
cooldown_02_baidu     • [   0% ] waiting  0m08.0s
cooldown_03_blackrock • [   0% ] waiting  0m08.0s

running (2m23.0s), 06/12 VUs, 1964 complete and 0 interrupted iterations
warmup_01_atlassian   ✓ [ 100% ] 0/2 VUs  30s
warmup_02_baidu       ✓ [ 100% ] 0/2 VUs  30s
warmup_03_blackrock   ✓ [ 100% ] 0/2 VUs  30s
steady_01_atlassian     [  94% ] 2 VUs    1m53.0s/2m0s
steady_02_baidu         [  94% ] 2 VUs    1m53.0s/2m0s
steady_03_blackrock     [  94% ] 2 VUs    1m53.0s/2m0s
cooldown_01_atlassian • [   0% ] waiting  0m07.0s
cooldown_02_baidu     • [   0% ] waiting  0m07.0s
cooldown_03_blackrock • [   0% ] waiting  0m07.0s

running (2m24.0s), 06/12 VUs, 1981 complete and 0 interrupted iterations
warmup_01_atlassian   ✓ [ 100% ] 0/2 VUs  30s
warmup_02_baidu       ✓ [ 100% ] 0/2 VUs  30s
warmup_03_blackrock   ✓ [ 100% ] 0/2 VUs  30s
steady_01_atlassian     [  95% ] 2 VUs    1m54.0s/2m0s
steady_02_baidu         [  95% ] 2 VUs    1m54.0s/2m0s
steady_03_blackrock     [  95% ] 2 VUs    1m54.0s/2m0s
cooldown_01_atlassian • [   0% ] waiting  0m06.0s
cooldown_02_baidu     • [   0% ] waiting  0m06.0s
cooldown_03_blackrock • [   0% ] waiting  0m06.0s

running (2m25.0s), 06/12 VUs, 1999 complete and 0 interrupted iterations
warmup_01_atlassian   ✓ [ 100% ] 0/2 VUs  30s
warmup_02_baidu       ✓ [ 100% ] 0/2 VUs  30s
warmup_03_blackrock   ✓ [ 100% ] 0/2 VUs  30s
steady_01_atlassian     [  96% ] 2 VUs    1m55.0s/2m0s
steady_02_baidu         [  96% ] 2 VUs    1m55.0s/2m0s
steady_03_blackrock     [  96% ] 2 VUs    1m55.0s/2m0s
cooldown_01_atlassian • [   0% ] waiting  0m05.0s
cooldown_02_baidu     • [   0% ] waiting  0m05.0s
cooldown_03_blackrock • [   0% ] waiting  0m05.0s

running (2m26.0s), 06/12 VUs, 2016 complete and 0 interrupted iterations
warmup_01_atlassian   ✓ [ 100% ] 0/2 VUs  30s
warmup_02_baidu       ✓ [ 100% ] 0/2 VUs  30s
warmup_03_blackrock   ✓ [ 100% ] 0/2 VUs  30s
steady_01_atlassian     [  97% ] 2 VUs    1m56.0s/2m0s
steady_02_baidu         [  97% ] 2 VUs    1m56.0s/2m0s
steady_03_blackrock     [  97% ] 2 VUs    1m56.0s/2m0s
cooldown_01_atlassian • [   0% ] waiting  0m04.0s
cooldown_02_baidu     • [   0% ] waiting  0m04.0s
cooldown_03_blackrock • [   0% ] waiting  0m04.0s

running (2m27.0s), 06/12 VUs, 2034 complete and 0 interrupted iterations
warmup_01_atlassian   ✓ [ 100% ] 0/2 VUs  30s
warmup_02_baidu       ✓ [ 100% ] 0/2 VUs  30s
warmup_03_blackrock   ✓ [ 100% ] 0/2 VUs  30s
steady_01_atlassian     [  97% ] 2 VUs    1m57.0s/2m0s
steady_02_baidu         [  97% ] 2 VUs    1m57.0s/2m0s
steady_03_blackrock     [  97% ] 2 VUs    1m57.0s/2m0s
cooldown_01_atlassian • [   0% ] waiting  0m03.0s
cooldown_02_baidu     • [   0% ] waiting  0m03.0s
cooldown_03_blackrock • [   0% ] waiting  0m03.0s

running (2m28.0s), 06/12 VUs, 2050 complete and 0 interrupted iterations
warmup_01_atlassian   ✓ [ 100% ] 0/2 VUs  30s
warmup_02_baidu       ✓ [ 100% ] 0/2 VUs  30s
warmup_03_blackrock   ✓ [ 100% ] 0/2 VUs  30s
steady_01_atlassian     [  98% ] 2 VUs    1m58.0s/2m0s
steady_02_baidu         [  98% ] 2 VUs    1m58.0s/2m0s
steady_03_blackrock     [  98% ] 2 VUs    1m58.0s/2m0s
cooldown_01_atlassian • [   0% ] waiting  0m02.0s
cooldown_02_baidu     • [   0% ] waiting  0m02.0s
cooldown_03_blackrock • [   0% ] waiting  0m02.0s

running (2m29.0s), 06/12 VUs, 2068 complete and 0 interrupted iterations
warmup_01_atlassian   ✓ [ 100% ] 0/2 VUs  30s
warmup_02_baidu       ✓ [ 100% ] 0/2 VUs  30s
warmup_03_blackrock   ✓ [ 100% ] 0/2 VUs  30s
steady_01_atlassian     [  99% ] 2 VUs    1m59.0s/2m0s
steady_02_baidu         [  99% ] 2 VUs    1m59.0s/2m0s
steady_03_blackrock     [  99% ] 2 VUs    1m59.0s/2m0s
cooldown_01_atlassian • [   0% ] waiting  0m01.0s
cooldown_02_baidu     • [   0% ] waiting  0m01.0s
cooldown_03_blackrock • [   0% ] waiting  0m01.0s

running (2m30.0s), 06/12 VUs, 2084 complete and 0 interrupted iterations
warmup_01_atlassian   ✓ [ 100% ] 0/2 VUs  30s
warmup_02_baidu       ✓ [ 100% ] 0/2 VUs  30s
warmup_03_blackrock   ✓ [ 100% ] 0/2 VUs  30s
steady_01_atlassian     [ 100% ] 2 VUs    2m00.0s/2m0s
steady_02_baidu         [ 100% ] 2 VUs    2m00.0s/2m0s
steady_03_blackrock     [ 100% ] 2 VUs    2m00.0s/2m0s
cooldown_01_atlassian • [   0% ] waiting  0m00.0s
cooldown_02_baidu     • [   0% ] waiting  0m00.0s
cooldown_03_blackrock • [   0% ] waiting  0m00.0s

running (2m31.0s), 06/12 VUs, 2102 complete and 0 interrupted iterations
warmup_01_atlassian   ✓ [ 100% ] 0/2 VUs  30s
warmup_02_baidu       ✓ [ 100% ] 0/2 VUs  30s
warmup_03_blackrock   ✓ [ 100% ] 0/2 VUs  30s
steady_01_atlassian   ✓ [ 100% ] 2 VUs    2m0s
steady_02_baidu       ✓ [ 100% ] 2 VUs    2m0s
steady_03_blackrock   ✓ [ 100% ] 2 VUs    2m0s
cooldown_01_atlassian   [   3% ] 2/2 VUs  01.0s/30.0s
cooldown_02_baidu       [   3% ] 2/2 VUs  01.0s/30.0s
cooldown_03_blackrock   [   3% ] 2/2 VUs  01.0s/30.0s

running (2m32.0s), 06/12 VUs, 2116 complete and 0 interrupted iterations
warmup_01_atlassian   ✓ [ 100% ] 0/2 VUs  30s
warmup_02_baidu       ✓ [ 100% ] 0/2 VUs  30s
warmup_03_blackrock   ✓ [ 100% ] 0/2 VUs  30s
steady_01_atlassian   ✓ [ 100% ] 2 VUs    2m0s
steady_02_baidu       ✓ [ 100% ] 2 VUs    2m0s
steady_03_blackrock   ✓ [ 100% ] 2 VUs    2m0s
cooldown_01_atlassian   [   7% ] 2/2 VUs  02.0s/30.0s
cooldown_02_baidu       [   7% ] 2/2 VUs  02.0s/30.0s
cooldown_03_blackrock   [   7% ] 2/2 VUs  02.0s/30.0s

running (2m33.0s), 06/12 VUs, 2132 complete and 0 interrupted iterations
warmup_01_atlassian   ✓ [ 100% ] 0/2 VUs  30s
warmup_02_baidu       ✓ [ 100% ] 0/2 VUs  30s
warmup_03_blackrock   ✓ [ 100% ] 0/2 VUs  30s
steady_01_atlassian   ✓ [ 100% ] 2 VUs    2m0s
steady_02_baidu       ✓ [ 100% ] 2 VUs    2m0s
steady_03_blackrock   ✓ [ 100% ] 2 VUs    2m0s
cooldown_01_atlassian   [  10% ] 2/2 VUs  03.0s/30.0s
cooldown_02_baidu       [  10% ] 2/2 VUs  03.0s/30.0s
cooldown_03_blackrock   [  10% ] 2/2 VUs  03.0s/30.0s

running (2m34.0s), 06/12 VUs, 2146 complete and 0 interrupted iterations
warmup_01_atlassian   ✓ [ 100% ] 0/2 VUs  30s
warmup_02_baidu       ✓ [ 100% ] 0/2 VUs  30s
warmup_03_blackrock   ✓ [ 100% ] 0/2 VUs  30s
steady_01_atlassian   ✓ [ 100% ] 2 VUs    2m0s
steady_02_baidu       ✓ [ 100% ] 2 VUs    2m0s
steady_03_blackrock   ✓ [ 100% ] 2 VUs    2m0s
cooldown_01_atlassian   [  13% ] 2/2 VUs  04.0s/30.0s
cooldown_02_baidu       [  13% ] 2/2 VUs  04.0s/30.0s
cooldown_03_blackrock   [  13% ] 2/2 VUs  04.0s/30.0s

running (2m35.0s), 06/12 VUs, 2164 complete and 0 interrupted iterations
warmup_01_atlassian   ✓ [ 100% ] 0/2 VUs  30s
warmup_02_baidu       ✓ [ 100% ] 0/2 VUs  30s
warmup_03_blackrock   ✓ [ 100% ] 0/2 VUs  30s
steady_01_atlassian   ✓ [ 100% ] 2 VUs    2m0s
steady_02_baidu       ✓ [ 100% ] 2 VUs    2m0s
steady_03_blackrock   ✓ [ 100% ] 2 VUs    2m0s
cooldown_01_atlassian   [  17% ] 2/2 VUs  05.0s/30.0s
cooldown_02_baidu       [  17% ] 2/2 VUs  05.0s/30.0s
cooldown_03_blackrock   [  17% ] 2/2 VUs  05.0s/30.0s

running (2m36.0s), 06/12 VUs, 2176 complete and 0 interrupted iterations
warmup_01_atlassian   ✓ [ 100% ] 0/2 VUs  30s
warmup_02_baidu       ✓ [ 100% ] 0/2 VUs  30s
warmup_03_blackrock   ✓ [ 100% ] 0/2 VUs  30s
steady_01_atlassian   ✓ [ 100% ] 2 VUs    2m0s
steady_02_baidu       ✓ [ 100% ] 2 VUs    2m0s
steady_03_blackrock   ✓ [ 100% ] 2 VUs    2m0s
cooldown_01_atlassian   [  20% ] 2/2 VUs  06.0s/30.0s
cooldown_02_baidu       [  20% ] 2/2 VUs  06.0s/30.0s
cooldown_03_blackrock   [  20% ] 2/2 VUs  06.0s/30.0s

running (2m37.0s), 06/12 VUs, 2192 complete and 0 interrupted iterations
warmup_01_atlassian   ✓ [ 100% ] 0/2 VUs  30s
warmup_02_baidu       ✓ [ 100% ] 0/2 VUs  30s
warmup_03_blackrock   ✓ [ 100% ] 0/2 VUs  30s
steady_01_atlassian   ✓ [ 100% ] 2 VUs    2m0s
steady_02_baidu       ✓ [ 100% ] 2 VUs    2m0s
steady_03_blackrock   ✓ [ 100% ] 2 VUs    2m0s
cooldown_01_atlassian   [  23% ] 2/2 VUs  07.0s/30.0s
cooldown_02_baidu       [  23% ] 2/2 VUs  07.0s/30.0s
cooldown_03_blackrock   [  23% ] 2/2 VUs  07.0s/30.0s

running (2m38.0s), 06/12 VUs, 2206 complete and 0 interrupted iterations
warmup_01_atlassian   ✓ [ 100% ] 0/2 VUs  30s
warmup_02_baidu       ✓ [ 100% ] 0/2 VUs  30s
warmup_03_blackrock   ✓ [ 100% ] 0/2 VUs  30s
steady_01_atlassian   ✓ [ 100% ] 2 VUs    2m0s
steady_02_baidu       ✓ [ 100% ] 2 VUs    2m0s
steady_03_blackrock   ✓ [ 100% ] 2 VUs    2m0s
cooldown_01_atlassian   [  27% ] 2/2 VUs  08.0s/30.0s
cooldown_02_baidu       [  27% ] 2/2 VUs  08.0s/30.0s
cooldown_03_blackrock   [  27% ] 2/2 VUs  08.0s/30.0s

running (2m39.0s), 06/12 VUs, 2218 complete and 0 interrupted iterations
warmup_01_atlassian   ✓ [ 100% ] 0/2 VUs  30s
warmup_02_baidu       ✓ [ 100% ] 0/2 VUs  30s
warmup_03_blackrock   ✓ [ 100% ] 0/2 VUs  30s
steady_01_atlassian   ✓ [ 100% ] 2 VUs    2m0s
steady_02_baidu       ✓ [ 100% ] 2 VUs    2m0s
steady_03_blackrock   ✓ [ 100% ] 2 VUs    2m0s
cooldown_01_atlassian   [  30% ] 2/2 VUs  09.0s/30.0s
cooldown_02_baidu       [  30% ] 2/2 VUs  09.0s/30.0s
cooldown_03_blackrock   [  30% ] 2/2 VUs  09.0s/30.0s

running (2m40.0s), 06/12 VUs, 2236 complete and 0 interrupted iterations
warmup_01_atlassian   ✓ [ 100% ] 0/2 VUs  30s
warmup_02_baidu       ✓ [ 100% ] 0/2 VUs  30s
warmup_03_blackrock   ✓ [ 100% ] 0/2 VUs  30s
steady_01_atlassian   ✓ [ 100% ] 2 VUs    2m0s
steady_02_baidu       ✓ [ 100% ] 2 VUs    2m0s
steady_03_blackrock   ✓ [ 100% ] 2 VUs    2m0s
cooldown_01_atlassian   [  33% ] 2/2 VUs  10.0s/30.0s
cooldown_02_baidu       [  33% ] 2/2 VUs  10.0s/30.0s
cooldown_03_blackrock   [  33% ] 2/2 VUs  10.0s/30.0s

running (2m41.0s), 06/12 VUs, 2248 complete and 0 interrupted iterations
warmup_01_atlassian   ✓ [ 100% ] 0/2 VUs  30s
warmup_02_baidu       ✓ [ 100% ] 0/2 VUs  30s
warmup_03_blackrock   ✓ [ 100% ] 0/2 VUs  30s
steady_01_atlassian   ✓ [ 100% ] 2 VUs    2m0s
steady_02_baidu       ✓ [ 100% ] 2 VUs    2m0s
steady_03_blackrock   ✓ [ 100% ] 2 VUs    2m0s
cooldown_01_atlassian   [  37% ] 2/2 VUs  11.0s/30.0s
cooldown_02_baidu       [  37% ] 2/2 VUs  11.0s/30.0s
cooldown_03_blackrock   [  37% ] 2/2 VUs  11.0s/30.0s

running (2m42.0s), 06/12 VUs, 2266 complete and 0 interrupted iterations
warmup_01_atlassian   ✓ [ 100% ] 0/2 VUs  30s
warmup_02_baidu       ✓ [ 100% ] 0/2 VUs  30s
warmup_03_blackrock   ✓ [ 100% ] 0/2 VUs  30s
steady_01_atlassian   ✓ [ 100% ] 2 VUs    2m0s
steady_02_baidu       ✓ [ 100% ] 2 VUs    2m0s
steady_03_blackrock   ✓ [ 100% ] 2 VUs    2m0s
cooldown_01_atlassian   [  40% ] 2/2 VUs  12.0s/30.0s
cooldown_02_baidu       [  40% ] 2/2 VUs  12.0s/30.0s
cooldown_03_blackrock   [  40% ] 2/2 VUs  12.0s/30.0s

running (2m43.0s), 06/12 VUs, 2278 complete and 0 interrupted iterations
warmup_01_atlassian   ✓ [ 100% ] 0/2 VUs  30s
warmup_02_baidu       ✓ [ 100% ] 0/2 VUs  30s
warmup_03_blackrock   ✓ [ 100% ] 0/2 VUs  30s
steady_01_atlassian   ✓ [ 100% ] 2 VUs    2m0s
steady_02_baidu       ✓ [ 100% ] 2 VUs    2m0s
steady_03_blackrock   ✓ [ 100% ] 2 VUs    2m0s
cooldown_01_atlassian   [  43% ] 2/2 VUs  13.0s/30.0s
cooldown_02_baidu       [  43% ] 2/2 VUs  13.0s/30.0s
cooldown_03_blackrock   [  43% ] 2/2 VUs  13.0s/30.0s

running (2m44.0s), 06/12 VUs, 2296 complete and 0 interrupted iterations
warmup_01_atlassian   ✓ [ 100% ] 0/2 VUs  30s
warmup_02_baidu       ✓ [ 100% ] 0/2 VUs  30s
warmup_03_blackrock   ✓ [ 100% ] 0/2 VUs  30s
steady_01_atlassian   ✓ [ 100% ] 2 VUs    2m0s
steady_02_baidu       ✓ [ 100% ] 2 VUs    2m0s
steady_03_blackrock   ✓ [ 100% ] 2 VUs    2m0s
cooldown_01_atlassian   [  47% ] 2/2 VUs  14.0s/30.0s
cooldown_02_baidu       [  47% ] 2/2 VUs  14.0s/30.0s
cooldown_03_blackrock   [  47% ] 2/2 VUs  14.0s/30.0s

running (2m45.0s), 06/12 VUs, 2310 complete and 0 interrupted iterations
warmup_01_atlassian   ✓ [ 100% ] 0/2 VUs  30s
warmup_02_baidu       ✓ [ 100% ] 0/2 VUs  30s
warmup_03_blackrock   ✓ [ 100% ] 0/2 VUs  30s
steady_01_atlassian   ✓ [ 100% ] 2 VUs    2m0s
steady_02_baidu       ✓ [ 100% ] 2 VUs    2m0s
steady_03_blackrock   ✓ [ 100% ] 2 VUs    2m0s
cooldown_01_atlassian   [  50% ] 2/2 VUs  15.0s/30.0s
cooldown_02_baidu       [  50% ] 2/2 VUs  15.0s/30.0s
cooldown_03_blackrock   [  50% ] 2/2 VUs  15.0s/30.0s

running (2m46.0s), 03/12 VUs, 2324 complete and 0 interrupted iterations
warmup_01_atlassian   ✓ [ 100% ] 0/2 VUs  30s
warmup_02_baidu       ✓ [ 100% ] 0/2 VUs  30s
warmup_03_blackrock   ✓ [ 100% ] 0/2 VUs  30s
steady_01_atlassian   ✓ [ 100% ] 2 VUs    2m0s
steady_02_baidu       ✓ [ 100% ] 2 VUs    2m0s
steady_03_blackrock   ✓ [ 100% ] 2 VUs    2m0s
cooldown_01_atlassian   [  53% ] 1/2 VUs  16.0s/30.0s
cooldown_02_baidu       [  53% ] 1/2 VUs  16.0s/30.0s
cooldown_03_blackrock   [  53% ] 1/2 VUs  16.0s/30.0s

running (2m47.0s), 03/12 VUs, 2334 complete and 0 interrupted iterations
warmup_01_atlassian   ✓ [ 100% ] 0/2 VUs  30s
warmup_02_baidu       ✓ [ 100% ] 0/2 VUs  30s
warmup_03_blackrock   ✓ [ 100% ] 0/2 VUs  30s
steady_01_atlassian   ✓ [ 100% ] 2 VUs    2m0s
steady_02_baidu       ✓ [ 100% ] 2 VUs    2m0s
steady_03_blackrock   ✓ [ 100% ] 2 VUs    2m0s
cooldown_01_atlassian   [  57% ] 1/2 VUs  17.0s/30.0s
cooldown_02_baidu       [  57% ] 1/2 VUs  17.0s/30.0s
cooldown_03_blackrock   [  57% ] 1/2 VUs  17.0s/30.0s

running (2m48.0s), 03/12 VUs, 2343 complete and 0 interrupted iterations
warmup_01_atlassian   ✓ [ 100% ] 0/2 VUs  30s
warmup_02_baidu       ✓ [ 100% ] 0/2 VUs  30s
warmup_03_blackrock   ✓ [ 100% ] 0/2 VUs  30s
steady_01_atlassian   ✓ [ 100% ] 2 VUs    2m0s
steady_02_baidu       ✓ [ 100% ] 2 VUs    2m0s
steady_03_blackrock   ✓ [ 100% ] 2 VUs    2m0s
cooldown_01_atlassian   [  60% ] 1/2 VUs  18.0s/30.0s
cooldown_02_baidu       [  60% ] 1/2 VUs  18.0s/30.0s
cooldown_03_blackrock   [  60% ] 1/2 VUs  18.0s/30.0s

running (2m49.0s), 03/12 VUs, 2352 complete and 0 interrupted iterations
warmup_01_atlassian   ✓ [ 100% ] 0/2 VUs  30s
warmup_02_baidu       ✓ [ 100% ] 0/2 VUs  30s
warmup_03_blackrock   ✓ [ 100% ] 0/2 VUs  30s
steady_01_atlassian   ✓ [ 100% ] 2 VUs    2m0s
steady_02_baidu       ✓ [ 100% ] 2 VUs    2m0s
steady_03_blackrock   ✓ [ 100% ] 2 VUs    2m0s
cooldown_01_atlassian   [  63% ] 1/2 VUs  19.0s/30.0s
cooldown_02_baidu       [  63% ] 1/2 VUs  19.0s/30.0s
cooldown_03_blackrock   [  63% ] 1/2 VUs  19.0s/30.0s

running (2m50.0s), 03/12 VUs, 2361 complete and 0 interrupted iterations
warmup_01_atlassian   ✓ [ 100% ] 0/2 VUs  30s
warmup_02_baidu       ✓ [ 100% ] 0/2 VUs  30s
warmup_03_blackrock   ✓ [ 100% ] 0/2 VUs  30s
steady_01_atlassian   ✓ [ 100% ] 2 VUs    2m0s
steady_02_baidu       ✓ [ 100% ] 2 VUs    2m0s
steady_03_blackrock   ✓ [ 100% ] 2 VUs    2m0s
cooldown_01_atlassian   [  67% ] 1/2 VUs  20.0s/30.0s
cooldown_02_baidu       [  67% ] 1/2 VUs  20.0s/30.0s
cooldown_03_blackrock   [  67% ] 1/2 VUs  20.0s/30.0s

running (2m51.0s), 03/12 VUs, 2370 complete and 0 interrupted iterations
warmup_01_atlassian   ✓ [ 100% ] 0/2 VUs  30s
warmup_02_baidu       ✓ [ 100% ] 0/2 VUs  30s
warmup_03_blackrock   ✓ [ 100% ] 0/2 VUs  30s
steady_01_atlassian   ✓ [ 100% ] 2 VUs    2m0s
steady_02_baidu       ✓ [ 100% ] 2 VUs    2m0s
steady_03_blackrock   ✓ [ 100% ] 2 VUs    2m0s
cooldown_01_atlassian   [  70% ] 1/2 VUs  21.0s/30.0s
cooldown_02_baidu       [  70% ] 1/2 VUs  21.0s/30.0s
cooldown_03_blackrock   [  70% ] 1/2 VUs  21.0s/30.0s

running (2m52.0s), 03/12 VUs, 2379 complete and 0 interrupted iterations
warmup_01_atlassian   ✓ [ 100% ] 0/2 VUs  30s
warmup_02_baidu       ✓ [ 100% ] 0/2 VUs  30s
warmup_03_blackrock   ✓ [ 100% ] 0/2 VUs  30s
steady_01_atlassian   ✓ [ 100% ] 2 VUs    2m0s
steady_02_baidu       ✓ [ 100% ] 2 VUs    2m0s
steady_03_blackrock   ✓ [ 100% ] 2 VUs    2m0s
cooldown_01_atlassian   [  73% ] 1/2 VUs  22.0s/30.0s
cooldown_02_baidu       [  73% ] 1/2 VUs  22.0s/30.0s
cooldown_03_blackrock   [  73% ] 1/2 VUs  22.0s/30.0s

running (2m53.0s), 03/12 VUs, 2388 complete and 0 interrupted iterations
warmup_01_atlassian   ✓ [ 100% ] 0/2 VUs  30s
warmup_02_baidu       ✓ [ 100% ] 0/2 VUs  30s
warmup_03_blackrock   ✓ [ 100% ] 0/2 VUs  30s
steady_01_atlassian   ✓ [ 100% ] 2 VUs    2m0s
steady_02_baidu       ✓ [ 100% ] 2 VUs    2m0s
steady_03_blackrock   ✓ [ 100% ] 2 VUs    2m0s
cooldown_01_atlassian   [  77% ] 1/2 VUs  23.0s/30.0s
cooldown_02_baidu       [  77% ] 1/2 VUs  23.0s/30.0s
cooldown_03_blackrock   [  77% ] 1/2 VUs  23.0s/30.0s

running (2m54.0s), 03/12 VUs, 2397 complete and 0 interrupted iterations
warmup_01_atlassian   ✓ [ 100% ] 0/2 VUs  30s
warmup_02_baidu       ✓ [ 100% ] 0/2 VUs  30s
warmup_03_blackrock   ✓ [ 100% ] 0/2 VUs  30s
steady_01_atlassian   ✓ [ 100% ] 2 VUs    2m0s
steady_02_baidu       ✓ [ 100% ] 2 VUs    2m0s
steady_03_blackrock   ✓ [ 100% ] 2 VUs    2m0s
cooldown_01_atlassian   [  80% ] 1/2 VUs  24.0s/30.0s
cooldown_02_baidu       [  80% ] 1/2 VUs  24.0s/30.0s
cooldown_03_blackrock   [  80% ] 1/2 VUs  24.0s/30.0s

running (2m55.0s), 03/12 VUs, 2409 complete and 0 interrupted iterations
warmup_01_atlassian   ✓ [ 100% ] 0/2 VUs  30s
warmup_02_baidu       ✓ [ 100% ] 0/2 VUs  30s
warmup_03_blackrock   ✓ [ 100% ] 0/2 VUs  30s
steady_01_atlassian   ✓ [ 100% ] 2 VUs    2m0s
steady_02_baidu       ✓ [ 100% ] 2 VUs    2m0s
steady_03_blackrock   ✓ [ 100% ] 2 VUs    2m0s
cooldown_01_atlassian   [  83% ] 1/2 VUs  25.0s/30.0s
cooldown_02_baidu       [  83% ] 1/2 VUs  25.0s/30.0s
cooldown_03_blackrock   [  83% ] 1/2 VUs  25.0s/30.0s

running (2m56.0s), 03/12 VUs, 2418 complete and 0 interrupted iterations
warmup_01_atlassian   ✓ [ 100% ] 0/2 VUs  30s
warmup_02_baidu       ✓ [ 100% ] 0/2 VUs  30s
warmup_03_blackrock   ✓ [ 100% ] 0/2 VUs  30s
steady_01_atlassian   ✓ [ 100% ] 2 VUs    2m0s
steady_02_baidu       ✓ [ 100% ] 2 VUs    2m0s
steady_03_blackrock   ✓ [ 100% ] 2 VUs    2m0s
cooldown_01_atlassian   [  87% ] 1/2 VUs  26.0s/30.0s
cooldown_02_baidu       [  87% ] 1/2 VUs  26.0s/30.0s
cooldown_03_blackrock   [  87% ] 1/2 VUs  26.0s/30.0s

running (2m57.0s), 03/12 VUs, 2427 complete and 0 interrupted iterations
warmup_01_atlassian   ✓ [ 100% ] 0/2 VUs  30s
warmup_02_baidu       ✓ [ 100% ] 0/2 VUs  30s
warmup_03_blackrock   ✓ [ 100% ] 0/2 VUs  30s
steady_01_atlassian   ✓ [ 100% ] 2 VUs    2m0s
steady_02_baidu       ✓ [ 100% ] 2 VUs    2m0s
steady_03_blackrock   ✓ [ 100% ] 2 VUs    2m0s
cooldown_01_atlassian   [  90% ] 1/2 VUs  27.0s/30.0s
cooldown_02_baidu       [  90% ] 1/2 VUs  27.0s/30.0s
cooldown_03_blackrock   [  90% ] 1/2 VUs  27.0s/30.0s

running (2m58.0s), 03/12 VUs, 2436 complete and 0 interrupted iterations
warmup_01_atlassian   ✓ [ 100% ] 0/2 VUs  30s
warmup_02_baidu       ✓ [ 100% ] 0/2 VUs  30s
warmup_03_blackrock   ✓ [ 100% ] 0/2 VUs  30s
steady_01_atlassian   ✓ [ 100% ] 2 VUs    2m0s
steady_02_baidu       ✓ [ 100% ] 2 VUs    2m0s
steady_03_blackrock   ✓ [ 100% ] 2 VUs    2m0s
cooldown_01_atlassian   [  93% ] 1/2 VUs  28.0s/30.0s
cooldown_02_baidu       [  93% ] 1/2 VUs  28.0s/30.0s
cooldown_03_blackrock   [  93% ] 1/2 VUs  28.0s/30.0s

running (2m59.0s), 03/12 VUs, 2445 complete and 0 interrupted iterations
warmup_01_atlassian   ✓ [ 100% ] 0/2 VUs  30s
warmup_02_baidu       ✓ [ 100% ] 0/2 VUs  30s
warmup_03_blackrock   ✓ [ 100% ] 0/2 VUs  30s
steady_01_atlassian   ✓ [ 100% ] 2 VUs    2m0s
steady_02_baidu       ✓ [ 100% ] 2 VUs    2m0s
steady_03_blackrock   ✓ [ 100% ] 2 VUs    2m0s
cooldown_01_atlassian   [  97% ] 1/2 VUs  29.0s/30.0s
cooldown_02_baidu       [  97% ] 1/2 VUs  29.0s/30.0s
cooldown_03_blackrock   [  97% ] 1/2 VUs  29.0s/30.0s

running (3m00.0s), 03/12 VUs, 2454 complete and 0 interrupted iterations
warmup_01_atlassian   ✓ [ 100% ] 0/2 VUs  30s
warmup_02_baidu       ✓ [ 100% ] 0/2 VUs  30s
warmup_03_blackrock   ✓ [ 100% ] 0/2 VUs  30s
steady_01_atlassian   ✓ [ 100% ] 2 VUs    2m0s
steady_02_baidu       ✓ [ 100% ] 2 VUs    2m0s
steady_03_blackrock   ✓ [ 100% ] 2 VUs    2m0s
cooldown_01_atlassian   [ 100% ] 1/2 VUs  30.0s/30.0s
cooldown_02_baidu       [ 100% ] 1/2 VUs  30.0s/30.0s
cooldown_03_blackrock   [ 100% ] 1/2 VUs  30.0s/30.0s

model=hybrid
tenants=3
steady requests=5974
steady request rate=49.78333333333333
steady error rate=0
steady latency p50=7.254583 ms
steady latency p95=137.49621635 ms
steady latency p99=146.71832193 ms

running (3m00.1s), 00/12 VUs, 2457 complete and 0 interrupted iterations
warmup_01_atlassian   ✓ [ 100% ] 0/2 VUs  30s
warmup_02_baidu       ✓ [ 100% ] 0/2 VUs  30s
warmup_03_blackrock   ✓ [ 100% ] 0/2 VUs  30s
steady_01_atlassian   ✓ [ 100% ] 2 VUs    2m0s
steady_02_baidu       ✓ [ 100% ] 2 VUs    2m0s
steady_03_blackrock   ✓ [ 100% ] 2 VUs    2m0s
cooldown_01_atlassian ✓ [ 100% ] 0/2 VUs  30s
cooldown_02_baidu     ✓ [ 100% ] 0/2 VUs  30s
cooldown_03_blackrock ✓ [ 100% ] 0/2 VUs  30s
