Profile: hybrid
Chart:   kube-prometheus-stack 88.6.2
NAME                                                       READY   UP-TO-DATE   AVAILABLE   AGE
deployment.apps/kube-prometheus-stack-grafana              1/1     1            1           13h
deployment.apps/kube-prometheus-stack-kube-state-metrics   1/1     1            1           13h
deployment.apps/kube-prometheus-stack-operator             1/1     1            1           13h

NAME                                                           READY   AGE
statefulset.apps/prometheus-kube-prometheus-stack-prometheus   1/1     13h

NAME                                                            DESIRED   CURRENT   READY   UP-TO-DATE   AVAILABLE   NODE SELECTOR            AGE
daemonset.apps/kube-prometheus-stack-prometheus-node-exporter   1         1         1       1            1           kubernetes.io/os=linux   13h

NAME                                                            READY   STATUS    RESTARTS      AGE
pod/kube-prometheus-stack-grafana-6f676dd88f-gtc2c              3/3     Running   3 (11m ago)   13h
pod/kube-prometheus-stack-kube-state-metrics-699c6d6699-zrpbk   1/1     Running   1 (11m ago)   13h
pod/kube-prometheus-stack-operator-76b9767869-kk9zb             1/1     Running   1 (11m ago)   13h
pod/kube-prometheus-stack-prometheus-node-exporter-mpst6        1/1     Running   1 (11m ago)   13h
pod/prometheus-kube-prometheus-stack-prometheus-0               2/2     Running   2 (11m ago)   13h

NAME                                                                                                                 STATUS   VOLUME                                     CAPACITY   ACCESS MODES   STORAGECLASS   VOLUMEATTRIBUTESCLASS   AGE
persistentvolumeclaim/prometheus-kube-prometheus-stack-prometheus-db-prometheus-kube-prometheus-stack-prometheus-0   Bound    pvc-c54dd616-79be-460c-badf-bfade1f31346   4Gi        RWO            standard       <unset>                 13h
[OK] Grafana Prometheus datasource is provisioned
[OK] Grafana dashboards are provisioned (3 ConfigMaps)
[OK] All monitoring workloads are Ready
backend: 3/3 UP (3 discovered)
postgres: 1/1 UP (1 discovered)
redis: 1/1 UP (1 discovered)
[OK] zilla_http_requests_total returns data for model hybrid
[OK] pg_up returns data for model hybrid
[OK] redis_up returns data for model hybrid
[OK] All expected hybrid targets and metric families are available
