Profile: shared
Chart:   kube-prometheus-stack 88.6.2
NAME                                                       READY   UP-TO-DATE   AVAILABLE   AGE
deployment.apps/kube-prometheus-stack-grafana              1/1     1            1           38h
deployment.apps/kube-prometheus-stack-kube-state-metrics   1/1     1            1           38h
deployment.apps/kube-prometheus-stack-operator             1/1     1            1           38h

NAME                                                           READY   AGE
statefulset.apps/prometheus-kube-prometheus-stack-prometheus   1/1     38h

NAME                                                            DESIRED   CURRENT   READY   UP-TO-DATE   AVAILABLE   NODE SELECTOR            AGE
daemonset.apps/kube-prometheus-stack-prometheus-node-exporter   1         1         1       1            1           kubernetes.io/os=linux   38h

NAME                                                           READY   STATUS    RESTARTS   AGE
pod/kube-prometheus-stack-grafana-6f676dd88f-w6vpl             3/3     Running   0          8m46s
pod/kube-prometheus-stack-kube-state-metrics-8fc6b9b9f-zmc42   1/1     Running   0          38h
pod/kube-prometheus-stack-operator-589d8c9bc7-slgnq            1/1     Running   0          38h
pod/kube-prometheus-stack-prometheus-node-exporter-m92sx       1/1     Running   0          38h
pod/prometheus-kube-prometheus-stack-prometheus-0              2/2     Running   0          38h

NAME                                                                                                                 STATUS   VOLUME                                     CAPACITY   ACCESS MODES   STORAGECLASS   VOLUMEATTRIBUTESCLASS   AGE
persistentvolumeclaim/prometheus-kube-prometheus-stack-prometheus-db-prometheus-kube-prometheus-stack-prometheus-0   Bound    pvc-ceb2be4d-69c7-49d5-b752-b4b25c4a5059   4Gi        RWO            standard       <unset>                 38h
[OK] Grafana Prometheus datasource is provisioned
[OK] Grafana dashboards are provisioned (3 ConfigMaps)
[OK] All monitoring workloads are Ready
backend: 1/1 UP (1 discovered)
postgres: 1/1 UP (1 discovered)
redis: 1/1 UP (1 discovered)
[OK] zilla_http_requests_total returns data for model shared
[OK] pg_up returns data for model shared
[OK] redis_up returns data for model shared
[OK] All expected shared targets and metric families are available
