
         /\      Grafana   /‾‾/  
    /\  /  \     |\  __   /  /   
   /  \/    \    | |/ /  /   ‾‾\ 
  /          \   |   (  |  (‾)  |
 / __________ \  |_|\_\  \_____/ 


     execution: local
        script: /scripts/scenario.js
        output: -

     scenarios: (100.00%) 3 scenarios, 4 max VUs, 3m5s max duration (incl. graceful stop):
              * warmup_01_arm: Up to 2 looping VUs for 30s over 1 stages (gracefulRampDown: 30s, exec: tenantWorkload, gracefulStop: 5s)
              * steady_01_arm: 2 looping VUs for 2m0s (exec: tenantWorkload, startTime: 30s, gracefulStop: 5s)
              * cooldown_01_arm: Up to 2 looping VUs for 30s over 1 stages (gracefulRampDown: 30s, exec: tenantWorkload, startTime: 2m30s, gracefulStop: 5s)


running (0m01.0s), 0/4 VUs, 0 complete and 0 interrupted iterations
warmup_01_arm     [   3% ] 0/2 VUs  01.0s/30.0s
steady_01_arm   • [   0% ] waiting  29.0s
cooldown_01_arm • [   0% ] waiting  2m29.0s

running (0m02.0s), 0/4 VUs, 0 complete and 0 interrupted iterations
warmup_01_arm     [   7% ] 0/2 VUs  02.0s/30.0s
steady_01_arm   • [   0% ] waiting  28.0s
cooldown_01_arm • [   0% ] waiting  2m28.0s

running (0m03.0s), 0/4 VUs, 0 complete and 0 interrupted iterations
warmup_01_arm     [  10% ] 0/2 VUs  03.0s/30.0s
steady_01_arm   • [   0% ] waiting  27.0s
cooldown_01_arm • [   0% ] waiting  2m27.0s

running (0m04.0s), 0/4 VUs, 0 complete and 0 interrupted iterations
warmup_01_arm     [  13% ] 0/2 VUs  04.0s/30.0s
steady_01_arm   • [   0% ] waiting  26.0s
cooldown_01_arm • [   0% ] waiting  2m26.0s

running (0m05.0s), 0/4 VUs, 0 complete and 0 interrupted iterations
warmup_01_arm     [  17% ] 0/2 VUs  05.0s/30.0s
steady_01_arm   • [   0% ] waiting  25.0s
cooldown_01_arm • [   0% ] waiting  2m25.0s

running (0m06.0s), 0/4 VUs, 0 complete and 0 interrupted iterations
warmup_01_arm     [  20% ] 0/2 VUs  06.0s/30.0s
steady_01_arm   • [   0% ] waiting  24.0s
cooldown_01_arm • [   0% ] waiting  2m24.0s

running (0m07.0s), 0/4 VUs, 0 complete and 0 interrupted iterations
warmup_01_arm     [  23% ] 0/2 VUs  07.0s/30.0s
steady_01_arm   • [   0% ] waiting  23.0s
cooldown_01_arm • [   0% ] waiting  2m23.0s

running (0m08.0s), 0/4 VUs, 0 complete and 0 interrupted iterations
warmup_01_arm     [  27% ] 0/2 VUs  08.0s/30.0s
steady_01_arm   • [   0% ] waiting  22.0s
cooldown_01_arm • [   0% ] waiting  2m22.0s

running (0m09.0s), 0/4 VUs, 0 complete and 0 interrupted iterations
warmup_01_arm     [  30% ] 0/2 VUs  09.0s/30.0s
steady_01_arm   • [   0% ] waiting  21.0s
cooldown_01_arm • [   0% ] waiting  2m21.0s

running (0m10.0s), 0/4 VUs, 0 complete and 0 interrupted iterations
warmup_01_arm     [  33% ] 0/2 VUs  10.0s/30.0s
steady_01_arm   • [   0% ] waiting  20.0s
cooldown_01_arm • [   0% ] waiting  2m20.0s

running (0m11.0s), 0/4 VUs, 0 complete and 0 interrupted iterations
warmup_01_arm     [  37% ] 0/2 VUs  11.0s/30.0s
steady_01_arm   • [   0% ] waiting  19.0s
cooldown_01_arm • [   0% ] waiting  2m19.0s

running (0m12.0s), 0/4 VUs, 0 complete and 0 interrupted iterations
warmup_01_arm     [  40% ] 0/2 VUs  12.0s/30.0s
steady_01_arm   • [   0% ] waiting  18.0s
cooldown_01_arm • [   0% ] waiting  2m18.0s

running (0m13.0s), 0/4 VUs, 0 complete and 0 interrupted iterations
warmup_01_arm     [  43% ] 0/2 VUs  13.0s/30.0s
steady_01_arm   • [   0% ] waiting  17.0s
cooldown_01_arm • [   0% ] waiting  2m17.0s

running (0m14.0s), 0/4 VUs, 0 complete and 0 interrupted iterations
warmup_01_arm     [  47% ] 0/2 VUs  14.0s/30.0s
steady_01_arm   • [   0% ] waiting  16.0s
cooldown_01_arm • [   0% ] waiting  2m16.0s

running (0m15.0s), 0/4 VUs, 0 complete and 0 interrupted iterations
warmup_01_arm     [  50% ] 0/2 VUs  15.0s/30.0s
steady_01_arm   • [   0% ] waiting  15.0s
cooldown_01_arm • [   0% ] waiting  2m15.0s

running (0m16.0s), 1/4 VUs, 2 complete and 0 interrupted iterations
warmup_01_arm     [  53% ] 1/2 VUs  16.0s/30.0s
steady_01_arm   • [   0% ] waiting  14.0s
cooldown_01_arm • [   0% ] waiting  2m14.0s

running (0m17.0s), 1/4 VUs, 5 complete and 0 interrupted iterations
warmup_01_arm     [  57% ] 1/2 VUs  17.0s/30.0s
steady_01_arm   • [   0% ] waiting  13.0s
cooldown_01_arm • [   0% ] waiting  2m13.0s

running (0m18.0s), 1/4 VUs, 8 complete and 0 interrupted iterations
warmup_01_arm     [  60% ] 1/2 VUs  18.0s/30.0s
steady_01_arm   • [   0% ] waiting  12.0s
cooldown_01_arm • [   0% ] waiting  2m12.0s

running (0m19.0s), 1/4 VUs, 11 complete and 0 interrupted iterations
warmup_01_arm     [  63% ] 1/2 VUs  19.0s/30.0s
steady_01_arm   • [   0% ] waiting  11.0s
cooldown_01_arm • [   0% ] waiting  2m11.0s

running (0m20.0s), 1/4 VUs, 15 complete and 0 interrupted iterations
warmup_01_arm     [  67% ] 1/2 VUs  20.0s/30.0s
steady_01_arm   • [   0% ] waiting  10.0s
cooldown_01_arm • [   0% ] waiting  2m10.0s

running (0m21.0s), 1/4 VUs, 18 complete and 0 interrupted iterations
warmup_01_arm     [  70% ] 1/2 VUs  21.0s/30.0s
steady_01_arm   • [   0% ] waiting  09.0s
cooldown_01_arm • [   0% ] waiting  2m09.0s

running (0m22.0s), 1/4 VUs, 21 complete and 0 interrupted iterations
warmup_01_arm     [  73% ] 1/2 VUs  22.0s/30.0s
steady_01_arm   • [   0% ] waiting  08.0s
cooldown_01_arm • [   0% ] waiting  2m08.0s

running (0m23.0s), 1/4 VUs, 24 complete and 0 interrupted iterations
warmup_01_arm     [  77% ] 1/2 VUs  23.0s/30.0s
steady_01_arm   • [   0% ] waiting  07.0s
cooldown_01_arm • [   0% ] waiting  2m07.0s

running (0m24.0s), 1/4 VUs, 27 complete and 0 interrupted iterations
warmup_01_arm     [  80% ] 1/2 VUs  24.0s/30.0s
steady_01_arm   • [   0% ] waiting  06.0s
cooldown_01_arm • [   0% ] waiting  2m06.0s

running (0m25.0s), 1/4 VUs, 30 complete and 0 interrupted iterations
warmup_01_arm     [  83% ] 1/2 VUs  25.0s/30.0s
steady_01_arm   • [   0% ] waiting  05.0s
cooldown_01_arm • [   0% ] waiting  2m05.0s

running (0m26.0s), 1/4 VUs, 33 complete and 0 interrupted iterations
warmup_01_arm     [  87% ] 1/2 VUs  26.0s/30.0s
steady_01_arm   • [   0% ] waiting  04.0s
cooldown_01_arm • [   0% ] waiting  2m04.0s

running (0m27.0s), 1/4 VUs, 36 complete and 0 interrupted iterations
warmup_01_arm     [  90% ] 1/2 VUs  27.0s/30.0s
steady_01_arm   • [   0% ] waiting  03.0s
cooldown_01_arm • [   0% ] waiting  2m03.0s

running (0m28.0s), 1/4 VUs, 39 complete and 0 interrupted iterations
warmup_01_arm     [  93% ] 1/2 VUs  28.0s/30.0s
steady_01_arm   • [   0% ] waiting  02.0s
cooldown_01_arm • [   0% ] waiting  2m02.0s

running (0m29.0s), 1/4 VUs, 42 complete and 0 interrupted iterations
warmup_01_arm     [  97% ] 1/2 VUs  29.0s/30.0s
steady_01_arm   • [   0% ] waiting  01.0s
cooldown_01_arm • [   0% ] waiting  2m01.0s

running (0m30.0s), 1/4 VUs, 45 complete and 0 interrupted iterations
warmup_01_arm     [ 100% ] 1/2 VUs  30.0s/30.0s
steady_01_arm   • [   0% ] waiting  00.0s
cooldown_01_arm • [   0% ] waiting  2m00.0s

running (0m31.0s), 2/4 VUs, 50 complete and 0 interrupted iterations
warmup_01_arm   ✓ [ 100% ] 0/2 VUs  30s
steady_01_arm     [   1% ] 2 VUs    0m01.0s/2m0s
cooldown_01_arm • [   0% ] waiting  1m59.0s

running (0m32.0s), 2/4 VUs, 54 complete and 0 interrupted iterations
warmup_01_arm   ✓ [ 100% ] 0/2 VUs  30s
steady_01_arm     [   2% ] 2 VUs    0m02.0s/2m0s
cooldown_01_arm • [   0% ] waiting  1m58.0s

running (0m33.0s), 2/4 VUs, 60 complete and 0 interrupted iterations
warmup_01_arm   ✓ [ 100% ] 0/2 VUs  30s
steady_01_arm     [   2% ] 2 VUs    0m03.0s/2m0s
cooldown_01_arm • [   0% ] waiting  1m57.0s

running (0m34.0s), 2/4 VUs, 64 complete and 0 interrupted iterations
warmup_01_arm   ✓ [ 100% ] 0/2 VUs  30s
steady_01_arm     [   3% ] 2 VUs    0m04.0s/2m0s
cooldown_01_arm • [   0% ] waiting  1m56.0s

running (0m35.0s), 2/4 VUs, 71 complete and 0 interrupted iterations
warmup_01_arm   ✓ [ 100% ] 0/2 VUs  30s
steady_01_arm     [   4% ] 2 VUs    0m05.0s/2m0s
cooldown_01_arm • [   0% ] waiting  1m55.0s

running (0m36.0s), 2/4 VUs, 76 complete and 0 interrupted iterations
warmup_01_arm   ✓ [ 100% ] 0/2 VUs  30s
steady_01_arm     [   5% ] 2 VUs    0m06.0s/2m0s
cooldown_01_arm • [   0% ] waiting  1m54.0s

running (0m37.0s), 2/4 VUs, 80 complete and 0 interrupted iterations
warmup_01_arm   ✓ [ 100% ] 0/2 VUs  30s
steady_01_arm     [   6% ] 2 VUs    0m07.0s/2m0s
cooldown_01_arm • [   0% ] waiting  1m53.0s

running (0m38.0s), 2/4 VUs, 86 complete and 0 interrupted iterations
warmup_01_arm   ✓ [ 100% ] 0/2 VUs  30s
steady_01_arm     [   7% ] 2 VUs    0m08.0s/2m0s
cooldown_01_arm • [   0% ] waiting  1m52.0s

running (0m39.0s), 2/4 VUs, 90 complete and 0 interrupted iterations
warmup_01_arm   ✓ [ 100% ] 0/2 VUs  30s
steady_01_arm     [   7% ] 2 VUs    0m09.0s/2m0s
cooldown_01_arm • [   0% ] waiting  1m51.0s

running (0m40.0s), 2/4 VUs, 96 complete and 0 interrupted iterations
warmup_01_arm   ✓ [ 100% ] 0/2 VUs  30s
steady_01_arm     [   8% ] 2 VUs    0m10.0s/2m0s
cooldown_01_arm • [   0% ] waiting  1m50.0s

running (0m41.0s), 2/4 VUs, 100 complete and 0 interrupted iterations
warmup_01_arm   ✓ [ 100% ] 0/2 VUs  30s
steady_01_arm     [   9% ] 2 VUs    0m11.0s/2m0s
cooldown_01_arm • [   0% ] waiting  1m49.0s

running (0m42.0s), 2/4 VUs, 106 complete and 0 interrupted iterations
warmup_01_arm   ✓ [ 100% ] 0/2 VUs  30s
steady_01_arm     [  10% ] 2 VUs    0m12.0s/2m0s
cooldown_01_arm • [   0% ] waiting  1m48.0s

running (0m43.0s), 2/4 VUs, 110 complete and 0 interrupted iterations
warmup_01_arm   ✓ [ 100% ] 0/2 VUs  30s
steady_01_arm     [  11% ] 2 VUs    0m13.0s/2m0s
cooldown_01_arm • [   0% ] waiting  1m47.0s

running (0m44.0s), 2/4 VUs, 114 complete and 0 interrupted iterations
warmup_01_arm   ✓ [ 100% ] 0/2 VUs  30s
steady_01_arm     [  12% ] 2 VUs    0m14.0s/2m0s
cooldown_01_arm • [   0% ] waiting  1m46.0s

running (0m45.0s), 2/4 VUs, 120 complete and 0 interrupted iterations
warmup_01_arm   ✓ [ 100% ] 0/2 VUs  30s
steady_01_arm     [  12% ] 2 VUs    0m15.0s/2m0s
cooldown_01_arm • [   0% ] waiting  1m45.0s

running (0m46.0s), 2/4 VUs, 124 complete and 0 interrupted iterations
warmup_01_arm   ✓ [ 100% ] 0/2 VUs  30s
steady_01_arm     [  13% ] 2 VUs    0m16.0s/2m0s
cooldown_01_arm • [   0% ] waiting  1m44.0s

running (0m47.0s), 2/4 VUs, 129 complete and 0 interrupted iterations
warmup_01_arm   ✓ [ 100% ] 0/2 VUs  30s
steady_01_arm     [  14% ] 2 VUs    0m17.0s/2m0s
cooldown_01_arm • [   0% ] waiting  1m43.0s

running (0m48.0s), 2/4 VUs, 134 complete and 0 interrupted iterations
warmup_01_arm   ✓ [ 100% ] 0/2 VUs  30s
steady_01_arm     [  15% ] 2 VUs    0m18.0s/2m0s
cooldown_01_arm • [   0% ] waiting  1m42.0s

running (0m49.0s), 2/4 VUs, 140 complete and 0 interrupted iterations
warmup_01_arm   ✓ [ 100% ] 0/2 VUs  30s
steady_01_arm     [  16% ] 2 VUs    0m19.0s/2m0s
cooldown_01_arm • [   0% ] waiting  1m41.0s

running (0m50.0s), 2/4 VUs, 144 complete and 0 interrupted iterations
warmup_01_arm   ✓ [ 100% ] 0/2 VUs  30s
steady_01_arm     [  17% ] 2 VUs    0m20.0s/2m0s
cooldown_01_arm • [   0% ] waiting  1m40.0s

running (0m51.0s), 2/4 VUs, 149 complete and 0 interrupted iterations
warmup_01_arm   ✓ [ 100% ] 0/2 VUs  30s
steady_01_arm     [  17% ] 2 VUs    0m21.0s/2m0s
cooldown_01_arm • [   0% ] waiting  1m39.0s

running (0m52.0s), 2/4 VUs, 154 complete and 0 interrupted iterations
warmup_01_arm   ✓ [ 100% ] 0/2 VUs  30s
steady_01_arm     [  18% ] 2 VUs    0m22.0s/2m0s
cooldown_01_arm • [   0% ] waiting  1m38.0s

running (0m53.0s), 2/4 VUs, 158 complete and 0 interrupted iterations
warmup_01_arm   ✓ [ 100% ] 0/2 VUs  30s
steady_01_arm     [  19% ] 2 VUs    0m23.0s/2m0s
cooldown_01_arm • [   0% ] waiting  1m37.0s

running (0m54.0s), 2/4 VUs, 164 complete and 0 interrupted iterations
warmup_01_arm   ✓ [ 100% ] 0/2 VUs  30s
steady_01_arm     [  20% ] 2 VUs    0m24.0s/2m0s
cooldown_01_arm • [   0% ] waiting  1m36.0s

running (0m55.0s), 2/4 VUs, 168 complete and 0 interrupted iterations
warmup_01_arm   ✓ [ 100% ] 0/2 VUs  30s
steady_01_arm     [  21% ] 2 VUs    0m25.0s/2m0s
cooldown_01_arm • [   0% ] waiting  1m35.0s

running (0m56.0s), 2/4 VUs, 174 complete and 0 interrupted iterations
warmup_01_arm   ✓ [ 100% ] 0/2 VUs  30s
steady_01_arm     [  22% ] 2 VUs    0m26.0s/2m0s
cooldown_01_arm • [   0% ] waiting  1m34.0s

running (0m57.0s), 2/4 VUs, 178 complete and 0 interrupted iterations
warmup_01_arm   ✓ [ 100% ] 0/2 VUs  30s
steady_01_arm     [  22% ] 2 VUs    0m27.0s/2m0s
cooldown_01_arm • [   0% ] waiting  1m33.0s

running (0m58.0s), 2/4 VUs, 184 complete and 0 interrupted iterations
warmup_01_arm   ✓ [ 100% ] 0/2 VUs  30s
steady_01_arm     [  23% ] 2 VUs    0m28.0s/2m0s
cooldown_01_arm • [   0% ] waiting  1m32.0s

running (0m59.0s), 2/4 VUs, 190 complete and 0 interrupted iterations
warmup_01_arm   ✓ [ 100% ] 0/2 VUs  30s
steady_01_arm     [  24% ] 2 VUs    0m29.0s/2m0s
cooldown_01_arm • [   0% ] waiting  1m31.0s

running (1m00.0s), 2/4 VUs, 197 complete and 0 interrupted iterations
warmup_01_arm   ✓ [ 100% ] 0/2 VUs  30s
steady_01_arm     [  25% ] 2 VUs    0m30.0s/2m0s
cooldown_01_arm • [   0% ] waiting  1m30.0s

running (1m01.0s), 2/4 VUs, 203 complete and 0 interrupted iterations
warmup_01_arm   ✓ [ 100% ] 0/2 VUs  30s
steady_01_arm     [  26% ] 2 VUs    0m31.0s/2m0s
cooldown_01_arm • [   0% ] waiting  1m29.0s

running (1m02.0s), 2/4 VUs, 209 complete and 0 interrupted iterations
warmup_01_arm   ✓ [ 100% ] 0/2 VUs  30s
steady_01_arm     [  27% ] 2 VUs    0m32.0s/2m0s
cooldown_01_arm • [   0% ] waiting  1m28.0s

running (1m03.0s), 2/4 VUs, 215 complete and 0 interrupted iterations
warmup_01_arm   ✓ [ 100% ] 0/2 VUs  30s
steady_01_arm     [  27% ] 2 VUs    0m33.0s/2m0s
cooldown_01_arm • [   0% ] waiting  1m27.0s

running (1m04.0s), 2/4 VUs, 221 complete and 0 interrupted iterations
warmup_01_arm   ✓ [ 100% ] 0/2 VUs  30s
steady_01_arm     [  28% ] 2 VUs    0m34.0s/2m0s
cooldown_01_arm • [   0% ] waiting  1m26.0s

running (1m05.0s), 2/4 VUs, 225 complete and 0 interrupted iterations
warmup_01_arm   ✓ [ 100% ] 0/2 VUs  30s
steady_01_arm     [  29% ] 2 VUs    0m35.0s/2m0s
cooldown_01_arm • [   0% ] waiting  1m25.0s

running (1m06.0s), 2/4 VUs, 231 complete and 0 interrupted iterations
warmup_01_arm   ✓ [ 100% ] 0/2 VUs  30s
steady_01_arm     [  30% ] 2 VUs    0m36.0s/2m0s
cooldown_01_arm • [   0% ] waiting  1m24.0s

running (1m07.0s), 2/4 VUs, 235 complete and 0 interrupted iterations
warmup_01_arm   ✓ [ 100% ] 0/2 VUs  30s
steady_01_arm     [  31% ] 2 VUs    0m37.0s/2m0s
cooldown_01_arm • [   0% ] waiting  1m23.0s

running (1m08.0s), 2/4 VUs, 241 complete and 0 interrupted iterations
warmup_01_arm   ✓ [ 100% ] 0/2 VUs  30s
steady_01_arm     [  32% ] 2 VUs    0m38.0s/2m0s
cooldown_01_arm • [   0% ] waiting  1m22.0s

running (1m09.0s), 2/4 VUs, 245 complete and 0 interrupted iterations
warmup_01_arm   ✓ [ 100% ] 0/2 VUs  30s
steady_01_arm     [  32% ] 2 VUs    0m39.0s/2m0s
cooldown_01_arm • [   0% ] waiting  1m21.0s

running (1m10.0s), 2/4 VUs, 249 complete and 0 interrupted iterations
warmup_01_arm   ✓ [ 100% ] 0/2 VUs  30s
steady_01_arm     [  33% ] 2 VUs    0m40.0s/2m0s
cooldown_01_arm • [   0% ] waiting  1m20.0s

running (1m11.0s), 2/4 VUs, 255 complete and 0 interrupted iterations
warmup_01_arm   ✓ [ 100% ] 0/2 VUs  30s
steady_01_arm     [  34% ] 2 VUs    0m41.0s/2m0s
cooldown_01_arm • [   0% ] waiting  1m19.0s

running (1m12.0s), 2/4 VUs, 259 complete and 0 interrupted iterations
warmup_01_arm   ✓ [ 100% ] 0/2 VUs  30s
steady_01_arm     [  35% ] 2 VUs    0m42.0s/2m0s
cooldown_01_arm • [   0% ] waiting  1m18.0s

running (1m13.0s), 2/4 VUs, 265 complete and 0 interrupted iterations
warmup_01_arm   ✓ [ 100% ] 0/2 VUs  30s
steady_01_arm     [  36% ] 2 VUs    0m43.0s/2m0s
cooldown_01_arm • [   0% ] waiting  1m17.0s

running (1m14.0s), 2/4 VUs, 269 complete and 0 interrupted iterations
warmup_01_arm   ✓ [ 100% ] 0/2 VUs  30s
steady_01_arm     [  37% ] 2 VUs    0m44.0s/2m0s
cooldown_01_arm • [   0% ] waiting  1m16.0s

running (1m15.0s), 2/4 VUs, 275 complete and 0 interrupted iterations
warmup_01_arm   ✓ [ 100% ] 0/2 VUs  30s
steady_01_arm     [  37% ] 2 VUs    0m45.0s/2m0s
cooldown_01_arm • [   0% ] waiting  1m15.0s

running (1m16.0s), 2/4 VUs, 279 complete and 0 interrupted iterations
warmup_01_arm   ✓ [ 100% ] 0/2 VUs  30s
steady_01_arm     [  38% ] 2 VUs    0m46.0s/2m0s
cooldown_01_arm • [   0% ] waiting  1m14.0s

running (1m17.0s), 2/4 VUs, 285 complete and 0 interrupted iterations
warmup_01_arm   ✓ [ 100% ] 0/2 VUs  30s
steady_01_arm     [  39% ] 2 VUs    0m47.0s/2m0s
cooldown_01_arm • [   0% ] waiting  1m13.0s

running (1m18.0s), 2/4 VUs, 289 complete and 0 interrupted iterations
warmup_01_arm   ✓ [ 100% ] 0/2 VUs  30s
steady_01_arm     [  40% ] 2 VUs    0m48.0s/2m0s
cooldown_01_arm • [   0% ] waiting  1m12.0s

running (1m19.0s), 2/4 VUs, 293 complete and 0 interrupted iterations
warmup_01_arm   ✓ [ 100% ] 0/2 VUs  30s
steady_01_arm     [  41% ] 2 VUs    0m49.0s/2m0s
cooldown_01_arm • [   0% ] waiting  1m11.0s

running (1m20.0s), 2/4 VUs, 299 complete and 0 interrupted iterations
warmup_01_arm   ✓ [ 100% ] 0/2 VUs  30s
steady_01_arm     [  42% ] 2 VUs    0m50.0s/2m0s
cooldown_01_arm • [   0% ] waiting  1m10.0s

running (1m21.0s), 2/4 VUs, 303 complete and 0 interrupted iterations
warmup_01_arm   ✓ [ 100% ] 0/2 VUs  30s
steady_01_arm     [  42% ] 2 VUs    0m51.0s/2m0s
cooldown_01_arm • [   0% ] waiting  1m09.0s

running (1m22.0s), 2/4 VUs, 309 complete and 0 interrupted iterations
warmup_01_arm   ✓ [ 100% ] 0/2 VUs  30s
steady_01_arm     [  43% ] 2 VUs    0m52.0s/2m0s
cooldown_01_arm • [   0% ] waiting  1m08.0s

running (1m23.0s), 2/4 VUs, 313 complete and 0 interrupted iterations
warmup_01_arm   ✓ [ 100% ] 0/2 VUs  30s
steady_01_arm     [  44% ] 2 VUs    0m53.0s/2m0s
cooldown_01_arm • [   0% ] waiting  1m07.0s

running (1m24.0s), 2/4 VUs, 319 complete and 0 interrupted iterations
warmup_01_arm   ✓ [ 100% ] 0/2 VUs  30s
steady_01_arm     [  45% ] 2 VUs    0m54.0s/2m0s
cooldown_01_arm • [   0% ] waiting  1m06.0s

running (1m25.0s), 2/4 VUs, 323 complete and 0 interrupted iterations
warmup_01_arm   ✓ [ 100% ] 0/2 VUs  30s
steady_01_arm     [  46% ] 2 VUs    0m55.0s/2m0s
cooldown_01_arm • [   0% ] waiting  1m05.0s

running (1m26.0s), 2/4 VUs, 329 complete and 0 interrupted iterations
warmup_01_arm   ✓ [ 100% ] 0/2 VUs  30s
steady_01_arm     [  47% ] 2 VUs    0m56.0s/2m0s
cooldown_01_arm • [   0% ] waiting  1m04.0s

running (1m27.0s), 2/4 VUs, 333 complete and 0 interrupted iterations
warmup_01_arm   ✓ [ 100% ] 0/2 VUs  30s
steady_01_arm     [  47% ] 2 VUs    0m57.0s/2m0s
cooldown_01_arm • [   0% ] waiting  1m03.0s

running (1m28.0s), 2/4 VUs, 337 complete and 0 interrupted iterations
warmup_01_arm   ✓ [ 100% ] 0/2 VUs  30s
steady_01_arm     [  48% ] 2 VUs    0m58.0s/2m0s
cooldown_01_arm • [   0% ] waiting  1m02.0s

running (1m29.0s), 2/4 VUs, 343 complete and 0 interrupted iterations
warmup_01_arm   ✓ [ 100% ] 0/2 VUs  30s
steady_01_arm     [  49% ] 2 VUs    0m59.0s/2m0s
cooldown_01_arm • [   0% ] waiting  1m01.0s

running (1m30.0s), 2/4 VUs, 347 complete and 0 interrupted iterations
warmup_01_arm   ✓ [ 100% ] 0/2 VUs  30s
steady_01_arm     [  50% ] 2 VUs    1m00.0s/2m0s
cooldown_01_arm • [   0% ] waiting  1m00.0s

running (1m31.0s), 2/4 VUs, 353 complete and 0 interrupted iterations
warmup_01_arm   ✓ [ 100% ] 0/2 VUs  30s
steady_01_arm     [  51% ] 2 VUs    1m01.0s/2m0s
cooldown_01_arm • [   0% ] waiting  0m59.0s

running (1m32.0s), 2/4 VUs, 357 complete and 0 interrupted iterations
warmup_01_arm   ✓ [ 100% ] 0/2 VUs  30s
steady_01_arm     [  52% ] 2 VUs    1m02.0s/2m0s
cooldown_01_arm • [   0% ] waiting  0m58.0s

running (1m33.0s), 2/4 VUs, 363 complete and 0 interrupted iterations
warmup_01_arm   ✓ [ 100% ] 0/2 VUs  30s
steady_01_arm     [  52% ] 2 VUs    1m03.0s/2m0s
cooldown_01_arm • [   0% ] waiting  0m57.0s

running (1m34.0s), 2/4 VUs, 367 complete and 0 interrupted iterations
warmup_01_arm   ✓ [ 100% ] 0/2 VUs  30s
steady_01_arm     [  53% ] 2 VUs    1m04.0s/2m0s
cooldown_01_arm • [   0% ] waiting  0m56.0s

running (1m35.0s), 2/4 VUs, 371 complete and 0 interrupted iterations
warmup_01_arm   ✓ [ 100% ] 0/2 VUs  30s
steady_01_arm     [  54% ] 2 VUs    1m05.0s/2m0s
cooldown_01_arm • [   0% ] waiting  0m55.0s

running (1m36.0s), 2/4 VUs, 377 complete and 0 interrupted iterations
warmup_01_arm   ✓ [ 100% ] 0/2 VUs  30s
steady_01_arm     [  55% ] 2 VUs    1m06.0s/2m0s
cooldown_01_arm • [   0% ] waiting  0m54.0s

running (1m37.0s), 2/4 VUs, 381 complete and 0 interrupted iterations
warmup_01_arm   ✓ [ 100% ] 0/2 VUs  30s
steady_01_arm     [  56% ] 2 VUs    1m07.0s/2m0s
cooldown_01_arm • [   0% ] waiting  0m53.0s

running (1m38.0s), 2/4 VUs, 387 complete and 0 interrupted iterations
warmup_01_arm   ✓ [ 100% ] 0/2 VUs  30s
steady_01_arm     [  57% ] 2 VUs    1m08.0s/2m0s
cooldown_01_arm • [   0% ] waiting  0m52.0s

running (1m39.0s), 2/4 VUs, 391 complete and 0 interrupted iterations
warmup_01_arm   ✓ [ 100% ] 0/2 VUs  30s
steady_01_arm     [  57% ] 2 VUs    1m09.0s/2m0s
cooldown_01_arm • [   0% ] waiting  0m51.0s

running (1m40.0s), 2/4 VUs, 397 complete and 0 interrupted iterations
warmup_01_arm   ✓ [ 100% ] 0/2 VUs  30s
steady_01_arm     [  58% ] 2 VUs    1m10.0s/2m0s
cooldown_01_arm • [   0% ] waiting  0m50.0s

running (1m41.0s), 2/4 VUs, 401 complete and 0 interrupted iterations
warmup_01_arm   ✓ [ 100% ] 0/2 VUs  30s
steady_01_arm     [  59% ] 2 VUs    1m11.0s/2m0s
cooldown_01_arm • [   0% ] waiting  0m49.0s

running (1m42.0s), 2/4 VUs, 407 complete and 0 interrupted iterations
warmup_01_arm   ✓ [ 100% ] 0/2 VUs  30s
steady_01_arm     [  60% ] 2 VUs    1m12.0s/2m0s
cooldown_01_arm • [   0% ] waiting  0m48.0s

running (1m43.0s), 2/4 VUs, 411 complete and 0 interrupted iterations
warmup_01_arm   ✓ [ 100% ] 0/2 VUs  30s
steady_01_arm     [  61% ] 2 VUs    1m13.0s/2m0s
cooldown_01_arm • [   0% ] waiting  0m47.0s

running (1m44.0s), 2/4 VUs, 417 complete and 0 interrupted iterations
warmup_01_arm   ✓ [ 100% ] 0/2 VUs  30s
steady_01_arm     [  62% ] 2 VUs    1m14.0s/2m0s
cooldown_01_arm • [   0% ] waiting  0m46.0s

running (1m45.0s), 2/4 VUs, 421 complete and 0 interrupted iterations
warmup_01_arm   ✓ [ 100% ] 0/2 VUs  30s
steady_01_arm     [  62% ] 2 VUs    1m15.0s/2m0s
cooldown_01_arm • [   0% ] waiting  0m45.0s

running (1m46.0s), 2/4 VUs, 425 complete and 0 interrupted iterations
warmup_01_arm   ✓ [ 100% ] 0/2 VUs  30s
steady_01_arm     [  63% ] 2 VUs    1m16.0s/2m0s
cooldown_01_arm • [   0% ] waiting  0m44.0s

running (1m47.0s), 2/4 VUs, 431 complete and 0 interrupted iterations
warmup_01_arm   ✓ [ 100% ] 0/2 VUs  30s
steady_01_arm     [  64% ] 2 VUs    1m17.0s/2m0s
cooldown_01_arm • [   0% ] waiting  0m43.0s

running (1m48.0s), 2/4 VUs, 435 complete and 0 interrupted iterations
warmup_01_arm   ✓ [ 100% ] 0/2 VUs  30s
steady_01_arm     [  65% ] 2 VUs    1m18.0s/2m0s
cooldown_01_arm • [   0% ] waiting  0m42.0s

running (1m49.0s), 2/4 VUs, 441 complete and 0 interrupted iterations
warmup_01_arm   ✓ [ 100% ] 0/2 VUs  30s
steady_01_arm     [  66% ] 2 VUs    1m19.0s/2m0s
cooldown_01_arm • [   0% ] waiting  0m41.0s

running (1m50.0s), 2/4 VUs, 445 complete and 0 interrupted iterations
warmup_01_arm   ✓ [ 100% ] 0/2 VUs  30s
steady_01_arm     [  67% ] 2 VUs    1m20.0s/2m0s
cooldown_01_arm • [   0% ] waiting  0m40.0s

running (1m51.0s), 2/4 VUs, 451 complete and 0 interrupted iterations
warmup_01_arm   ✓ [ 100% ] 0/2 VUs  30s
steady_01_arm     [  67% ] 2 VUs    1m21.0s/2m0s
cooldown_01_arm • [   0% ] waiting  0m39.0s

running (1m52.0s), 2/4 VUs, 455 complete and 0 interrupted iterations
warmup_01_arm   ✓ [ 100% ] 0/2 VUs  30s
steady_01_arm     [  68% ] 2 VUs    1m22.0s/2m0s
cooldown_01_arm • [   0% ] waiting  0m38.0s

running (1m53.0s), 2/4 VUs, 459 complete and 0 interrupted iterations
warmup_01_arm   ✓ [ 100% ] 0/2 VUs  30s
steady_01_arm     [  69% ] 2 VUs    1m23.0s/2m0s
cooldown_01_arm • [   0% ] waiting  0m37.0s

running (1m54.0s), 2/4 VUs, 465 complete and 0 interrupted iterations
warmup_01_arm   ✓ [ 100% ] 0/2 VUs  30s
steady_01_arm     [  70% ] 2 VUs    1m24.0s/2m0s
cooldown_01_arm • [   0% ] waiting  0m36.0s

running (1m55.0s), 2/4 VUs, 469 complete and 0 interrupted iterations
warmup_01_arm   ✓ [ 100% ] 0/2 VUs  30s
steady_01_arm     [  71% ] 2 VUs    1m25.0s/2m0s
cooldown_01_arm • [   0% ] waiting  0m35.0s

running (1m56.0s), 2/4 VUs, 475 complete and 0 interrupted iterations
warmup_01_arm   ✓ [ 100% ] 0/2 VUs  30s
steady_01_arm     [  72% ] 2 VUs    1m26.0s/2m0s
cooldown_01_arm • [   0% ] waiting  0m34.0s

running (1m57.0s), 2/4 VUs, 479 complete and 0 interrupted iterations
warmup_01_arm   ✓ [ 100% ] 0/2 VUs  30s
steady_01_arm     [  72% ] 2 VUs    1m27.0s/2m0s
cooldown_01_arm • [   0% ] waiting  0m33.0s

running (1m58.0s), 2/4 VUs, 485 complete and 0 interrupted iterations
warmup_01_arm   ✓ [ 100% ] 0/2 VUs  30s
steady_01_arm     [  73% ] 2 VUs    1m28.0s/2m0s
cooldown_01_arm • [   0% ] waiting  0m32.0s

running (1m59.0s), 2/4 VUs, 489 complete and 0 interrupted iterations
warmup_01_arm   ✓ [ 100% ] 0/2 VUs  30s
steady_01_arm     [  74% ] 2 VUs    1m29.0s/2m0s
cooldown_01_arm • [   0% ] waiting  0m31.0s

running (2m00.0s), 2/4 VUs, 495 complete and 0 interrupted iterations
warmup_01_arm   ✓ [ 100% ] 0/2 VUs  30s
steady_01_arm     [  75% ] 2 VUs    1m30.0s/2m0s
cooldown_01_arm • [   0% ] waiting  0m30.0s

running (2m01.0s), 2/4 VUs, 499 complete and 0 interrupted iterations
warmup_01_arm   ✓ [ 100% ] 0/2 VUs  30s
steady_01_arm     [  76% ] 2 VUs    1m31.0s/2m0s
cooldown_01_arm • [   0% ] waiting  0m29.0s

running (2m02.0s), 2/4 VUs, 503 complete and 0 interrupted iterations
warmup_01_arm   ✓ [ 100% ] 0/2 VUs  30s
steady_01_arm     [  77% ] 2 VUs    1m32.0s/2m0s
cooldown_01_arm • [   0% ] waiting  0m28.0s

running (2m03.0s), 2/4 VUs, 509 complete and 0 interrupted iterations
warmup_01_arm   ✓ [ 100% ] 0/2 VUs  30s
steady_01_arm     [  77% ] 2 VUs    1m33.0s/2m0s
cooldown_01_arm • [   0% ] waiting  0m27.0s

running (2m04.0s), 2/4 VUs, 513 complete and 0 interrupted iterations
warmup_01_arm   ✓ [ 100% ] 0/2 VUs  30s
steady_01_arm     [  78% ] 2 VUs    1m34.0s/2m0s
cooldown_01_arm • [   0% ] waiting  0m26.0s

running (2m05.0s), 2/4 VUs, 519 complete and 0 interrupted iterations
warmup_01_arm   ✓ [ 100% ] 0/2 VUs  30s
steady_01_arm     [  79% ] 2 VUs    1m35.0s/2m0s
cooldown_01_arm • [   0% ] waiting  0m25.0s

running (2m06.0s), 2/4 VUs, 523 complete and 0 interrupted iterations
warmup_01_arm   ✓ [ 100% ] 0/2 VUs  30s
steady_01_arm     [  80% ] 2 VUs    1m36.0s/2m0s
cooldown_01_arm • [   0% ] waiting  0m24.0s

running (2m07.0s), 2/4 VUs, 529 complete and 0 interrupted iterations
warmup_01_arm   ✓ [ 100% ] 0/2 VUs  30s
steady_01_arm     [  81% ] 2 VUs    1m37.0s/2m0s
cooldown_01_arm • [   0% ] waiting  0m23.0s

running (2m08.0s), 2/4 VUs, 533 complete and 0 interrupted iterations
warmup_01_arm   ✓ [ 100% ] 0/2 VUs  30s
steady_01_arm     [  82% ] 2 VUs    1m38.0s/2m0s
cooldown_01_arm • [   0% ] waiting  0m22.0s

running (2m09.0s), 2/4 VUs, 539 complete and 0 interrupted iterations
warmup_01_arm   ✓ [ 100% ] 0/2 VUs  30s
steady_01_arm     [  82% ] 2 VUs    1m39.0s/2m0s
cooldown_01_arm • [   0% ] waiting  0m21.0s

running (2m10.0s), 2/4 VUs, 543 complete and 0 interrupted iterations
warmup_01_arm   ✓ [ 100% ] 0/2 VUs  30s
steady_01_arm     [  83% ] 2 VUs    1m40.0s/2m0s
cooldown_01_arm • [   0% ] waiting  0m20.0s

running (2m11.0s), 2/4 VUs, 549 complete and 0 interrupted iterations
warmup_01_arm   ✓ [ 100% ] 0/2 VUs  30s
steady_01_arm     [  84% ] 2 VUs    1m41.0s/2m0s
cooldown_01_arm • [   0% ] waiting  0m19.0s

running (2m12.0s), 2/4 VUs, 553 complete and 0 interrupted iterations
warmup_01_arm   ✓ [ 100% ] 0/2 VUs  30s
steady_01_arm     [  85% ] 2 VUs    1m42.0s/2m0s
cooldown_01_arm • [   0% ] waiting  0m18.0s

running (2m13.0s), 2/4 VUs, 557 complete and 0 interrupted iterations
warmup_01_arm   ✓ [ 100% ] 0/2 VUs  30s
steady_01_arm     [  86% ] 2 VUs    1m43.0s/2m0s
cooldown_01_arm • [   0% ] waiting  0m17.0s

running (2m14.0s), 2/4 VUs, 563 complete and 0 interrupted iterations
warmup_01_arm   ✓ [ 100% ] 0/2 VUs  30s
steady_01_arm     [  87% ] 2 VUs    1m44.0s/2m0s
cooldown_01_arm • [   0% ] waiting  0m16.0s

running (2m15.0s), 2/4 VUs, 567 complete and 0 interrupted iterations
warmup_01_arm   ✓ [ 100% ] 0/2 VUs  30s
steady_01_arm     [  87% ] 2 VUs    1m45.0s/2m0s
cooldown_01_arm • [   0% ] waiting  0m15.0s

running (2m16.0s), 2/4 VUs, 573 complete and 0 interrupted iterations
warmup_01_arm   ✓ [ 100% ] 0/2 VUs  30s
steady_01_arm     [  88% ] 2 VUs    1m46.0s/2m0s
cooldown_01_arm • [   0% ] waiting  0m14.0s

running (2m17.0s), 2/4 VUs, 577 complete and 0 interrupted iterations
warmup_01_arm   ✓ [ 100% ] 0/2 VUs  30s
steady_01_arm     [  89% ] 2 VUs    1m47.0s/2m0s
cooldown_01_arm • [   0% ] waiting  0m13.0s

running (2m18.0s), 2/4 VUs, 583 complete and 0 interrupted iterations
warmup_01_arm   ✓ [ 100% ] 0/2 VUs  30s
steady_01_arm     [  90% ] 2 VUs    1m48.0s/2m0s
cooldown_01_arm • [   0% ] waiting  0m12.0s

running (2m19.0s), 2/4 VUs, 587 complete and 0 interrupted iterations
warmup_01_arm   ✓ [ 100% ] 0/2 VUs  30s
steady_01_arm     [  91% ] 2 VUs    1m49.0s/2m0s
cooldown_01_arm • [   0% ] waiting  0m11.0s

running (2m20.0s), 2/4 VUs, 593 complete and 0 interrupted iterations
warmup_01_arm   ✓ [ 100% ] 0/2 VUs  30s
steady_01_arm     [  92% ] 2 VUs    1m50.0s/2m0s
cooldown_01_arm • [   0% ] waiting  0m10.0s

running (2m21.0s), 2/4 VUs, 597 complete and 0 interrupted iterations
warmup_01_arm   ✓ [ 100% ] 0/2 VUs  30s
steady_01_arm     [  92% ] 2 VUs    1m51.0s/2m0s
cooldown_01_arm • [   0% ] waiting  0m09.0s

running (2m22.0s), 2/4 VUs, 601 complete and 0 interrupted iterations
warmup_01_arm   ✓ [ 100% ] 0/2 VUs  30s
steady_01_arm     [  93% ] 2 VUs    1m52.0s/2m0s
cooldown_01_arm • [   0% ] waiting  0m08.0s

running (2m23.0s), 2/4 VUs, 607 complete and 0 interrupted iterations
warmup_01_arm   ✓ [ 100% ] 0/2 VUs  30s
steady_01_arm     [  94% ] 2 VUs    1m53.0s/2m0s
cooldown_01_arm • [   0% ] waiting  0m07.0s

running (2m24.0s), 2/4 VUs, 611 complete and 0 interrupted iterations
warmup_01_arm   ✓ [ 100% ] 0/2 VUs  30s
steady_01_arm     [  95% ] 2 VUs    1m54.0s/2m0s
cooldown_01_arm • [   0% ] waiting  0m06.0s

running (2m25.0s), 2/4 VUs, 617 complete and 0 interrupted iterations
warmup_01_arm   ✓ [ 100% ] 0/2 VUs  30s
steady_01_arm     [  96% ] 2 VUs    1m55.0s/2m0s
cooldown_01_arm • [   0% ] waiting  0m05.0s

running (2m26.0s), 2/4 VUs, 621 complete and 0 interrupted iterations
warmup_01_arm   ✓ [ 100% ] 0/2 VUs  30s
steady_01_arm     [  97% ] 2 VUs    1m56.0s/2m0s
cooldown_01_arm • [   0% ] waiting  0m04.0s

running (2m27.0s), 2/4 VUs, 625 complete and 0 interrupted iterations
warmup_01_arm   ✓ [ 100% ] 0/2 VUs  30s
steady_01_arm     [  97% ] 2 VUs    1m57.0s/2m0s
cooldown_01_arm • [   0% ] waiting  0m03.0s

running (2m28.0s), 2/4 VUs, 631 complete and 0 interrupted iterations
warmup_01_arm   ✓ [ 100% ] 0/2 VUs  30s
steady_01_arm     [  98% ] 2 VUs    1m58.0s/2m0s
cooldown_01_arm • [   0% ] waiting  0m02.0s

running (2m29.0s), 2/4 VUs, 635 complete and 0 interrupted iterations
warmup_01_arm   ✓ [ 100% ] 0/2 VUs  30s
steady_01_arm     [  99% ] 2 VUs    1m59.0s/2m0s
cooldown_01_arm • [   0% ] waiting  0m01.0s

running (2m30.0s), 2/4 VUs, 639 complete and 0 interrupted iterations
warmup_01_arm   ✓ [ 100% ] 0/2 VUs  30s
steady_01_arm     [ 100% ] 2 VUs    2m00.0s/2m0s
cooldown_01_arm • [   0% ] waiting  0m00.0s

running (2m31.0s), 2/4 VUs, 645 complete and 0 interrupted iterations
warmup_01_arm   ✓ [ 100% ] 0/2 VUs  30s
steady_01_arm   ✓ [ 100% ] 2 VUs    2m0s
cooldown_01_arm   [   3% ] 2/2 VUs  01.0s/30.0s

running (2m32.0s), 2/4 VUs, 649 complete and 0 interrupted iterations
warmup_01_arm   ✓ [ 100% ] 0/2 VUs  30s
steady_01_arm   ✓ [ 100% ] 2 VUs    2m0s
cooldown_01_arm   [   7% ] 2/2 VUs  02.0s/30.0s

running (2m33.0s), 2/4 VUs, 655 complete and 0 interrupted iterations
warmup_01_arm   ✓ [ 100% ] 0/2 VUs  30s
steady_01_arm   ✓ [ 100% ] 2 VUs    2m0s
cooldown_01_arm   [  10% ] 2/2 VUs  03.0s/30.0s

running (2m34.0s), 2/4 VUs, 659 complete and 0 interrupted iterations
warmup_01_arm   ✓ [ 100% ] 0/2 VUs  30s
steady_01_arm   ✓ [ 100% ] 2 VUs    2m0s
cooldown_01_arm   [  13% ] 2/2 VUs  04.0s/30.0s

running (2m35.0s), 2/4 VUs, 663 complete and 0 interrupted iterations
warmup_01_arm   ✓ [ 100% ] 0/2 VUs  30s
steady_01_arm   ✓ [ 100% ] 2 VUs    2m0s
cooldown_01_arm   [  17% ] 2/2 VUs  05.0s/30.0s

running (2m36.0s), 2/4 VUs, 669 complete and 0 interrupted iterations
warmup_01_arm   ✓ [ 100% ] 0/2 VUs  30s
steady_01_arm   ✓ [ 100% ] 2 VUs    2m0s
cooldown_01_arm   [  20% ] 2/2 VUs  06.0s/30.0s

running (2m37.0s), 2/4 VUs, 673 complete and 0 interrupted iterations
warmup_01_arm   ✓ [ 100% ] 0/2 VUs  30s
steady_01_arm   ✓ [ 100% ] 2 VUs    2m0s
cooldown_01_arm   [  23% ] 2/2 VUs  07.0s/30.0s

running (2m38.0s), 2/4 VUs, 677 complete and 0 interrupted iterations
warmup_01_arm   ✓ [ 100% ] 0/2 VUs  30s
steady_01_arm   ✓ [ 100% ] 2 VUs    2m0s
cooldown_01_arm   [  27% ] 2/2 VUs  08.0s/30.0s

running (2m39.0s), 2/4 VUs, 683 complete and 0 interrupted iterations
warmup_01_arm   ✓ [ 100% ] 0/2 VUs  30s
steady_01_arm   ✓ [ 100% ] 2 VUs    2m0s
cooldown_01_arm   [  30% ] 2/2 VUs  09.0s/30.0s

running (2m40.0s), 2/4 VUs, 687 complete and 0 interrupted iterations
warmup_01_arm   ✓ [ 100% ] 0/2 VUs  30s
steady_01_arm   ✓ [ 100% ] 2 VUs    2m0s
cooldown_01_arm   [  33% ] 2/2 VUs  10.0s/30.0s

running (2m41.0s), 2/4 VUs, 693 complete and 0 interrupted iterations
warmup_01_arm   ✓ [ 100% ] 0/2 VUs  30s
steady_01_arm   ✓ [ 100% ] 2 VUs    2m0s
cooldown_01_arm   [  37% ] 2/2 VUs  11.0s/30.0s

running (2m42.0s), 2/4 VUs, 697 complete and 0 interrupted iterations
warmup_01_arm   ✓ [ 100% ] 0/2 VUs  30s
steady_01_arm   ✓ [ 100% ] 2 VUs    2m0s
cooldown_01_arm   [  40% ] 2/2 VUs  12.0s/30.0s

running (2m43.0s), 2/4 VUs, 703 complete and 0 interrupted iterations
warmup_01_arm   ✓ [ 100% ] 0/2 VUs  30s
steady_01_arm   ✓ [ 100% ] 2 VUs    2m0s
cooldown_01_arm   [  43% ] 2/2 VUs  13.0s/30.0s

running (2m44.0s), 2/4 VUs, 707 complete and 0 interrupted iterations
warmup_01_arm   ✓ [ 100% ] 0/2 VUs  30s
steady_01_arm   ✓ [ 100% ] 2 VUs    2m0s
cooldown_01_arm   [  47% ] 2/2 VUs  14.0s/30.0s

running (2m45.0s), 2/4 VUs, 713 complete and 0 interrupted iterations
warmup_01_arm   ✓ [ 100% ] 0/2 VUs  30s
steady_01_arm   ✓ [ 100% ] 2 VUs    2m0s
cooldown_01_arm   [  50% ] 2/2 VUs  15.0s/30.0s

running (2m46.0s), 1/4 VUs, 717 complete and 0 interrupted iterations
warmup_01_arm   ✓ [ 100% ] 0/2 VUs  30s
steady_01_arm   ✓ [ 100% ] 2 VUs    2m0s
cooldown_01_arm   [  53% ] 1/2 VUs  16.0s/30.0s

running (2m47.0s), 1/4 VUs, 720 complete and 0 interrupted iterations
warmup_01_arm   ✓ [ 100% ] 0/2 VUs  30s
steady_01_arm   ✓ [ 100% ] 2 VUs    2m0s
cooldown_01_arm   [  57% ] 1/2 VUs  17.0s/30.0s

running (2m48.0s), 1/4 VUs, 723 complete and 0 interrupted iterations
warmup_01_arm   ✓ [ 100% ] 0/2 VUs  30s
steady_01_arm   ✓ [ 100% ] 2 VUs    2m0s
cooldown_01_arm   [  60% ] 1/2 VUs  18.0s/30.0s

running (2m49.0s), 1/4 VUs, 726 complete and 0 interrupted iterations
warmup_01_arm   ✓ [ 100% ] 0/2 VUs  30s
steady_01_arm   ✓ [ 100% ] 2 VUs    2m0s
cooldown_01_arm   [  63% ] 1/2 VUs  19.0s/30.0s

running (2m50.0s), 1/4 VUs, 729 complete and 0 interrupted iterations
warmup_01_arm   ✓ [ 100% ] 0/2 VUs  30s
steady_01_arm   ✓ [ 100% ] 2 VUs    2m0s
cooldown_01_arm   [  67% ] 1/2 VUs  20.0s/30.0s

running (2m51.0s), 1/4 VUs, 732 complete and 0 interrupted iterations
warmup_01_arm   ✓ [ 100% ] 0/2 VUs  30s
steady_01_arm   ✓ [ 100% ] 2 VUs    2m0s
cooldown_01_arm   [  70% ] 1/2 VUs  21.0s/30.0s

running (2m52.0s), 1/4 VUs, 735 complete and 0 interrupted iterations
warmup_01_arm   ✓ [ 100% ] 0/2 VUs  30s
steady_01_arm   ✓ [ 100% ] 2 VUs    2m0s
cooldown_01_arm   [  73% ] 1/2 VUs  22.0s/30.0s

running (2m53.0s), 1/4 VUs, 738 complete and 0 interrupted iterations
warmup_01_arm   ✓ [ 100% ] 0/2 VUs  30s
steady_01_arm   ✓ [ 100% ] 2 VUs    2m0s
cooldown_01_arm   [  77% ] 1/2 VUs  23.0s/30.0s

running (2m54.0s), 1/4 VUs, 741 complete and 0 interrupted iterations
warmup_01_arm   ✓ [ 100% ] 0/2 VUs  30s
steady_01_arm   ✓ [ 100% ] 2 VUs    2m0s
cooldown_01_arm   [  80% ] 1/2 VUs  24.0s/30.0s

running (2m55.0s), 1/4 VUs, 744 complete and 0 interrupted iterations
warmup_01_arm   ✓ [ 100% ] 0/2 VUs  30s
steady_01_arm   ✓ [ 100% ] 2 VUs    2m0s
cooldown_01_arm   [  83% ] 1/2 VUs  25.0s/30.0s

running (2m56.0s), 1/4 VUs, 747 complete and 0 interrupted iterations
warmup_01_arm   ✓ [ 100% ] 0/2 VUs  30s
steady_01_arm   ✓ [ 100% ] 2 VUs    2m0s
cooldown_01_arm   [  87% ] 1/2 VUs  26.0s/30.0s

running (2m57.0s), 1/4 VUs, 750 complete and 0 interrupted iterations
warmup_01_arm   ✓ [ 100% ] 0/2 VUs  30s
steady_01_arm   ✓ [ 100% ] 2 VUs    2m0s
cooldown_01_arm   [  90% ] 1/2 VUs  27.0s/30.0s

running (2m58.0s), 1/4 VUs, 753 complete and 0 interrupted iterations
warmup_01_arm   ✓ [ 100% ] 0/2 VUs  30s
steady_01_arm   ✓ [ 100% ] 2 VUs    2m0s
cooldown_01_arm   [  93% ] 1/2 VUs  28.0s/30.0s

running (2m59.0s), 1/4 VUs, 756 complete and 0 interrupted iterations
warmup_01_arm   ✓ [ 100% ] 0/2 VUs  30s
steady_01_arm   ✓ [ 100% ] 2 VUs    2m0s
cooldown_01_arm   [  97% ] 1/2 VUs  29.0s/30.0s

running (3m00.0s), 1/4 VUs, 759 complete and 0 interrupted iterations
warmup_01_arm   ✓ [ 100% ] 0/2 VUs  30s
steady_01_arm   ✓ [ 100% ] 2 VUs    2m0s
cooldown_01_arm   [ 100% ] 1/2 VUs  30.0s/30.0s

model=iso
tenants=1
steady requests=1810
steady request rate=15.083333333333334
steady error rate=0
steady latency p50=46.9831875 ms
steady latency p95=149.97995215 ms
steady latency p99=160.40405819 ms

running (3m00.0s), 0/4 VUs, 760 complete and 0 interrupted iterations
warmup_01_arm   ✓ [ 100% ] 0/2 VUs  30s
steady_01_arm   ✓ [ 100% ] 2 VUs    2m0s
cooldown_01_arm ✓ [ 100% ] 0/2 VUs  30s
