
         /\      Grafana   /‾‾/  
    /\  /  \     |\  __   /  /   
   /  \/    \    | |/ /  /   ‾‾\ 
  /          \   |   (  |  (‾)  |
 / __________ \  |_|\_\  \_____/ 


     execution: local
        script: /scripts/scenario.js
        output: -

     scenarios: (100.00%) 1 scenario, 20 max VUs, 4m30s max duration (incl. graceful stop):
              * workload_01_arm: Up to 20 looping VUs for 4m30s over 4 stages (gracefulRampDown: 0s, exec: tenantWorkload, gracefulStop: 5s)


running (0m01.0s), 00/20 VUs, 0 complete and 0 interrupted iterations
workload_01_arm   [   0% ] 00/20 VUs  0m01.0s/4m30.0s

running (0m02.0s), 01/20 VUs, 1 complete and 0 interrupted iterations
workload_01_arm   [   1% ] 01/20 VUs  0m02.0s/4m30.0s

running (0m03.0s), 01/20 VUs, 4 complete and 0 interrupted iterations
workload_01_arm   [   1% ] 01/20 VUs  0m03.0s/4m30.0s

running (0m04.0s), 02/20 VUs, 8 complete and 0 interrupted iterations
workload_01_arm   [   1% ] 02/20 VUs  0m04.0s/4m30.0s

running (0m05.0s), 03/20 VUs, 13 complete and 0 interrupted iterations
workload_01_arm   [   2% ] 03/20 VUs  0m05.0s/4m30.0s

running (0m06.0s), 03/20 VUs, 22 complete and 0 interrupted iterations
workload_01_arm   [   2% ] 03/20 VUs  0m06.0s/4m30.0s

running (0m07.0s), 04/20 VUs, 32 complete and 0 interrupted iterations
workload_01_arm   [   3% ] 04/20 VUs  0m07.0s/4m30.0s

running (0m08.0s), 05/20 VUs, 43 complete and 0 interrupted iterations
workload_01_arm   [   3% ] 05/20 VUs  0m08.0s/4m30.0s

running (0m09.0s), 05/20 VUs, 55 complete and 0 interrupted iterations
workload_01_arm   [   3% ] 05/20 VUs  0m09.0s/4m30.0s

running (0m10.0s), 06/20 VUs, 70 complete and 0 interrupted iterations
workload_01_arm   [   4% ] 06/20 VUs  0m10.0s/4m30.0s

running (0m11.0s), 07/20 VUs, 88 complete and 0 interrupted iterations
workload_01_arm   [   4% ] 07/20 VUs  0m11.0s/4m30.0s

running (0m12.0s), 07/20 VUs, 106 complete and 0 interrupted iterations
workload_01_arm   [   4% ] 07/20 VUs  0m12.0s/4m30.0s

running (0m13.0s), 08/20 VUs, 127 complete and 0 interrupted iterations
workload_01_arm   [   5% ] 08/20 VUs  0m13.0s/4m30.0s

running (0m14.0s), 09/20 VUs, 149 complete and 0 interrupted iterations
workload_01_arm   [   5% ] 09/20 VUs  0m14.0s/4m30.0s

running (0m15.0s), 09/20 VUs, 172 complete and 0 interrupted iterations
workload_01_arm   [   6% ] 09/20 VUs  0m15.0s/4m30.0s

running (0m16.0s), 10/20 VUs, 198 complete and 0 interrupted iterations
workload_01_arm   [   6% ] 10/20 VUs  0m16.0s/4m30.0s

running (0m17.0s), 11/20 VUs, 223 complete and 0 interrupted iterations
workload_01_arm   [   6% ] 11/20 VUs  0m17.0s/4m30.0s

running (0m18.0s), 11/20 VUs, 253 complete and 0 interrupted iterations
workload_01_arm   [   7% ] 11/20 VUs  0m18.0s/4m30.0s

running (0m19.0s), 12/20 VUs, 282 complete and 0 interrupted iterations
workload_01_arm   [   7% ] 12/20 VUs  0m19.0s/4m30.0s

running (0m20.0s), 13/20 VUs, 313 complete and 0 interrupted iterations
workload_01_arm   [   7% ] 13/20 VUs  0m20.0s/4m30.0s

running (0m21.0s), 13/20 VUs, 343 complete and 0 interrupted iterations
workload_01_arm   [   8% ] 13/20 VUs  0m21.0s/4m30.0s

running (0m22.0s), 14/20 VUs, 381 complete and 0 interrupted iterations
workload_01_arm   [   8% ] 14/20 VUs  0m22.0s/4m30.0s

running (0m23.0s), 15/20 VUs, 420 complete and 0 interrupted iterations
workload_01_arm   [   9% ] 15/20 VUs  0m23.0s/4m30.0s

running (0m24.0s), 15/20 VUs, 459 complete and 0 interrupted iterations
workload_01_arm   [   9% ] 15/20 VUs  0m24.0s/4m30.0s

running (0m25.0s), 16/20 VUs, 501 complete and 0 interrupted iterations
workload_01_arm   [   9% ] 16/20 VUs  0m25.0s/4m30.0s

running (0m26.0s), 17/20 VUs, 542 complete and 0 interrupted iterations
workload_01_arm   [  10% ] 17/20 VUs  0m26.0s/4m30.0s

running (0m27.0s), 17/20 VUs, 586 complete and 0 interrupted iterations
workload_01_arm   [  10% ] 17/20 VUs  0m27.0s/4m30.0s

running (0m28.0s), 18/20 VUs, 632 complete and 0 interrupted iterations
workload_01_arm   [  10% ] 18/20 VUs  0m28.0s/4m30.0s

running (0m29.0s), 19/20 VUs, 681 complete and 0 interrupted iterations
workload_01_arm   [  11% ] 19/20 VUs  0m29.0s/4m30.0s

running (0m30.0s), 19/20 VUs, 730 complete and 0 interrupted iterations
workload_01_arm   [  11% ] 19/20 VUs  0m30.0s/4m30.0s

running (0m31.0s), 20/20 VUs, 778 complete and 0 interrupted iterations
workload_01_arm   [  11% ] 20/20 VUs  0m31.0s/4m30.0s

running (0m32.0s), 20/20 VUs, 834 complete and 0 interrupted iterations
workload_01_arm   [  12% ] 20/20 VUs  0m32.0s/4m30.0s

running (0m33.0s), 20/20 VUs, 885 complete and 0 interrupted iterations
workload_01_arm   [  12% ] 20/20 VUs  0m33.0s/4m30.0s

running (0m34.0s), 20/20 VUs, 936 complete and 0 interrupted iterations
workload_01_arm   [  13% ] 20/20 VUs  0m34.0s/4m30.0s

running (0m35.0s), 20/20 VUs, 989 complete and 0 interrupted iterations
workload_01_arm   [  13% ] 20/20 VUs  0m35.0s/4m30.0s

running (0m36.0s), 20/20 VUs, 1039 complete and 0 interrupted iterations
workload_01_arm   [  13% ] 20/20 VUs  0m36.0s/4m30.0s

running (0m37.0s), 20/20 VUs, 1089 complete and 0 interrupted iterations
workload_01_arm   [  14% ] 20/20 VUs  0m37.0s/4m30.0s

running (0m38.0s), 20/20 VUs, 1142 complete and 0 interrupted iterations
workload_01_arm   [  14% ] 20/20 VUs  0m38.0s/4m30.0s

running (0m39.0s), 20/20 VUs, 1194 complete and 0 interrupted iterations
workload_01_arm   [  14% ] 20/20 VUs  0m39.0s/4m30.0s

running (0m40.0s), 20/20 VUs, 1250 complete and 0 interrupted iterations
workload_01_arm   [  15% ] 20/20 VUs  0m40.0s/4m30.0s

running (0m41.0s), 20/20 VUs, 1297 complete and 0 interrupted iterations
workload_01_arm   [  15% ] 20/20 VUs  0m41.0s/4m30.0s

running (0m42.0s), 20/20 VUs, 1353 complete and 0 interrupted iterations
workload_01_arm   [  16% ] 20/20 VUs  0m42.0s/4m30.0s

running (0m43.0s), 20/20 VUs, 1404 complete and 0 interrupted iterations
workload_01_arm   [  16% ] 20/20 VUs  0m43.0s/4m30.0s

running (0m44.0s), 20/20 VUs, 1453 complete and 0 interrupted iterations
workload_01_arm   [  16% ] 20/20 VUs  0m44.0s/4m30.0s

running (0m45.0s), 20/20 VUs, 1506 complete and 0 interrupted iterations
workload_01_arm   [  17% ] 20/20 VUs  0m45.0s/4m30.0s

running (0m46.0s), 20/20 VUs, 1557 complete and 0 interrupted iterations
workload_01_arm   [  17% ] 20/20 VUs  0m46.0s/4m30.0s

running (0m47.0s), 20/20 VUs, 1607 complete and 0 interrupted iterations
workload_01_arm   [  17% ] 20/20 VUs  0m47.0s/4m30.0s

running (0m48.0s), 20/20 VUs, 1658 complete and 0 interrupted iterations
workload_01_arm   [  18% ] 20/20 VUs  0m48.0s/4m30.0s

running (0m49.0s), 20/20 VUs, 1712 complete and 0 interrupted iterations
workload_01_arm   [  18% ] 20/20 VUs  0m49.0s/4m30.0s

running (0m50.0s), 20/20 VUs, 1762 complete and 0 interrupted iterations
workload_01_arm   [  19% ] 20/20 VUs  0m50.0s/4m30.0s

running (0m51.0s), 20/20 VUs, 1810 complete and 0 interrupted iterations
workload_01_arm   [  19% ] 20/20 VUs  0m51.0s/4m30.0s

running (0m52.0s), 20/20 VUs, 1864 complete and 0 interrupted iterations
workload_01_arm   [  19% ] 20/20 VUs  0m52.0s/4m30.0s

running (0m53.0s), 20/20 VUs, 1916 complete and 0 interrupted iterations
workload_01_arm   [  20% ] 20/20 VUs  0m53.0s/4m30.0s

running (0m54.0s), 20/20 VUs, 1969 complete and 0 interrupted iterations
workload_01_arm   [  20% ] 20/20 VUs  0m54.0s/4m30.0s

running (0m55.0s), 20/20 VUs, 2020 complete and 0 interrupted iterations
workload_01_arm   [  20% ] 20/20 VUs  0m55.0s/4m30.0s

running (0m56.0s), 20/20 VUs, 2069 complete and 0 interrupted iterations
workload_01_arm   [  21% ] 20/20 VUs  0m56.0s/4m30.0s

running (0m57.0s), 20/20 VUs, 2129 complete and 0 interrupted iterations
workload_01_arm   [  21% ] 20/20 VUs  0m57.0s/4m30.0s

running (0m58.0s), 20/20 VUs, 2180 complete and 0 interrupted iterations
workload_01_arm   [  21% ] 20/20 VUs  0m58.0s/4m30.0s

running (0m59.0s), 20/20 VUs, 2233 complete and 0 interrupted iterations
workload_01_arm   [  22% ] 20/20 VUs  0m59.0s/4m30.0s

running (1m00.0s), 20/20 VUs, 2282 complete and 0 interrupted iterations
workload_01_arm   [  22% ] 20/20 VUs  1m00.0s/4m30.0s

running (1m01.0s), 20/20 VUs, 2333 complete and 0 interrupted iterations
workload_01_arm   [  23% ] 20/20 VUs  1m01.0s/4m30.0s

running (1m02.0s), 20/20 VUs, 2384 complete and 0 interrupted iterations
workload_01_arm   [  23% ] 20/20 VUs  1m02.0s/4m30.0s

running (1m03.0s), 20/20 VUs, 2435 complete and 0 interrupted iterations
workload_01_arm   [  23% ] 20/20 VUs  1m03.0s/4m30.0s

running (1m04.0s), 20/20 VUs, 2486 complete and 0 interrupted iterations
workload_01_arm   [  24% ] 20/20 VUs  1m04.0s/4m30.0s

running (1m05.0s), 20/20 VUs, 2540 complete and 0 interrupted iterations
workload_01_arm   [  24% ] 20/20 VUs  1m05.0s/4m30.0s

running (1m06.0s), 20/20 VUs, 2595 complete and 0 interrupted iterations
workload_01_arm   [  24% ] 20/20 VUs  1m06.0s/4m30.0s

running (1m07.0s), 20/20 VUs, 2643 complete and 0 interrupted iterations
workload_01_arm   [  25% ] 20/20 VUs  1m07.0s/4m30.0s

running (1m08.0s), 20/20 VUs, 2697 complete and 0 interrupted iterations
workload_01_arm   [  25% ] 20/20 VUs  1m08.0s/4m30.0s

running (1m09.0s), 20/20 VUs, 2747 complete and 0 interrupted iterations
workload_01_arm   [  26% ] 20/20 VUs  1m09.0s/4m30.0s

running (1m10.0s), 20/20 VUs, 2803 complete and 0 interrupted iterations
workload_01_arm   [  26% ] 20/20 VUs  1m10.0s/4m30.0s

running (1m11.0s), 20/20 VUs, 2852 complete and 0 interrupted iterations
workload_01_arm   [  26% ] 20/20 VUs  1m11.0s/4m30.0s

running (1m12.0s), 20/20 VUs, 2905 complete and 0 interrupted iterations
workload_01_arm   [  27% ] 20/20 VUs  1m12.0s/4m30.0s

running (1m13.0s), 20/20 VUs, 2964 complete and 0 interrupted iterations
workload_01_arm   [  27% ] 20/20 VUs  1m13.0s/4m30.0s

running (1m14.0s), 20/20 VUs, 3018 complete and 0 interrupted iterations
workload_01_arm   [  27% ] 20/20 VUs  1m14.0s/4m30.0s

running (1m15.0s), 20/20 VUs, 3069 complete and 0 interrupted iterations
workload_01_arm   [  28% ] 20/20 VUs  1m15.0s/4m30.0s

running (1m16.0s), 20/20 VUs, 3121 complete and 0 interrupted iterations
workload_01_arm   [  28% ] 20/20 VUs  1m16.0s/4m30.0s

running (1m17.0s), 20/20 VUs, 3175 complete and 0 interrupted iterations
workload_01_arm   [  29% ] 20/20 VUs  1m17.0s/4m30.0s

running (1m18.0s), 20/20 VUs, 3225 complete and 0 interrupted iterations
workload_01_arm   [  29% ] 20/20 VUs  1m18.0s/4m30.0s

running (1m19.0s), 20/20 VUs, 3279 complete and 0 interrupted iterations
workload_01_arm   [  29% ] 20/20 VUs  1m19.0s/4m30.0s

running (1m20.0s), 20/20 VUs, 3328 complete and 0 interrupted iterations
workload_01_arm   [  30% ] 20/20 VUs  1m20.0s/4m30.0s

running (1m21.0s), 20/20 VUs, 3381 complete and 0 interrupted iterations
workload_01_arm   [  30% ] 20/20 VUs  1m21.0s/4m30.0s

running (1m22.0s), 20/20 VUs, 3437 complete and 0 interrupted iterations
workload_01_arm   [  30% ] 20/20 VUs  1m22.0s/4m30.0s

running (1m23.0s), 20/20 VUs, 3489 complete and 0 interrupted iterations
workload_01_arm   [  31% ] 20/20 VUs  1m23.0s/4m30.0s

running (1m24.0s), 20/20 VUs, 3542 complete and 0 interrupted iterations
workload_01_arm   [  31% ] 20/20 VUs  1m24.0s/4m30.0s

running (1m25.0s), 20/20 VUs, 3595 complete and 0 interrupted iterations
workload_01_arm   [  31% ] 20/20 VUs  1m25.0s/4m30.0s

running (1m26.0s), 20/20 VUs, 3646 complete and 0 interrupted iterations
workload_01_arm   [  32% ] 20/20 VUs  1m26.0s/4m30.0s

running (1m27.0s), 20/20 VUs, 3697 complete and 0 interrupted iterations
workload_01_arm   [  32% ] 20/20 VUs  1m27.0s/4m30.0s

running (1m28.0s), 20/20 VUs, 3750 complete and 0 interrupted iterations
workload_01_arm   [  33% ] 20/20 VUs  1m28.0s/4m30.0s

running (1m29.0s), 20/20 VUs, 3801 complete and 0 interrupted iterations
workload_01_arm   [  33% ] 20/20 VUs  1m29.0s/4m30.0s

running (1m30.0s), 20/20 VUs, 3857 complete and 0 interrupted iterations
workload_01_arm   [  33% ] 20/20 VUs  1m30.0s/4m30.0s

running (1m31.0s), 20/20 VUs, 3909 complete and 0 interrupted iterations
workload_01_arm   [  34% ] 20/20 VUs  1m31.0s/4m30.0s

running (1m32.0s), 20/20 VUs, 3962 complete and 0 interrupted iterations
workload_01_arm   [  34% ] 20/20 VUs  1m32.0s/4m30.0s

running (1m33.0s), 20/20 VUs, 4013 complete and 0 interrupted iterations
workload_01_arm   [  34% ] 20/20 VUs  1m33.0s/4m30.0s

running (1m34.0s), 20/20 VUs, 4069 complete and 0 interrupted iterations
workload_01_arm   [  35% ] 20/20 VUs  1m34.0s/4m30.0s

running (1m35.0s), 20/20 VUs, 4119 complete and 0 interrupted iterations
workload_01_arm   [  35% ] 20/20 VUs  1m35.0s/4m30.0s

running (1m36.0s), 20/20 VUs, 4166 complete and 0 interrupted iterations
workload_01_arm   [  36% ] 20/20 VUs  1m36.0s/4m30.0s

running (1m37.0s), 20/20 VUs, 4223 complete and 0 interrupted iterations
workload_01_arm   [  36% ] 20/20 VUs  1m37.0s/4m30.0s

running (1m38.0s), 20/20 VUs, 4272 complete and 0 interrupted iterations
workload_01_arm   [  36% ] 20/20 VUs  1m38.0s/4m30.0s

running (1m39.0s), 20/20 VUs, 4327 complete and 0 interrupted iterations
workload_01_arm   [  37% ] 20/20 VUs  1m39.0s/4m30.0s

running (1m40.0s), 20/20 VUs, 4383 complete and 0 interrupted iterations
workload_01_arm   [  37% ] 20/20 VUs  1m40.0s/4m30.0s

running (1m41.0s), 20/20 VUs, 4432 complete and 0 interrupted iterations
workload_01_arm   [  37% ] 20/20 VUs  1m41.0s/4m30.0s

running (1m42.0s), 20/20 VUs, 4484 complete and 0 interrupted iterations
workload_01_arm   [  38% ] 20/20 VUs  1m42.0s/4m30.0s

running (1m43.0s), 20/20 VUs, 4542 complete and 0 interrupted iterations
workload_01_arm   [  38% ] 20/20 VUs  1m43.0s/4m30.0s

running (1m44.0s), 20/20 VUs, 4590 complete and 0 interrupted iterations
workload_01_arm   [  39% ] 20/20 VUs  1m44.0s/4m30.0s

running (1m45.0s), 20/20 VUs, 4647 complete and 0 interrupted iterations
workload_01_arm   [  39% ] 20/20 VUs  1m45.0s/4m30.0s

running (1m46.0s), 20/20 VUs, 4698 complete and 0 interrupted iterations
workload_01_arm   [  39% ] 20/20 VUs  1m46.0s/4m30.0s

running (1m47.0s), 20/20 VUs, 4748 complete and 0 interrupted iterations
workload_01_arm   [  40% ] 20/20 VUs  1m47.0s/4m30.0s

running (1m48.0s), 20/20 VUs, 4803 complete and 0 interrupted iterations
workload_01_arm   [  40% ] 20/20 VUs  1m48.0s/4m30.0s

running (1m49.0s), 20/20 VUs, 4852 complete and 0 interrupted iterations
workload_01_arm   [  40% ] 20/20 VUs  1m49.0s/4m30.0s

running (1m50.0s), 20/20 VUs, 4901 complete and 0 interrupted iterations
workload_01_arm   [  41% ] 20/20 VUs  1m50.0s/4m30.0s

running (1m51.0s), 20/20 VUs, 4944 complete and 0 interrupted iterations
workload_01_arm   [  41% ] 20/20 VUs  1m51.0s/4m30.0s

running (1m52.0s), 20/20 VUs, 4996 complete and 0 interrupted iterations
workload_01_arm   [  41% ] 20/20 VUs  1m52.0s/4m30.0s

running (1m53.0s), 20/20 VUs, 5049 complete and 0 interrupted iterations
workload_01_arm   [  42% ] 20/20 VUs  1m53.0s/4m30.0s

running (1m54.0s), 20/20 VUs, 5099 complete and 0 interrupted iterations
workload_01_arm   [  42% ] 20/20 VUs  1m54.0s/4m30.0s

running (1m55.0s), 20/20 VUs, 5152 complete and 0 interrupted iterations
workload_01_arm   [  43% ] 20/20 VUs  1m55.0s/4m30.0s

running (1m56.0s), 20/20 VUs, 5203 complete and 0 interrupted iterations
workload_01_arm   [  43% ] 20/20 VUs  1m56.0s/4m30.0s

running (1m57.0s), 20/20 VUs, 5262 complete and 0 interrupted iterations
workload_01_arm   [  43% ] 20/20 VUs  1m57.0s/4m30.0s

running (1m58.0s), 20/20 VUs, 5310 complete and 0 interrupted iterations
workload_01_arm   [  44% ] 20/20 VUs  1m58.0s/4m30.0s

running (1m59.0s), 20/20 VUs, 5360 complete and 0 interrupted iterations
workload_01_arm   [  44% ] 20/20 VUs  1m59.0s/4m30.0s

running (2m00.0s), 20/20 VUs, 5414 complete and 0 interrupted iterations
workload_01_arm   [  44% ] 20/20 VUs  2m00.0s/4m30.0s

running (2m01.0s), 20/20 VUs, 5464 complete and 0 interrupted iterations
workload_01_arm   [  45% ] 20/20 VUs  2m01.0s/4m30.0s

running (2m02.0s), 20/20 VUs, 5522 complete and 0 interrupted iterations
workload_01_arm   [  45% ] 20/20 VUs  2m02.0s/4m30.0s

running (2m03.0s), 20/20 VUs, 5574 complete and 0 interrupted iterations
workload_01_arm   [  46% ] 20/20 VUs  2m03.0s/4m30.0s

running (2m04.0s), 20/20 VUs, 5625 complete and 0 interrupted iterations
workload_01_arm   [  46% ] 20/20 VUs  2m04.0s/4m30.0s

running (2m05.0s), 20/20 VUs, 5679 complete and 0 interrupted iterations
workload_01_arm   [  46% ] 20/20 VUs  2m05.0s/4m30.0s

running (2m06.0s), 20/20 VUs, 5729 complete and 0 interrupted iterations
workload_01_arm   [  47% ] 20/20 VUs  2m06.0s/4m30.0s

running (2m07.0s), 20/20 VUs, 5784 complete and 0 interrupted iterations
workload_01_arm   [  47% ] 20/20 VUs  2m07.0s/4m30.0s

running (2m08.0s), 20/20 VUs, 5838 complete and 0 interrupted iterations
workload_01_arm   [  47% ] 20/20 VUs  2m08.0s/4m30.0s

running (2m09.0s), 20/20 VUs, 5891 complete and 0 interrupted iterations
workload_01_arm   [  48% ] 20/20 VUs  2m09.0s/4m30.0s

running (2m10.0s), 20/20 VUs, 5942 complete and 0 interrupted iterations
workload_01_arm   [  48% ] 20/20 VUs  2m10.0s/4m30.0s

running (2m11.0s), 20/20 VUs, 5995 complete and 0 interrupted iterations
workload_01_arm   [  49% ] 20/20 VUs  2m11.0s/4m30.0s

running (2m12.0s), 20/20 VUs, 6046 complete and 0 interrupted iterations
workload_01_arm   [  49% ] 20/20 VUs  2m12.0s/4m30.0s

running (2m13.0s), 20/20 VUs, 6101 complete and 0 interrupted iterations
workload_01_arm   [  49% ] 20/20 VUs  2m13.0s/4m30.0s

running (2m14.0s), 20/20 VUs, 6154 complete and 0 interrupted iterations
workload_01_arm   [  50% ] 20/20 VUs  2m14.0s/4m30.0s

running (2m15.0s), 20/20 VUs, 6207 complete and 0 interrupted iterations
workload_01_arm   [  50% ] 20/20 VUs  2m15.0s/4m30.0s

running (2m16.0s), 20/20 VUs, 6261 complete and 0 interrupted iterations
workload_01_arm   [  50% ] 20/20 VUs  2m16.0s/4m30.0s

running (2m17.0s), 20/20 VUs, 6312 complete and 0 interrupted iterations
workload_01_arm   [  51% ] 20/20 VUs  2m17.0s/4m30.0s

running (2m18.0s), 20/20 VUs, 6362 complete and 0 interrupted iterations
workload_01_arm   [  51% ] 20/20 VUs  2m18.0s/4m30.0s

running (2m19.0s), 20/20 VUs, 6415 complete and 0 interrupted iterations
workload_01_arm   [  51% ] 20/20 VUs  2m19.0s/4m30.0s

running (2m20.0s), 20/20 VUs, 6467 complete and 0 interrupted iterations
workload_01_arm   [  52% ] 20/20 VUs  2m20.0s/4m30.0s

running (2m21.0s), 20/20 VUs, 6517 complete and 0 interrupted iterations
workload_01_arm   [  52% ] 20/20 VUs  2m21.0s/4m30.0s

running (2m22.0s), 20/20 VUs, 6573 complete and 0 interrupted iterations
workload_01_arm   [  53% ] 20/20 VUs  2m22.0s/4m30.0s

running (2m23.0s), 20/20 VUs, 6625 complete and 0 interrupted iterations
workload_01_arm   [  53% ] 20/20 VUs  2m23.0s/4m30.0s

running (2m24.0s), 20/20 VUs, 6677 complete and 0 interrupted iterations
workload_01_arm   [  53% ] 20/20 VUs  2m24.0s/4m30.0s

running (2m25.0s), 20/20 VUs, 6732 complete and 0 interrupted iterations
workload_01_arm   [  54% ] 20/20 VUs  2m25.0s/4m30.0s

running (2m26.0s), 20/20 VUs, 6785 complete and 0 interrupted iterations
workload_01_arm   [  54% ] 20/20 VUs  2m26.0s/4m30.0s

running (2m27.0s), 20/20 VUs, 6837 complete and 0 interrupted iterations
workload_01_arm   [  54% ] 20/20 VUs  2m27.0s/4m30.0s

running (2m28.0s), 20/20 VUs, 6894 complete and 0 interrupted iterations
workload_01_arm   [  55% ] 20/20 VUs  2m28.0s/4m30.0s

running (2m29.0s), 20/20 VUs, 6944 complete and 0 interrupted iterations
workload_01_arm   [  55% ] 20/20 VUs  2m29.0s/4m30.0s

running (2m30.0s), 20/20 VUs, 6997 complete and 0 interrupted iterations
workload_01_arm   [  56% ] 20/20 VUs  2m30.0s/4m30.0s

running (2m31.0s), 20/20 VUs, 7043 complete and 0 interrupted iterations
workload_01_arm   [  56% ] 20/20 VUs  2m31.0s/4m30.0s

running (2m32.0s), 20/20 VUs, 7097 complete and 0 interrupted iterations
workload_01_arm   [  56% ] 20/20 VUs  2m32.0s/4m30.0s

running (2m33.0s), 20/20 VUs, 7151 complete and 0 interrupted iterations
workload_01_arm   [  57% ] 20/20 VUs  2m33.0s/4m30.0s

running (2m34.0s), 20/20 VUs, 7202 complete and 0 interrupted iterations
workload_01_arm   [  57% ] 20/20 VUs  2m34.0s/4m30.0s

running (2m35.0s), 20/20 VUs, 7249 complete and 0 interrupted iterations
workload_01_arm   [  57% ] 20/20 VUs  2m35.0s/4m30.0s

running (2m36.0s), 20/20 VUs, 7303 complete and 0 interrupted iterations
workload_01_arm   [  58% ] 20/20 VUs  2m36.0s/4m30.0s

running (2m37.0s), 20/20 VUs, 7354 complete and 0 interrupted iterations
workload_01_arm   [  58% ] 20/20 VUs  2m37.0s/4m30.0s

running (2m38.0s), 20/20 VUs, 7407 complete and 0 interrupted iterations
workload_01_arm   [  59% ] 20/20 VUs  2m38.0s/4m30.0s

running (2m39.0s), 20/20 VUs, 7459 complete and 0 interrupted iterations
workload_01_arm   [  59% ] 20/20 VUs  2m39.0s/4m30.0s

running (2m40.0s), 20/20 VUs, 7515 complete and 0 interrupted iterations
workload_01_arm   [  59% ] 20/20 VUs  2m40.0s/4m30.0s

running (2m41.0s), 20/20 VUs, 7566 complete and 0 interrupted iterations
workload_01_arm   [  60% ] 20/20 VUs  2m41.0s/4m30.0s

running (2m42.0s), 20/20 VUs, 7615 complete and 0 interrupted iterations
workload_01_arm   [  60% ] 20/20 VUs  2m42.0s/4m30.0s

running (2m43.0s), 20/20 VUs, 7669 complete and 0 interrupted iterations
workload_01_arm   [  60% ] 20/20 VUs  2m43.0s/4m30.0s

running (2m44.0s), 20/20 VUs, 7723 complete and 0 interrupted iterations
workload_01_arm   [  61% ] 20/20 VUs  2m44.0s/4m30.0s

running (2m45.0s), 20/20 VUs, 7777 complete and 0 interrupted iterations
workload_01_arm   [  61% ] 20/20 VUs  2m45.0s/4m30.0s

running (2m46.0s), 20/20 VUs, 7828 complete and 0 interrupted iterations
workload_01_arm   [  61% ] 20/20 VUs  2m46.0s/4m30.0s

running (2m47.0s), 20/20 VUs, 7881 complete and 0 interrupted iterations
workload_01_arm   [  62% ] 20/20 VUs  2m47.0s/4m30.0s

running (2m48.0s), 20/20 VUs, 7933 complete and 0 interrupted iterations
workload_01_arm   [  62% ] 20/20 VUs  2m48.0s/4m30.0s

running (2m49.0s), 20/20 VUs, 7987 complete and 0 interrupted iterations
workload_01_arm   [  63% ] 20/20 VUs  2m49.0s/4m30.0s

running (2m50.0s), 20/20 VUs, 8039 complete and 0 interrupted iterations
workload_01_arm   [  63% ] 20/20 VUs  2m50.0s/4m30.0s

running (2m51.0s), 20/20 VUs, 8086 complete and 0 interrupted iterations
workload_01_arm   [  63% ] 20/20 VUs  2m51.0s/4m30.0s

running (2m52.0s), 20/20 VUs, 8138 complete and 0 interrupted iterations
workload_01_arm   [  64% ] 20/20 VUs  2m52.0s/4m30.0s

running (2m53.0s), 20/20 VUs, 8194 complete and 0 interrupted iterations
workload_01_arm   [  64% ] 20/20 VUs  2m53.0s/4m30.0s

running (2m54.0s), 20/20 VUs, 8244 complete and 0 interrupted iterations
workload_01_arm   [  64% ] 20/20 VUs  2m54.0s/4m30.0s

running (2m55.0s), 20/20 VUs, 8298 complete and 0 interrupted iterations
workload_01_arm   [  65% ] 20/20 VUs  2m55.0s/4m30.0s

running (2m56.0s), 20/20 VUs, 8351 complete and 0 interrupted iterations
workload_01_arm   [  65% ] 20/20 VUs  2m56.0s/4m30.0s

running (2m57.0s), 20/20 VUs, 8409 complete and 0 interrupted iterations
workload_01_arm   [  66% ] 20/20 VUs  2m57.0s/4m30.0s

running (2m58.0s), 20/20 VUs, 8458 complete and 0 interrupted iterations
workload_01_arm   [  66% ] 20/20 VUs  2m58.0s/4m30.0s

running (2m59.0s), 20/20 VUs, 8508 complete and 0 interrupted iterations
workload_01_arm   [  66% ] 20/20 VUs  2m59.0s/4m30.0s

running (3m00.0s), 20/20 VUs, 8563 complete and 0 interrupted iterations
workload_01_arm   [  67% ] 20/20 VUs  3m00.0s/4m30.0s

running (3m01.0s), 20/20 VUs, 8617 complete and 0 interrupted iterations
workload_01_arm   [  67% ] 20/20 VUs  3m01.0s/4m30.0s

running (3m02.0s), 20/20 VUs, 8670 complete and 0 interrupted iterations
workload_01_arm   [  67% ] 20/20 VUs  3m02.0s/4m30.0s

running (3m03.0s), 20/20 VUs, 8721 complete and 0 interrupted iterations
workload_01_arm   [  68% ] 20/20 VUs  3m03.0s/4m30.0s

running (3m04.0s), 20/20 VUs, 8776 complete and 0 interrupted iterations
workload_01_arm   [  68% ] 20/20 VUs  3m04.0s/4m30.0s

running (3m05.0s), 20/20 VUs, 8828 complete and 0 interrupted iterations
workload_01_arm   [  69% ] 20/20 VUs  3m05.0s/4m30.0s

running (3m06.0s), 20/20 VUs, 8880 complete and 0 interrupted iterations
workload_01_arm   [  69% ] 20/20 VUs  3m06.0s/4m30.0s

running (3m07.0s), 20/20 VUs, 8932 complete and 0 interrupted iterations
workload_01_arm   [  69% ] 20/20 VUs  3m07.0s/4m30.0s

running (3m08.0s), 20/20 VUs, 8991 complete and 0 interrupted iterations
workload_01_arm   [  70% ] 20/20 VUs  3m08.0s/4m30.0s

running (3m09.0s), 20/20 VUs, 9038 complete and 0 interrupted iterations
workload_01_arm   [  70% ] 20/20 VUs  3m09.0s/4m30.0s

running (3m10.0s), 20/20 VUs, 9087 complete and 0 interrupted iterations
workload_01_arm   [  70% ] 20/20 VUs  3m10.0s/4m30.0s

running (3m11.0s), 20/20 VUs, 9143 complete and 0 interrupted iterations
workload_01_arm   [  71% ] 20/20 VUs  3m11.0s/4m30.0s

running (3m12.0s), 20/20 VUs, 9192 complete and 0 interrupted iterations
workload_01_arm   [  71% ] 20/20 VUs  3m12.0s/4m30.0s

running (3m13.0s), 20/20 VUs, 9247 complete and 0 interrupted iterations
workload_01_arm   [  71% ] 20/20 VUs  3m13.0s/4m30.0s

running (3m14.0s), 20/20 VUs, 9294 complete and 0 interrupted iterations
workload_01_arm   [  72% ] 20/20 VUs  3m14.0s/4m30.0s

running (3m15.0s), 20/20 VUs, 9353 complete and 0 interrupted iterations
workload_01_arm   [  72% ] 20/20 VUs  3m15.0s/4m30.0s

running (3m16.0s), 20/20 VUs, 9403 complete and 0 interrupted iterations
workload_01_arm   [  73% ] 20/20 VUs  3m16.0s/4m30.0s

running (3m17.0s), 20/20 VUs, 9456 complete and 0 interrupted iterations
workload_01_arm   [  73% ] 20/20 VUs  3m17.0s/4m30.0s

running (3m18.0s), 20/20 VUs, 9506 complete and 0 interrupted iterations
workload_01_arm   [  73% ] 20/20 VUs  3m18.0s/4m30.0s

running (3m19.0s), 20/20 VUs, 9561 complete and 0 interrupted iterations
workload_01_arm   [  74% ] 20/20 VUs  3m19.0s/4m30.0s

running (3m20.0s), 20/20 VUs, 9615 complete and 0 interrupted iterations
workload_01_arm   [  74% ] 20/20 VUs  3m20.0s/4m30.0s

running (3m21.0s), 20/20 VUs, 9662 complete and 0 interrupted iterations
workload_01_arm   [  74% ] 20/20 VUs  3m21.0s/4m30.0s

running (3m22.0s), 20/20 VUs, 9711 complete and 0 interrupted iterations
workload_01_arm   [  75% ] 20/20 VUs  3m22.0s/4m30.0s

running (3m23.0s), 20/20 VUs, 9764 complete and 0 interrupted iterations
workload_01_arm   [  75% ] 20/20 VUs  3m23.0s/4m30.0s

running (3m24.0s), 20/20 VUs, 9817 complete and 0 interrupted iterations
workload_01_arm   [  76% ] 20/20 VUs  3m24.0s/4m30.0s

running (3m25.0s), 20/20 VUs, 9869 complete and 0 interrupted iterations
workload_01_arm   [  76% ] 20/20 VUs  3m25.0s/4m30.0s

running (3m26.0s), 20/20 VUs, 9922 complete and 0 interrupted iterations
workload_01_arm   [  76% ] 20/20 VUs  3m26.0s/4m30.0s

running (3m27.0s), 20/20 VUs, 9975 complete and 0 interrupted iterations
workload_01_arm   [  77% ] 20/20 VUs  3m27.0s/4m30.0s

running (3m28.0s), 20/20 VUs, 10030 complete and 0 interrupted iterations
workload_01_arm   [  77% ] 20/20 VUs  3m28.0s/4m30.0s

running (3m29.0s), 20/20 VUs, 10082 complete and 0 interrupted iterations
workload_01_arm   [  77% ] 20/20 VUs  3m29.0s/4m30.0s

running (3m30.0s), 20/20 VUs, 10137 complete and 0 interrupted iterations
workload_01_arm   [  78% ] 20/20 VUs  3m30.0s/4m30.0s

running (3m31.0s), 20/20 VUs, 10185 complete and 0 interrupted iterations
workload_01_arm   [  78% ] 20/20 VUs  3m31.0s/4m30.0s

running (3m32.0s), 20/20 VUs, 10238 complete and 0 interrupted iterations
workload_01_arm   [  79% ] 20/20 VUs  3m32.0s/4m30.0s

running (3m33.0s), 20/20 VUs, 10291 complete and 0 interrupted iterations
workload_01_arm   [  79% ] 20/20 VUs  3m33.0s/4m30.0s

running (3m34.0s), 20/20 VUs, 10343 complete and 0 interrupted iterations
workload_01_arm   [  79% ] 20/20 VUs  3m34.0s/4m30.0s

running (3m35.0s), 20/20 VUs, 10393 complete and 0 interrupted iterations
workload_01_arm   [  80% ] 20/20 VUs  3m35.0s/4m30.0s

running (3m36.0s), 20/20 VUs, 10442 complete and 0 interrupted iterations
workload_01_arm   [  80% ] 20/20 VUs  3m36.0s/4m30.0s

running (3m37.0s), 20/20 VUs, 10498 complete and 0 interrupted iterations
workload_01_arm   [  80% ] 20/20 VUs  3m37.0s/4m30.0s

running (3m38.0s), 20/20 VUs, 10547 complete and 0 interrupted iterations
workload_01_arm   [  81% ] 20/20 VUs  3m38.0s/4m30.0s

running (3m39.0s), 20/20 VUs, 10602 complete and 0 interrupted iterations
workload_01_arm   [  81% ] 20/20 VUs  3m39.0s/4m30.0s

running (3m40.0s), 20/20 VUs, 10654 complete and 0 interrupted iterations
workload_01_arm   [  81% ] 20/20 VUs  3m40.0s/4m30.0s

running (3m41.0s), 20/20 VUs, 10707 complete and 0 interrupted iterations
workload_01_arm   [  82% ] 20/20 VUs  3m41.0s/4m30.0s

running (3m42.0s), 20/20 VUs, 10756 complete and 0 interrupted iterations
workload_01_arm   [  82% ] 20/20 VUs  3m42.0s/4m30.0s

running (3m43.0s), 20/20 VUs, 10811 complete and 0 interrupted iterations
workload_01_arm   [  83% ] 20/20 VUs  3m43.0s/4m30.0s

running (3m44.0s), 20/20 VUs, 10862 complete and 0 interrupted iterations
workload_01_arm   [  83% ] 20/20 VUs  3m44.0s/4m30.0s

running (3m45.0s), 20/20 VUs, 10919 complete and 0 interrupted iterations
workload_01_arm   [  83% ] 20/20 VUs  3m45.0s/4m30.0s

running (3m46.0s), 20/20 VUs, 10970 complete and 0 interrupted iterations
workload_01_arm   [  84% ] 20/20 VUs  3m46.0s/4m30.0s

running (3m47.0s), 20/20 VUs, 11024 complete and 0 interrupted iterations
workload_01_arm   [  84% ] 20/20 VUs  3m47.0s/4m30.0s

running (3m48.0s), 20/20 VUs, 11078 complete and 0 interrupted iterations
workload_01_arm   [  84% ] 20/20 VUs  3m48.0s/4m30.0s

running (3m49.0s), 20/20 VUs, 11134 complete and 0 interrupted iterations
workload_01_arm   [  85% ] 20/20 VUs  3m49.0s/4m30.0s

running (3m50.0s), 20/20 VUs, 11183 complete and 0 interrupted iterations
workload_01_arm   [  85% ] 20/20 VUs  3m50.0s/4m30.0s

running (3m51.0s), 20/20 VUs, 11234 complete and 0 interrupted iterations
workload_01_arm   [  86% ] 20/20 VUs  3m51.0s/4m30.0s

running (3m52.0s), 20/20 VUs, 11286 complete and 0 interrupted iterations
workload_01_arm   [  86% ] 20/20 VUs  3m52.0s/4m30.0s

running (3m53.0s), 20/20 VUs, 11339 complete and 0 interrupted iterations
workload_01_arm   [  86% ] 20/20 VUs  3m53.0s/4m30.0s

running (3m54.0s), 20/20 VUs, 11391 complete and 0 interrupted iterations
workload_01_arm   [  87% ] 20/20 VUs  3m54.0s/4m30.0s

running (3m55.0s), 20/20 VUs, 11443 complete and 0 interrupted iterations
workload_01_arm   [  87% ] 20/20 VUs  3m55.0s/4m30.0s

running (3m56.0s), 20/20 VUs, 11494 complete and 0 interrupted iterations
workload_01_arm   [  87% ] 20/20 VUs  3m56.0s/4m30.0s

running (3m57.0s), 20/20 VUs, 11549 complete and 0 interrupted iterations
workload_01_arm   [  88% ] 20/20 VUs  3m57.0s/4m30.0s

running (3m58.0s), 20/20 VUs, 11599 complete and 0 interrupted iterations
workload_01_arm   [  88% ] 20/20 VUs  3m58.0s/4m30.0s

running (3m59.0s), 20/20 VUs, 11652 complete and 0 interrupted iterations
workload_01_arm   [  89% ] 20/20 VUs  3m59.0s/4m30.0s

running (4m00.0s), 20/20 VUs, 11705 complete and 0 interrupted iterations
workload_01_arm   [  89% ] 20/20 VUs  4m00.0s/4m30.0s

running (4m01.0s), 20/20 VUs, 11757 complete and 0 interrupted iterations
workload_01_arm   [  89% ] 20/20 VUs  4m01.0s/4m30.0s

running (4m02.0s), 19/20 VUs, 11803 complete and 1 interrupted iterations
workload_01_arm   [  90% ] 19/20 VUs  4m02.0s/4m30.0s

running (4m03.0s), 19/20 VUs, 11856 complete and 1 interrupted iterations
workload_01_arm   [  90% ] 19/20 VUs  4m03.0s/4m30.0s

running (4m04.0s), 18/20 VUs, 11904 complete and 2 interrupted iterations
workload_01_arm   [  90% ] 18/20 VUs  4m04.0s/4m30.0s

running (4m05.0s), 17/20 VUs, 11948 complete and 3 interrupted iterations
workload_01_arm   [  91% ] 17/20 VUs  4m05.0s/4m30.0s

running (4m06.0s), 17/20 VUs, 11993 complete and 3 interrupted iterations
workload_01_arm   [  91% ] 17/20 VUs  4m06.0s/4m30.0s

running (4m07.0s), 16/20 VUs, 12034 complete and 4 interrupted iterations
workload_01_arm   [  91% ] 16/20 VUs  4m07.0s/4m30.0s

running (4m08.0s), 15/20 VUs, 12074 complete and 5 interrupted iterations
workload_01_arm   [  92% ] 15/20 VUs  4m08.0s/4m30.0s

running (4m09.0s), 15/20 VUs, 12116 complete and 5 interrupted iterations
workload_01_arm   [  92% ] 15/20 VUs  4m09.0s/4m30.0s

running (4m10.0s), 14/20 VUs, 12149 complete and 6 interrupted iterations
workload_01_arm   [  93% ] 14/20 VUs  4m10.0s/4m30.0s

running (4m11.0s), 13/20 VUs, 12184 complete and 7 interrupted iterations
workload_01_arm   [  93% ] 13/20 VUs  4m11.0s/4m30.0s

running (4m12.0s), 13/20 VUs, 12218 complete and 7 interrupted iterations
workload_01_arm   [  93% ] 13/20 VUs  4m12.0s/4m30.0s

running (4m13.0s), 12/20 VUs, 12252 complete and 8 interrupted iterations
workload_01_arm   [  94% ] 12/20 VUs  4m13.0s/4m30.0s

running (4m14.0s), 11/20 VUs, 12281 complete and 9 interrupted iterations
workload_01_arm   [  94% ] 11/20 VUs  4m14.0s/4m30.0s

running (4m15.0s), 11/20 VUs, 12310 complete and 9 interrupted iterations
workload_01_arm   [  94% ] 11/20 VUs  4m15.0s/4m30.0s

running (4m16.0s), 10/20 VUs, 12338 complete and 10 interrupted iterations
workload_01_arm   [  95% ] 10/20 VUs  4m16.0s/4m30.0s

running (4m17.0s), 09/20 VUs, 12362 complete and 11 interrupted iterations
workload_01_arm   [  95% ] 09/20 VUs  4m17.0s/4m30.0s

running (4m18.0s), 09/20 VUs, 12386 complete and 11 interrupted iterations
workload_01_arm   [  96% ] 09/20 VUs  4m18.0s/4m30.0s

running (4m19.0s), 08/20 VUs, 12408 complete and 12 interrupted iterations
workload_01_arm   [  96% ] 08/20 VUs  4m19.0s/4m30.0s

running (4m20.0s), 07/20 VUs, 12429 complete and 13 interrupted iterations
workload_01_arm   [  96% ] 07/20 VUs  4m20.0s/4m30.0s

running (4m21.0s), 07/20 VUs, 12445 complete and 13 interrupted iterations
workload_01_arm   [  97% ] 07/20 VUs  4m21.0s/4m30.0s

running (4m22.0s), 06/20 VUs, 12463 complete and 14 interrupted iterations
workload_01_arm   [  97% ] 06/20 VUs  4m22.0s/4m30.0s

running (4m23.0s), 05/20 VUs, 12477 complete and 15 interrupted iterations
workload_01_arm   [  97% ] 05/20 VUs  4m23.0s/4m30.0s

running (4m24.0s), 05/20 VUs, 12490 complete and 15 interrupted iterations
workload_01_arm   [  98% ] 05/20 VUs  4m24.0s/4m30.0s

running (4m25.0s), 04/20 VUs, 12499 complete and 16 interrupted iterations
workload_01_arm   [  98% ] 04/20 VUs  4m25.0s/4m30.0s

running (4m26.0s), 03/20 VUs, 12508 complete and 17 interrupted iterations
workload_01_arm   [  99% ] 03/20 VUs  4m26.0s/4m30.0s

running (4m27.0s), 03/20 VUs, 12516 complete and 17 interrupted iterations
workload_01_arm   [  99% ] 03/20 VUs  4m27.0s/4m30.0s

running (4m28.0s), 02/20 VUs, 12522 complete and 18 interrupted iterations
workload_01_arm   [  99% ] 02/20 VUs  4m28.0s/4m30.0s

running (4m29.0s), 01/20 VUs, 12525 complete and 19 interrupted iterations
workload_01_arm   [ 100% ] 01/20 VUs  4m29.0s/4m30.0s

running (4m30.0s), 01/20 VUs, 12528 complete and 19 interrupted iterations
workload_01_arm   [ 100% ] 01/20 VUs  4m30.0s/4m30.0s

model=iso
tenants=1
VUs per tenant=20
think time=0.25-0.5 s
steady requests=19005
steady request rate=105.58333333333333
steady error rate=0
steady latency p50=2.993416 ms
steady latency p95=5.128708 ms
steady latency p99=18.738488039999986 ms

running (4m30.0s), 00/20 VUs, 12528 complete and 20 interrupted iterations
workload_01_arm ✓ [ 100% ] 01/20 VUs  4m30s
