
         /\      Grafana   /‾‾/  
    /\  /  \     |\  __   /  /   
   /  \/    \    | |/ /  /   ‾‾\ 
  /          \   |   (  |  (‾)  |
 / __________ \  |_|\_\  \_____/ 


     execution: local
        script: /scripts/scenario.js
        output: -

     scenarios: (100.00%) 3 scenarios, 60 max VUs, 4m30s max duration (incl. graceful stop):
              * workload_01_atlassian: Up to 20 looping VUs for 4m30s over 4 stages (gracefulRampDown: 0s, exec: tenantWorkload, gracefulStop: 5s)
              * workload_02_baidu: Up to 20 looping VUs for 4m30s over 4 stages (gracefulRampDown: 0s, exec: tenantWorkload, gracefulStop: 5s)
              * workload_03_blackrock: Up to 20 looping VUs for 4m30s over 4 stages (gracefulRampDown: 0s, exec: tenantWorkload, gracefulStop: 5s)


running (0m01.0s), 00/60 VUs, 0 complete and 0 interrupted iterations
workload_01_atlassian   [   0% ] 00/20 VUs  0m01.0s/4m30.0s
workload_02_baidu       [   0% ] 00/20 VUs  0m01.0s/4m30.0s
workload_03_blackrock   [   0% ] 00/20 VUs  0m01.0s/4m30.0s

running (0m02.0s), 03/60 VUs, 0 complete and 0 interrupted iterations
workload_01_atlassian   [   1% ] 01/20 VUs  0m02.0s/4m30.0s
workload_02_baidu       [   1% ] 01/20 VUs  0m02.0s/4m30.0s
workload_03_blackrock   [   1% ] 01/20 VUs  0m02.0s/4m30.0s

running (0m03.0s), 03/60 VUs, 9 complete and 0 interrupted iterations
workload_01_atlassian   [   1% ] 01/20 VUs  0m03.0s/4m30.0s
workload_02_baidu       [   1% ] 01/20 VUs  0m03.0s/4m30.0s
workload_03_blackrock   [   1% ] 01/20 VUs  0m03.0s/4m30.0s

running (0m04.0s), 06/60 VUs, 22 complete and 0 interrupted iterations
workload_01_atlassian   [   1% ] 02/20 VUs  0m04.0s/4m30.0s
workload_02_baidu       [   1% ] 02/20 VUs  0m04.0s/4m30.0s
workload_03_blackrock   [   1% ] 02/20 VUs  0m04.0s/4m30.0s

running (0m05.0s), 09/60 VUs, 39 complete and 0 interrupted iterations
workload_01_atlassian   [   2% ] 03/20 VUs  0m05.0s/4m30.0s
workload_02_baidu       [   2% ] 03/20 VUs  0m05.0s/4m30.0s
workload_03_blackrock   [   2% ] 03/20 VUs  0m05.0s/4m30.0s

running (0m06.0s), 09/60 VUs, 61 complete and 0 interrupted iterations
workload_01_atlassian   [   2% ] 03/20 VUs  0m06.0s/4m30.0s
workload_02_baidu       [   2% ] 03/20 VUs  0m06.0s/4m30.0s
workload_03_blackrock   [   2% ] 03/20 VUs  0m06.0s/4m30.0s

running (0m07.0s), 12/60 VUs, 91 complete and 0 interrupted iterations
workload_01_atlassian   [   3% ] 04/20 VUs  0m07.0s/4m30.0s
workload_02_baidu       [   3% ] 04/20 VUs  0m07.0s/4m30.0s
workload_03_blackrock   [   3% ] 04/20 VUs  0m07.0s/4m30.0s

running (0m08.0s), 15/60 VUs, 127 complete and 0 interrupted iterations
workload_01_atlassian   [   3% ] 05/20 VUs  0m08.0s/4m30.0s
workload_02_baidu       [   3% ] 05/20 VUs  0m08.0s/4m30.0s
workload_03_blackrock   [   3% ] 05/20 VUs  0m08.0s/4m30.0s

running (0m09.0s), 15/60 VUs, 166 complete and 0 interrupted iterations
workload_01_atlassian   [   3% ] 05/20 VUs  0m09.0s/4m30.0s
workload_02_baidu       [   3% ] 05/20 VUs  0m09.0s/4m30.0s
workload_03_blackrock   [   3% ] 05/20 VUs  0m09.0s/4m30.0s

running (0m10.0s), 18/60 VUs, 211 complete and 0 interrupted iterations
workload_01_atlassian   [   4% ] 06/20 VUs  0m10.0s/4m30.0s
workload_02_baidu       [   4% ] 06/20 VUs  0m10.0s/4m30.0s
workload_03_blackrock   [   4% ] 06/20 VUs  0m10.0s/4m30.0s

running (0m11.0s), 21/60 VUs, 258 complete and 0 interrupted iterations
workload_01_atlassian   [   4% ] 07/20 VUs  0m11.0s/4m30.0s
workload_02_baidu       [   4% ] 07/20 VUs  0m11.0s/4m30.0s
workload_03_blackrock   [   4% ] 07/20 VUs  0m11.0s/4m30.0s

running (0m12.0s), 21/60 VUs, 314 complete and 0 interrupted iterations
workload_01_atlassian   [   4% ] 07/20 VUs  0m12.0s/4m30.0s
workload_02_baidu       [   4% ] 07/20 VUs  0m12.0s/4m30.0s
workload_03_blackrock   [   4% ] 07/20 VUs  0m12.0s/4m30.0s

running (0m13.0s), 24/60 VUs, 372 complete and 0 interrupted iterations
workload_01_atlassian   [   5% ] 08/20 VUs  0m13.0s/4m30.0s
workload_02_baidu       [   5% ] 08/20 VUs  0m13.0s/4m30.0s
workload_03_blackrock   [   5% ] 08/20 VUs  0m13.0s/4m30.0s

running (0m14.0s), 27/60 VUs, 435 complete and 0 interrupted iterations
workload_01_atlassian   [   5% ] 09/20 VUs  0m14.0s/4m30.0s
workload_02_baidu       [   5% ] 09/20 VUs  0m14.0s/4m30.0s
workload_03_blackrock   [   5% ] 09/20 VUs  0m14.0s/4m30.0s

running (0m15.0s), 27/60 VUs, 507 complete and 0 interrupted iterations
workload_01_atlassian   [   6% ] 09/20 VUs  0m15.0s/4m30.0s
workload_02_baidu       [   6% ] 09/20 VUs  0m15.0s/4m30.0s
workload_03_blackrock   [   6% ] 09/20 VUs  0m15.0s/4m30.0s

running (0m16.0s), 30/60 VUs, 580 complete and 0 interrupted iterations
workload_01_atlassian   [   6% ] 10/20 VUs  0m16.0s/4m30.0s
workload_02_baidu       [   6% ] 10/20 VUs  0m16.0s/4m30.0s
workload_03_blackrock   [   6% ] 10/20 VUs  0m16.0s/4m30.0s

running (0m17.0s), 33/60 VUs, 659 complete and 0 interrupted iterations
workload_01_atlassian   [   6% ] 11/20 VUs  0m17.0s/4m30.0s
workload_02_baidu       [   6% ] 11/20 VUs  0m17.0s/4m30.0s
workload_03_blackrock   [   6% ] 11/20 VUs  0m17.0s/4m30.0s

running (0m18.0s), 33/60 VUs, 745 complete and 0 interrupted iterations
workload_01_atlassian   [   7% ] 11/20 VUs  0m18.0s/4m30.0s
workload_02_baidu       [   7% ] 11/20 VUs  0m18.0s/4m30.0s
workload_03_blackrock   [   7% ] 11/20 VUs  0m18.0s/4m30.0s

running (0m19.0s), 36/60 VUs, 836 complete and 0 interrupted iterations
workload_01_atlassian   [   7% ] 12/20 VUs  0m19.0s/4m30.0s
workload_02_baidu       [   7% ] 12/20 VUs  0m19.0s/4m30.0s
workload_03_blackrock   [   7% ] 12/20 VUs  0m19.0s/4m30.0s

running (0m20.0s), 39/60 VUs, 928 complete and 0 interrupted iterations
workload_01_atlassian   [   7% ] 13/20 VUs  0m20.0s/4m30.0s
workload_02_baidu       [   7% ] 13/20 VUs  0m20.0s/4m30.0s
workload_03_blackrock   [   7% ] 13/20 VUs  0m20.0s/4m30.0s

running (0m21.0s), 39/60 VUs, 1032 complete and 0 interrupted iterations
workload_01_atlassian   [   8% ] 13/20 VUs  0m21.0s/4m30.0s
workload_02_baidu       [   8% ] 13/20 VUs  0m21.0s/4m30.0s
workload_03_blackrock   [   8% ] 13/20 VUs  0m21.0s/4m30.0s

running (0m22.0s), 42/60 VUs, 1140 complete and 0 interrupted iterations
workload_01_atlassian   [   8% ] 14/20 VUs  0m22.0s/4m30.0s
workload_02_baidu       [   8% ] 14/20 VUs  0m22.0s/4m30.0s
workload_03_blackrock   [   8% ] 14/20 VUs  0m22.0s/4m30.0s

running (0m23.0s), 45/60 VUs, 1244 complete and 0 interrupted iterations
workload_01_atlassian   [   9% ] 15/20 VUs  0m23.0s/4m30.0s
workload_02_baidu       [   9% ] 15/20 VUs  0m23.0s/4m30.0s
workload_03_blackrock   [   9% ] 15/20 VUs  0m23.0s/4m30.0s

running (0m24.0s), 45/60 VUs, 1363 complete and 0 interrupted iterations
workload_01_atlassian   [   9% ] 15/20 VUs  0m24.0s/4m30.0s
workload_02_baidu       [   9% ] 15/20 VUs  0m24.0s/4m30.0s
workload_03_blackrock   [   9% ] 15/20 VUs  0m24.0s/4m30.0s

running (0m25.0s), 48/60 VUs, 1484 complete and 0 interrupted iterations
workload_01_atlassian   [   9% ] 16/20 VUs  0m25.0s/4m30.0s
workload_02_baidu       [   9% ] 16/20 VUs  0m25.0s/4m30.0s
workload_03_blackrock   [   9% ] 16/20 VUs  0m25.0s/4m30.0s

running (0m26.0s), 51/60 VUs, 1608 complete and 0 interrupted iterations
workload_01_atlassian   [  10% ] 17/20 VUs  0m26.0s/4m30.0s
workload_02_baidu       [  10% ] 17/20 VUs  0m26.0s/4m30.0s
workload_03_blackrock   [  10% ] 17/20 VUs  0m26.0s/4m30.0s

running (0m27.0s), 51/60 VUs, 1740 complete and 0 interrupted iterations
workload_01_atlassian   [  10% ] 17/20 VUs  0m27.0s/4m30.0s
workload_02_baidu       [  10% ] 17/20 VUs  0m27.0s/4m30.0s
workload_03_blackrock   [  10% ] 17/20 VUs  0m27.0s/4m30.0s

running (0m28.0s), 54/60 VUs, 1864 complete and 0 interrupted iterations
workload_01_atlassian   [  10% ] 18/20 VUs  0m28.0s/4m30.0s
workload_02_baidu       [  10% ] 18/20 VUs  0m28.0s/4m30.0s
workload_03_blackrock   [  10% ] 18/20 VUs  0m28.0s/4m30.0s

running (0m29.0s), 57/60 VUs, 2005 complete and 0 interrupted iterations
workload_01_atlassian   [  11% ] 19/20 VUs  0m29.0s/4m30.0s
workload_02_baidu       [  11% ] 19/20 VUs  0m29.0s/4m30.0s
workload_03_blackrock   [  11% ] 19/20 VUs  0m29.0s/4m30.0s

running (0m30.0s), 57/60 VUs, 2143 complete and 0 interrupted iterations
workload_01_atlassian   [  11% ] 19/20 VUs  0m30.0s/4m30.0s
workload_02_baidu       [  11% ] 19/20 VUs  0m30.0s/4m30.0s
workload_03_blackrock   [  11% ] 19/20 VUs  0m30.0s/4m30.0s

running (0m31.0s), 60/60 VUs, 2291 complete and 0 interrupted iterations
workload_01_atlassian   [  11% ] 20/20 VUs  0m31.0s/4m30.0s
workload_02_baidu       [  11% ] 20/20 VUs  0m31.0s/4m30.0s
workload_03_blackrock   [  11% ] 20/20 VUs  0m31.0s/4m30.0s

running (0m32.0s), 60/60 VUs, 2444 complete and 0 interrupted iterations
workload_01_atlassian   [  12% ] 20/20 VUs  0m32.0s/4m30.0s
workload_02_baidu       [  12% ] 20/20 VUs  0m32.0s/4m30.0s
workload_03_blackrock   [  12% ] 20/20 VUs  0m32.0s/4m30.0s

running (0m33.0s), 60/60 VUs, 2601 complete and 0 interrupted iterations
workload_01_atlassian   [  12% ] 20/20 VUs  0m33.0s/4m30.0s
workload_02_baidu       [  12% ] 20/20 VUs  0m33.0s/4m30.0s
workload_03_blackrock   [  12% ] 20/20 VUs  0m33.0s/4m30.0s

running (0m34.0s), 60/60 VUs, 2754 complete and 0 interrupted iterations
workload_01_atlassian   [  13% ] 20/20 VUs  0m34.0s/4m30.0s
workload_02_baidu       [  13% ] 20/20 VUs  0m34.0s/4m30.0s
workload_03_blackrock   [  13% ] 20/20 VUs  0m34.0s/4m30.0s

running (0m35.0s), 60/60 VUs, 2908 complete and 0 interrupted iterations
workload_01_atlassian   [  13% ] 20/20 VUs  0m35.0s/4m30.0s
workload_02_baidu       [  13% ] 20/20 VUs  0m35.0s/4m30.0s
workload_03_blackrock   [  13% ] 20/20 VUs  0m35.0s/4m30.0s

running (0m36.0s), 60/60 VUs, 3069 complete and 0 interrupted iterations
workload_01_atlassian   [  13% ] 20/20 VUs  0m36.0s/4m30.0s
workload_02_baidu       [  13% ] 20/20 VUs  0m36.0s/4m30.0s
workload_03_blackrock   [  13% ] 20/20 VUs  0m36.0s/4m30.0s

running (0m37.0s), 60/60 VUs, 3230 complete and 0 interrupted iterations
workload_01_atlassian   [  14% ] 20/20 VUs  0m37.0s/4m30.0s
workload_02_baidu       [  14% ] 20/20 VUs  0m37.0s/4m30.0s
workload_03_blackrock   [  14% ] 20/20 VUs  0m37.0s/4m30.0s

running (0m38.0s), 60/60 VUs, 3380 complete and 0 interrupted iterations
workload_01_atlassian   [  14% ] 20/20 VUs  0m38.0s/4m30.0s
workload_02_baidu       [  14% ] 20/20 VUs  0m38.0s/4m30.0s
workload_03_blackrock   [  14% ] 20/20 VUs  0m38.0s/4m30.0s

running (0m39.0s), 60/60 VUs, 3540 complete and 0 interrupted iterations
workload_01_atlassian   [  14% ] 20/20 VUs  0m39.0s/4m30.0s
workload_02_baidu       [  14% ] 20/20 VUs  0m39.0s/4m30.0s
workload_03_blackrock   [  14% ] 20/20 VUs  0m39.0s/4m30.0s

running (0m40.0s), 60/60 VUs, 3697 complete and 0 interrupted iterations
workload_01_atlassian   [  15% ] 20/20 VUs  0m40.0s/4m30.0s
workload_02_baidu       [  15% ] 20/20 VUs  0m40.0s/4m30.0s
workload_03_blackrock   [  15% ] 20/20 VUs  0m40.0s/4m30.0s

running (0m41.0s), 60/60 VUs, 3856 complete and 0 interrupted iterations
workload_01_atlassian   [  15% ] 20/20 VUs  0m41.0s/4m30.0s
workload_02_baidu       [  15% ] 20/20 VUs  0m41.0s/4m30.0s
workload_03_blackrock   [  15% ] 20/20 VUs  0m41.0s/4m30.0s

running (0m42.0s), 60/60 VUs, 4014 complete and 0 interrupted iterations
workload_01_atlassian   [  16% ] 20/20 VUs  0m42.0s/4m30.0s
workload_02_baidu       [  16% ] 20/20 VUs  0m42.0s/4m30.0s
workload_03_blackrock   [  16% ] 20/20 VUs  0m42.0s/4m30.0s

running (0m43.0s), 60/60 VUs, 4161 complete and 0 interrupted iterations
workload_01_atlassian   [  16% ] 20/20 VUs  0m43.0s/4m30.0s
workload_02_baidu       [  16% ] 20/20 VUs  0m43.0s/4m30.0s
workload_03_blackrock   [  16% ] 20/20 VUs  0m43.0s/4m30.0s

running (0m44.0s), 60/60 VUs, 4322 complete and 0 interrupted iterations
workload_01_atlassian   [  16% ] 20/20 VUs  0m44.0s/4m30.0s
workload_02_baidu       [  16% ] 20/20 VUs  0m44.0s/4m30.0s
workload_03_blackrock   [  16% ] 20/20 VUs  0m44.0s/4m30.0s

running (0m45.0s), 60/60 VUs, 4480 complete and 0 interrupted iterations
workload_01_atlassian   [  17% ] 20/20 VUs  0m45.0s/4m30.0s
workload_02_baidu       [  17% ] 20/20 VUs  0m45.0s/4m30.0s
workload_03_blackrock   [  17% ] 20/20 VUs  0m45.0s/4m30.0s

running (0m46.0s), 60/60 VUs, 4640 complete and 0 interrupted iterations
workload_01_atlassian   [  17% ] 20/20 VUs  0m46.0s/4m30.0s
workload_02_baidu       [  17% ] 20/20 VUs  0m46.0s/4m30.0s
workload_03_blackrock   [  17% ] 20/20 VUs  0m46.0s/4m30.0s

running (0m47.0s), 60/60 VUs, 4801 complete and 0 interrupted iterations
workload_01_atlassian   [  17% ] 20/20 VUs  0m47.0s/4m30.0s
workload_02_baidu       [  17% ] 20/20 VUs  0m47.0s/4m30.0s
workload_03_blackrock   [  17% ] 20/20 VUs  0m47.0s/4m30.0s

running (0m48.0s), 60/60 VUs, 4951 complete and 0 interrupted iterations
workload_01_atlassian   [  18% ] 20/20 VUs  0m48.0s/4m30.0s
workload_02_baidu       [  18% ] 20/20 VUs  0m48.0s/4m30.0s
workload_03_blackrock   [  18% ] 20/20 VUs  0m48.0s/4m30.0s

running (0m49.0s), 60/60 VUs, 5116 complete and 0 interrupted iterations
workload_01_atlassian   [  18% ] 20/20 VUs  0m49.0s/4m30.0s
workload_02_baidu       [  18% ] 20/20 VUs  0m49.0s/4m30.0s
workload_03_blackrock   [  18% ] 20/20 VUs  0m49.0s/4m30.0s

running (0m50.0s), 60/60 VUs, 5271 complete and 0 interrupted iterations
workload_01_atlassian   [  19% ] 20/20 VUs  0m50.0s/4m30.0s
workload_02_baidu       [  19% ] 20/20 VUs  0m50.0s/4m30.0s
workload_03_blackrock   [  19% ] 20/20 VUs  0m50.0s/4m30.0s

running (0m51.0s), 60/60 VUs, 5428 complete and 0 interrupted iterations
workload_01_atlassian   [  19% ] 20/20 VUs  0m51.0s/4m30.0s
workload_02_baidu       [  19% ] 20/20 VUs  0m51.0s/4m30.0s
workload_03_blackrock   [  19% ] 20/20 VUs  0m51.0s/4m30.0s

running (0m52.0s), 60/60 VUs, 5586 complete and 0 interrupted iterations
workload_01_atlassian   [  19% ] 20/20 VUs  0m52.0s/4m30.0s
workload_02_baidu       [  19% ] 20/20 VUs  0m52.0s/4m30.0s
workload_03_blackrock   [  19% ] 20/20 VUs  0m52.0s/4m30.0s

running (0m53.0s), 60/60 VUs, 5741 complete and 0 interrupted iterations
workload_01_atlassian   [  20% ] 20/20 VUs  0m53.0s/4m30.0s
workload_02_baidu       [  20% ] 20/20 VUs  0m53.0s/4m30.0s
workload_03_blackrock   [  20% ] 20/20 VUs  0m53.0s/4m30.0s

running (0m54.0s), 60/60 VUs, 5894 complete and 0 interrupted iterations
workload_01_atlassian   [  20% ] 20/20 VUs  0m54.0s/4m30.0s
workload_02_baidu       [  20% ] 20/20 VUs  0m54.0s/4m30.0s
workload_03_blackrock   [  20% ] 20/20 VUs  0m54.0s/4m30.0s

running (0m55.0s), 60/60 VUs, 6053 complete and 0 interrupted iterations
workload_01_atlassian   [  20% ] 20/20 VUs  0m55.0s/4m30.0s
workload_02_baidu       [  20% ] 20/20 VUs  0m55.0s/4m30.0s
workload_03_blackrock   [  20% ] 20/20 VUs  0m55.0s/4m30.0s

running (0m56.0s), 60/60 VUs, 6215 complete and 0 interrupted iterations
workload_01_atlassian   [  21% ] 20/20 VUs  0m56.0s/4m30.0s
workload_02_baidu       [  21% ] 20/20 VUs  0m56.0s/4m30.0s
workload_03_blackrock   [  21% ] 20/20 VUs  0m56.0s/4m30.0s

running (0m57.0s), 60/60 VUs, 6369 complete and 0 interrupted iterations
workload_01_atlassian   [  21% ] 20/20 VUs  0m57.0s/4m30.0s
workload_02_baidu       [  21% ] 20/20 VUs  0m57.0s/4m30.0s
workload_03_blackrock   [  21% ] 20/20 VUs  0m57.0s/4m30.0s

running (0m58.0s), 60/60 VUs, 6515 complete and 0 interrupted iterations
workload_01_atlassian   [  21% ] 20/20 VUs  0m58.0s/4m30.0s
workload_02_baidu       [  21% ] 20/20 VUs  0m58.0s/4m30.0s
workload_03_blackrock   [  21% ] 20/20 VUs  0m58.0s/4m30.0s

running (0m59.0s), 60/60 VUs, 6670 complete and 0 interrupted iterations
workload_01_atlassian   [  22% ] 20/20 VUs  0m59.0s/4m30.0s
workload_02_baidu       [  22% ] 20/20 VUs  0m59.0s/4m30.0s
workload_03_blackrock   [  22% ] 20/20 VUs  0m59.0s/4m30.0s

running (1m00.0s), 60/60 VUs, 6823 complete and 0 interrupted iterations
workload_01_atlassian   [  22% ] 20/20 VUs  1m00.0s/4m30.0s
workload_02_baidu       [  22% ] 20/20 VUs  1m00.0s/4m30.0s
workload_03_blackrock   [  22% ] 20/20 VUs  1m00.0s/4m30.0s

running (1m01.0s), 60/60 VUs, 6975 complete and 0 interrupted iterations
workload_01_atlassian   [  23% ] 20/20 VUs  1m01.0s/4m30.0s
workload_02_baidu       [  23% ] 20/20 VUs  1m01.0s/4m30.0s
workload_03_blackrock   [  23% ] 20/20 VUs  1m01.0s/4m30.0s

running (1m02.0s), 60/60 VUs, 7133 complete and 0 interrupted iterations
workload_01_atlassian   [  23% ] 20/20 VUs  1m02.0s/4m30.0s
workload_02_baidu       [  23% ] 20/20 VUs  1m02.0s/4m30.0s
workload_03_blackrock   [  23% ] 20/20 VUs  1m02.0s/4m30.0s

running (1m03.0s), 60/60 VUs, 7289 complete and 0 interrupted iterations
workload_01_atlassian   [  23% ] 20/20 VUs  1m03.0s/4m30.0s
workload_02_baidu       [  23% ] 20/20 VUs  1m03.0s/4m30.0s
workload_03_blackrock   [  23% ] 20/20 VUs  1m03.0s/4m30.0s

running (1m04.0s), 60/60 VUs, 7450 complete and 0 interrupted iterations
workload_01_atlassian   [  24% ] 20/20 VUs  1m04.0s/4m30.0s
workload_02_baidu       [  24% ] 20/20 VUs  1m04.0s/4m30.0s
workload_03_blackrock   [  24% ] 20/20 VUs  1m04.0s/4m30.0s

running (1m05.0s), 60/60 VUs, 7603 complete and 0 interrupted iterations
workload_01_atlassian   [  24% ] 20/20 VUs  1m05.0s/4m30.0s
workload_02_baidu       [  24% ] 20/20 VUs  1m05.0s/4m30.0s
workload_03_blackrock   [  24% ] 20/20 VUs  1m05.0s/4m30.0s

running (1m06.0s), 60/60 VUs, 7760 complete and 0 interrupted iterations
workload_01_atlassian   [  24% ] 20/20 VUs  1m06.0s/4m30.0s
workload_02_baidu       [  24% ] 20/20 VUs  1m06.0s/4m30.0s
workload_03_blackrock   [  24% ] 20/20 VUs  1m06.0s/4m30.0s

running (1m07.0s), 60/60 VUs, 7916 complete and 0 interrupted iterations
workload_01_atlassian   [  25% ] 20/20 VUs  1m07.0s/4m30.0s
workload_02_baidu       [  25% ] 20/20 VUs  1m07.0s/4m30.0s
workload_03_blackrock   [  25% ] 20/20 VUs  1m07.0s/4m30.0s

running (1m08.0s), 60/60 VUs, 8078 complete and 0 interrupted iterations
workload_01_atlassian   [  25% ] 20/20 VUs  1m08.0s/4m30.0s
workload_02_baidu       [  25% ] 20/20 VUs  1m08.0s/4m30.0s
workload_03_blackrock   [  25% ] 20/20 VUs  1m08.0s/4m30.0s

running (1m09.0s), 60/60 VUs, 8235 complete and 0 interrupted iterations
workload_01_atlassian   [  26% ] 20/20 VUs  1m09.0s/4m30.0s
workload_02_baidu       [  26% ] 20/20 VUs  1m09.0s/4m30.0s
workload_03_blackrock   [  26% ] 20/20 VUs  1m09.0s/4m30.0s

running (1m10.0s), 60/60 VUs, 8391 complete and 0 interrupted iterations
workload_01_atlassian   [  26% ] 20/20 VUs  1m10.0s/4m30.0s
workload_02_baidu       [  26% ] 20/20 VUs  1m10.0s/4m30.0s
workload_03_blackrock   [  26% ] 20/20 VUs  1m10.0s/4m30.0s

running (1m11.0s), 60/60 VUs, 8548 complete and 0 interrupted iterations
workload_01_atlassian   [  26% ] 20/20 VUs  1m11.0s/4m30.0s
workload_02_baidu       [  26% ] 20/20 VUs  1m11.0s/4m30.0s
workload_03_blackrock   [  26% ] 20/20 VUs  1m11.0s/4m30.0s

running (1m12.0s), 60/60 VUs, 8707 complete and 0 interrupted iterations
workload_01_atlassian   [  27% ] 20/20 VUs  1m12.0s/4m30.0s
workload_02_baidu       [  27% ] 20/20 VUs  1m12.0s/4m30.0s
workload_03_blackrock   [  27% ] 20/20 VUs  1m12.0s/4m30.0s

running (1m13.0s), 60/60 VUs, 8859 complete and 0 interrupted iterations
workload_01_atlassian   [  27% ] 20/20 VUs  1m13.0s/4m30.0s
workload_02_baidu       [  27% ] 20/20 VUs  1m13.0s/4m30.0s
workload_03_blackrock   [  27% ] 20/20 VUs  1m13.0s/4m30.0s

running (1m14.0s), 60/60 VUs, 9013 complete and 0 interrupted iterations
workload_01_atlassian   [  27% ] 20/20 VUs  1m14.0s/4m30.0s
workload_02_baidu       [  27% ] 20/20 VUs  1m14.0s/4m30.0s
workload_03_blackrock   [  27% ] 20/20 VUs  1m14.0s/4m30.0s

running (1m15.0s), 60/60 VUs, 9168 complete and 0 interrupted iterations
workload_01_atlassian   [  28% ] 20/20 VUs  1m15.0s/4m30.0s
workload_02_baidu       [  28% ] 20/20 VUs  1m15.0s/4m30.0s
workload_03_blackrock   [  28% ] 20/20 VUs  1m15.0s/4m30.0s

running (1m16.0s), 60/60 VUs, 9324 complete and 0 interrupted iterations
workload_01_atlassian   [  28% ] 20/20 VUs  1m16.0s/4m30.0s
workload_02_baidu       [  28% ] 20/20 VUs  1m16.0s/4m30.0s
workload_03_blackrock   [  28% ] 20/20 VUs  1m16.0s/4m30.0s

running (1m17.0s), 60/60 VUs, 9477 complete and 0 interrupted iterations
workload_01_atlassian   [  29% ] 20/20 VUs  1m17.0s/4m30.0s
workload_02_baidu       [  29% ] 20/20 VUs  1m17.0s/4m30.0s
workload_03_blackrock   [  29% ] 20/20 VUs  1m17.0s/4m30.0s

running (1m18.0s), 60/60 VUs, 9637 complete and 0 interrupted iterations
workload_01_atlassian   [  29% ] 20/20 VUs  1m18.0s/4m30.0s
workload_02_baidu       [  29% ] 20/20 VUs  1m18.0s/4m30.0s
workload_03_blackrock   [  29% ] 20/20 VUs  1m18.0s/4m30.0s

running (1m19.0s), 60/60 VUs, 9796 complete and 0 interrupted iterations
workload_01_atlassian   [  29% ] 20/20 VUs  1m19.0s/4m30.0s
workload_02_baidu       [  29% ] 20/20 VUs  1m19.0s/4m30.0s
workload_03_blackrock   [  29% ] 20/20 VUs  1m19.0s/4m30.0s

running (1m20.0s), 60/60 VUs, 9945 complete and 0 interrupted iterations
workload_01_atlassian   [  30% ] 20/20 VUs  1m20.0s/4m30.0s
workload_02_baidu       [  30% ] 20/20 VUs  1m20.0s/4m30.0s
workload_03_blackrock   [  30% ] 20/20 VUs  1m20.0s/4m30.0s

running (1m21.0s), 60/60 VUs, 10104 complete and 0 interrupted iterations
workload_01_atlassian   [  30% ] 20/20 VUs  1m21.0s/4m30.0s
workload_02_baidu       [  30% ] 20/20 VUs  1m21.0s/4m30.0s
workload_03_blackrock   [  30% ] 20/20 VUs  1m21.0s/4m30.0s

running (1m22.0s), 60/60 VUs, 10264 complete and 0 interrupted iterations
workload_01_atlassian   [  30% ] 20/20 VUs  1m22.0s/4m30.0s
workload_02_baidu       [  30% ] 20/20 VUs  1m22.0s/4m30.0s
workload_03_blackrock   [  30% ] 20/20 VUs  1m22.0s/4m30.0s

running (1m23.0s), 60/60 VUs, 10423 complete and 0 interrupted iterations
workload_01_atlassian   [  31% ] 20/20 VUs  1m23.0s/4m30.0s
workload_02_baidu       [  31% ] 20/20 VUs  1m23.0s/4m30.0s
workload_03_blackrock   [  31% ] 20/20 VUs  1m23.0s/4m30.0s

running (1m24.0s), 60/60 VUs, 10575 complete and 0 interrupted iterations
workload_01_atlassian   [  31% ] 20/20 VUs  1m24.0s/4m30.0s
workload_02_baidu       [  31% ] 20/20 VUs  1m24.0s/4m30.0s
workload_03_blackrock   [  31% ] 20/20 VUs  1m24.0s/4m30.0s

running (1m25.0s), 60/60 VUs, 10725 complete and 0 interrupted iterations
workload_01_atlassian   [  31% ] 20/20 VUs  1m25.0s/4m30.0s
workload_02_baidu       [  31% ] 20/20 VUs  1m25.0s/4m30.0s
workload_03_blackrock   [  31% ] 20/20 VUs  1m25.0s/4m30.0s

running (1m26.0s), 60/60 VUs, 10889 complete and 0 interrupted iterations
workload_01_atlassian   [  32% ] 20/20 VUs  1m26.0s/4m30.0s
workload_02_baidu       [  32% ] 20/20 VUs  1m26.0s/4m30.0s
workload_03_blackrock   [  32% ] 20/20 VUs  1m26.0s/4m30.0s

running (1m27.0s), 60/60 VUs, 11038 complete and 0 interrupted iterations
workload_01_atlassian   [  32% ] 20/20 VUs  1m27.0s/4m30.0s
workload_02_baidu       [  32% ] 20/20 VUs  1m27.0s/4m30.0s
workload_03_blackrock   [  32% ] 20/20 VUs  1m27.0s/4m30.0s

running (1m28.0s), 60/60 VUs, 11162 complete and 0 interrupted iterations
workload_01_atlassian   [  33% ] 20/20 VUs  1m28.0s/4m30.0s
workload_02_baidu       [  33% ] 20/20 VUs  1m28.0s/4m30.0s
workload_03_blackrock   [  33% ] 20/20 VUs  1m28.0s/4m30.0s

running (1m29.0s), 60/60 VUs, 11321 complete and 0 interrupted iterations
workload_01_atlassian   [  33% ] 20/20 VUs  1m29.0s/4m30.0s
workload_02_baidu       [  33% ] 20/20 VUs  1m29.0s/4m30.0s
workload_03_blackrock   [  33% ] 20/20 VUs  1m29.0s/4m30.0s

running (1m30.0s), 60/60 VUs, 11474 complete and 0 interrupted iterations
workload_01_atlassian   [  33% ] 20/20 VUs  1m30.0s/4m30.0s
workload_02_baidu       [  33% ] 20/20 VUs  1m30.0s/4m30.0s
workload_03_blackrock   [  33% ] 20/20 VUs  1m30.0s/4m30.0s

running (1m31.0s), 60/60 VUs, 11631 complete and 0 interrupted iterations
workload_01_atlassian   [  34% ] 20/20 VUs  1m31.0s/4m30.0s
workload_02_baidu       [  34% ] 20/20 VUs  1m31.0s/4m30.0s
workload_03_blackrock   [  34% ] 20/20 VUs  1m31.0s/4m30.0s

running (1m32.0s), 60/60 VUs, 11795 complete and 0 interrupted iterations
workload_01_atlassian   [  34% ] 20/20 VUs  1m32.0s/4m30.0s
workload_02_baidu       [  34% ] 20/20 VUs  1m32.0s/4m30.0s
workload_03_blackrock   [  34% ] 20/20 VUs  1m32.0s/4m30.0s

running (1m33.0s), 60/60 VUs, 11954 complete and 0 interrupted iterations
workload_01_atlassian   [  34% ] 20/20 VUs  1m33.0s/4m30.0s
workload_02_baidu       [  34% ] 20/20 VUs  1m33.0s/4m30.0s
workload_03_blackrock   [  34% ] 20/20 VUs  1m33.0s/4m30.0s

running (1m34.0s), 60/60 VUs, 12113 complete and 0 interrupted iterations
workload_01_atlassian   [  35% ] 20/20 VUs  1m34.0s/4m30.0s
workload_02_baidu       [  35% ] 20/20 VUs  1m34.0s/4m30.0s
workload_03_blackrock   [  35% ] 20/20 VUs  1m34.0s/4m30.0s

running (1m35.0s), 60/60 VUs, 12269 complete and 0 interrupted iterations
workload_01_atlassian   [  35% ] 20/20 VUs  1m35.0s/4m30.0s
workload_02_baidu       [  35% ] 20/20 VUs  1m35.0s/4m30.0s
workload_03_blackrock   [  35% ] 20/20 VUs  1m35.0s/4m30.0s

running (1m36.0s), 60/60 VUs, 12425 complete and 0 interrupted iterations
workload_01_atlassian   [  36% ] 20/20 VUs  1m36.0s/4m30.0s
workload_02_baidu       [  36% ] 20/20 VUs  1m36.0s/4m30.0s
workload_03_blackrock   [  36% ] 20/20 VUs  1m36.0s/4m30.0s

running (1m37.0s), 60/60 VUs, 12580 complete and 0 interrupted iterations
workload_01_atlassian   [  36% ] 20/20 VUs  1m37.0s/4m30.0s
workload_02_baidu       [  36% ] 20/20 VUs  1m37.0s/4m30.0s
workload_03_blackrock   [  36% ] 20/20 VUs  1m37.0s/4m30.0s

running (1m38.0s), 60/60 VUs, 12735 complete and 0 interrupted iterations
workload_01_atlassian   [  36% ] 20/20 VUs  1m38.0s/4m30.0s
workload_02_baidu       [  36% ] 20/20 VUs  1m38.0s/4m30.0s
workload_03_blackrock   [  36% ] 20/20 VUs  1m38.0s/4m30.0s

running (1m39.0s), 60/60 VUs, 12889 complete and 0 interrupted iterations
workload_01_atlassian   [  37% ] 20/20 VUs  1m39.0s/4m30.0s
workload_02_baidu       [  37% ] 20/20 VUs  1m39.0s/4m30.0s
workload_03_blackrock   [  37% ] 20/20 VUs  1m39.0s/4m30.0s

running (1m40.0s), 60/60 VUs, 13044 complete and 0 interrupted iterations
workload_01_atlassian   [  37% ] 20/20 VUs  1m40.0s/4m30.0s
workload_02_baidu       [  37% ] 20/20 VUs  1m40.0s/4m30.0s
workload_03_blackrock   [  37% ] 20/20 VUs  1m40.0s/4m30.0s

running (1m41.0s), 60/60 VUs, 13200 complete and 0 interrupted iterations
workload_01_atlassian   [  37% ] 20/20 VUs  1m41.0s/4m30.0s
workload_02_baidu       [  37% ] 20/20 VUs  1m41.0s/4m30.0s
workload_03_blackrock   [  37% ] 20/20 VUs  1m41.0s/4m30.0s

running (1m42.0s), 60/60 VUs, 13357 complete and 0 interrupted iterations
workload_01_atlassian   [  38% ] 20/20 VUs  1m42.0s/4m30.0s
workload_02_baidu       [  38% ] 20/20 VUs  1m42.0s/4m30.0s
workload_03_blackrock   [  38% ] 20/20 VUs  1m42.0s/4m30.0s

running (1m43.0s), 60/60 VUs, 13523 complete and 0 interrupted iterations
workload_01_atlassian   [  38% ] 20/20 VUs  1m43.0s/4m30.0s
workload_02_baidu       [  38% ] 20/20 VUs  1m43.0s/4m30.0s
workload_03_blackrock   [  38% ] 20/20 VUs  1m43.0s/4m30.0s

running (1m44.0s), 60/60 VUs, 13667 complete and 0 interrupted iterations
workload_01_atlassian   [  39% ] 20/20 VUs  1m44.0s/4m30.0s
workload_02_baidu       [  39% ] 20/20 VUs  1m44.0s/4m30.0s
workload_03_blackrock   [  39% ] 20/20 VUs  1m44.0s/4m30.0s

running (1m45.0s), 60/60 VUs, 13830 complete and 0 interrupted iterations
workload_01_atlassian   [  39% ] 20/20 VUs  1m45.0s/4m30.0s
workload_02_baidu       [  39% ] 20/20 VUs  1m45.0s/4m30.0s
workload_03_blackrock   [  39% ] 20/20 VUs  1m45.0s/4m30.0s

running (1m46.0s), 60/60 VUs, 13987 complete and 0 interrupted iterations
workload_01_atlassian   [  39% ] 20/20 VUs  1m46.0s/4m30.0s
workload_02_baidu       [  39% ] 20/20 VUs  1m46.0s/4m30.0s
workload_03_blackrock   [  39% ] 20/20 VUs  1m46.0s/4m30.0s

running (1m47.0s), 60/60 VUs, 14138 complete and 0 interrupted iterations
workload_01_atlassian   [  40% ] 20/20 VUs  1m47.0s/4m30.0s
workload_02_baidu       [  40% ] 20/20 VUs  1m47.0s/4m30.0s
workload_03_blackrock   [  40% ] 20/20 VUs  1m47.0s/4m30.0s

running (1m48.0s), 60/60 VUs, 14298 complete and 0 interrupted iterations
workload_01_atlassian   [  40% ] 20/20 VUs  1m48.0s/4m30.0s
workload_02_baidu       [  40% ] 20/20 VUs  1m48.0s/4m30.0s
workload_03_blackrock   [  40% ] 20/20 VUs  1m48.0s/4m30.0s

running (1m49.0s), 60/60 VUs, 14460 complete and 0 interrupted iterations
workload_01_atlassian   [  40% ] 20/20 VUs  1m49.0s/4m30.0s
workload_02_baidu       [  40% ] 20/20 VUs  1m49.0s/4m30.0s
workload_03_blackrock   [  40% ] 20/20 VUs  1m49.0s/4m30.0s

running (1m50.0s), 60/60 VUs, 14616 complete and 0 interrupted iterations
workload_01_atlassian   [  41% ] 20/20 VUs  1m50.0s/4m30.0s
workload_02_baidu       [  41% ] 20/20 VUs  1m50.0s/4m30.0s
workload_03_blackrock   [  41% ] 20/20 VUs  1m50.0s/4m30.0s

running (1m51.0s), 60/60 VUs, 14773 complete and 0 interrupted iterations
workload_01_atlassian   [  41% ] 20/20 VUs  1m51.0s/4m30.0s
workload_02_baidu       [  41% ] 20/20 VUs  1m51.0s/4m30.0s
workload_03_blackrock   [  41% ] 20/20 VUs  1m51.0s/4m30.0s

running (1m52.0s), 60/60 VUs, 14928 complete and 0 interrupted iterations
workload_01_atlassian   [  41% ] 20/20 VUs  1m52.0s/4m30.0s
workload_02_baidu       [  41% ] 20/20 VUs  1m52.0s/4m30.0s
workload_03_blackrock   [  41% ] 20/20 VUs  1m52.0s/4m30.0s

running (1m53.0s), 60/60 VUs, 15080 complete and 0 interrupted iterations
workload_01_atlassian   [  42% ] 20/20 VUs  1m53.0s/4m30.0s
workload_02_baidu       [  42% ] 20/20 VUs  1m53.0s/4m30.0s
workload_03_blackrock   [  42% ] 20/20 VUs  1m53.0s/4m30.0s

running (1m54.0s), 60/60 VUs, 15240 complete and 0 interrupted iterations
workload_01_atlassian   [  42% ] 20/20 VUs  1m54.0s/4m30.0s
workload_02_baidu       [  42% ] 20/20 VUs  1m54.0s/4m30.0s
workload_03_blackrock   [  42% ] 20/20 VUs  1m54.0s/4m30.0s

running (1m55.0s), 60/60 VUs, 15390 complete and 0 interrupted iterations
workload_01_atlassian   [  43% ] 20/20 VUs  1m55.0s/4m30.0s
workload_02_baidu       [  43% ] 20/20 VUs  1m55.0s/4m30.0s
workload_03_blackrock   [  43% ] 20/20 VUs  1m55.0s/4m30.0s

running (1m56.0s), 60/60 VUs, 15551 complete and 0 interrupted iterations
workload_01_atlassian   [  43% ] 20/20 VUs  1m56.0s/4m30.0s
workload_02_baidu       [  43% ] 20/20 VUs  1m56.0s/4m30.0s
workload_03_blackrock   [  43% ] 20/20 VUs  1m56.0s/4m30.0s

running (1m57.0s), 60/60 VUs, 15709 complete and 0 interrupted iterations
workload_01_atlassian   [  43% ] 20/20 VUs  1m57.0s/4m30.0s
workload_02_baidu       [  43% ] 20/20 VUs  1m57.0s/4m30.0s
workload_03_blackrock   [  43% ] 20/20 VUs  1m57.0s/4m30.0s

running (1m58.0s), 60/60 VUs, 15835 complete and 0 interrupted iterations
workload_01_atlassian   [  44% ] 20/20 VUs  1m58.0s/4m30.0s
workload_02_baidu       [  44% ] 20/20 VUs  1m58.0s/4m30.0s
workload_03_blackrock   [  44% ] 20/20 VUs  1m58.0s/4m30.0s

running (1m59.0s), 60/60 VUs, 15985 complete and 0 interrupted iterations
workload_01_atlassian   [  44% ] 20/20 VUs  1m59.0s/4m30.0s
workload_02_baidu       [  44% ] 20/20 VUs  1m59.0s/4m30.0s
workload_03_blackrock   [  44% ] 20/20 VUs  1m59.0s/4m30.0s

running (2m00.0s), 60/60 VUs, 16142 complete and 0 interrupted iterations
workload_01_atlassian   [  44% ] 20/20 VUs  2m00.0s/4m30.0s
workload_02_baidu       [  44% ] 20/20 VUs  2m00.0s/4m30.0s
workload_03_blackrock   [  44% ] 20/20 VUs  2m00.0s/4m30.0s

running (2m01.0s), 60/60 VUs, 16296 complete and 0 interrupted iterations
workload_01_atlassian   [  45% ] 20/20 VUs  2m01.0s/4m30.0s
workload_02_baidu       [  45% ] 20/20 VUs  2m01.0s/4m30.0s
workload_03_blackrock   [  45% ] 20/20 VUs  2m01.0s/4m30.0s

running (2m02.0s), 60/60 VUs, 16455 complete and 0 interrupted iterations
workload_01_atlassian   [  45% ] 20/20 VUs  2m02.0s/4m30.0s
workload_02_baidu       [  45% ] 20/20 VUs  2m02.0s/4m30.0s
workload_03_blackrock   [  45% ] 20/20 VUs  2m02.0s/4m30.0s

running (2m03.0s), 60/60 VUs, 16609 complete and 0 interrupted iterations
workload_01_atlassian   [  46% ] 20/20 VUs  2m03.0s/4m30.0s
workload_02_baidu       [  46% ] 20/20 VUs  2m03.0s/4m30.0s
workload_03_blackrock   [  46% ] 20/20 VUs  2m03.0s/4m30.0s

running (2m04.0s), 60/60 VUs, 16763 complete and 0 interrupted iterations
workload_01_atlassian   [  46% ] 20/20 VUs  2m04.0s/4m30.0s
workload_02_baidu       [  46% ] 20/20 VUs  2m04.0s/4m30.0s
workload_03_blackrock   [  46% ] 20/20 VUs  2m04.0s/4m30.0s

running (2m05.0s), 60/60 VUs, 16921 complete and 0 interrupted iterations
workload_01_atlassian   [  46% ] 20/20 VUs  2m05.0s/4m30.0s
workload_02_baidu       [  46% ] 20/20 VUs  2m05.0s/4m30.0s
workload_03_blackrock   [  46% ] 20/20 VUs  2m05.0s/4m30.0s

running (2m06.0s), 60/60 VUs, 17076 complete and 0 interrupted iterations
workload_01_atlassian   [  47% ] 20/20 VUs  2m06.0s/4m30.0s
workload_02_baidu       [  47% ] 20/20 VUs  2m06.0s/4m30.0s
workload_03_blackrock   [  47% ] 20/20 VUs  2m06.0s/4m30.0s

running (2m07.0s), 60/60 VUs, 17236 complete and 0 interrupted iterations
workload_01_atlassian   [  47% ] 20/20 VUs  2m07.0s/4m30.0s
workload_02_baidu       [  47% ] 20/20 VUs  2m07.0s/4m30.0s
workload_03_blackrock   [  47% ] 20/20 VUs  2m07.0s/4m30.0s

running (2m08.0s), 60/60 VUs, 17390 complete and 0 interrupted iterations
workload_01_atlassian   [  47% ] 20/20 VUs  2m08.0s/4m30.0s
workload_02_baidu       [  47% ] 20/20 VUs  2m08.0s/4m30.0s
workload_03_blackrock   [  47% ] 20/20 VUs  2m08.0s/4m30.0s

running (2m09.0s), 60/60 VUs, 17551 complete and 0 interrupted iterations
workload_01_atlassian   [  48% ] 20/20 VUs  2m09.0s/4m30.0s
workload_02_baidu       [  48% ] 20/20 VUs  2m09.0s/4m30.0s
workload_03_blackrock   [  48% ] 20/20 VUs  2m09.0s/4m30.0s

running (2m10.0s), 60/60 VUs, 17712 complete and 0 interrupted iterations
workload_01_atlassian   [  48% ] 20/20 VUs  2m10.0s/4m30.0s
workload_02_baidu       [  48% ] 20/20 VUs  2m10.0s/4m30.0s
workload_03_blackrock   [  48% ] 20/20 VUs  2m10.0s/4m30.0s

running (2m11.0s), 60/60 VUs, 17871 complete and 0 interrupted iterations
workload_01_atlassian   [  49% ] 20/20 VUs  2m11.0s/4m30.0s
workload_02_baidu       [  49% ] 20/20 VUs  2m11.0s/4m30.0s
workload_03_blackrock   [  49% ] 20/20 VUs  2m11.0s/4m30.0s

running (2m12.0s), 60/60 VUs, 18030 complete and 0 interrupted iterations
workload_01_atlassian   [  49% ] 20/20 VUs  2m12.0s/4m30.0s
workload_02_baidu       [  49% ] 20/20 VUs  2m12.0s/4m30.0s
workload_03_blackrock   [  49% ] 20/20 VUs  2m12.0s/4m30.0s

running (2m13.0s), 60/60 VUs, 18184 complete and 0 interrupted iterations
workload_01_atlassian   [  49% ] 20/20 VUs  2m13.0s/4m30.0s
workload_02_baidu       [  49% ] 20/20 VUs  2m13.0s/4m30.0s
workload_03_blackrock   [  49% ] 20/20 VUs  2m13.0s/4m30.0s

running (2m14.0s), 60/60 VUs, 18340 complete and 0 interrupted iterations
workload_01_atlassian   [  50% ] 20/20 VUs  2m14.0s/4m30.0s
workload_02_baidu       [  50% ] 20/20 VUs  2m14.0s/4m30.0s
workload_03_blackrock   [  50% ] 20/20 VUs  2m14.0s/4m30.0s

running (2m15.0s), 60/60 VUs, 18499 complete and 0 interrupted iterations
workload_01_atlassian   [  50% ] 20/20 VUs  2m15.0s/4m30.0s
workload_02_baidu       [  50% ] 20/20 VUs  2m15.0s/4m30.0s
workload_03_blackrock   [  50% ] 20/20 VUs  2m15.0s/4m30.0s

running (2m16.0s), 60/60 VUs, 18653 complete and 0 interrupted iterations
workload_01_atlassian   [  50% ] 20/20 VUs  2m16.0s/4m30.0s
workload_02_baidu       [  50% ] 20/20 VUs  2m16.0s/4m30.0s
workload_03_blackrock   [  50% ] 20/20 VUs  2m16.0s/4m30.0s

running (2m17.0s), 60/60 VUs, 18818 complete and 0 interrupted iterations
workload_01_atlassian   [  51% ] 20/20 VUs  2m17.0s/4m30.0s
workload_02_baidu       [  51% ] 20/20 VUs  2m17.0s/4m30.0s
workload_03_blackrock   [  51% ] 20/20 VUs  2m17.0s/4m30.0s

running (2m18.0s), 60/60 VUs, 18971 complete and 0 interrupted iterations
workload_01_atlassian   [  51% ] 20/20 VUs  2m18.0s/4m30.0s
workload_02_baidu       [  51% ] 20/20 VUs  2m18.0s/4m30.0s
workload_03_blackrock   [  51% ] 20/20 VUs  2m18.0s/4m30.0s

running (2m19.0s), 60/60 VUs, 19132 complete and 0 interrupted iterations
workload_01_atlassian   [  51% ] 20/20 VUs  2m19.0s/4m30.0s
workload_02_baidu       [  51% ] 20/20 VUs  2m19.0s/4m30.0s
workload_03_blackrock   [  51% ] 20/20 VUs  2m19.0s/4m30.0s

running (2m20.0s), 60/60 VUs, 19286 complete and 0 interrupted iterations
workload_01_atlassian   [  52% ] 20/20 VUs  2m20.0s/4m30.0s
workload_02_baidu       [  52% ] 20/20 VUs  2m20.0s/4m30.0s
workload_03_blackrock   [  52% ] 20/20 VUs  2m20.0s/4m30.0s

running (2m21.0s), 60/60 VUs, 19440 complete and 0 interrupted iterations
workload_01_atlassian   [  52% ] 20/20 VUs  2m21.0s/4m30.0s
workload_02_baidu       [  52% ] 20/20 VUs  2m21.0s/4m30.0s
workload_03_blackrock   [  52% ] 20/20 VUs  2m21.0s/4m30.0s

running (2m22.0s), 60/60 VUs, 19598 complete and 0 interrupted iterations
workload_01_atlassian   [  53% ] 20/20 VUs  2m22.0s/4m30.0s
workload_02_baidu       [  53% ] 20/20 VUs  2m22.0s/4m30.0s
workload_03_blackrock   [  53% ] 20/20 VUs  2m22.0s/4m30.0s

running (2m23.0s), 60/60 VUs, 19755 complete and 0 interrupted iterations
workload_01_atlassian   [  53% ] 20/20 VUs  2m23.0s/4m30.0s
workload_02_baidu       [  53% ] 20/20 VUs  2m23.0s/4m30.0s
workload_03_blackrock   [  53% ] 20/20 VUs  2m23.0s/4m30.0s

running (2m24.0s), 60/60 VUs, 19911 complete and 0 interrupted iterations
workload_01_atlassian   [  53% ] 20/20 VUs  2m24.0s/4m30.0s
workload_02_baidu       [  53% ] 20/20 VUs  2m24.0s/4m30.0s
workload_03_blackrock   [  53% ] 20/20 VUs  2m24.0s/4m30.0s

running (2m25.0s), 60/60 VUs, 20064 complete and 0 interrupted iterations
workload_01_atlassian   [  54% ] 20/20 VUs  2m25.0s/4m30.0s
workload_02_baidu       [  54% ] 20/20 VUs  2m25.0s/4m30.0s
workload_03_blackrock   [  54% ] 20/20 VUs  2m25.0s/4m30.0s

running (2m26.0s), 60/60 VUs, 20221 complete and 0 interrupted iterations
workload_01_atlassian   [  54% ] 20/20 VUs  2m26.0s/4m30.0s
workload_02_baidu       [  54% ] 20/20 VUs  2m26.0s/4m30.0s
workload_03_blackrock   [  54% ] 20/20 VUs  2m26.0s/4m30.0s

running (2m27.0s), 60/60 VUs, 20375 complete and 0 interrupted iterations
workload_01_atlassian   [  54% ] 20/20 VUs  2m27.0s/4m30.0s
workload_02_baidu       [  54% ] 20/20 VUs  2m27.0s/4m30.0s
workload_03_blackrock   [  54% ] 20/20 VUs  2m27.0s/4m30.0s

running (2m28.0s), 60/60 VUs, 20526 complete and 0 interrupted iterations
workload_01_atlassian   [  55% ] 20/20 VUs  2m28.0s/4m30.0s
workload_02_baidu       [  55% ] 20/20 VUs  2m28.0s/4m30.0s
workload_03_blackrock   [  55% ] 20/20 VUs  2m28.0s/4m30.0s

running (2m29.0s), 60/60 VUs, 20684 complete and 0 interrupted iterations
workload_01_atlassian   [  55% ] 20/20 VUs  2m29.0s/4m30.0s
workload_02_baidu       [  55% ] 20/20 VUs  2m29.0s/4m30.0s
workload_03_blackrock   [  55% ] 20/20 VUs  2m29.0s/4m30.0s

running (2m30.0s), 60/60 VUs, 20843 complete and 0 interrupted iterations
workload_01_atlassian   [  56% ] 20/20 VUs  2m30.0s/4m30.0s
workload_02_baidu       [  56% ] 20/20 VUs  2m30.0s/4m30.0s
workload_03_blackrock   [  56% ] 20/20 VUs  2m30.0s/4m30.0s

running (2m31.0s), 60/60 VUs, 20995 complete and 0 interrupted iterations
workload_01_atlassian   [  56% ] 20/20 VUs  2m31.0s/4m30.0s
workload_02_baidu       [  56% ] 20/20 VUs  2m31.0s/4m30.0s
workload_03_blackrock   [  56% ] 20/20 VUs  2m31.0s/4m30.0s

running (2m32.0s), 60/60 VUs, 21157 complete and 0 interrupted iterations
workload_01_atlassian   [  56% ] 20/20 VUs  2m32.0s/4m30.0s
workload_02_baidu       [  56% ] 20/20 VUs  2m32.0s/4m30.0s
workload_03_blackrock   [  56% ] 20/20 VUs  2m32.0s/4m30.0s

running (2m33.0s), 60/60 VUs, 21315 complete and 0 interrupted iterations
workload_01_atlassian   [  57% ] 20/20 VUs  2m33.0s/4m30.0s
workload_02_baidu       [  57% ] 20/20 VUs  2m33.0s/4m30.0s
workload_03_blackrock   [  57% ] 20/20 VUs  2m33.0s/4m30.0s

running (2m34.0s), 60/60 VUs, 21472 complete and 0 interrupted iterations
workload_01_atlassian   [  57% ] 20/20 VUs  2m34.0s/4m30.0s
workload_02_baidu       [  57% ] 20/20 VUs  2m34.0s/4m30.0s
workload_03_blackrock   [  57% ] 20/20 VUs  2m34.0s/4m30.0s

running (2m35.0s), 60/60 VUs, 21633 complete and 0 interrupted iterations
workload_01_atlassian   [  57% ] 20/20 VUs  2m35.0s/4m30.0s
workload_02_baidu       [  57% ] 20/20 VUs  2m35.0s/4m30.0s
workload_03_blackrock   [  57% ] 20/20 VUs  2m35.0s/4m30.0s

running (2m36.0s), 60/60 VUs, 21792 complete and 0 interrupted iterations
workload_01_atlassian   [  58% ] 20/20 VUs  2m36.0s/4m30.0s
workload_02_baidu       [  58% ] 20/20 VUs  2m36.0s/4m30.0s
workload_03_blackrock   [  58% ] 20/20 VUs  2m36.0s/4m30.0s

running (2m37.0s), 60/60 VUs, 21949 complete and 0 interrupted iterations
workload_01_atlassian   [  58% ] 20/20 VUs  2m37.0s/4m30.0s
workload_02_baidu       [  58% ] 20/20 VUs  2m37.0s/4m30.0s
workload_03_blackrock   [  58% ] 20/20 VUs  2m37.0s/4m30.0s

running (2m38.0s), 60/60 VUs, 22104 complete and 0 interrupted iterations
workload_01_atlassian   [  59% ] 20/20 VUs  2m38.0s/4m30.0s
workload_02_baidu       [  59% ] 20/20 VUs  2m38.0s/4m30.0s
workload_03_blackrock   [  59% ] 20/20 VUs  2m38.0s/4m30.0s

running (2m39.0s), 60/60 VUs, 22262 complete and 0 interrupted iterations
workload_01_atlassian   [  59% ] 20/20 VUs  2m39.0s/4m30.0s
workload_02_baidu       [  59% ] 20/20 VUs  2m39.0s/4m30.0s
workload_03_blackrock   [  59% ] 20/20 VUs  2m39.0s/4m30.0s

running (2m40.0s), 60/60 VUs, 22414 complete and 0 interrupted iterations
workload_01_atlassian   [  59% ] 20/20 VUs  2m40.0s/4m30.0s
workload_02_baidu       [  59% ] 20/20 VUs  2m40.0s/4m30.0s
workload_03_blackrock   [  59% ] 20/20 VUs  2m40.0s/4m30.0s

running (2m41.0s), 60/60 VUs, 22577 complete and 0 interrupted iterations
workload_01_atlassian   [  60% ] 20/20 VUs  2m41.0s/4m30.0s
workload_02_baidu       [  60% ] 20/20 VUs  2m41.0s/4m30.0s
workload_03_blackrock   [  60% ] 20/20 VUs  2m41.0s/4m30.0s

running (2m42.0s), 60/60 VUs, 22731 complete and 0 interrupted iterations
workload_01_atlassian   [  60% ] 20/20 VUs  2m42.0s/4m30.0s
workload_02_baidu       [  60% ] 20/20 VUs  2m42.0s/4m30.0s
workload_03_blackrock   [  60% ] 20/20 VUs  2m42.0s/4m30.0s

running (2m43.0s), 60/60 VUs, 22888 complete and 0 interrupted iterations
workload_01_atlassian   [  60% ] 20/20 VUs  2m43.0s/4m30.0s
workload_02_baidu       [  60% ] 20/20 VUs  2m43.0s/4m30.0s
workload_03_blackrock   [  60% ] 20/20 VUs  2m43.0s/4m30.0s

running (2m44.0s), 60/60 VUs, 23045 complete and 0 interrupted iterations
workload_01_atlassian   [  61% ] 20/20 VUs  2m44.0s/4m30.0s
workload_02_baidu       [  61% ] 20/20 VUs  2m44.0s/4m30.0s
workload_03_blackrock   [  61% ] 20/20 VUs  2m44.0s/4m30.0s

running (2m45.0s), 60/60 VUs, 23202 complete and 0 interrupted iterations
workload_01_atlassian   [  61% ] 20/20 VUs  2m45.0s/4m30.0s
workload_02_baidu       [  61% ] 20/20 VUs  2m45.0s/4m30.0s
workload_03_blackrock   [  61% ] 20/20 VUs  2m45.0s/4m30.0s

running (2m46.0s), 60/60 VUs, 23357 complete and 0 interrupted iterations
workload_01_atlassian   [  61% ] 20/20 VUs  2m46.0s/4m30.0s
workload_02_baidu       [  61% ] 20/20 VUs  2m46.0s/4m30.0s
workload_03_blackrock   [  61% ] 20/20 VUs  2m46.0s/4m30.0s

running (2m47.0s), 60/60 VUs, 23518 complete and 0 interrupted iterations
workload_01_atlassian   [  62% ] 20/20 VUs  2m47.0s/4m30.0s
workload_02_baidu       [  62% ] 20/20 VUs  2m47.0s/4m30.0s
workload_03_blackrock   [  62% ] 20/20 VUs  2m47.0s/4m30.0s

running (2m48.0s), 60/60 VUs, 23674 complete and 0 interrupted iterations
workload_01_atlassian   [  62% ] 20/20 VUs  2m48.0s/4m30.0s
workload_02_baidu       [  62% ] 20/20 VUs  2m48.0s/4m30.0s
workload_03_blackrock   [  62% ] 20/20 VUs  2m48.0s/4m30.0s

running (2m49.0s), 60/60 VUs, 23829 complete and 0 interrupted iterations
workload_01_atlassian   [  63% ] 20/20 VUs  2m49.0s/4m30.0s
workload_02_baidu       [  63% ] 20/20 VUs  2m49.0s/4m30.0s
workload_03_blackrock   [  63% ] 20/20 VUs  2m49.0s/4m30.0s

running (2m50.0s), 60/60 VUs, 23986 complete and 0 interrupted iterations
workload_01_atlassian   [  63% ] 20/20 VUs  2m50.0s/4m30.0s
workload_02_baidu       [  63% ] 20/20 VUs  2m50.0s/4m30.0s
workload_03_blackrock   [  63% ] 20/20 VUs  2m50.0s/4m30.0s

running (2m51.0s), 60/60 VUs, 24145 complete and 0 interrupted iterations
workload_01_atlassian   [  63% ] 20/20 VUs  2m51.0s/4m30.0s
workload_02_baidu       [  63% ] 20/20 VUs  2m51.0s/4m30.0s
workload_03_blackrock   [  63% ] 20/20 VUs  2m51.0s/4m30.0s

running (2m52.0s), 60/60 VUs, 24303 complete and 0 interrupted iterations
workload_01_atlassian   [  64% ] 20/20 VUs  2m52.0s/4m30.0s
workload_02_baidu       [  64% ] 20/20 VUs  2m52.0s/4m30.0s
workload_03_blackrock   [  64% ] 20/20 VUs  2m52.0s/4m30.0s

running (2m53.0s), 60/60 VUs, 24458 complete and 0 interrupted iterations
workload_01_atlassian   [  64% ] 20/20 VUs  2m53.0s/4m30.0s
workload_02_baidu       [  64% ] 20/20 VUs  2m53.0s/4m30.0s
workload_03_blackrock   [  64% ] 20/20 VUs  2m53.0s/4m30.0s

running (2m54.0s), 60/60 VUs, 24615 complete and 0 interrupted iterations
workload_01_atlassian   [  64% ] 20/20 VUs  2m54.0s/4m30.0s
workload_02_baidu       [  64% ] 20/20 VUs  2m54.0s/4m30.0s
workload_03_blackrock   [  64% ] 20/20 VUs  2m54.0s/4m30.0s

running (2m55.0s), 60/60 VUs, 24777 complete and 0 interrupted iterations
workload_01_atlassian   [  65% ] 20/20 VUs  2m55.0s/4m30.0s
workload_02_baidu       [  65% ] 20/20 VUs  2m55.0s/4m30.0s
workload_03_blackrock   [  65% ] 20/20 VUs  2m55.0s/4m30.0s

running (2m56.0s), 60/60 VUs, 24933 complete and 0 interrupted iterations
workload_01_atlassian   [  65% ] 20/20 VUs  2m56.0s/4m30.0s
workload_02_baidu       [  65% ] 20/20 VUs  2m56.0s/4m30.0s
workload_03_blackrock   [  65% ] 20/20 VUs  2m56.0s/4m30.0s

running (2m57.0s), 60/60 VUs, 25091 complete and 0 interrupted iterations
workload_01_atlassian   [  66% ] 20/20 VUs  2m57.0s/4m30.0s
workload_02_baidu       [  66% ] 20/20 VUs  2m57.0s/4m30.0s
workload_03_blackrock   [  66% ] 20/20 VUs  2m57.0s/4m30.0s

running (2m58.0s), 60/60 VUs, 25241 complete and 0 interrupted iterations
workload_01_atlassian   [  66% ] 20/20 VUs  2m58.0s/4m30.0s
workload_02_baidu       [  66% ] 20/20 VUs  2m58.0s/4m30.0s
workload_03_blackrock   [  66% ] 20/20 VUs  2m58.0s/4m30.0s

running (2m59.0s), 60/60 VUs, 25399 complete and 0 interrupted iterations
workload_01_atlassian   [  66% ] 20/20 VUs  2m59.0s/4m30.0s
workload_02_baidu       [  66% ] 20/20 VUs  2m59.0s/4m30.0s
workload_03_blackrock   [  66% ] 20/20 VUs  2m59.0s/4m30.0s

running (3m00.0s), 60/60 VUs, 25554 complete and 0 interrupted iterations
workload_01_atlassian   [  67% ] 20/20 VUs  3m00.0s/4m30.0s
workload_02_baidu       [  67% ] 20/20 VUs  3m00.0s/4m30.0s
workload_03_blackrock   [  67% ] 20/20 VUs  3m00.0s/4m30.0s

running (3m01.0s), 60/60 VUs, 25711 complete and 0 interrupted iterations
workload_01_atlassian   [  67% ] 20/20 VUs  3m01.0s/4m30.0s
workload_02_baidu       [  67% ] 20/20 VUs  3m01.0s/4m30.0s
workload_03_blackrock   [  67% ] 20/20 VUs  3m01.0s/4m30.0s

running (3m02.0s), 60/60 VUs, 25868 complete and 0 interrupted iterations
workload_01_atlassian   [  67% ] 20/20 VUs  3m02.0s/4m30.0s
workload_02_baidu       [  67% ] 20/20 VUs  3m02.0s/4m30.0s
workload_03_blackrock   [  67% ] 20/20 VUs  3m02.0s/4m30.0s

running (3m03.0s), 60/60 VUs, 26025 complete and 0 interrupted iterations
workload_01_atlassian   [  68% ] 20/20 VUs  3m03.0s/4m30.0s
workload_02_baidu       [  68% ] 20/20 VUs  3m03.0s/4m30.0s
workload_03_blackrock   [  68% ] 20/20 VUs  3m03.0s/4m30.0s

running (3m04.0s), 60/60 VUs, 26174 complete and 0 interrupted iterations
workload_01_atlassian   [  68% ] 20/20 VUs  3m04.0s/4m30.0s
workload_02_baidu       [  68% ] 20/20 VUs  3m04.0s/4m30.0s
workload_03_blackrock   [  68% ] 20/20 VUs  3m04.0s/4m30.0s

running (3m05.0s), 60/60 VUs, 26333 complete and 0 interrupted iterations
workload_01_atlassian   [  69% ] 20/20 VUs  3m05.0s/4m30.0s
workload_02_baidu       [  69% ] 20/20 VUs  3m05.0s/4m30.0s
workload_03_blackrock   [  69% ] 20/20 VUs  3m05.0s/4m30.0s

running (3m06.0s), 60/60 VUs, 26495 complete and 0 interrupted iterations
workload_01_atlassian   [  69% ] 20/20 VUs  3m06.0s/4m30.0s
workload_02_baidu       [  69% ] 20/20 VUs  3m06.0s/4m30.0s
workload_03_blackrock   [  69% ] 20/20 VUs  3m06.0s/4m30.0s

running (3m07.0s), 60/60 VUs, 26649 complete and 0 interrupted iterations
workload_01_atlassian   [  69% ] 20/20 VUs  3m07.0s/4m30.0s
workload_02_baidu       [  69% ] 20/20 VUs  3m07.0s/4m30.0s
workload_03_blackrock   [  69% ] 20/20 VUs  3m07.0s/4m30.0s

running (3m08.0s), 60/60 VUs, 26806 complete and 0 interrupted iterations
workload_01_atlassian   [  70% ] 20/20 VUs  3m08.0s/4m30.0s
workload_02_baidu       [  70% ] 20/20 VUs  3m08.0s/4m30.0s
workload_03_blackrock   [  70% ] 20/20 VUs  3m08.0s/4m30.0s

running (3m09.0s), 60/60 VUs, 26964 complete and 0 interrupted iterations
workload_01_atlassian   [  70% ] 20/20 VUs  3m09.0s/4m30.0s
workload_02_baidu       [  70% ] 20/20 VUs  3m09.0s/4m30.0s
workload_03_blackrock   [  70% ] 20/20 VUs  3m09.0s/4m30.0s

running (3m10.0s), 60/60 VUs, 27125 complete and 0 interrupted iterations
workload_01_atlassian   [  70% ] 20/20 VUs  3m10.0s/4m30.0s
workload_02_baidu       [  70% ] 20/20 VUs  3m10.0s/4m30.0s
workload_03_blackrock   [  70% ] 20/20 VUs  3m10.0s/4m30.0s

running (3m11.0s), 60/60 VUs, 27283 complete and 0 interrupted iterations
workload_01_atlassian   [  71% ] 20/20 VUs  3m11.0s/4m30.0s
workload_02_baidu       [  71% ] 20/20 VUs  3m11.0s/4m30.0s
workload_03_blackrock   [  71% ] 20/20 VUs  3m11.0s/4m30.0s

running (3m12.0s), 60/60 VUs, 27438 complete and 0 interrupted iterations
workload_01_atlassian   [  71% ] 20/20 VUs  3m12.0s/4m30.0s
workload_02_baidu       [  71% ] 20/20 VUs  3m12.0s/4m30.0s
workload_03_blackrock   [  71% ] 20/20 VUs  3m12.0s/4m30.0s

running (3m13.0s), 60/60 VUs, 27601 complete and 0 interrupted iterations
workload_01_atlassian   [  71% ] 20/20 VUs  3m13.0s/4m30.0s
workload_02_baidu       [  71% ] 20/20 VUs  3m13.0s/4m30.0s
workload_03_blackrock   [  71% ] 20/20 VUs  3m13.0s/4m30.0s

running (3m14.0s), 60/60 VUs, 27752 complete and 0 interrupted iterations
workload_01_atlassian   [  72% ] 20/20 VUs  3m14.0s/4m30.0s
workload_02_baidu       [  72% ] 20/20 VUs  3m14.0s/4m30.0s
workload_03_blackrock   [  72% ] 20/20 VUs  3m14.0s/4m30.0s

running (3m15.0s), 60/60 VUs, 27915 complete and 0 interrupted iterations
workload_01_atlassian   [  72% ] 20/20 VUs  3m15.0s/4m30.0s
workload_02_baidu       [  72% ] 20/20 VUs  3m15.0s/4m30.0s
workload_03_blackrock   [  72% ] 20/20 VUs  3m15.0s/4m30.0s

running (3m16.0s), 60/60 VUs, 28071 complete and 0 interrupted iterations
workload_01_atlassian   [  73% ] 20/20 VUs  3m16.0s/4m30.0s
workload_02_baidu       [  73% ] 20/20 VUs  3m16.0s/4m30.0s
workload_03_blackrock   [  73% ] 20/20 VUs  3m16.0s/4m30.0s

running (3m17.0s), 60/60 VUs, 28226 complete and 0 interrupted iterations
workload_01_atlassian   [  73% ] 20/20 VUs  3m17.0s/4m30.0s
workload_02_baidu       [  73% ] 20/20 VUs  3m17.0s/4m30.0s
workload_03_blackrock   [  73% ] 20/20 VUs  3m17.0s/4m30.0s

running (3m18.0s), 60/60 VUs, 28379 complete and 0 interrupted iterations
workload_01_atlassian   [  73% ] 20/20 VUs  3m18.0s/4m30.0s
workload_02_baidu       [  73% ] 20/20 VUs  3m18.0s/4m30.0s
workload_03_blackrock   [  73% ] 20/20 VUs  3m18.0s/4m30.0s

running (3m19.0s), 60/60 VUs, 28533 complete and 0 interrupted iterations
workload_01_atlassian   [  74% ] 20/20 VUs  3m19.0s/4m30.0s
workload_02_baidu       [  74% ] 20/20 VUs  3m19.0s/4m30.0s
workload_03_blackrock   [  74% ] 20/20 VUs  3m19.0s/4m30.0s

running (3m20.0s), 60/60 VUs, 28689 complete and 0 interrupted iterations
workload_01_atlassian   [  74% ] 20/20 VUs  3m20.0s/4m30.0s
workload_02_baidu       [  74% ] 20/20 VUs  3m20.0s/4m30.0s
workload_03_blackrock   [  74% ] 20/20 VUs  3m20.0s/4m30.0s

running (3m21.0s), 60/60 VUs, 28844 complete and 0 interrupted iterations
workload_01_atlassian   [  74% ] 20/20 VUs  3m21.0s/4m30.0s
workload_02_baidu       [  74% ] 20/20 VUs  3m21.0s/4m30.0s
workload_03_blackrock   [  74% ] 20/20 VUs  3m21.0s/4m30.0s

running (3m22.0s), 60/60 VUs, 29002 complete and 0 interrupted iterations
workload_01_atlassian   [  75% ] 20/20 VUs  3m22.0s/4m30.0s
workload_02_baidu       [  75% ] 20/20 VUs  3m22.0s/4m30.0s
workload_03_blackrock   [  75% ] 20/20 VUs  3m22.0s/4m30.0s

running (3m23.0s), 60/60 VUs, 29159 complete and 0 interrupted iterations
workload_01_atlassian   [  75% ] 20/20 VUs  3m23.0s/4m30.0s
workload_02_baidu       [  75% ] 20/20 VUs  3m23.0s/4m30.0s
workload_03_blackrock   [  75% ] 20/20 VUs  3m23.0s/4m30.0s

running (3m24.0s), 60/60 VUs, 29312 complete and 0 interrupted iterations
workload_01_atlassian   [  76% ] 20/20 VUs  3m24.0s/4m30.0s
workload_02_baidu       [  76% ] 20/20 VUs  3m24.0s/4m30.0s
workload_03_blackrock   [  76% ] 20/20 VUs  3m24.0s/4m30.0s

running (3m25.0s), 60/60 VUs, 29472 complete and 0 interrupted iterations
workload_01_atlassian   [  76% ] 20/20 VUs  3m25.0s/4m30.0s
workload_02_baidu       [  76% ] 20/20 VUs  3m25.0s/4m30.0s
workload_03_blackrock   [  76% ] 20/20 VUs  3m25.0s/4m30.0s

running (3m26.0s), 60/60 VUs, 29631 complete and 0 interrupted iterations
workload_01_atlassian   [  76% ] 20/20 VUs  3m26.0s/4m30.0s
workload_02_baidu       [  76% ] 20/20 VUs  3m26.0s/4m30.0s
workload_03_blackrock   [  76% ] 20/20 VUs  3m26.0s/4m30.0s

running (3m27.0s), 60/60 VUs, 29788 complete and 0 interrupted iterations
workload_01_atlassian   [  77% ] 20/20 VUs  3m27.0s/4m30.0s
workload_02_baidu       [  77% ] 20/20 VUs  3m27.0s/4m30.0s
workload_03_blackrock   [  77% ] 20/20 VUs  3m27.0s/4m30.0s

running (3m28.0s), 60/60 VUs, 29911 complete and 0 interrupted iterations
workload_01_atlassian   [  77% ] 20/20 VUs  3m28.0s/4m30.0s
workload_02_baidu       [  77% ] 20/20 VUs  3m28.0s/4m30.0s
workload_03_blackrock   [  77% ] 20/20 VUs  3m28.0s/4m30.0s

running (3m29.0s), 60/60 VUs, 30061 complete and 0 interrupted iterations
workload_01_atlassian   [  77% ] 20/20 VUs  3m29.0s/4m30.0s
workload_02_baidu       [  77% ] 20/20 VUs  3m29.0s/4m30.0s
workload_03_blackrock   [  77% ] 20/20 VUs  3m29.0s/4m30.0s

running (3m30.0s), 60/60 VUs, 30223 complete and 0 interrupted iterations
workload_01_atlassian   [  78% ] 20/20 VUs  3m30.0s/4m30.0s
workload_02_baidu       [  78% ] 20/20 VUs  3m30.0s/4m30.0s
workload_03_blackrock   [  78% ] 20/20 VUs  3m30.0s/4m30.0s

running (3m31.0s), 60/60 VUs, 30379 complete and 0 interrupted iterations
workload_01_atlassian   [  78% ] 20/20 VUs  3m31.0s/4m30.0s
workload_02_baidu       [  78% ] 20/20 VUs  3m31.0s/4m30.0s
workload_03_blackrock   [  78% ] 20/20 VUs  3m31.0s/4m30.0s

running (3m32.0s), 60/60 VUs, 30538 complete and 0 interrupted iterations
workload_01_atlassian   [  79% ] 20/20 VUs  3m32.0s/4m30.0s
workload_02_baidu       [  79% ] 20/20 VUs  3m32.0s/4m30.0s
workload_03_blackrock   [  79% ] 20/20 VUs  3m32.0s/4m30.0s

running (3m33.0s), 60/60 VUs, 30695 complete and 0 interrupted iterations
workload_01_atlassian   [  79% ] 20/20 VUs  3m33.0s/4m30.0s
workload_02_baidu       [  79% ] 20/20 VUs  3m33.0s/4m30.0s
workload_03_blackrock   [  79% ] 20/20 VUs  3m33.0s/4m30.0s

running (3m34.0s), 60/60 VUs, 30854 complete and 0 interrupted iterations
workload_01_atlassian   [  79% ] 20/20 VUs  3m34.0s/4m30.0s
workload_02_baidu       [  79% ] 20/20 VUs  3m34.0s/4m30.0s
workload_03_blackrock   [  79% ] 20/20 VUs  3m34.0s/4m30.0s

running (3m35.0s), 60/60 VUs, 31010 complete and 0 interrupted iterations
workload_01_atlassian   [  80% ] 20/20 VUs  3m35.0s/4m30.0s
workload_02_baidu       [  80% ] 20/20 VUs  3m35.0s/4m30.0s
workload_03_blackrock   [  80% ] 20/20 VUs  3m35.0s/4m30.0s

running (3m36.0s), 60/60 VUs, 31174 complete and 0 interrupted iterations
workload_01_atlassian   [  80% ] 20/20 VUs  3m36.0s/4m30.0s
workload_02_baidu       [  80% ] 20/20 VUs  3m36.0s/4m30.0s
workload_03_blackrock   [  80% ] 20/20 VUs  3m36.0s/4m30.0s

running (3m37.0s), 60/60 VUs, 31330 complete and 0 interrupted iterations
workload_01_atlassian   [  80% ] 20/20 VUs  3m37.0s/4m30.0s
workload_02_baidu       [  80% ] 20/20 VUs  3m37.0s/4m30.0s
workload_03_blackrock   [  80% ] 20/20 VUs  3m37.0s/4m30.0s

running (3m38.0s), 60/60 VUs, 31490 complete and 0 interrupted iterations
workload_01_atlassian   [  81% ] 20/20 VUs  3m38.0s/4m30.0s
workload_02_baidu       [  81% ] 20/20 VUs  3m38.0s/4m30.0s
workload_03_blackrock   [  81% ] 20/20 VUs  3m38.0s/4m30.0s

running (3m39.0s), 60/60 VUs, 31640 complete and 0 interrupted iterations
workload_01_atlassian   [  81% ] 20/20 VUs  3m39.0s/4m30.0s
workload_02_baidu       [  81% ] 20/20 VUs  3m39.0s/4m30.0s
workload_03_blackrock   [  81% ] 20/20 VUs  3m39.0s/4m30.0s

running (3m40.0s), 60/60 VUs, 31794 complete and 0 interrupted iterations
workload_01_atlassian   [  81% ] 20/20 VUs  3m40.0s/4m30.0s
workload_02_baidu       [  81% ] 20/20 VUs  3m40.0s/4m30.0s
workload_03_blackrock   [  81% ] 20/20 VUs  3m40.0s/4m30.0s

running (3m41.0s), 60/60 VUs, 31946 complete and 0 interrupted iterations
workload_01_atlassian   [  82% ] 20/20 VUs  3m41.0s/4m30.0s
workload_02_baidu       [  82% ] 20/20 VUs  3m41.0s/4m30.0s
workload_03_blackrock   [  82% ] 20/20 VUs  3m41.0s/4m30.0s

running (3m42.0s), 60/60 VUs, 32111 complete and 0 interrupted iterations
workload_01_atlassian   [  82% ] 20/20 VUs  3m42.0s/4m30.0s
workload_02_baidu       [  82% ] 20/20 VUs  3m42.0s/4m30.0s
workload_03_blackrock   [  82% ] 20/20 VUs  3m42.0s/4m30.0s

running (3m43.0s), 60/60 VUs, 32258 complete and 0 interrupted iterations
workload_01_atlassian   [  83% ] 20/20 VUs  3m43.0s/4m30.0s
workload_02_baidu       [  83% ] 20/20 VUs  3m43.0s/4m30.0s
workload_03_blackrock   [  83% ] 20/20 VUs  3m43.0s/4m30.0s

running (3m44.0s), 60/60 VUs, 32422 complete and 0 interrupted iterations
workload_01_atlassian   [  83% ] 20/20 VUs  3m44.0s/4m30.0s
workload_02_baidu       [  83% ] 20/20 VUs  3m44.0s/4m30.0s
workload_03_blackrock   [  83% ] 20/20 VUs  3m44.0s/4m30.0s

running (3m45.0s), 60/60 VUs, 32571 complete and 0 interrupted iterations
workload_01_atlassian   [  83% ] 20/20 VUs  3m45.0s/4m30.0s
workload_02_baidu       [  83% ] 20/20 VUs  3m45.0s/4m30.0s
workload_03_blackrock   [  83% ] 20/20 VUs  3m45.0s/4m30.0s

running (3m46.0s), 60/60 VUs, 32731 complete and 0 interrupted iterations
workload_01_atlassian   [  84% ] 20/20 VUs  3m46.0s/4m30.0s
workload_02_baidu       [  84% ] 20/20 VUs  3m46.0s/4m30.0s
workload_03_blackrock   [  84% ] 20/20 VUs  3m46.0s/4m30.0s

running (3m47.0s), 60/60 VUs, 32887 complete and 0 interrupted iterations
workload_01_atlassian   [  84% ] 20/20 VUs  3m47.0s/4m30.0s
workload_02_baidu       [  84% ] 20/20 VUs  3m47.0s/4m30.0s
workload_03_blackrock   [  84% ] 20/20 VUs  3m47.0s/4m30.0s

running (3m48.0s), 60/60 VUs, 33042 complete and 0 interrupted iterations
workload_01_atlassian   [  84% ] 20/20 VUs  3m48.0s/4m30.0s
workload_02_baidu       [  84% ] 20/20 VUs  3m48.0s/4m30.0s
workload_03_blackrock   [  84% ] 20/20 VUs  3m48.0s/4m30.0s

running (3m49.0s), 60/60 VUs, 33200 complete and 0 interrupted iterations
workload_01_atlassian   [  85% ] 20/20 VUs  3m49.0s/4m30.0s
workload_02_baidu       [  85% ] 20/20 VUs  3m49.0s/4m30.0s
workload_03_blackrock   [  85% ] 20/20 VUs  3m49.0s/4m30.0s

running (3m50.0s), 60/60 VUs, 33359 complete and 0 interrupted iterations
workload_01_atlassian   [  85% ] 20/20 VUs  3m50.0s/4m30.0s
workload_02_baidu       [  85% ] 20/20 VUs  3m50.0s/4m30.0s
workload_03_blackrock   [  85% ] 20/20 VUs  3m50.0s/4m30.0s

running (3m51.0s), 60/60 VUs, 33523 complete and 0 interrupted iterations
workload_01_atlassian   [  86% ] 20/20 VUs  3m51.0s/4m30.0s
workload_02_baidu       [  86% ] 20/20 VUs  3m51.0s/4m30.0s
workload_03_blackrock   [  86% ] 20/20 VUs  3m51.0s/4m30.0s

running (3m52.0s), 60/60 VUs, 33677 complete and 0 interrupted iterations
workload_01_atlassian   [  86% ] 20/20 VUs  3m52.0s/4m30.0s
workload_02_baidu       [  86% ] 20/20 VUs  3m52.0s/4m30.0s
workload_03_blackrock   [  86% ] 20/20 VUs  3m52.0s/4m30.0s

running (3m53.0s), 60/60 VUs, 33839 complete and 0 interrupted iterations
workload_01_atlassian   [  86% ] 20/20 VUs  3m53.0s/4m30.0s
workload_02_baidu       [  86% ] 20/20 VUs  3m53.0s/4m30.0s
workload_03_blackrock   [  86% ] 20/20 VUs  3m53.0s/4m30.0s

running (3m54.0s), 60/60 VUs, 33998 complete and 0 interrupted iterations
workload_01_atlassian   [  87% ] 20/20 VUs  3m54.0s/4m30.0s
workload_02_baidu       [  87% ] 20/20 VUs  3m54.0s/4m30.0s
workload_03_blackrock   [  87% ] 20/20 VUs  3m54.0s/4m30.0s

running (3m55.0s), 60/60 VUs, 34147 complete and 0 interrupted iterations
workload_01_atlassian   [  87% ] 20/20 VUs  3m55.0s/4m30.0s
workload_02_baidu       [  87% ] 20/20 VUs  3m55.0s/4m30.0s
workload_03_blackrock   [  87% ] 20/20 VUs  3m55.0s/4m30.0s

running (3m56.0s), 60/60 VUs, 34310 complete and 0 interrupted iterations
workload_01_atlassian   [  87% ] 20/20 VUs  3m56.0s/4m30.0s
workload_02_baidu       [  87% ] 20/20 VUs  3m56.0s/4m30.0s
workload_03_blackrock   [  87% ] 20/20 VUs  3m56.0s/4m30.0s

running (3m57.0s), 60/60 VUs, 34468 complete and 0 interrupted iterations
workload_01_atlassian   [  88% ] 20/20 VUs  3m57.0s/4m30.0s
workload_02_baidu       [  88% ] 20/20 VUs  3m57.0s/4m30.0s
workload_03_blackrock   [  88% ] 20/20 VUs  3m57.0s/4m30.0s

running (3m58.0s), 60/60 VUs, 34623 complete and 0 interrupted iterations
workload_01_atlassian   [  88% ] 20/20 VUs  3m58.0s/4m30.0s
workload_02_baidu       [  88% ] 20/20 VUs  3m58.0s/4m30.0s
workload_03_blackrock   [  88% ] 20/20 VUs  3m58.0s/4m30.0s

running (3m59.0s), 60/60 VUs, 34780 complete and 0 interrupted iterations
workload_01_atlassian   [  89% ] 20/20 VUs  3m59.0s/4m30.0s
workload_02_baidu       [  89% ] 20/20 VUs  3m59.0s/4m30.0s
workload_03_blackrock   [  89% ] 20/20 VUs  3m59.0s/4m30.0s

running (4m00.0s), 60/60 VUs, 34941 complete and 0 interrupted iterations
workload_01_atlassian   [  89% ] 20/20 VUs  4m00.0s/4m30.0s
workload_02_baidu       [  89% ] 20/20 VUs  4m00.0s/4m30.0s
workload_03_blackrock   [  89% ] 20/20 VUs  4m00.0s/4m30.0s

running (4m01.0s), 60/60 VUs, 35095 complete and 0 interrupted iterations
workload_01_atlassian   [  89% ] 20/20 VUs  4m01.0s/4m30.0s
workload_02_baidu       [  89% ] 20/20 VUs  4m01.0s/4m30.0s
workload_03_blackrock   [  89% ] 20/20 VUs  4m01.0s/4m30.0s

running (4m02.0s), 57/60 VUs, 35245 complete and 3 interrupted iterations
workload_01_atlassian   [  90% ] 19/20 VUs  4m02.0s/4m30.0s
workload_02_baidu       [  90% ] 19/20 VUs  4m02.0s/4m30.0s
workload_03_blackrock   [  90% ] 19/20 VUs  4m02.0s/4m30.0s

running (4m03.0s), 57/60 VUs, 35400 complete and 3 interrupted iterations
workload_01_atlassian   [  90% ] 19/20 VUs  4m03.0s/4m30.0s
workload_02_baidu       [  90% ] 19/20 VUs  4m03.0s/4m30.0s
workload_03_blackrock   [  90% ] 19/20 VUs  4m03.0s/4m30.0s

running (4m04.0s), 54/60 VUs, 35536 complete and 6 interrupted iterations
workload_01_atlassian   [  90% ] 18/20 VUs  4m04.0s/4m30.0s
workload_02_baidu       [  90% ] 18/20 VUs  4m04.0s/4m30.0s
workload_03_blackrock   [  90% ] 18/20 VUs  4m04.0s/4m30.0s

running (4m05.0s), 51/60 VUs, 35677 complete and 9 interrupted iterations
workload_01_atlassian   [  91% ] 17/20 VUs  4m05.0s/4m30.0s
workload_02_baidu       [  91% ] 17/20 VUs  4m05.0s/4m30.0s
workload_03_blackrock   [  91% ] 17/20 VUs  4m05.0s/4m30.0s

running (4m06.0s), 51/60 VUs, 35815 complete and 9 interrupted iterations
workload_01_atlassian   [  91% ] 17/20 VUs  4m06.0s/4m30.0s
workload_02_baidu       [  91% ] 17/20 VUs  4m06.0s/4m30.0s
workload_03_blackrock   [  91% ] 17/20 VUs  4m06.0s/4m30.0s

running (4m07.0s), 48/60 VUs, 35938 complete and 12 interrupted iterations
workload_01_atlassian   [  91% ] 16/20 VUs  4m07.0s/4m30.0s
workload_02_baidu       [  91% ] 16/20 VUs  4m07.0s/4m30.0s
workload_03_blackrock   [  91% ] 16/20 VUs  4m07.0s/4m30.0s

running (4m08.0s), 45/60 VUs, 36055 complete and 15 interrupted iterations
workload_01_atlassian   [  92% ] 15/20 VUs  4m08.0s/4m30.0s
workload_02_baidu       [  92% ] 15/20 VUs  4m08.0s/4m30.0s
workload_03_blackrock   [  92% ] 15/20 VUs  4m08.0s/4m30.0s

running (4m09.0s), 45/60 VUs, 36174 complete and 15 interrupted iterations
workload_01_atlassian   [  92% ] 15/20 VUs  4m09.0s/4m30.0s
workload_02_baidu       [  92% ] 15/20 VUs  4m09.0s/4m30.0s
workload_03_blackrock   [  92% ] 15/20 VUs  4m09.0s/4m30.0s

running (4m10.0s), 42/60 VUs, 36286 complete and 18 interrupted iterations
workload_01_atlassian   [  93% ] 14/20 VUs  4m10.0s/4m30.0s
workload_02_baidu       [  93% ] 14/20 VUs  4m10.0s/4m30.0s
workload_03_blackrock   [  93% ] 14/20 VUs  4m10.0s/4m30.0s

running (4m11.0s), 39/60 VUs, 36394 complete and 21 interrupted iterations
workload_01_atlassian   [  93% ] 13/20 VUs  4m11.0s/4m30.0s
workload_02_baidu       [  93% ] 13/20 VUs  4m11.0s/4m30.0s
workload_03_blackrock   [  93% ] 13/20 VUs  4m11.0s/4m30.0s

running (4m12.0s), 39/60 VUs, 36494 complete and 21 interrupted iterations
workload_01_atlassian   [  93% ] 13/20 VUs  4m12.0s/4m30.0s
workload_02_baidu       [  93% ] 13/20 VUs  4m12.0s/4m30.0s
workload_03_blackrock   [  93% ] 13/20 VUs  4m12.0s/4m30.0s

running (4m13.0s), 36/60 VUs, 36592 complete and 24 interrupted iterations
workload_01_atlassian   [  94% ] 12/20 VUs  4m13.0s/4m30.0s
workload_02_baidu       [  94% ] 12/20 VUs  4m13.0s/4m30.0s
workload_03_blackrock   [  94% ] 12/20 VUs  4m13.0s/4m30.0s

running (4m14.0s), 33/60 VUs, 36683 complete and 27 interrupted iterations
workload_01_atlassian   [  94% ] 11/20 VUs  4m14.0s/4m30.0s
workload_02_baidu       [  94% ] 11/20 VUs  4m14.0s/4m30.0s
workload_03_blackrock   [  94% ] 11/20 VUs  4m14.0s/4m30.0s

running (4m15.0s), 33/60 VUs, 36772 complete and 27 interrupted iterations
workload_01_atlassian   [  94% ] 11/20 VUs  4m15.0s/4m30.0s
workload_02_baidu       [  94% ] 11/20 VUs  4m15.0s/4m30.0s
workload_03_blackrock   [  94% ] 11/20 VUs  4m15.0s/4m30.0s

running (4m16.0s), 30/60 VUs, 36848 complete and 30 interrupted iterations
workload_01_atlassian   [  95% ] 10/20 VUs  4m16.0s/4m30.0s
workload_02_baidu       [  95% ] 10/20 VUs  4m16.0s/4m30.0s
workload_03_blackrock   [  95% ] 10/20 VUs  4m16.0s/4m30.0s

running (4m17.0s), 27/60 VUs, 36924 complete and 33 interrupted iterations
workload_01_atlassian   [  95% ] 09/20 VUs  4m17.0s/4m30.0s
workload_02_baidu       [  95% ] 09/20 VUs  4m17.0s/4m30.0s
workload_03_blackrock   [  95% ] 09/20 VUs  4m17.0s/4m30.0s

running (4m18.0s), 27/60 VUs, 36992 complete and 33 interrupted iterations
workload_01_atlassian   [  96% ] 09/20 VUs  4m18.0s/4m30.0s
workload_02_baidu       [  96% ] 09/20 VUs  4m18.0s/4m30.0s
workload_03_blackrock   [  96% ] 09/20 VUs  4m18.0s/4m30.0s

running (4m19.0s), 24/60 VUs, 37052 complete and 36 interrupted iterations
workload_01_atlassian   [  96% ] 08/20 VUs  4m19.0s/4m30.0s
workload_02_baidu       [  96% ] 08/20 VUs  4m19.0s/4m30.0s
workload_03_blackrock   [  96% ] 08/20 VUs  4m19.0s/4m30.0s

running (4m20.0s), 21/60 VUs, 37112 complete and 39 interrupted iterations
workload_01_atlassian   [  96% ] 07/20 VUs  4m20.0s/4m30.0s
workload_02_baidu       [  96% ] 07/20 VUs  4m20.0s/4m30.0s
workload_03_blackrock   [  96% ] 07/20 VUs  4m20.0s/4m30.0s

running (4m21.0s), 21/60 VUs, 37165 complete and 39 interrupted iterations
workload_01_atlassian   [  97% ] 07/20 VUs  4m21.0s/4m30.0s
workload_02_baidu       [  97% ] 07/20 VUs  4m21.0s/4m30.0s
workload_03_blackrock   [  97% ] 07/20 VUs  4m21.0s/4m30.0s

running (4m22.0s), 18/60 VUs, 37212 complete and 42 interrupted iterations
workload_01_atlassian   [  97% ] 06/20 VUs  4m22.0s/4m30.0s
workload_02_baidu       [  97% ] 06/20 VUs  4m22.0s/4m30.0s
workload_03_blackrock   [  97% ] 06/20 VUs  4m22.0s/4m30.0s

running (4m23.0s), 15/60 VUs, 37253 complete and 45 interrupted iterations
workload_01_atlassian   [  97% ] 05/20 VUs  4m23.0s/4m30.0s
workload_02_baidu       [  97% ] 05/20 VUs  4m23.0s/4m30.0s
workload_03_blackrock   [  97% ] 05/20 VUs  4m23.0s/4m30.0s

running (4m24.0s), 15/60 VUs, 37292 complete and 45 interrupted iterations
workload_01_atlassian   [  98% ] 05/20 VUs  4m24.0s/4m30.0s
workload_02_baidu       [  98% ] 05/20 VUs  4m24.0s/4m30.0s
workload_03_blackrock   [  98% ] 05/20 VUs  4m24.0s/4m30.0s

running (4m25.0s), 12/60 VUs, 37327 complete and 48 interrupted iterations
workload_01_atlassian   [  98% ] 04/20 VUs  4m25.0s/4m30.0s
workload_02_baidu       [  98% ] 04/20 VUs  4m25.0s/4m30.0s
workload_03_blackrock   [  98% ] 04/20 VUs  4m25.0s/4m30.0s

running (4m26.0s), 09/60 VUs, 37353 complete and 51 interrupted iterations
workload_01_atlassian   [  99% ] 03/20 VUs  4m26.0s/4m30.0s
workload_02_baidu       [  99% ] 03/20 VUs  4m26.0s/4m30.0s
workload_03_blackrock   [  99% ] 03/20 VUs  4m26.0s/4m30.0s

running (4m27.0s), 09/60 VUs, 37375 complete and 51 interrupted iterations
workload_01_atlassian   [  99% ] 03/20 VUs  4m27.0s/4m30.0s
workload_02_baidu       [  99% ] 03/20 VUs  4m27.0s/4m30.0s
workload_03_blackrock   [  99% ] 03/20 VUs  4m27.0s/4m30.0s

running (4m28.0s), 06/60 VUs, 37393 complete and 54 interrupted iterations
workload_01_atlassian   [  99% ] 02/20 VUs  4m28.0s/4m30.0s
workload_02_baidu       [  99% ] 02/20 VUs  4m28.0s/4m30.0s
workload_03_blackrock   [  99% ] 02/20 VUs  4m28.0s/4m30.0s

running (4m29.0s), 03/60 VUs, 37404 complete and 57 interrupted iterations
workload_01_atlassian   [ 100% ] 01/20 VUs  4m29.0s/4m30.0s
workload_02_baidu       [ 100% ] 01/20 VUs  4m29.0s/4m30.0s
workload_03_blackrock   [ 100% ] 01/20 VUs  4m29.0s/4m30.0s

running (4m30.0s), 03/60 VUs, 37412 complete and 57 interrupted iterations
workload_01_atlassian   [ 100% ] 01/20 VUs  4m30.0s/4m30.0s
workload_02_baidu       [ 100% ] 01/20 VUs  4m30.0s/4m30.0s
workload_03_blackrock   [ 100% ] 01/20 VUs  4m30.0s/4m30.0s

model=hybrid
tenants=3
VUs per tenant=20
think time=0.25-0.5 s
steady requests=57769
steady request rate=320.93888888888887
steady error rate=0
steady latency p50=2.842208 ms
steady latency p95=5.080033199999999 ms
steady latency p99=33.897665559999865 ms

running (4m30.0s), 00/60 VUs, 37412 complete and 60 interrupted iterations
workload_01_atlassian ✓ [ 100% ] 00/20 VUs  4m30s
workload_02_baidu     ✓ [ 100% ] 00/20 VUs  4m30s
workload_03_blackrock ✓ [ 100% ] 00/20 VUs  4m30s
