Profile: grouped
Chart:   kube-prometheus-stack 88.6.2
NAME                                                       READY   UP-TO-DATE   AVAILABLE   AGE
deployment.apps/kube-prometheus-stack-grafana              1/1     1            1           8m25s
deployment.apps/kube-prometheus-stack-kube-state-metrics   1/1     1            1           8m25s
deployment.apps/kube-prometheus-stack-operator             1/1     1            1           8m25s

NAME                                                           READY   AGE
statefulset.apps/prometheus-kube-prometheus-stack-prometheus   1/1     8m5s

NAME                                                            DESIRED   CURRENT   READY   UP-TO-DATE   AVAILABLE   NODE SELECTOR            AGE
daemonset.apps/kube-prometheus-stack-prometheus-node-exporter   1         1         1       1            1           kubernetes.io/os=linux   8m25s

NAME                                                           READY   STATUS    RESTARTS   AGE
pod/kube-prometheus-stack-grafana-6f676dd88f-5pcxk             3/3     Running   0          8m25s
pod/kube-prometheus-stack-kube-state-metrics-8fc6b9b9f-8kgh8   1/1     Running   0          8m25s
pod/kube-prometheus-stack-operator-589d8c9bc7-psqj4            1/1     Running   0          8m25s
pod/kube-prometheus-stack-prometheus-node-exporter-xxn9g       1/1     Running   0          8m25s
pod/prometheus-kube-prometheus-stack-prometheus-0              2/2     Running   0          8m5s

NAME                                                                                                                 STATUS   VOLUME                                     CAPACITY   ACCESS MODES   STORAGECLASS   VOLUMEATTRIBUTESCLASS   AGE
persistentvolumeclaim/prometheus-kube-prometheus-stack-prometheus-db-prometheus-kube-prometheus-stack-prometheus-0   Bound    pvc-ccd097ce-79a9-4bfb-9682-9ac12385e78c   4Gi        RWO            standard       <unset>                 8m5s
[OK] Grafana Prometheus datasource is provisioned
[OK] Grafana dashboards are provisioned (3 ConfigMaps)
[OK] All monitoring workloads are Ready
backend: 5/5 UP (5 discovered)
postgres: 3/3 UP (3 discovered)
redis: 3/3 UP (3 discovered)
[OK] zilla_http_requests_total returns data for model grouped
[OK] pg_up returns data for model grouped
[OK] redis_up returns data for model grouped
[OK] All expected grouped targets and metric families are available
